============================= test session starts =============================
platform win32 -- Python 3.12.9, pytest-9.0.2, pluggy-1.6.0
rootdir: C:\Users\dmdor\VsCode\AirTable
configfile: pyproject.toml
plugins: anyio-4.12.1, langsmith-0.6.2, asyncio-1.3.0, cov-7.0.0
asyncio: mode=Mode.AUTO, debug=False, asyncio_default_fixture_loop_scope=None, asyncio_default_test_loop_scope=function
collected 310 items

tests\integration\test_formula_fields.py ........................        [  7%]
tests\test_auth.py EEEEEEEEEEEE                                          [ 11%]
tests\test_bases.py EEEEEEEEEEEEE                                        [ 15%]
tests\test_fields.py EEEEEEEEEEEEEEEE                                    [ 20%]
tests\test_health.py EEE                                                 [ 21%]
tests\test_records.py EEEEEEEEEEEEEE                                     [ 26%]
tests\test_tables.py EEEEEEEEEEEEEE                                      [ 30%]
tests\test_workspaces.py EEEEEEEEEEEEEEEEEEEE                            [ 37%]
tests\unit\formula\test_dependencies.py ....................             [ 43%]
tests\unit\formula\test_evaluator.py ................................... [ 55%]
.....                                                                    [ 56%]
tests\unit\formula\test_formula_handler.py ............................. [ 66%]
....                                                                     [ 67%]
tests\unit\formula\test_functions.py ................................... [ 78%]
......................                                                   [ 85%]
tests\unit\formula\test_parser.py ...................................... [ 98%]
......                                                                   [100%]

=================================== ERRORS ====================================
____________________ ERROR at setup of test_register_user _____________________
..\..\AppData\Local\Programs\Python\Python312\Lib\site-packages\pytest_asyncio\plugin.py:458: in setup
    return super().setup()
           ^^^^^^^^^^^^^^^
..\..\AppData\Local\Programs\Python\Python312\Lib\site-packages\pytest_asyncio\plugin.py:743: in pytest_fixture_setup
    hook_result = yield
                  ^^^^^
..\..\AppData\Local\Programs\Python\Python312\Lib\site-packages\pytest_asyncio\plugin.py:313: in _asyncgen_fixture_wrapper
    result = runner.run(setup(), context=context)
             ^^^^^^^^^^^^^^^^^^^^^^^^^^^^^^^^^^^^
..\..\AppData\Local\Programs\Python\Python312\Lib\asyncio\runners.py:118: in run
    return self._loop.run_until_complete(task)
           ^^^^^^^^^^^^^^^^^^^^^^^^^^^^^^^^^^^
..\..\AppData\Local\Programs\Python\Python312\Lib\asyncio\base_events.py:691: in run_until_complete
    return future.result()
           ^^^^^^^^^^^^^^^
..\..\AppData\Local\Programs\Python\Python312\Lib\site-packages\pytest_asyncio\plugin.py:309: in setup
    res = await gen_obj.__anext__()
          ^^^^^^^^^^^^^^^^^^^^^^^^^
tests\conftest.py:48: in test_engine
    async with engine.begin() as conn:
               ^^^^^^^^^^^^^^
..\..\AppData\Local\Programs\Python\Python312\Lib\contextlib.py:210: in __aenter__
    return await anext(self.gen)
           ^^^^^^^^^^^^^^^^^^^^^
..\..\AppData\Local\Programs\Python\Python312\Lib\site-packages\sqlalchemy\ext\asyncio\engine.py:1066: in begin
    async with conn:
               ^^^^
..\..\AppData\Local\Programs\Python\Python312\Lib\site-packages\sqlalchemy\ext\asyncio\base.py:125: in __aenter__
    return await self.start(is_ctxmanager=True)
           ^^^^^^^^^^^^^^^^^^^^^^^^^^^^^^^^^^^^
..\..\AppData\Local\Programs\Python\Python312\Lib\site-packages\sqlalchemy\ext\asyncio\engine.py:270: in start
    await greenlet_spawn(self.sync_engine.connect)
..\..\AppData\Local\Programs\Python\Python312\Lib\site-packages\sqlalchemy\util\_concurrency_py3k.py:189: in greenlet_spawn
    result = context.switch(*args, **kwargs)
             ^^^^^^^^^^^^^^^^^^^^^^^^^^^^^^^
..\..\AppData\Local\Programs\Python\Python312\Lib\site-packages\sqlalchemy\engine\base.py:3269: in connect
    return self._connection_cls(self)
           ^^^^^^^^^^^^^^^^^^^^^^^^^^
..\..\AppData\Local\Programs\Python\Python312\Lib\site-packages\sqlalchemy\engine\base.py:145: in __init__
    self._dbapi_connection = engine.raw_connection()
                             ^^^^^^^^^^^^^^^^^^^^^^^
..\..\AppData\Local\Programs\Python\Python312\Lib\site-packages\sqlalchemy\engine\base.py:3293: in raw_connection
    return self.pool.connect()
           ^^^^^^^^^^^^^^^^^^^
..\..\AppData\Local\Programs\Python\Python312\Lib\site-packages\sqlalchemy\pool\base.py:452: in connect
    return _ConnectionFairy._checkout(self)
           ^^^^^^^^^^^^^^^^^^^^^^^^^^^^^^^^
..\..\AppData\Local\Programs\Python\Python312\Lib\site-packages\sqlalchemy\pool\base.py:1269: in _checkout
    fairy = _ConnectionRecord.checkout(pool)
            ^^^^^^^^^^^^^^^^^^^^^^^^^^^^^^^^
..\..\AppData\Local\Programs\Python\Python312\Lib\site-packages\sqlalchemy\pool\base.py:716: in checkout
    rec = pool._do_get()
          ^^^^^^^^^^^^^^
..\..\AppData\Local\Programs\Python\Python312\Lib\site-packages\sqlalchemy\pool\impl.py:169: in _do_get
    with util.safe_reraise():
         ^^^^^^^^^^^^^^^^^^^
..\..\AppData\Local\Programs\Python\Python312\Lib\site-packages\sqlalchemy\util\langhelpers.py:146: in __exit__
    raise exc_value.with_traceback(exc_tb)
..\..\AppData\Local\Programs\Python\Python312\Lib\site-packages\sqlalchemy\pool\impl.py:167: in _do_get
    return self._create_connection()
           ^^^^^^^^^^^^^^^^^^^^^^^^^
..\..\AppData\Local\Programs\Python\Python312\Lib\site-packages\sqlalchemy\pool\base.py:393: in _create_connection
    return _ConnectionRecord(self)
           ^^^^^^^^^^^^^^^^^^^^^^^
..\..\AppData\Local\Programs\Python\Python312\Lib\site-packages\sqlalchemy\pool\base.py:678: in __init__
    self.__connect()
..\..\AppData\Local\Programs\Python\Python312\Lib\site-packages\sqlalchemy\pool\base.py:902: in __connect
    with util.safe_reraise():
         ^^^^^^^^^^^^^^^^^^^
..\..\AppData\Local\Programs\Python\Python312\Lib\site-packages\sqlalchemy\util\langhelpers.py:146: in __exit__
    raise exc_value.with_traceback(exc_tb)
..\..\AppData\Local\Programs\Python\Python312\Lib\site-packages\sqlalchemy\pool\base.py:898: in __connect
    self.dbapi_connection = connection = pool._invoke_creator(self)
                                         ^^^^^^^^^^^^^^^^^^^^^^^^^^
..\..\AppData\Local\Programs\Python\Python312\Lib\site-packages\sqlalchemy\engine\create.py:645: in connect
    return dialect.connect(*cargs, **cparams)
           ^^^^^^^^^^^^^^^^^^^^^^^^^^^^^^^^^^
..\..\AppData\Local\Programs\Python\Python312\Lib\site-packages\sqlalchemy\engine\default.py:616: in connect
    return self.loaded_dbapi.connect(*cargs, **cparams)
           ^^^^^^^^^^^^^^^^^^^^^^^^^^^^^^^^^^^^^^^^^^^^
..\..\AppData\Local\Programs\Python\Python312\Lib\site-packages\sqlalchemy\dialects\postgresql\asyncpg.py:941: in connect
    await_only(creator_fn(*arg, **kw)),
               ^^^^^^^^^^^^^^^^^^^^^^
E   TypeError: connect() got an unexpected keyword argument 'sslmode'
_______________ ERROR at setup of test_register_duplicate_email _______________
..\..\AppData\Local\Programs\Python\Python312\Lib\site-packages\pytest_asyncio\plugin.py:458: in setup
    return super().setup()
           ^^^^^^^^^^^^^^^
..\..\AppData\Local\Programs\Python\Python312\Lib\site-packages\pytest_asyncio\plugin.py:313: in _asyncgen_fixture_wrapper
    result = runner.run(setup(), context=context)
             ^^^^^^^^^^^^^^^^^^^^^^^^^^^^^^^^^^^^
..\..\AppData\Local\Programs\Python\Python312\Lib\asyncio\runners.py:118: in run
    return self._loop.run_until_complete(task)
           ^^^^^^^^^^^^^^^^^^^^^^^^^^^^^^^^^^^
..\..\AppData\Local\Programs\Python\Python312\Lib\asyncio\base_events.py:691: in run_until_complete
    return future.result()
           ^^^^^^^^^^^^^^^
..\..\AppData\Local\Programs\Python\Python312\Lib\site-packages\pytest_asyncio\plugin.py:309: in setup
    res = await gen_obj.__anext__()
          ^^^^^^^^^^^^^^^^^^^^^^^^^
tests\conftest.py:48: in test_engine
    async with engine.begin() as conn:
               ^^^^^^^^^^^^^^
..\..\AppData\Local\Programs\Python\Python312\Lib\contextlib.py:210: in __aenter__
    return await anext(self.gen)
           ^^^^^^^^^^^^^^^^^^^^^
..\..\AppData\Local\Programs\Python\Python312\Lib\site-packages\sqlalchemy\ext\asyncio\engine.py:1066: in begin
    async with conn:
               ^^^^
..\..\AppData\Local\Programs\Python\Python312\Lib\site-packages\sqlalchemy\ext\asyncio\base.py:125: in __aenter__
    return await self.start(is_ctxmanager=True)
           ^^^^^^^^^^^^^^^^^^^^^^^^^^^^^^^^^^^^
..\..\AppData\Local\Programs\Python\Python312\Lib\site-packages\sqlalchemy\ext\asyncio\engine.py:270: in start
    await greenlet_spawn(self.sync_engine.connect)
..\..\AppData\Local\Programs\Python\Python312\Lib\site-packages\sqlalchemy\util\_concurrency_py3k.py:189: in greenlet_spawn
    result = context.switch(*args, **kwargs)
             ^^^^^^^^^^^^^^^^^^^^^^^^^^^^^^^
..\..\AppData\Local\Programs\Python\Python312\Lib\site-packages\sqlalchemy\engine\base.py:3269: in connect
    return self._connection_cls(self)
           ^^^^^^^^^^^^^^^^^^^^^^^^^^
..\..\AppData\Local\Programs\Python\Python312\Lib\site-packages\sqlalchemy\engine\base.py:145: in __init__
    self._dbapi_connection = engine.raw_connection()
                             ^^^^^^^^^^^^^^^^^^^^^^^
..\..\AppData\Local\Programs\Python\Python312\Lib\site-packages\sqlalchemy\engine\base.py:3293: in raw_connection
    return self.pool.connect()
           ^^^^^^^^^^^^^^^^^^^
..\..\AppData\Local\Programs\Python\Python312\Lib\site-packages\sqlalchemy\pool\base.py:452: in connect
    return _ConnectionFairy._checkout(self)
           ^^^^^^^^^^^^^^^^^^^^^^^^^^^^^^^^
..\..\AppData\Local\Programs\Python\Python312\Lib\site-packages\sqlalchemy\pool\base.py:1269: in _checkout
    fairy = _ConnectionRecord.checkout(pool)
            ^^^^^^^^^^^^^^^^^^^^^^^^^^^^^^^^
..\..\AppData\Local\Programs\Python\Python312\Lib\site-packages\sqlalchemy\pool\base.py:716: in checkout
    rec = pool._do_get()
          ^^^^^^^^^^^^^^
..\..\AppData\Local\Programs\Python\Python312\Lib\site-packages\sqlalchemy\pool\impl.py:169: in _do_get
    with util.safe_reraise():
         ^^^^^^^^^^^^^^^^^^^
..\..\AppData\Local\Programs\Python\Python312\Lib\site-packages\sqlalchemy\util\langhelpers.py:146: in __exit__
    raise exc_value.with_traceback(exc_tb)
..\..\AppData\Local\Programs\Python\Python312\Lib\site-packages\sqlalchemy\pool\impl.py:167: in _do_get
    return self._create_connection()
           ^^^^^^^^^^^^^^^^^^^^^^^^^
..\..\AppData\Local\Programs\Python\Python312\Lib\site-packages\sqlalchemy\pool\base.py:393: in _create_connection
    return _ConnectionRecord(self)
           ^^^^^^^^^^^^^^^^^^^^^^^
..\..\AppData\Local\Programs\Python\Python312\Lib\site-packages\sqlalchemy\pool\base.py:678: in __init__
    self.__connect()
..\..\AppData\Local\Programs\Python\Python312\Lib\site-packages\sqlalchemy\pool\base.py:902: in __connect
    with util.safe_reraise():
         ^^^^^^^^^^^^^^^^^^^
..\..\AppData\Local\Programs\Python\Python312\Lib\site-packages\sqlalchemy\util\langhelpers.py:146: in __exit__
    raise exc_value.with_traceback(exc_tb)
..\..\AppData\Local\Programs\Python\Python312\Lib\site-packages\sqlalchemy\pool\base.py:898: in __connect
    self.dbapi_connection = connection = pool._invoke_creator(self)
                                         ^^^^^^^^^^^^^^^^^^^^^^^^^^
..\..\AppData\Local\Programs\Python\Python312\Lib\site-packages\sqlalchemy\engine\create.py:645: in connect
    return dialect.connect(*cargs, **cparams)
           ^^^^^^^^^^^^^^^^^^^^^^^^^^^^^^^^^^
..\..\AppData\Local\Programs\Python\Python312\Lib\site-packages\sqlalchemy\engine\default.py:616: in connect
    return self.loaded_dbapi.connect(*cargs, **cparams)
           ^^^^^^^^^^^^^^^^^^^^^^^^^^^^^^^^^^^^^^^^^^^^
..\..\AppData\Local\Programs\Python\Python312\Lib\site-packages\sqlalchemy\dialects\postgresql\asyncpg.py:941: in connect
    await_only(creator_fn(*arg, **kw)),
               ^^^^^^^^^^^^^^^^^^^^^^
E   TypeError: connect() got an unexpected keyword argument 'sslmode'
________________ ERROR at setup of test_register_weak_password ________________
..\..\AppData\Local\Programs\Python\Python312\Lib\site-packages\pytest_asyncio\plugin.py:458: in setup
    return super().setup()
           ^^^^^^^^^^^^^^^
..\..\AppData\Local\Programs\Python\Python312\Lib\site-packages\pytest_asyncio\plugin.py:313: in _asyncgen_fixture_wrapper
    result = runner.run(setup(), context=context)
             ^^^^^^^^^^^^^^^^^^^^^^^^^^^^^^^^^^^^
..\..\AppData\Local\Programs\Python\Python312\Lib\asyncio\runners.py:118: in run
    return self._loop.run_until_complete(task)
           ^^^^^^^^^^^^^^^^^^^^^^^^^^^^^^^^^^^
..\..\AppData\Local\Programs\Python\Python312\Lib\asyncio\base_events.py:691: in run_until_complete
    return future.result()
           ^^^^^^^^^^^^^^^
..\..\AppData\Local\Programs\Python\Python312\Lib\site-packages\pytest_asyncio\plugin.py:309: in setup
    res = await gen_obj.__anext__()
          ^^^^^^^^^^^^^^^^^^^^^^^^^
tests\conftest.py:48: in test_engine
    async with engine.begin() as conn:
               ^^^^^^^^^^^^^^
..\..\AppData\Local\Programs\Python\Python312\Lib\contextlib.py:210: in __aenter__
    return await anext(self.gen)
           ^^^^^^^^^^^^^^^^^^^^^
..\..\AppData\Local\Programs\Python\Python312\Lib\site-packages\sqlalchemy\ext\asyncio\engine.py:1066: in begin
    async with conn:
               ^^^^
..\..\AppData\Local\Programs\Python\Python312\Lib\site-packages\sqlalchemy\ext\asyncio\base.py:125: in __aenter__
    return await self.start(is_ctxmanager=True)
           ^^^^^^^^^^^^^^^^^^^^^^^^^^^^^^^^^^^^
..\..\AppData\Local\Programs\Python\Python312\Lib\site-packages\sqlalchemy\ext\asyncio\engine.py:270: in start
    await greenlet_spawn(self.sync_engine.connect)
..\..\AppData\Local\Programs\Python\Python312\Lib\site-packages\sqlalchemy\util\_concurrency_py3k.py:189: in greenlet_spawn
    result = context.switch(*args, **kwargs)
             ^^^^^^^^^^^^^^^^^^^^^^^^^^^^^^^
..\..\AppData\Local\Programs\Python\Python312\Lib\site-packages\sqlalchemy\engine\base.py:3269: in connect
    return self._connection_cls(self)
           ^^^^^^^^^^^^^^^^^^^^^^^^^^
..\..\AppData\Local\Programs\Python\Python312\Lib\site-packages\sqlalchemy\engine\base.py:145: in __init__
    self._dbapi_connection = engine.raw_connection()
                             ^^^^^^^^^^^^^^^^^^^^^^^
..\..\AppData\Local\Programs\Python\Python312\Lib\site-packages\sqlalchemy\engine\base.py:3293: in raw_connection
    return self.pool.connect()
           ^^^^^^^^^^^^^^^^^^^
..\..\AppData\Local\Programs\Python\Python312\Lib\site-packages\sqlalchemy\pool\base.py:452: in connect
    return _ConnectionFairy._checkout(self)
           ^^^^^^^^^^^^^^^^^^^^^^^^^^^^^^^^
..\..\AppData\Local\Programs\Python\Python312\Lib\site-packages\sqlalchemy\pool\base.py:1269: in _checkout
    fairy = _ConnectionRecord.checkout(pool)
            ^^^^^^^^^^^^^^^^^^^^^^^^^^^^^^^^
..\..\AppData\Local\Programs\Python\Python312\Lib\site-packages\sqlalchemy\pool\base.py:716: in checkout
    rec = pool._do_get()
          ^^^^^^^^^^^^^^
..\..\AppData\Local\Programs\Python\Python312\Lib\site-packages\sqlalchemy\pool\impl.py:169: in _do_get
    with util.safe_reraise():
         ^^^^^^^^^^^^^^^^^^^
..\..\AppData\Local\Programs\Python\Python312\Lib\site-packages\sqlalchemy\util\langhelpers.py:146: in __exit__
    raise exc_value.with_traceback(exc_tb)
..\..\AppData\Local\Programs\Python\Python312\Lib\site-packages\sqlalchemy\pool\impl.py:167: in _do_get
    return self._create_connection()
           ^^^^^^^^^^^^^^^^^^^^^^^^^
..\..\AppData\Local\Programs\Python\Python312\Lib\site-packages\sqlalchemy\pool\base.py:393: in _create_connection
    return _ConnectionRecord(self)
           ^^^^^^^^^^^^^^^^^^^^^^^
..\..\AppData\Local\Programs\Python\Python312\Lib\site-packages\sqlalchemy\pool\base.py:678: in __init__
    self.__connect()
..\..\AppData\Local\Programs\Python\Python312\Lib\site-packages\sqlalchemy\pool\base.py:902: in __connect
    with util.safe_reraise():
         ^^^^^^^^^^^^^^^^^^^
..\..\AppData\Local\Programs\Python\Python312\Lib\site-packages\sqlalchemy\util\langhelpers.py:146: in __exit__
    raise exc_value.with_traceback(exc_tb)
..\..\AppData\Local\Programs\Python\Python312\Lib\site-packages\sqlalchemy\pool\base.py:898: in __connect
    self.dbapi_connection = connection = pool._invoke_creator(self)
                                         ^^^^^^^^^^^^^^^^^^^^^^^^^^
..\..\AppData\Local\Programs\Python\Python312\Lib\site-packages\sqlalchemy\engine\create.py:645: in connect
    return dialect.connect(*cargs, **cparams)
           ^^^^^^^^^^^^^^^^^^^^^^^^^^^^^^^^^^
..\..\AppData\Local\Programs\Python\Python312\Lib\site-packages\sqlalchemy\engine\default.py:616: in connect
    return self.loaded_dbapi.connect(*cargs, **cparams)
           ^^^^^^^^^^^^^^^^^^^^^^^^^^^^^^^^^^^^^^^^^^^^
..\..\AppData\Local\Programs\Python\Python312\Lib\site-packages\sqlalchemy\dialects\postgresql\asyncpg.py:941: in connect
    await_only(creator_fn(*arg, **kw)),
               ^^^^^^^^^^^^^^^^^^^^^^
E   TypeError: connect() got an unexpected keyword argument 'sslmode'
____________________ ERROR at setup of test_login_success _____________________
..\..\AppData\Local\Programs\Python\Python312\Lib\site-packages\pytest_asyncio\plugin.py:458: in setup
    return super().setup()
           ^^^^^^^^^^^^^^^
..\..\AppData\Local\Programs\Python\Python312\Lib\site-packages\pytest_asyncio\plugin.py:313: in _asyncgen_fixture_wrapper
    result = runner.run(setup(), context=context)
             ^^^^^^^^^^^^^^^^^^^^^^^^^^^^^^^^^^^^
..\..\AppData\Local\Programs\Python\Python312\Lib\asyncio\runners.py:118: in run
    return self._loop.run_until_complete(task)
           ^^^^^^^^^^^^^^^^^^^^^^^^^^^^^^^^^^^
..\..\AppData\Local\Programs\Python\Python312\Lib\asyncio\base_events.py:691: in run_until_complete
    return future.result()
           ^^^^^^^^^^^^^^^
..\..\AppData\Local\Programs\Python\Python312\Lib\site-packages\pytest_asyncio\plugin.py:309: in setup
    res = await gen_obj.__anext__()
          ^^^^^^^^^^^^^^^^^^^^^^^^^
tests\conftest.py:48: in test_engine
    async with engine.begin() as conn:
               ^^^^^^^^^^^^^^
..\..\AppData\Local\Programs\Python\Python312\Lib\contextlib.py:210: in __aenter__
    return await anext(self.gen)
           ^^^^^^^^^^^^^^^^^^^^^
..\..\AppData\Local\Programs\Python\Python312\Lib\site-packages\sqlalchemy\ext\asyncio\engine.py:1066: in begin
    async with conn:
               ^^^^
..\..\AppData\Local\Programs\Python\Python312\Lib\site-packages\sqlalchemy\ext\asyncio\base.py:125: in __aenter__
    return await self.start(is_ctxmanager=True)
           ^^^^^^^^^^^^^^^^^^^^^^^^^^^^^^^^^^^^
..\..\AppData\Local\Programs\Python\Python312\Lib\site-packages\sqlalchemy\ext\asyncio\engine.py:270: in start
    await greenlet_spawn(self.sync_engine.connect)
..\..\AppData\Local\Programs\Python\Python312\Lib\site-packages\sqlalchemy\util\_concurrency_py3k.py:189: in greenlet_spawn
    result = context.switch(*args, **kwargs)
             ^^^^^^^^^^^^^^^^^^^^^^^^^^^^^^^
..\..\AppData\Local\Programs\Python\Python312\Lib\site-packages\sqlalchemy\engine\base.py:3269: in connect
    return self._connection_cls(self)
           ^^^^^^^^^^^^^^^^^^^^^^^^^^
..\..\AppData\Local\Programs\Python\Python312\Lib\site-packages\sqlalchemy\engine\base.py:145: in __init__
    self._dbapi_connection = engine.raw_connection()
                             ^^^^^^^^^^^^^^^^^^^^^^^
..\..\AppData\Local\Programs\Python\Python312\Lib\site-packages\sqlalchemy\engine\base.py:3293: in raw_connection
    return self.pool.connect()
           ^^^^^^^^^^^^^^^^^^^
..\..\AppData\Local\Programs\Python\Python312\Lib\site-packages\sqlalchemy\pool\base.py:452: in connect
    return _ConnectionFairy._checkout(self)
           ^^^^^^^^^^^^^^^^^^^^^^^^^^^^^^^^
..\..\AppData\Local\Programs\Python\Python312\Lib\site-packages\sqlalchemy\pool\base.py:1269: in _checkout
    fairy = _ConnectionRecord.checkout(pool)
            ^^^^^^^^^^^^^^^^^^^^^^^^^^^^^^^^
..\..\AppData\Local\Programs\Python\Python312\Lib\site-packages\sqlalchemy\pool\base.py:716: in checkout
    rec = pool._do_get()
          ^^^^^^^^^^^^^^
..\..\AppData\Local\Programs\Python\Python312\Lib\site-packages\sqlalchemy\pool\impl.py:169: in _do_get
    with util.safe_reraise():
         ^^^^^^^^^^^^^^^^^^^
..\..\AppData\Local\Programs\Python\Python312\Lib\site-packages\sqlalchemy\util\langhelpers.py:146: in __exit__
    raise exc_value.with_traceback(exc_tb)
..\..\AppData\Local\Programs\Python\Python312\Lib\site-packages\sqlalchemy\pool\impl.py:167: in _do_get
    return self._create_connection()
           ^^^^^^^^^^^^^^^^^^^^^^^^^
..\..\AppData\Local\Programs\Python\Python312\Lib\site-packages\sqlalchemy\pool\base.py:393: in _create_connection
    return _ConnectionRecord(self)
           ^^^^^^^^^^^^^^^^^^^^^^^
..\..\AppData\Local\Programs\Python\Python312\Lib\site-packages\sqlalchemy\pool\base.py:678: in __init__
    self.__connect()
..\..\AppData\Local\Programs\Python\Python312\Lib\site-packages\sqlalchemy\pool\base.py:902: in __connect
    with util.safe_reraise():
         ^^^^^^^^^^^^^^^^^^^
..\..\AppData\Local\Programs\Python\Python312\Lib\site-packages\sqlalchemy\util\langhelpers.py:146: in __exit__
    raise exc_value.with_traceback(exc_tb)
..\..\AppData\Local\Programs\Python\Python312\Lib\site-packages\sqlalchemy\pool\base.py:898: in __connect
    self.dbapi_connection = connection = pool._invoke_creator(self)
                                         ^^^^^^^^^^^^^^^^^^^^^^^^^^
..\..\AppData\Local\Programs\Python\Python312\Lib\site-packages\sqlalchemy\engine\create.py:645: in connect
    return dialect.connect(*cargs, **cparams)
           ^^^^^^^^^^^^^^^^^^^^^^^^^^^^^^^^^^
..\..\AppData\Local\Programs\Python\Python312\Lib\site-packages\sqlalchemy\engine\default.py:616: in connect
    return self.loaded_dbapi.connect(*cargs, **cparams)
           ^^^^^^^^^^^^^^^^^^^^^^^^^^^^^^^^^^^^^^^^^^^^
..\..\AppData\Local\Programs\Python\Python312\Lib\site-packages\sqlalchemy\dialects\postgresql\asyncpg.py:941: in connect
    await_only(creator_fn(*arg, **kw)),
               ^^^^^^^^^^^^^^^^^^^^^^
E   TypeError: connect() got an unexpected keyword argument 'sslmode'
_________________ ERROR at setup of test_login_wrong_password _________________
..\..\AppData\Local\Programs\Python\Python312\Lib\site-packages\pytest_asyncio\plugin.py:458: in setup
    return super().setup()
           ^^^^^^^^^^^^^^^
..\..\AppData\Local\Programs\Python\Python312\Lib\site-packages\pytest_asyncio\plugin.py:313: in _asyncgen_fixture_wrapper
    result = runner.run(setup(), context=context)
             ^^^^^^^^^^^^^^^^^^^^^^^^^^^^^^^^^^^^
..\..\AppData\Local\Programs\Python\Python312\Lib\asyncio\runners.py:118: in run
    return self._loop.run_until_complete(task)
           ^^^^^^^^^^^^^^^^^^^^^^^^^^^^^^^^^^^
..\..\AppData\Local\Programs\Python\Python312\Lib\asyncio\base_events.py:691: in run_until_complete
    return future.result()
           ^^^^^^^^^^^^^^^
..\..\AppData\Local\Programs\Python\Python312\Lib\site-packages\pytest_asyncio\plugin.py:309: in setup
    res = await gen_obj.__anext__()
          ^^^^^^^^^^^^^^^^^^^^^^^^^
tests\conftest.py:48: in test_engine
    async with engine.begin() as conn:
               ^^^^^^^^^^^^^^
..\..\AppData\Local\Programs\Python\Python312\Lib\contextlib.py:210: in __aenter__
    return await anext(self.gen)
           ^^^^^^^^^^^^^^^^^^^^^
..\..\AppData\Local\Programs\Python\Python312\Lib\site-packages\sqlalchemy\ext\asyncio\engine.py:1066: in begin
    async with conn:
               ^^^^
..\..\AppData\Local\Programs\Python\Python312\Lib\site-packages\sqlalchemy\ext\asyncio\base.py:125: in __aenter__
    return await self.start(is_ctxmanager=True)
           ^^^^^^^^^^^^^^^^^^^^^^^^^^^^^^^^^^^^
..\..\AppData\Local\Programs\Python\Python312\Lib\site-packages\sqlalchemy\ext\asyncio\engine.py:270: in start
    await greenlet_spawn(self.sync_engine.connect)
..\..\AppData\Local\Programs\Python\Python312\Lib\site-packages\sqlalchemy\util\_concurrency_py3k.py:189: in greenlet_spawn
    result = context.switch(*args, **kwargs)
             ^^^^^^^^^^^^^^^^^^^^^^^^^^^^^^^
..\..\AppData\Local\Programs\Python\Python312\Lib\site-packages\sqlalchemy\engine\base.py:3269: in connect
    return self._connection_cls(self)
           ^^^^^^^^^^^^^^^^^^^^^^^^^^
..\..\AppData\Local\Programs\Python\Python312\Lib\site-packages\sqlalchemy\engine\base.py:145: in __init__
    self._dbapi_connection = engine.raw_connection()
                             ^^^^^^^^^^^^^^^^^^^^^^^
..\..\AppData\Local\Programs\Python\Python312\Lib\site-packages\sqlalchemy\engine\base.py:3293: in raw_connection
    return self.pool.connect()
           ^^^^^^^^^^^^^^^^^^^
..\..\AppData\Local\Programs\Python\Python312\Lib\site-packages\sqlalchemy\pool\base.py:452: in connect
    return _ConnectionFairy._checkout(self)
           ^^^^^^^^^^^^^^^^^^^^^^^^^^^^^^^^
..\..\AppData\Local\Programs\Python\Python312\Lib\site-packages\sqlalchemy\pool\base.py:1269: in _checkout
    fairy = _ConnectionRecord.checkout(pool)
            ^^^^^^^^^^^^^^^^^^^^^^^^^^^^^^^^
..\..\AppData\Local\Programs\Python\Python312\Lib\site-packages\sqlalchemy\pool\base.py:716: in checkout
    rec = pool._do_get()
          ^^^^^^^^^^^^^^
..\..\AppData\Local\Programs\Python\Python312\Lib\site-packages\sqlalchemy\pool\impl.py:169: in _do_get
    with util.safe_reraise():
         ^^^^^^^^^^^^^^^^^^^
..\..\AppData\Local\Programs\Python\Python312\Lib\site-packages\sqlalchemy\util\langhelpers.py:146: in __exit__
    raise exc_value.with_traceback(exc_tb)
..\..\AppData\Local\Programs\Python\Python312\Lib\site-packages\sqlalchemy\pool\impl.py:167: in _do_get
    return self._create_connection()
           ^^^^^^^^^^^^^^^^^^^^^^^^^
..\..\AppData\Local\Programs\Python\Python312\Lib\site-packages\sqlalchemy\pool\base.py:393: in _create_connection
    return _ConnectionRecord(self)
           ^^^^^^^^^^^^^^^^^^^^^^^
..\..\AppData\Local\Programs\Python\Python312\Lib\site-packages\sqlalchemy\pool\base.py:678: in __init__
    self.__connect()
..\..\AppData\Local\Programs\Python\Python312\Lib\site-packages\sqlalchemy\pool\base.py:902: in __connect
    with util.safe_reraise():
         ^^^^^^^^^^^^^^^^^^^
..\..\AppData\Local\Programs\Python\Python312\Lib\site-packages\sqlalchemy\util\langhelpers.py:146: in __exit__
    raise exc_value.with_traceback(exc_tb)
..\..\AppData\Local\Programs\Python\Python312\Lib\site-packages\sqlalchemy\pool\base.py:898: in __connect
    self.dbapi_connection = connection = pool._invoke_creator(self)
                                         ^^^^^^^^^^^^^^^^^^^^^^^^^^
..\..\AppData\Local\Programs\Python\Python312\Lib\site-packages\sqlalchemy\engine\create.py:645: in connect
    return dialect.connect(*cargs, **cparams)
           ^^^^^^^^^^^^^^^^^^^^^^^^^^^^^^^^^^
..\..\AppData\Local\Programs\Python\Python312\Lib\site-packages\sqlalchemy\engine\default.py:616: in connect
    return self.loaded_dbapi.connect(*cargs, **cparams)
           ^^^^^^^^^^^^^^^^^^^^^^^^^^^^^^^^^^^^^^^^^^^^
..\..\AppData\Local\Programs\Python\Python312\Lib\site-packages\sqlalchemy\dialects\postgresql\asyncpg.py:941: in connect
    await_only(creator_fn(*arg, **kw)),
               ^^^^^^^^^^^^^^^^^^^^^^
E   TypeError: connect() got an unexpected keyword argument 'sslmode'
________________ ERROR at setup of test_login_nonexistent_user ________________
..\..\AppData\Local\Programs\Python\Python312\Lib\site-packages\pytest_asyncio\plugin.py:458: in setup
    return super().setup()
           ^^^^^^^^^^^^^^^
..\..\AppData\Local\Programs\Python\Python312\Lib\site-packages\pytest_asyncio\plugin.py:313: in _asyncgen_fixture_wrapper
    result = runner.run(setup(), context=context)
             ^^^^^^^^^^^^^^^^^^^^^^^^^^^^^^^^^^^^
..\..\AppData\Local\Programs\Python\Python312\Lib\asyncio\runners.py:118: in run
    return self._loop.run_until_complete(task)
           ^^^^^^^^^^^^^^^^^^^^^^^^^^^^^^^^^^^
..\..\AppData\Local\Programs\Python\Python312\Lib\asyncio\base_events.py:691: in run_until_complete
    return future.result()
           ^^^^^^^^^^^^^^^
..\..\AppData\Local\Programs\Python\Python312\Lib\site-packages\pytest_asyncio\plugin.py:309: in setup
    res = await gen_obj.__anext__()
          ^^^^^^^^^^^^^^^^^^^^^^^^^
tests\conftest.py:48: in test_engine
    async with engine.begin() as conn:
               ^^^^^^^^^^^^^^
..\..\AppData\Local\Programs\Python\Python312\Lib\contextlib.py:210: in __aenter__
    return await anext(self.gen)
           ^^^^^^^^^^^^^^^^^^^^^
..\..\AppData\Local\Programs\Python\Python312\Lib\site-packages\sqlalchemy\ext\asyncio\engine.py:1066: in begin
    async with conn:
               ^^^^
..\..\AppData\Local\Programs\Python\Python312\Lib\site-packages\sqlalchemy\ext\asyncio\base.py:125: in __aenter__
    return await self.start(is_ctxmanager=True)
           ^^^^^^^^^^^^^^^^^^^^^^^^^^^^^^^^^^^^
..\..\AppData\Local\Programs\Python\Python312\Lib\site-packages\sqlalchemy\ext\asyncio\engine.py:270: in start
    await greenlet_spawn(self.sync_engine.connect)
..\..\AppData\Local\Programs\Python\Python312\Lib\site-packages\sqlalchemy\util\_concurrency_py3k.py:189: in greenlet_spawn
    result = context.switch(*args, **kwargs)
             ^^^^^^^^^^^^^^^^^^^^^^^^^^^^^^^
..\..\AppData\Local\Programs\Python\Python312\Lib\site-packages\sqlalchemy\engine\base.py:3269: in connect
    return self._connection_cls(self)
           ^^^^^^^^^^^^^^^^^^^^^^^^^^
..\..\AppData\Local\Programs\Python\Python312\Lib\site-packages\sqlalchemy\engine\base.py:145: in __init__
    self._dbapi_connection = engine.raw_connection()
                             ^^^^^^^^^^^^^^^^^^^^^^^
..\..\AppData\Local\Programs\Python\Python312\Lib\site-packages\sqlalchemy\engine\base.py:3293: in raw_connection
    return self.pool.connect()
           ^^^^^^^^^^^^^^^^^^^
..\..\AppData\Local\Programs\Python\Python312\Lib\site-packages\sqlalchemy\pool\base.py:452: in connect
    return _ConnectionFairy._checkout(self)
           ^^^^^^^^^^^^^^^^^^^^^^^^^^^^^^^^
..\..\AppData\Local\Programs\Python\Python312\Lib\site-packages\sqlalchemy\pool\base.py:1269: in _checkout
    fairy = _ConnectionRecord.checkout(pool)
            ^^^^^^^^^^^^^^^^^^^^^^^^^^^^^^^^
..\..\AppData\Local\Programs\Python\Python312\Lib\site-packages\sqlalchemy\pool\base.py:716: in checkout
    rec = pool._do_get()
          ^^^^^^^^^^^^^^
..\..\AppData\Local\Programs\Python\Python312\Lib\site-packages\sqlalchemy\pool\impl.py:169: in _do_get
    with util.safe_reraise():
         ^^^^^^^^^^^^^^^^^^^
..\..\AppData\Local\Programs\Python\Python312\Lib\site-packages\sqlalchemy\util\langhelpers.py:146: in __exit__
    raise exc_value.with_traceback(exc_tb)
..\..\AppData\Local\Programs\Python\Python312\Lib\site-packages\sqlalchemy\pool\impl.py:167: in _do_get
    return self._create_connection()
           ^^^^^^^^^^^^^^^^^^^^^^^^^
..\..\AppData\Local\Programs\Python\Python312\Lib\site-packages\sqlalchemy\pool\base.py:393: in _create_connection
    return _ConnectionRecord(self)
           ^^^^^^^^^^^^^^^^^^^^^^^
..\..\AppData\Local\Programs\Python\Python312\Lib\site-packages\sqlalchemy\pool\base.py:678: in __init__
    self.__connect()
..\..\AppData\Local\Programs\Python\Python312\Lib\site-packages\sqlalchemy\pool\base.py:902: in __connect
    with util.safe_reraise():
         ^^^^^^^^^^^^^^^^^^^
..\..\AppData\Local\Programs\Python\Python312\Lib\site-packages\sqlalchemy\util\langhelpers.py:146: in __exit__
    raise exc_value.with_traceback(exc_tb)
..\..\AppData\Local\Programs\Python\Python312\Lib\site-packages\sqlalchemy\pool\base.py:898: in __connect
    self.dbapi_connection = connection = pool._invoke_creator(self)
                                         ^^^^^^^^^^^^^^^^^^^^^^^^^^
..\..\AppData\Local\Programs\Python\Python312\Lib\site-packages\sqlalchemy\engine\create.py:645: in connect
    return dialect.connect(*cargs, **cparams)
           ^^^^^^^^^^^^^^^^^^^^^^^^^^^^^^^^^^
..\..\AppData\Local\Programs\Python\Python312\Lib\site-packages\sqlalchemy\engine\default.py:616: in connect
    return self.loaded_dbapi.connect(*cargs, **cparams)
           ^^^^^^^^^^^^^^^^^^^^^^^^^^^^^^^^^^^^^^^^^^^^
..\..\AppData\Local\Programs\Python\Python312\Lib\site-packages\sqlalchemy\dialects\postgresql\asyncpg.py:941: in connect
    await_only(creator_fn(*arg, **kw)),
               ^^^^^^^^^^^^^^^^^^^^^^
E   TypeError: connect() got an unexpected keyword argument 'sslmode'
___________________ ERROR at setup of test_get_current_user ___________________
..\..\AppData\Local\Programs\Python\Python312\Lib\site-packages\pytest_asyncio\plugin.py:458: in setup
    return super().setup()
           ^^^^^^^^^^^^^^^
..\..\AppData\Local\Programs\Python\Python312\Lib\site-packages\pytest_asyncio\plugin.py:313: in _asyncgen_fixture_wrapper
    result = runner.run(setup(), context=context)
             ^^^^^^^^^^^^^^^^^^^^^^^^^^^^^^^^^^^^
..\..\AppData\Local\Programs\Python\Python312\Lib\asyncio\runners.py:118: in run
    return self._loop.run_until_complete(task)
           ^^^^^^^^^^^^^^^^^^^^^^^^^^^^^^^^^^^
..\..\AppData\Local\Programs\Python\Python312\Lib\asyncio\base_events.py:691: in run_until_complete
    return future.result()
           ^^^^^^^^^^^^^^^
..\..\AppData\Local\Programs\Python\Python312\Lib\site-packages\pytest_asyncio\plugin.py:309: in setup
    res = await gen_obj.__anext__()
          ^^^^^^^^^^^^^^^^^^^^^^^^^
tests\conftest.py:48: in test_engine
    async with engine.begin() as conn:
               ^^^^^^^^^^^^^^
..\..\AppData\Local\Programs\Python\Python312\Lib\contextlib.py:210: in __aenter__
    return await anext(self.gen)
           ^^^^^^^^^^^^^^^^^^^^^
..\..\AppData\Local\Programs\Python\Python312\Lib\site-packages\sqlalchemy\ext\asyncio\engine.py:1066: in begin
    async with conn:
               ^^^^
..\..\AppData\Local\Programs\Python\Python312\Lib\site-packages\sqlalchemy\ext\asyncio\base.py:125: in __aenter__
    return await self.start(is_ctxmanager=True)
           ^^^^^^^^^^^^^^^^^^^^^^^^^^^^^^^^^^^^
..\..\AppData\Local\Programs\Python\Python312\Lib\site-packages\sqlalchemy\ext\asyncio\engine.py:270: in start
    await greenlet_spawn(self.sync_engine.connect)
..\..\AppData\Local\Programs\Python\Python312\Lib\site-packages\sqlalchemy\util\_concurrency_py3k.py:189: in greenlet_spawn
    result = context.switch(*args, **kwargs)
             ^^^^^^^^^^^^^^^^^^^^^^^^^^^^^^^
..\..\AppData\Local\Programs\Python\Python312\Lib\site-packages\sqlalchemy\engine\base.py:3269: in connect
    return self._connection_cls(self)
           ^^^^^^^^^^^^^^^^^^^^^^^^^^
..\..\AppData\Local\Programs\Python\Python312\Lib\site-packages\sqlalchemy\engine\base.py:145: in __init__
    self._dbapi_connection = engine.raw_connection()
                             ^^^^^^^^^^^^^^^^^^^^^^^
..\..\AppData\Local\Programs\Python\Python312\Lib\site-packages\sqlalchemy\engine\base.py:3293: in raw_connection
    return self.pool.connect()
           ^^^^^^^^^^^^^^^^^^^
..\..\AppData\Local\Programs\Python\Python312\Lib\site-packages\sqlalchemy\pool\base.py:452: in connect
    return _ConnectionFairy._checkout(self)
           ^^^^^^^^^^^^^^^^^^^^^^^^^^^^^^^^
..\..\AppData\Local\Programs\Python\Python312\Lib\site-packages\sqlalchemy\pool\base.py:1269: in _checkout
    fairy = _ConnectionRecord.checkout(pool)
            ^^^^^^^^^^^^^^^^^^^^^^^^^^^^^^^^
..\..\AppData\Local\Programs\Python\Python312\Lib\site-packages\sqlalchemy\pool\base.py:716: in checkout
    rec = pool._do_get()
          ^^^^^^^^^^^^^^
..\..\AppData\Local\Programs\Python\Python312\Lib\site-packages\sqlalchemy\pool\impl.py:169: in _do_get
    with util.safe_reraise():
         ^^^^^^^^^^^^^^^^^^^
..\..\AppData\Local\Programs\Python\Python312\Lib\site-packages\sqlalchemy\util\langhelpers.py:146: in __exit__
    raise exc_value.with_traceback(exc_tb)
..\..\AppData\Local\Programs\Python\Python312\Lib\site-packages\sqlalchemy\pool\impl.py:167: in _do_get
    return self._create_connection()
           ^^^^^^^^^^^^^^^^^^^^^^^^^
..\..\AppData\Local\Programs\Python\Python312\Lib\site-packages\sqlalchemy\pool\base.py:393: in _create_connection
    return _ConnectionRecord(self)
           ^^^^^^^^^^^^^^^^^^^^^^^
..\..\AppData\Local\Programs\Python\Python312\Lib\site-packages\sqlalchemy\pool\base.py:678: in __init__
    self.__connect()
..\..\AppData\Local\Programs\Python\Python312\Lib\site-packages\sqlalchemy\pool\base.py:902: in __connect
    with util.safe_reraise():
         ^^^^^^^^^^^^^^^^^^^
..\..\AppData\Local\Programs\Python\Python312\Lib\site-packages\sqlalchemy\util\langhelpers.py:146: in __exit__
    raise exc_value.with_traceback(exc_tb)
..\..\AppData\Local\Programs\Python\Python312\Lib\site-packages\sqlalchemy\pool\base.py:898: in __connect
    self.dbapi_connection = connection = pool._invoke_creator(self)
                                         ^^^^^^^^^^^^^^^^^^^^^^^^^^
..\..\AppData\Local\Programs\Python\Python312\Lib\site-packages\sqlalchemy\engine\create.py:645: in connect
    return dialect.connect(*cargs, **cparams)
           ^^^^^^^^^^^^^^^^^^^^^^^^^^^^^^^^^^
..\..\AppData\Local\Programs\Python\Python312\Lib\site-packages\sqlalchemy\engine\default.py:616: in connect
    return self.loaded_dbapi.connect(*cargs, **cparams)
           ^^^^^^^^^^^^^^^^^^^^^^^^^^^^^^^^^^^^^^^^^^^^
..\..\AppData\Local\Programs\Python\Python312\Lib\site-packages\sqlalchemy\dialects\postgresql\asyncpg.py:941: in connect
    await_only(creator_fn(*arg, **kw)),
               ^^^^^^^^^^^^^^^^^^^^^^
E   TypeError: connect() got an unexpected keyword argument 'sslmode'
____________ ERROR at setup of test_get_current_user_unauthorized _____________
..\..\AppData\Local\Programs\Python\Python312\Lib\site-packages\pytest_asyncio\plugin.py:458: in setup
    return super().setup()
           ^^^^^^^^^^^^^^^
..\..\AppData\Local\Programs\Python\Python312\Lib\site-packages\pytest_asyncio\plugin.py:313: in _asyncgen_fixture_wrapper
    result = runner.run(setup(), context=context)
             ^^^^^^^^^^^^^^^^^^^^^^^^^^^^^^^^^^^^
..\..\AppData\Local\Programs\Python\Python312\Lib\asyncio\runners.py:118: in run
    return self._loop.run_until_complete(task)
           ^^^^^^^^^^^^^^^^^^^^^^^^^^^^^^^^^^^
..\..\AppData\Local\Programs\Python\Python312\Lib\asyncio\base_events.py:691: in run_until_complete
    return future.result()
           ^^^^^^^^^^^^^^^
..\..\AppData\Local\Programs\Python\Python312\Lib\site-packages\pytest_asyncio\plugin.py:309: in setup
    res = await gen_obj.__anext__()
          ^^^^^^^^^^^^^^^^^^^^^^^^^
tests\conftest.py:48: in test_engine
    async with engine.begin() as conn:
               ^^^^^^^^^^^^^^
..\..\AppData\Local\Programs\Python\Python312\Lib\contextlib.py:210: in __aenter__
    return await anext(self.gen)
           ^^^^^^^^^^^^^^^^^^^^^
..\..\AppData\Local\Programs\Python\Python312\Lib\site-packages\sqlalchemy\ext\asyncio\engine.py:1066: in begin
    async with conn:
               ^^^^
..\..\AppData\Local\Programs\Python\Python312\Lib\site-packages\sqlalchemy\ext\asyncio\base.py:125: in __aenter__
    return await self.start(is_ctxmanager=True)
           ^^^^^^^^^^^^^^^^^^^^^^^^^^^^^^^^^^^^
..\..\AppData\Local\Programs\Python\Python312\Lib\site-packages\sqlalchemy\ext\asyncio\engine.py:270: in start
    await greenlet_spawn(self.sync_engine.connect)
..\..\AppData\Local\Programs\Python\Python312\Lib\site-packages\sqlalchemy\util\_concurrency_py3k.py:189: in greenlet_spawn
    result = context.switch(*args, **kwargs)
             ^^^^^^^^^^^^^^^^^^^^^^^^^^^^^^^
..\..\AppData\Local\Programs\Python\Python312\Lib\site-packages\sqlalchemy\engine\base.py:3269: in connect
    return self._connection_cls(self)
           ^^^^^^^^^^^^^^^^^^^^^^^^^^
..\..\AppData\Local\Programs\Python\Python312\Lib\site-packages\sqlalchemy\engine\base.py:145: in __init__
    self._dbapi_connection = engine.raw_connection()
                             ^^^^^^^^^^^^^^^^^^^^^^^
..\..\AppData\Local\Programs\Python\Python312\Lib\site-packages\sqlalchemy\engine\base.py:3293: in raw_connection
    return self.pool.connect()
           ^^^^^^^^^^^^^^^^^^^
..\..\AppData\Local\Programs\Python\Python312\Lib\site-packages\sqlalchemy\pool\base.py:452: in connect
    return _ConnectionFairy._checkout(self)
           ^^^^^^^^^^^^^^^^^^^^^^^^^^^^^^^^
..\..\AppData\Local\Programs\Python\Python312\Lib\site-packages\sqlalchemy\pool\base.py:1269: in _checkout
    fairy = _ConnectionRecord.checkout(pool)
            ^^^^^^^^^^^^^^^^^^^^^^^^^^^^^^^^
..\..\AppData\Local\Programs\Python\Python312\Lib\site-packages\sqlalchemy\pool\base.py:716: in checkout
    rec = pool._do_get()
          ^^^^^^^^^^^^^^
..\..\AppData\Local\Programs\Python\Python312\Lib\site-packages\sqlalchemy\pool\impl.py:169: in _do_get
    with util.safe_reraise():
         ^^^^^^^^^^^^^^^^^^^
..\..\AppData\Local\Programs\Python\Python312\Lib\site-packages\sqlalchemy\util\langhelpers.py:146: in __exit__
    raise exc_value.with_traceback(exc_tb)
..\..\AppData\Local\Programs\Python\Python312\Lib\site-packages\sqlalchemy\pool\impl.py:167: in _do_get
    return self._create_connection()
           ^^^^^^^^^^^^^^^^^^^^^^^^^
..\..\AppData\Local\Programs\Python\Python312\Lib\site-packages\sqlalchemy\pool\base.py:393: in _create_connection
    return _ConnectionRecord(self)
           ^^^^^^^^^^^^^^^^^^^^^^^
..\..\AppData\Local\Programs\Python\Python312\Lib\site-packages\sqlalchemy\pool\base.py:678: in __init__
    self.__connect()
..\..\AppData\Local\Programs\Python\Python312\Lib\site-packages\sqlalchemy\pool\base.py:902: in __connect
    with util.safe_reraise():
         ^^^^^^^^^^^^^^^^^^^
..\..\AppData\Local\Programs\Python\Python312\Lib\site-packages\sqlalchemy\util\langhelpers.py:146: in __exit__
    raise exc_value.with_traceback(exc_tb)
..\..\AppData\Local\Programs\Python\Python312\Lib\site-packages\sqlalchemy\pool\base.py:898: in __connect
    self.dbapi_connection = connection = pool._invoke_creator(self)
                                         ^^^^^^^^^^^^^^^^^^^^^^^^^^
..\..\AppData\Local\Programs\Python\Python312\Lib\site-packages\sqlalchemy\engine\create.py:645: in connect
    return dialect.connect(*cargs, **cparams)
           ^^^^^^^^^^^^^^^^^^^^^^^^^^^^^^^^^^
..\..\AppData\Local\Programs\Python\Python312\Lib\site-packages\sqlalchemy\engine\default.py:616: in connect
    return self.loaded_dbapi.connect(*cargs, **cparams)
           ^^^^^^^^^^^^^^^^^^^^^^^^^^^^^^^^^^^^^^^^^^^^
..\..\AppData\Local\Programs\Python\Python312\Lib\site-packages\sqlalchemy\dialects\postgresql\asyncpg.py:941: in connect
    await_only(creator_fn(*arg, **kw)),
               ^^^^^^^^^^^^^^^^^^^^^^
E   TypeError: connect() got an unexpected keyword argument 'sslmode'
____________________ ERROR at setup of test_refresh_token _____________________
..\..\AppData\Local\Programs\Python\Python312\Lib\site-packages\pytest_asyncio\plugin.py:458: in setup
    return super().setup()
           ^^^^^^^^^^^^^^^
..\..\AppData\Local\Programs\Python\Python312\Lib\site-packages\pytest_asyncio\plugin.py:313: in _asyncgen_fixture_wrapper
    result = runner.run(setup(), context=context)
             ^^^^^^^^^^^^^^^^^^^^^^^^^^^^^^^^^^^^
..\..\AppData\Local\Programs\Python\Python312\Lib\asyncio\runners.py:118: in run
    return self._loop.run_until_complete(task)
           ^^^^^^^^^^^^^^^^^^^^^^^^^^^^^^^^^^^
..\..\AppData\Local\Programs\Python\Python312\Lib\asyncio\base_events.py:691: in run_until_complete
    return future.result()
           ^^^^^^^^^^^^^^^
..\..\AppData\Local\Programs\Python\Python312\Lib\site-packages\pytest_asyncio\plugin.py:309: in setup
    res = await gen_obj.__anext__()
          ^^^^^^^^^^^^^^^^^^^^^^^^^
tests\conftest.py:48: in test_engine
    async with engine.begin() as conn:
               ^^^^^^^^^^^^^^
..\..\AppData\Local\Programs\Python\Python312\Lib\contextlib.py:210: in __aenter__
    return await anext(self.gen)
           ^^^^^^^^^^^^^^^^^^^^^
..\..\AppData\Local\Programs\Python\Python312\Lib\site-packages\sqlalchemy\ext\asyncio\engine.py:1066: in begin
    async with conn:
               ^^^^
..\..\AppData\Local\Programs\Python\Python312\Lib\site-packages\sqlalchemy\ext\asyncio\base.py:125: in __aenter__
    return await self.start(is_ctxmanager=True)
           ^^^^^^^^^^^^^^^^^^^^^^^^^^^^^^^^^^^^
..\..\AppData\Local\Programs\Python\Python312\Lib\site-packages\sqlalchemy\ext\asyncio\engine.py:270: in start
    await greenlet_spawn(self.sync_engine.connect)
..\..\AppData\Local\Programs\Python\Python312\Lib\site-packages\sqlalchemy\util\_concurrency_py3k.py:189: in greenlet_spawn
    result = context.switch(*args, **kwargs)
             ^^^^^^^^^^^^^^^^^^^^^^^^^^^^^^^
..\..\AppData\Local\Programs\Python\Python312\Lib\site-packages\sqlalchemy\engine\base.py:3269: in connect
    return self._connection_cls(self)
           ^^^^^^^^^^^^^^^^^^^^^^^^^^
..\..\AppData\Local\Programs\Python\Python312\Lib\site-packages\sqlalchemy\engine\base.py:145: in __init__
    self._dbapi_connection = engine.raw_connection()
                             ^^^^^^^^^^^^^^^^^^^^^^^
..\..\AppData\Local\Programs\Python\Python312\Lib\site-packages\sqlalchemy\engine\base.py:3293: in raw_connection
    return self.pool.connect()
           ^^^^^^^^^^^^^^^^^^^
..\..\AppData\Local\Programs\Python\Python312\Lib\site-packages\sqlalchemy\pool\base.py:452: in connect
    return _ConnectionFairy._checkout(self)
           ^^^^^^^^^^^^^^^^^^^^^^^^^^^^^^^^
..\..\AppData\Local\Programs\Python\Python312\Lib\site-packages\sqlalchemy\pool\base.py:1269: in _checkout
    fairy = _ConnectionRecord.checkout(pool)
            ^^^^^^^^^^^^^^^^^^^^^^^^^^^^^^^^
..\..\AppData\Local\Programs\Python\Python312\Lib\site-packages\sqlalchemy\pool\base.py:716: in checkout
    rec = pool._do_get()
          ^^^^^^^^^^^^^^
..\..\AppData\Local\Programs\Python\Python312\Lib\site-packages\sqlalchemy\pool\impl.py:169: in _do_get
    with util.safe_reraise():
         ^^^^^^^^^^^^^^^^^^^
..\..\AppData\Local\Programs\Python\Python312\Lib\site-packages\sqlalchemy\util\langhelpers.py:146: in __exit__
    raise exc_value.with_traceback(exc_tb)
..\..\AppData\Local\Programs\Python\Python312\Lib\site-packages\sqlalchemy\pool\impl.py:167: in _do_get
    return self._create_connection()
           ^^^^^^^^^^^^^^^^^^^^^^^^^
..\..\AppData\Local\Programs\Python\Python312\Lib\site-packages\sqlalchemy\pool\base.py:393: in _create_connection
    return _ConnectionRecord(self)
           ^^^^^^^^^^^^^^^^^^^^^^^
..\..\AppData\Local\Programs\Python\Python312\Lib\site-packages\sqlalchemy\pool\base.py:678: in __init__
    self.__connect()
..\..\AppData\Local\Programs\Python\Python312\Lib\site-packages\sqlalchemy\pool\base.py:902: in __connect
    with util.safe_reraise():
         ^^^^^^^^^^^^^^^^^^^
..\..\AppData\Local\Programs\Python\Python312\Lib\site-packages\sqlalchemy\util\langhelpers.py:146: in __exit__
    raise exc_value.with_traceback(exc_tb)
..\..\AppData\Local\Programs\Python\Python312\Lib\site-packages\sqlalchemy\pool\base.py:898: in __connect
    self.dbapi_connection = connection = pool._invoke_creator(self)
                                         ^^^^^^^^^^^^^^^^^^^^^^^^^^
..\..\AppData\Local\Programs\Python\Python312\Lib\site-packages\sqlalchemy\engine\create.py:645: in connect
    return dialect.connect(*cargs, **cparams)
           ^^^^^^^^^^^^^^^^^^^^^^^^^^^^^^^^^^
..\..\AppData\Local\Programs\Python\Python312\Lib\site-packages\sqlalchemy\engine\default.py:616: in connect
    return self.loaded_dbapi.connect(*cargs, **cparams)
           ^^^^^^^^^^^^^^^^^^^^^^^^^^^^^^^^^^^^^^^^^^^^
..\..\AppData\Local\Programs\Python\Python312\Lib\site-packages\sqlalchemy\dialects\postgresql\asyncpg.py:941: in connect
    await_only(creator_fn(*arg, **kw)),
               ^^^^^^^^^^^^^^^^^^^^^^
E   TypeError: connect() got an unexpected keyword argument 'sslmode'
________________ ERROR at setup of test_refresh_token_invalid _________________
..\..\AppData\Local\Programs\Python\Python312\Lib\site-packages\pytest_asyncio\plugin.py:458: in setup
    return super().setup()
           ^^^^^^^^^^^^^^^
..\..\AppData\Local\Programs\Python\Python312\Lib\site-packages\pytest_asyncio\plugin.py:313: in _asyncgen_fixture_wrapper
    result = runner.run(setup(), context=context)
             ^^^^^^^^^^^^^^^^^^^^^^^^^^^^^^^^^^^^
..\..\AppData\Local\Programs\Python\Python312\Lib\asyncio\runners.py:118: in run
    return self._loop.run_until_complete(task)
           ^^^^^^^^^^^^^^^^^^^^^^^^^^^^^^^^^^^
..\..\AppData\Local\Programs\Python\Python312\Lib\asyncio\base_events.py:691: in run_until_complete
    return future.result()
           ^^^^^^^^^^^^^^^
..\..\AppData\Local\Programs\Python\Python312\Lib\site-packages\pytest_asyncio\plugin.py:309: in setup
    res = await gen_obj.__anext__()
          ^^^^^^^^^^^^^^^^^^^^^^^^^
tests\conftest.py:48: in test_engine
    async with engine.begin() as conn:
               ^^^^^^^^^^^^^^
..\..\AppData\Local\Programs\Python\Python312\Lib\contextlib.py:210: in __aenter__
    return await anext(self.gen)
           ^^^^^^^^^^^^^^^^^^^^^
..\..\AppData\Local\Programs\Python\Python312\Lib\site-packages\sqlalchemy\ext\asyncio\engine.py:1066: in begin
    async with conn:
               ^^^^
..\..\AppData\Local\Programs\Python\Python312\Lib\site-packages\sqlalchemy\ext\asyncio\base.py:125: in __aenter__
    return await self.start(is_ctxmanager=True)
           ^^^^^^^^^^^^^^^^^^^^^^^^^^^^^^^^^^^^
..\..\AppData\Local\Programs\Python\Python312\Lib\site-packages\sqlalchemy\ext\asyncio\engine.py:270: in start
    await greenlet_spawn(self.sync_engine.connect)
..\..\AppData\Local\Programs\Python\Python312\Lib\site-packages\sqlalchemy\util\_concurrency_py3k.py:189: in greenlet_spawn
    result = context.switch(*args, **kwargs)
             ^^^^^^^^^^^^^^^^^^^^^^^^^^^^^^^
..\..\AppData\Local\Programs\Python\Python312\Lib\site-packages\sqlalchemy\engine\base.py:3269: in connect
    return self._connection_cls(self)
           ^^^^^^^^^^^^^^^^^^^^^^^^^^
..\..\AppData\Local\Programs\Python\Python312\Lib\site-packages\sqlalchemy\engine\base.py:145: in __init__
    self._dbapi_connection = engine.raw_connection()
                             ^^^^^^^^^^^^^^^^^^^^^^^
..\..\AppData\Local\Programs\Python\Python312\Lib\site-packages\sqlalchemy\engine\base.py:3293: in raw_connection
    return self.pool.connect()
           ^^^^^^^^^^^^^^^^^^^
..\..\AppData\Local\Programs\Python\Python312\Lib\site-packages\sqlalchemy\pool\base.py:452: in connect
    return _ConnectionFairy._checkout(self)
           ^^^^^^^^^^^^^^^^^^^^^^^^^^^^^^^^
..\..\AppData\Local\Programs\Python\Python312\Lib\site-packages\sqlalchemy\pool\base.py:1269: in _checkout
    fairy = _ConnectionRecord.checkout(pool)
            ^^^^^^^^^^^^^^^^^^^^^^^^^^^^^^^^
..\..\AppData\Local\Programs\Python\Python312\Lib\site-packages\sqlalchemy\pool\base.py:716: in checkout
    rec = pool._do_get()
          ^^^^^^^^^^^^^^
..\..\AppData\Local\Programs\Python\Python312\Lib\site-packages\sqlalchemy\pool\impl.py:169: in _do_get
    with util.safe_reraise():
         ^^^^^^^^^^^^^^^^^^^
..\..\AppData\Local\Programs\Python\Python312\Lib\site-packages\sqlalchemy\util\langhelpers.py:146: in __exit__
    raise exc_value.with_traceback(exc_tb)
..\..\AppData\Local\Programs\Python\Python312\Lib\site-packages\sqlalchemy\pool\impl.py:167: in _do_get
    return self._create_connection()
           ^^^^^^^^^^^^^^^^^^^^^^^^^
..\..\AppData\Local\Programs\Python\Python312\Lib\site-packages\sqlalchemy\pool\base.py:393: in _create_connection
    return _ConnectionRecord(self)
           ^^^^^^^^^^^^^^^^^^^^^^^
..\..\AppData\Local\Programs\Python\Python312\Lib\site-packages\sqlalchemy\pool\base.py:678: in __init__
    self.__connect()
..\..\AppData\Local\Programs\Python\Python312\Lib\site-packages\sqlalchemy\pool\base.py:902: in __connect
    with util.safe_reraise():
         ^^^^^^^^^^^^^^^^^^^
..\..\AppData\Local\Programs\Python\Python312\Lib\site-packages\sqlalchemy\util\langhelpers.py:146: in __exit__
    raise exc_value.with_traceback(exc_tb)
..\..\AppData\Local\Programs\Python\Python312\Lib\site-packages\sqlalchemy\pool\base.py:898: in __connect
    self.dbapi_connection = connection = pool._invoke_creator(self)
                                         ^^^^^^^^^^^^^^^^^^^^^^^^^^
..\..\AppData\Local\Programs\Python\Python312\Lib\site-packages\sqlalchemy\engine\create.py:645: in connect
    return dialect.connect(*cargs, **cparams)
           ^^^^^^^^^^^^^^^^^^^^^^^^^^^^^^^^^^
..\..\AppData\Local\Programs\Python\Python312\Lib\site-packages\sqlalchemy\engine\default.py:616: in connect
    return self.loaded_dbapi.connect(*cargs, **cparams)
           ^^^^^^^^^^^^^^^^^^^^^^^^^^^^^^^^^^^^^^^^^^^^
..\..\AppData\Local\Programs\Python\Python312\Lib\site-packages\sqlalchemy\dialects\postgresql\asyncpg.py:941: in connect
    await_only(creator_fn(*arg, **kw)),
               ^^^^^^^^^^^^^^^^^^^^^^
E   TypeError: connect() got an unexpected keyword argument 'sslmode'
___________________ ERROR at setup of test_change_password ____________________
..\..\AppData\Local\Programs\Python\Python312\Lib\site-packages\pytest_asyncio\plugin.py:458: in setup
    return super().setup()
           ^^^^^^^^^^^^^^^
..\..\AppData\Local\Programs\Python\Python312\Lib\site-packages\pytest_asyncio\plugin.py:313: in _asyncgen_fixture_wrapper
    result = runner.run(setup(), context=context)
             ^^^^^^^^^^^^^^^^^^^^^^^^^^^^^^^^^^^^
..\..\AppData\Local\Programs\Python\Python312\Lib\asyncio\runners.py:118: in run
    return self._loop.run_until_complete(task)
           ^^^^^^^^^^^^^^^^^^^^^^^^^^^^^^^^^^^
..\..\AppData\Local\Programs\Python\Python312\Lib\asyncio\base_events.py:691: in run_until_complete
    return future.result()
           ^^^^^^^^^^^^^^^
..\..\AppData\Local\Programs\Python\Python312\Lib\site-packages\pytest_asyncio\plugin.py:309: in setup
    res = await gen_obj.__anext__()
          ^^^^^^^^^^^^^^^^^^^^^^^^^
tests\conftest.py:48: in test_engine
    async with engine.begin() as conn:
               ^^^^^^^^^^^^^^
..\..\AppData\Local\Programs\Python\Python312\Lib\contextlib.py:210: in __aenter__
    return await anext(self.gen)
           ^^^^^^^^^^^^^^^^^^^^^
..\..\AppData\Local\Programs\Python\Python312\Lib\site-packages\sqlalchemy\ext\asyncio\engine.py:1066: in begin
    async with conn:
               ^^^^
..\..\AppData\Local\Programs\Python\Python312\Lib\site-packages\sqlalchemy\ext\asyncio\base.py:125: in __aenter__
    return await self.start(is_ctxmanager=True)
           ^^^^^^^^^^^^^^^^^^^^^^^^^^^^^^^^^^^^
..\..\AppData\Local\Programs\Python\Python312\Lib\site-packages\sqlalchemy\ext\asyncio\engine.py:270: in start
    await greenlet_spawn(self.sync_engine.connect)
..\..\AppData\Local\Programs\Python\Python312\Lib\site-packages\sqlalchemy\util\_concurrency_py3k.py:189: in greenlet_spawn
    result = context.switch(*args, **kwargs)
             ^^^^^^^^^^^^^^^^^^^^^^^^^^^^^^^
..\..\AppData\Local\Programs\Python\Python312\Lib\site-packages\sqlalchemy\engine\base.py:3269: in connect
    return self._connection_cls(self)
           ^^^^^^^^^^^^^^^^^^^^^^^^^^
..\..\AppData\Local\Programs\Python\Python312\Lib\site-packages\sqlalchemy\engine\base.py:145: in __init__
    self._dbapi_connection = engine.raw_connection()
                             ^^^^^^^^^^^^^^^^^^^^^^^
..\..\AppData\Local\Programs\Python\Python312\Lib\site-packages\sqlalchemy\engine\base.py:3293: in raw_connection
    return self.pool.connect()
           ^^^^^^^^^^^^^^^^^^^
..\..\AppData\Local\Programs\Python\Python312\Lib\site-packages\sqlalchemy\pool\base.py:452: in connect
    return _ConnectionFairy._checkout(self)
           ^^^^^^^^^^^^^^^^^^^^^^^^^^^^^^^^
..\..\AppData\Local\Programs\Python\Python312\Lib\site-packages\sqlalchemy\pool\base.py:1269: in _checkout
    fairy = _ConnectionRecord.checkout(pool)
            ^^^^^^^^^^^^^^^^^^^^^^^^^^^^^^^^
..\..\AppData\Local\Programs\Python\Python312\Lib\site-packages\sqlalchemy\pool\base.py:716: in checkout
    rec = pool._do_get()
          ^^^^^^^^^^^^^^
..\..\AppData\Local\Programs\Python\Python312\Lib\site-packages\sqlalchemy\pool\impl.py:169: in _do_get
    with util.safe_reraise():
         ^^^^^^^^^^^^^^^^^^^
..\..\AppData\Local\Programs\Python\Python312\Lib\site-packages\sqlalchemy\util\langhelpers.py:146: in __exit__
    raise exc_value.with_traceback(exc_tb)
..\..\AppData\Local\Programs\Python\Python312\Lib\site-packages\sqlalchemy\pool\impl.py:167: in _do_get
    return self._create_connection()
           ^^^^^^^^^^^^^^^^^^^^^^^^^
..\..\AppData\Local\Programs\Python\Python312\Lib\site-packages\sqlalchemy\pool\base.py:393: in _create_connection
    return _ConnectionRecord(self)
           ^^^^^^^^^^^^^^^^^^^^^^^
..\..\AppData\Local\Programs\Python\Python312\Lib\site-packages\sqlalchemy\pool\base.py:678: in __init__
    self.__connect()
..\..\AppData\Local\Programs\Python\Python312\Lib\site-packages\sqlalchemy\pool\base.py:902: in __connect
    with util.safe_reraise():
         ^^^^^^^^^^^^^^^^^^^
..\..\AppData\Local\Programs\Python\Python312\Lib\site-packages\sqlalchemy\util\langhelpers.py:146: in __exit__
    raise exc_value.with_traceback(exc_tb)
..\..\AppData\Local\Programs\Python\Python312\Lib\site-packages\sqlalchemy\pool\base.py:898: in __connect
    self.dbapi_connection = connection = pool._invoke_creator(self)
                                         ^^^^^^^^^^^^^^^^^^^^^^^^^^
..\..\AppData\Local\Programs\Python\Python312\Lib\site-packages\sqlalchemy\engine\create.py:645: in connect
    return dialect.connect(*cargs, **cparams)
           ^^^^^^^^^^^^^^^^^^^^^^^^^^^^^^^^^^
..\..\AppData\Local\Programs\Python\Python312\Lib\site-packages\sqlalchemy\engine\default.py:616: in connect
    return self.loaded_dbapi.connect(*cargs, **cparams)
           ^^^^^^^^^^^^^^^^^^^^^^^^^^^^^^^^^^^^^^^^^^^^
..\..\AppData\Local\Programs\Python\Python312\Lib\site-packages\sqlalchemy\dialects\postgresql\asyncpg.py:941: in connect
    await_only(creator_fn(*arg, **kw)),
               ^^^^^^^^^^^^^^^^^^^^^^
E   TypeError: connect() got an unexpected keyword argument 'sslmode'
____________ ERROR at setup of test_change_password_wrong_current _____________
..\..\AppData\Local\Programs\Python\Python312\Lib\site-packages\pytest_asyncio\plugin.py:458: in setup
    return super().setup()
           ^^^^^^^^^^^^^^^
..\..\AppData\Local\Programs\Python\Python312\Lib\site-packages\pytest_asyncio\plugin.py:313: in _asyncgen_fixture_wrapper
    result = runner.run(setup(), context=context)
             ^^^^^^^^^^^^^^^^^^^^^^^^^^^^^^^^^^^^
..\..\AppData\Local\Programs\Python\Python312\Lib\asyncio\runners.py:118: in run
    return self._loop.run_until_complete(task)
           ^^^^^^^^^^^^^^^^^^^^^^^^^^^^^^^^^^^
..\..\AppData\Local\Programs\Python\Python312\Lib\asyncio\base_events.py:691: in run_until_complete
    return future.result()
           ^^^^^^^^^^^^^^^
..\..\AppData\Local\Programs\Python\Python312\Lib\site-packages\pytest_asyncio\plugin.py:309: in setup
    res = await gen_obj.__anext__()
          ^^^^^^^^^^^^^^^^^^^^^^^^^
tests\conftest.py:48: in test_engine
    async with engine.begin() as conn:
               ^^^^^^^^^^^^^^
..\..\AppData\Local\Programs\Python\Python312\Lib\contextlib.py:210: in __aenter__
    return await anext(self.gen)
           ^^^^^^^^^^^^^^^^^^^^^
..\..\AppData\Local\Programs\Python\Python312\Lib\site-packages\sqlalchemy\ext\asyncio\engine.py:1066: in begin
    async with conn:
               ^^^^
..\..\AppData\Local\Programs\Python\Python312\Lib\site-packages\sqlalchemy\ext\asyncio\base.py:125: in __aenter__
    return await self.start(is_ctxmanager=True)
           ^^^^^^^^^^^^^^^^^^^^^^^^^^^^^^^^^^^^
..\..\AppData\Local\Programs\Python\Python312\Lib\site-packages\sqlalchemy\ext\asyncio\engine.py:270: in start
    await greenlet_spawn(self.sync_engine.connect)
..\..\AppData\Local\Programs\Python\Python312\Lib\site-packages\sqlalchemy\util\_concurrency_py3k.py:189: in greenlet_spawn
    result = context.switch(*args, **kwargs)
             ^^^^^^^^^^^^^^^^^^^^^^^^^^^^^^^
..\..\AppData\Local\Programs\Python\Python312\Lib\site-packages\sqlalchemy\engine\base.py:3269: in connect
    return self._connection_cls(self)
           ^^^^^^^^^^^^^^^^^^^^^^^^^^
..\..\AppData\Local\Programs\Python\Python312\Lib\site-packages\sqlalchemy\engine\base.py:145: in __init__
    self._dbapi_connection = engine.raw_connection()
                             ^^^^^^^^^^^^^^^^^^^^^^^
..\..\AppData\Local\Programs\Python\Python312\Lib\site-packages\sqlalchemy\engine\base.py:3293: in raw_connection
    return self.pool.connect()
           ^^^^^^^^^^^^^^^^^^^
..\..\AppData\Local\Programs\Python\Python312\Lib\site-packages\sqlalchemy\pool\base.py:452: in connect
    return _ConnectionFairy._checkout(self)
           ^^^^^^^^^^^^^^^^^^^^^^^^^^^^^^^^
..\..\AppData\Local\Programs\Python\Python312\Lib\site-packages\sqlalchemy\pool\base.py:1269: in _checkout
    fairy = _ConnectionRecord.checkout(pool)
            ^^^^^^^^^^^^^^^^^^^^^^^^^^^^^^^^
..\..\AppData\Local\Programs\Python\Python312\Lib\site-packages\sqlalchemy\pool\base.py:716: in checkout
    rec = pool._do_get()
          ^^^^^^^^^^^^^^
..\..\AppData\Local\Programs\Python\Python312\Lib\site-packages\sqlalchemy\pool\impl.py:169: in _do_get
    with util.safe_reraise():
         ^^^^^^^^^^^^^^^^^^^
..\..\AppData\Local\Programs\Python\Python312\Lib\site-packages\sqlalchemy\util\langhelpers.py:146: in __exit__
    raise exc_value.with_traceback(exc_tb)
..\..\AppData\Local\Programs\Python\Python312\Lib\site-packages\sqlalchemy\pool\impl.py:167: in _do_get
    return self._create_connection()
           ^^^^^^^^^^^^^^^^^^^^^^^^^
..\..\AppData\Local\Programs\Python\Python312\Lib\site-packages\sqlalchemy\pool\base.py:393: in _create_connection
    return _ConnectionRecord(self)
           ^^^^^^^^^^^^^^^^^^^^^^^
..\..\AppData\Local\Programs\Python\Python312\Lib\site-packages\sqlalchemy\pool\base.py:678: in __init__
    self.__connect()
..\..\AppData\Local\Programs\Python\Python312\Lib\site-packages\sqlalchemy\pool\base.py:902: in __connect
    with util.safe_reraise():
         ^^^^^^^^^^^^^^^^^^^
..\..\AppData\Local\Programs\Python\Python312\Lib\site-packages\sqlalchemy\util\langhelpers.py:146: in __exit__
    raise exc_value.with_traceback(exc_tb)
..\..\AppData\Local\Programs\Python\Python312\Lib\site-packages\sqlalchemy\pool\base.py:898: in __connect
    self.dbapi_connection = connection = pool._invoke_creator(self)
                                         ^^^^^^^^^^^^^^^^^^^^^^^^^^
..\..\AppData\Local\Programs\Python\Python312\Lib\site-packages\sqlalchemy\engine\create.py:645: in connect
    return dialect.connect(*cargs, **cparams)
           ^^^^^^^^^^^^^^^^^^^^^^^^^^^^^^^^^^
..\..\AppData\Local\Programs\Python\Python312\Lib\site-packages\sqlalchemy\engine\default.py:616: in connect
    return self.loaded_dbapi.connect(*cargs, **cparams)
           ^^^^^^^^^^^^^^^^^^^^^^^^^^^^^^^^^^^^^^^^^^^^
..\..\AppData\Local\Programs\Python\Python312\Lib\site-packages\sqlalchemy\dialects\postgresql\asyncpg.py:941: in connect
    await_only(creator_fn(*arg, **kw)),
               ^^^^^^^^^^^^^^^^^^^^^^
E   TypeError: connect() got an unexpected keyword argument 'sslmode'
_____________________ ERROR at setup of test_create_base ______________________
..\..\AppData\Local\Programs\Python\Python312\Lib\site-packages\pytest_asyncio\plugin.py:458: in setup
    return super().setup()
           ^^^^^^^^^^^^^^^
..\..\AppData\Local\Programs\Python\Python312\Lib\site-packages\pytest_asyncio\plugin.py:313: in _asyncgen_fixture_wrapper
    result = runner.run(setup(), context=context)
             ^^^^^^^^^^^^^^^^^^^^^^^^^^^^^^^^^^^^
..\..\AppData\Local\Programs\Python\Python312\Lib\asyncio\runners.py:118: in run
    return self._loop.run_until_complete(task)
           ^^^^^^^^^^^^^^^^^^^^^^^^^^^^^^^^^^^
..\..\AppData\Local\Programs\Python\Python312\Lib\asyncio\base_events.py:691: in run_until_complete
    return future.result()
           ^^^^^^^^^^^^^^^
..\..\AppData\Local\Programs\Python\Python312\Lib\site-packages\pytest_asyncio\plugin.py:309: in setup
    res = await gen_obj.__anext__()
          ^^^^^^^^^^^^^^^^^^^^^^^^^
tests\conftest.py:48: in test_engine
    async with engine.begin() as conn:
               ^^^^^^^^^^^^^^
..\..\AppData\Local\Programs\Python\Python312\Lib\contextlib.py:210: in __aenter__
    return await anext(self.gen)
           ^^^^^^^^^^^^^^^^^^^^^
..\..\AppData\Local\Programs\Python\Python312\Lib\site-packages\sqlalchemy\ext\asyncio\engine.py:1066: in begin
    async with conn:
               ^^^^
..\..\AppData\Local\Programs\Python\Python312\Lib\site-packages\sqlalchemy\ext\asyncio\base.py:125: in __aenter__
    return await self.start(is_ctxmanager=True)
           ^^^^^^^^^^^^^^^^^^^^^^^^^^^^^^^^^^^^
..\..\AppData\Local\Programs\Python\Python312\Lib\site-packages\sqlalchemy\ext\asyncio\engine.py:270: in start
    await greenlet_spawn(self.sync_engine.connect)
..\..\AppData\Local\Programs\Python\Python312\Lib\site-packages\sqlalchemy\util\_concurrency_py3k.py:189: in greenlet_spawn
    result = context.switch(*args, **kwargs)
             ^^^^^^^^^^^^^^^^^^^^^^^^^^^^^^^
..\..\AppData\Local\Programs\Python\Python312\Lib\site-packages\sqlalchemy\engine\base.py:3269: in connect
    return self._connection_cls(self)
           ^^^^^^^^^^^^^^^^^^^^^^^^^^
..\..\AppData\Local\Programs\Python\Python312\Lib\site-packages\sqlalchemy\engine\base.py:145: in __init__
    self._dbapi_connection = engine.raw_connection()
                             ^^^^^^^^^^^^^^^^^^^^^^^
..\..\AppData\Local\Programs\Python\Python312\Lib\site-packages\sqlalchemy\engine\base.py:3293: in raw_connection
    return self.pool.connect()
           ^^^^^^^^^^^^^^^^^^^
..\..\AppData\Local\Programs\Python\Python312\Lib\site-packages\sqlalchemy\pool\base.py:452: in connect
    return _ConnectionFairy._checkout(self)
           ^^^^^^^^^^^^^^^^^^^^^^^^^^^^^^^^
..\..\AppData\Local\Programs\Python\Python312\Lib\site-packages\sqlalchemy\pool\base.py:1269: in _checkout
    fairy = _ConnectionRecord.checkout(pool)
            ^^^^^^^^^^^^^^^^^^^^^^^^^^^^^^^^
..\..\AppData\Local\Programs\Python\Python312\Lib\site-packages\sqlalchemy\pool\base.py:716: in checkout
    rec = pool._do_get()
          ^^^^^^^^^^^^^^
..\..\AppData\Local\Programs\Python\Python312\Lib\site-packages\sqlalchemy\pool\impl.py:169: in _do_get
    with util.safe_reraise():
         ^^^^^^^^^^^^^^^^^^^
..\..\AppData\Local\Programs\Python\Python312\Lib\site-packages\sqlalchemy\util\langhelpers.py:146: in __exit__
    raise exc_value.with_traceback(exc_tb)
..\..\AppData\Local\Programs\Python\Python312\Lib\site-packages\sqlalchemy\pool\impl.py:167: in _do_get
    return self._create_connection()
           ^^^^^^^^^^^^^^^^^^^^^^^^^
..\..\AppData\Local\Programs\Python\Python312\Lib\site-packages\sqlalchemy\pool\base.py:393: in _create_connection
    return _ConnectionRecord(self)
           ^^^^^^^^^^^^^^^^^^^^^^^
..\..\AppData\Local\Programs\Python\Python312\Lib\site-packages\sqlalchemy\pool\base.py:678: in __init__
    self.__connect()
..\..\AppData\Local\Programs\Python\Python312\Lib\site-packages\sqlalchemy\pool\base.py:902: in __connect
    with util.safe_reraise():
         ^^^^^^^^^^^^^^^^^^^
..\..\AppData\Local\Programs\Python\Python312\Lib\site-packages\sqlalchemy\util\langhelpers.py:146: in __exit__
    raise exc_value.with_traceback(exc_tb)
..\..\AppData\Local\Programs\Python\Python312\Lib\site-packages\sqlalchemy\pool\base.py:898: in __connect
    self.dbapi_connection = connection = pool._invoke_creator(self)
                                         ^^^^^^^^^^^^^^^^^^^^^^^^^^
..\..\AppData\Local\Programs\Python\Python312\Lib\site-packages\sqlalchemy\engine\create.py:645: in connect
    return dialect.connect(*cargs, **cparams)
           ^^^^^^^^^^^^^^^^^^^^^^^^^^^^^^^^^^
..\..\AppData\Local\Programs\Python\Python312\Lib\site-packages\sqlalchemy\engine\default.py:616: in connect
    return self.loaded_dbapi.connect(*cargs, **cparams)
           ^^^^^^^^^^^^^^^^^^^^^^^^^^^^^^^^^^^^^^^^^^^^
..\..\AppData\Local\Programs\Python\Python312\Lib\site-packages\sqlalchemy\dialects\postgresql\asyncpg.py:941: in connect
    await_only(creator_fn(*arg, **kw)),
               ^^^^^^^^^^^^^^^^^^^^^^
E   TypeError: connect() got an unexpected keyword argument 'sslmode'
_______________ ERROR at setup of test_create_base_unauthorized _______________
..\..\AppData\Local\Programs\Python\Python312\Lib\site-packages\pytest_asyncio\plugin.py:458: in setup
    return super().setup()
           ^^^^^^^^^^^^^^^
..\..\AppData\Local\Programs\Python\Python312\Lib\site-packages\pytest_asyncio\plugin.py:313: in _asyncgen_fixture_wrapper
    result = runner.run(setup(), context=context)
             ^^^^^^^^^^^^^^^^^^^^^^^^^^^^^^^^^^^^
..\..\AppData\Local\Programs\Python\Python312\Lib\asyncio\runners.py:118: in run
    return self._loop.run_until_complete(task)
           ^^^^^^^^^^^^^^^^^^^^^^^^^^^^^^^^^^^
..\..\AppData\Local\Programs\Python\Python312\Lib\asyncio\base_events.py:691: in run_until_complete
    return future.result()
           ^^^^^^^^^^^^^^^
..\..\AppData\Local\Programs\Python\Python312\Lib\site-packages\pytest_asyncio\plugin.py:309: in setup
    res = await gen_obj.__anext__()
          ^^^^^^^^^^^^^^^^^^^^^^^^^
tests\conftest.py:48: in test_engine
    async with engine.begin() as conn:
               ^^^^^^^^^^^^^^
..\..\AppData\Local\Programs\Python\Python312\Lib\contextlib.py:210: in __aenter__
    return await anext(self.gen)
           ^^^^^^^^^^^^^^^^^^^^^
..\..\AppData\Local\Programs\Python\Python312\Lib\site-packages\sqlalchemy\ext\asyncio\engine.py:1066: in begin
    async with conn:
               ^^^^
..\..\AppData\Local\Programs\Python\Python312\Lib\site-packages\sqlalchemy\ext\asyncio\base.py:125: in __aenter__
    return await self.start(is_ctxmanager=True)
           ^^^^^^^^^^^^^^^^^^^^^^^^^^^^^^^^^^^^
..\..\AppData\Local\Programs\Python\Python312\Lib\site-packages\sqlalchemy\ext\asyncio\engine.py:270: in start
    await greenlet_spawn(self.sync_engine.connect)
..\..\AppData\Local\Programs\Python\Python312\Lib\site-packages\sqlalchemy\util\_concurrency_py3k.py:189: in greenlet_spawn
    result = context.switch(*args, **kwargs)
             ^^^^^^^^^^^^^^^^^^^^^^^^^^^^^^^
..\..\AppData\Local\Programs\Python\Python312\Lib\site-packages\sqlalchemy\engine\base.py:3269: in connect
    return self._connection_cls(self)
           ^^^^^^^^^^^^^^^^^^^^^^^^^^
..\..\AppData\Local\Programs\Python\Python312\Lib\site-packages\sqlalchemy\engine\base.py:145: in __init__
    self._dbapi_connection = engine.raw_connection()
                             ^^^^^^^^^^^^^^^^^^^^^^^
..\..\AppData\Local\Programs\Python\Python312\Lib\site-packages\sqlalchemy\engine\base.py:3293: in raw_connection
    return self.pool.connect()
           ^^^^^^^^^^^^^^^^^^^
..\..\AppData\Local\Programs\Python\Python312\Lib\site-packages\sqlalchemy\pool\base.py:452: in connect
    return _ConnectionFairy._checkout(self)
           ^^^^^^^^^^^^^^^^^^^^^^^^^^^^^^^^
..\..\AppData\Local\Programs\Python\Python312\Lib\site-packages\sqlalchemy\pool\base.py:1269: in _checkout
    fairy = _ConnectionRecord.checkout(pool)
            ^^^^^^^^^^^^^^^^^^^^^^^^^^^^^^^^
..\..\AppData\Local\Programs\Python\Python312\Lib\site-packages\sqlalchemy\pool\base.py:716: in checkout
    rec = pool._do_get()
          ^^^^^^^^^^^^^^
..\..\AppData\Local\Programs\Python\Python312\Lib\site-packages\sqlalchemy\pool\impl.py:169: in _do_get
    with util.safe_reraise():
         ^^^^^^^^^^^^^^^^^^^
..\..\AppData\Local\Programs\Python\Python312\Lib\site-packages\sqlalchemy\util\langhelpers.py:146: in __exit__
    raise exc_value.with_traceback(exc_tb)
..\..\AppData\Local\Programs\Python\Python312\Lib\site-packages\sqlalchemy\pool\impl.py:167: in _do_get
    return self._create_connection()
           ^^^^^^^^^^^^^^^^^^^^^^^^^
..\..\AppData\Local\Programs\Python\Python312\Lib\site-packages\sqlalchemy\pool\base.py:393: in _create_connection
    return _ConnectionRecord(self)
           ^^^^^^^^^^^^^^^^^^^^^^^
..\..\AppData\Local\Programs\Python\Python312\Lib\site-packages\sqlalchemy\pool\base.py:678: in __init__
    self.__connect()
..\..\AppData\Local\Programs\Python\Python312\Lib\site-packages\sqlalchemy\pool\base.py:902: in __connect
    with util.safe_reraise():
         ^^^^^^^^^^^^^^^^^^^
..\..\AppData\Local\Programs\Python\Python312\Lib\site-packages\sqlalchemy\util\langhelpers.py:146: in __exit__
    raise exc_value.with_traceback(exc_tb)
..\..\AppData\Local\Programs\Python\Python312\Lib\site-packages\sqlalchemy\pool\base.py:898: in __connect
    self.dbapi_connection = connection = pool._invoke_creator(self)
                                         ^^^^^^^^^^^^^^^^^^^^^^^^^^
..\..\AppData\Local\Programs\Python\Python312\Lib\site-packages\sqlalchemy\engine\create.py:645: in connect
    return dialect.connect(*cargs, **cparams)
           ^^^^^^^^^^^^^^^^^^^^^^^^^^^^^^^^^^
..\..\AppData\Local\Programs\Python\Python312\Lib\site-packages\sqlalchemy\engine\default.py:616: in connect
    return self.loaded_dbapi.connect(*cargs, **cparams)
           ^^^^^^^^^^^^^^^^^^^^^^^^^^^^^^^^^^^^^^^^^^^^
..\..\AppData\Local\Programs\Python\Python312\Lib\site-packages\sqlalchemy\dialects\postgresql\asyncpg.py:941: in connect
    await_only(creator_fn(*arg, **kw)),
               ^^^^^^^^^^^^^^^^^^^^^^
E   TypeError: connect() got an unexpected keyword argument 'sslmode'
____________ ERROR at setup of test_create_base_invalid_workspace _____________
..\..\AppData\Local\Programs\Python\Python312\Lib\site-packages\pytest_asyncio\plugin.py:458: in setup
    return super().setup()
           ^^^^^^^^^^^^^^^
..\..\AppData\Local\Programs\Python\Python312\Lib\site-packages\pytest_asyncio\plugin.py:313: in _asyncgen_fixture_wrapper
    result = runner.run(setup(), context=context)
             ^^^^^^^^^^^^^^^^^^^^^^^^^^^^^^^^^^^^
..\..\AppData\Local\Programs\Python\Python312\Lib\asyncio\runners.py:118: in run
    return self._loop.run_until_complete(task)
           ^^^^^^^^^^^^^^^^^^^^^^^^^^^^^^^^^^^
..\..\AppData\Local\Programs\Python\Python312\Lib\asyncio\base_events.py:691: in run_until_complete
    return future.result()
           ^^^^^^^^^^^^^^^
..\..\AppData\Local\Programs\Python\Python312\Lib\site-packages\pytest_asyncio\plugin.py:309: in setup
    res = await gen_obj.__anext__()
          ^^^^^^^^^^^^^^^^^^^^^^^^^
tests\conftest.py:48: in test_engine
    async with engine.begin() as conn:
               ^^^^^^^^^^^^^^
..\..\AppData\Local\Programs\Python\Python312\Lib\contextlib.py:210: in __aenter__
    return await anext(self.gen)
           ^^^^^^^^^^^^^^^^^^^^^
..\..\AppData\Local\Programs\Python\Python312\Lib\site-packages\sqlalchemy\ext\asyncio\engine.py:1066: in begin
    async with conn:
               ^^^^
..\..\AppData\Local\Programs\Python\Python312\Lib\site-packages\sqlalchemy\ext\asyncio\base.py:125: in __aenter__
    return await self.start(is_ctxmanager=True)
           ^^^^^^^^^^^^^^^^^^^^^^^^^^^^^^^^^^^^
..\..\AppData\Local\Programs\Python\Python312\Lib\site-packages\sqlalchemy\ext\asyncio\engine.py:270: in start
    await greenlet_spawn(self.sync_engine.connect)
..\..\AppData\Local\Programs\Python\Python312\Lib\site-packages\sqlalchemy\util\_concurrency_py3k.py:189: in greenlet_spawn
    result = context.switch(*args, **kwargs)
             ^^^^^^^^^^^^^^^^^^^^^^^^^^^^^^^
..\..\AppData\Local\Programs\Python\Python312\Lib\site-packages\sqlalchemy\engine\base.py:3269: in connect
    return self._connection_cls(self)
           ^^^^^^^^^^^^^^^^^^^^^^^^^^
..\..\AppData\Local\Programs\Python\Python312\Lib\site-packages\sqlalchemy\engine\base.py:145: in __init__
    self._dbapi_connection = engine.raw_connection()
                             ^^^^^^^^^^^^^^^^^^^^^^^
..\..\AppData\Local\Programs\Python\Python312\Lib\site-packages\sqlalchemy\engine\base.py:3293: in raw_connection
    return self.pool.connect()
           ^^^^^^^^^^^^^^^^^^^
..\..\AppData\Local\Programs\Python\Python312\Lib\site-packages\sqlalchemy\pool\base.py:452: in connect
    return _ConnectionFairy._checkout(self)
           ^^^^^^^^^^^^^^^^^^^^^^^^^^^^^^^^
..\..\AppData\Local\Programs\Python\Python312\Lib\site-packages\sqlalchemy\pool\base.py:1269: in _checkout
    fairy = _ConnectionRecord.checkout(pool)
            ^^^^^^^^^^^^^^^^^^^^^^^^^^^^^^^^
..\..\AppData\Local\Programs\Python\Python312\Lib\site-packages\sqlalchemy\pool\base.py:716: in checkout
    rec = pool._do_get()
          ^^^^^^^^^^^^^^
..\..\AppData\Local\Programs\Python\Python312\Lib\site-packages\sqlalchemy\pool\impl.py:169: in _do_get
    with util.safe_reraise():
         ^^^^^^^^^^^^^^^^^^^
..\..\AppData\Local\Programs\Python\Python312\Lib\site-packages\sqlalchemy\util\langhelpers.py:146: in __exit__
    raise exc_value.with_traceback(exc_tb)
..\..\AppData\Local\Programs\Python\Python312\Lib\site-packages\sqlalchemy\pool\impl.py:167: in _do_get
    return self._create_connection()
           ^^^^^^^^^^^^^^^^^^^^^^^^^
..\..\AppData\Local\Programs\Python\Python312\Lib\site-packages\sqlalchemy\pool\base.py:393: in _create_connection
    return _ConnectionRecord(self)
           ^^^^^^^^^^^^^^^^^^^^^^^
..\..\AppData\Local\Programs\Python\Python312\Lib\site-packages\sqlalchemy\pool\base.py:678: in __init__
    self.__connect()
..\..\AppData\Local\Programs\Python\Python312\Lib\site-packages\sqlalchemy\pool\base.py:902: in __connect
    with util.safe_reraise():
         ^^^^^^^^^^^^^^^^^^^
..\..\AppData\Local\Programs\Python\Python312\Lib\site-packages\sqlalchemy\util\langhelpers.py:146: in __exit__
    raise exc_value.with_traceback(exc_tb)
..\..\AppData\Local\Programs\Python\Python312\Lib\site-packages\sqlalchemy\pool\base.py:898: in __connect
    self.dbapi_connection = connection = pool._invoke_creator(self)
                                         ^^^^^^^^^^^^^^^^^^^^^^^^^^
..\..\AppData\Local\Programs\Python\Python312\Lib\site-packages\sqlalchemy\engine\create.py:645: in connect
    return dialect.connect(*cargs, **cparams)
           ^^^^^^^^^^^^^^^^^^^^^^^^^^^^^^^^^^
..\..\AppData\Local\Programs\Python\Python312\Lib\site-packages\sqlalchemy\engine\default.py:616: in connect
    return self.loaded_dbapi.connect(*cargs, **cparams)
           ^^^^^^^^^^^^^^^^^^^^^^^^^^^^^^^^^^^^^^^^^^^^
..\..\AppData\Local\Programs\Python\Python312\Lib\site-packages\sqlalchemy\dialects\postgresql\asyncpg.py:941: in connect
    await_only(creator_fn(*arg, **kw)),
               ^^^^^^^^^^^^^^^^^^^^^^
E   TypeError: connect() got an unexpected keyword argument 'sslmode'
___________________ ERROR at setup of test_list_bases_empty ___________________
..\..\AppData\Local\Programs\Python\Python312\Lib\site-packages\pytest_asyncio\plugin.py:458: in setup
    return super().setup()
           ^^^^^^^^^^^^^^^
..\..\AppData\Local\Programs\Python\Python312\Lib\site-packages\pytest_asyncio\plugin.py:313: in _asyncgen_fixture_wrapper
    result = runner.run(setup(), context=context)
             ^^^^^^^^^^^^^^^^^^^^^^^^^^^^^^^^^^^^
..\..\AppData\Local\Programs\Python\Python312\Lib\asyncio\runners.py:118: in run
    return self._loop.run_until_complete(task)
           ^^^^^^^^^^^^^^^^^^^^^^^^^^^^^^^^^^^
..\..\AppData\Local\Programs\Python\Python312\Lib\asyncio\base_events.py:691: in run_until_complete
    return future.result()
           ^^^^^^^^^^^^^^^
..\..\AppData\Local\Programs\Python\Python312\Lib\site-packages\pytest_asyncio\plugin.py:309: in setup
    res = await gen_obj.__anext__()
          ^^^^^^^^^^^^^^^^^^^^^^^^^
tests\conftest.py:48: in test_engine
    async with engine.begin() as conn:
               ^^^^^^^^^^^^^^
..\..\AppData\Local\Programs\Python\Python312\Lib\contextlib.py:210: in __aenter__
    return await anext(self.gen)
           ^^^^^^^^^^^^^^^^^^^^^
..\..\AppData\Local\Programs\Python\Python312\Lib\site-packages\sqlalchemy\ext\asyncio\engine.py:1066: in begin
    async with conn:
               ^^^^
..\..\AppData\Local\Programs\Python\Python312\Lib\site-packages\sqlalchemy\ext\asyncio\base.py:125: in __aenter__
    return await self.start(is_ctxmanager=True)
           ^^^^^^^^^^^^^^^^^^^^^^^^^^^^^^^^^^^^
..\..\AppData\Local\Programs\Python\Python312\Lib\site-packages\sqlalchemy\ext\asyncio\engine.py:270: in start
    await greenlet_spawn(self.sync_engine.connect)
..\..\AppData\Local\Programs\Python\Python312\Lib\site-packages\sqlalchemy\util\_concurrency_py3k.py:189: in greenlet_spawn
    result = context.switch(*args, **kwargs)
             ^^^^^^^^^^^^^^^^^^^^^^^^^^^^^^^
..\..\AppData\Local\Programs\Python\Python312\Lib\site-packages\sqlalchemy\engine\base.py:3269: in connect
    return self._connection_cls(self)
           ^^^^^^^^^^^^^^^^^^^^^^^^^^
..\..\AppData\Local\Programs\Python\Python312\Lib\site-packages\sqlalchemy\engine\base.py:145: in __init__
    self._dbapi_connection = engine.raw_connection()
                             ^^^^^^^^^^^^^^^^^^^^^^^
..\..\AppData\Local\Programs\Python\Python312\Lib\site-packages\sqlalchemy\engine\base.py:3293: in raw_connection
    return self.pool.connect()
           ^^^^^^^^^^^^^^^^^^^
..\..\AppData\Local\Programs\Python\Python312\Lib\site-packages\sqlalchemy\pool\base.py:452: in connect
    return _ConnectionFairy._checkout(self)
           ^^^^^^^^^^^^^^^^^^^^^^^^^^^^^^^^
..\..\AppData\Local\Programs\Python\Python312\Lib\site-packages\sqlalchemy\pool\base.py:1269: in _checkout
    fairy = _ConnectionRecord.checkout(pool)
            ^^^^^^^^^^^^^^^^^^^^^^^^^^^^^^^^
..\..\AppData\Local\Programs\Python\Python312\Lib\site-packages\sqlalchemy\pool\base.py:716: in checkout
    rec = pool._do_get()
          ^^^^^^^^^^^^^^
..\..\AppData\Local\Programs\Python\Python312\Lib\site-packages\sqlalchemy\pool\impl.py:169: in _do_get
    with util.safe_reraise():
         ^^^^^^^^^^^^^^^^^^^
..\..\AppData\Local\Programs\Python\Python312\Lib\site-packages\sqlalchemy\util\langhelpers.py:146: in __exit__
    raise exc_value.with_traceback(exc_tb)
..\..\AppData\Local\Programs\Python\Python312\Lib\site-packages\sqlalchemy\pool\impl.py:167: in _do_get
    return self._create_connection()
           ^^^^^^^^^^^^^^^^^^^^^^^^^
..\..\AppData\Local\Programs\Python\Python312\Lib\site-packages\sqlalchemy\pool\base.py:393: in _create_connection
    return _ConnectionRecord(self)
           ^^^^^^^^^^^^^^^^^^^^^^^
..\..\AppData\Local\Programs\Python\Python312\Lib\site-packages\sqlalchemy\pool\base.py:678: in __init__
    self.__connect()
..\..\AppData\Local\Programs\Python\Python312\Lib\site-packages\sqlalchemy\pool\base.py:902: in __connect
    with util.safe_reraise():
         ^^^^^^^^^^^^^^^^^^^
..\..\AppData\Local\Programs\Python\Python312\Lib\site-packages\sqlalchemy\util\langhelpers.py:146: in __exit__
    raise exc_value.with_traceback(exc_tb)
..\..\AppData\Local\Programs\Python\Python312\Lib\site-packages\sqlalchemy\pool\base.py:898: in __connect
    self.dbapi_connection = connection = pool._invoke_creator(self)
                                         ^^^^^^^^^^^^^^^^^^^^^^^^^^
..\..\AppData\Local\Programs\Python\Python312\Lib\site-packages\sqlalchemy\engine\create.py:645: in connect
    return dialect.connect(*cargs, **cparams)
           ^^^^^^^^^^^^^^^^^^^^^^^^^^^^^^^^^^
..\..\AppData\Local\Programs\Python\Python312\Lib\site-packages\sqlalchemy\engine\default.py:616: in connect
    return self.loaded_dbapi.connect(*cargs, **cparams)
           ^^^^^^^^^^^^^^^^^^^^^^^^^^^^^^^^^^^^^^^^^^^^
..\..\AppData\Local\Programs\Python\Python312\Lib\site-packages\sqlalchemy\dialects\postgresql\asyncpg.py:941: in connect
    await_only(creator_fn(*arg, **kw)),
               ^^^^^^^^^^^^^^^^^^^^^^
E   TypeError: connect() got an unexpected keyword argument 'sslmode'
______________________ ERROR at setup of test_list_bases ______________________
..\..\AppData\Local\Programs\Python\Python312\Lib\site-packages\pytest_asyncio\plugin.py:458: in setup
    return super().setup()
           ^^^^^^^^^^^^^^^
..\..\AppData\Local\Programs\Python\Python312\Lib\site-packages\pytest_asyncio\plugin.py:313: in _asyncgen_fixture_wrapper
    result = runner.run(setup(), context=context)
             ^^^^^^^^^^^^^^^^^^^^^^^^^^^^^^^^^^^^
..\..\AppData\Local\Programs\Python\Python312\Lib\asyncio\runners.py:118: in run
    return self._loop.run_until_complete(task)
           ^^^^^^^^^^^^^^^^^^^^^^^^^^^^^^^^^^^
..\..\AppData\Local\Programs\Python\Python312\Lib\asyncio\base_events.py:691: in run_until_complete
    return future.result()
           ^^^^^^^^^^^^^^^
..\..\AppData\Local\Programs\Python\Python312\Lib\site-packages\pytest_asyncio\plugin.py:309: in setup
    res = await gen_obj.__anext__()
          ^^^^^^^^^^^^^^^^^^^^^^^^^
tests\conftest.py:48: in test_engine
    async with engine.begin() as conn:
               ^^^^^^^^^^^^^^
..\..\AppData\Local\Programs\Python\Python312\Lib\contextlib.py:210: in __aenter__
    return await anext(self.gen)
           ^^^^^^^^^^^^^^^^^^^^^
..\..\AppData\Local\Programs\Python\Python312\Lib\site-packages\sqlalchemy\ext\asyncio\engine.py:1066: in begin
    async with conn:
               ^^^^
..\..\AppData\Local\Programs\Python\Python312\Lib\site-packages\sqlalchemy\ext\asyncio\base.py:125: in __aenter__
    return await self.start(is_ctxmanager=True)
           ^^^^^^^^^^^^^^^^^^^^^^^^^^^^^^^^^^^^
..\..\AppData\Local\Programs\Python\Python312\Lib\site-packages\sqlalchemy\ext\asyncio\engine.py:270: in start
    await greenlet_spawn(self.sync_engine.connect)
..\..\AppData\Local\Programs\Python\Python312\Lib\site-packages\sqlalchemy\util\_concurrency_py3k.py:189: in greenlet_spawn
    result = context.switch(*args, **kwargs)
             ^^^^^^^^^^^^^^^^^^^^^^^^^^^^^^^
..\..\AppData\Local\Programs\Python\Python312\Lib\site-packages\sqlalchemy\engine\base.py:3269: in connect
    return self._connection_cls(self)
           ^^^^^^^^^^^^^^^^^^^^^^^^^^
..\..\AppData\Local\Programs\Python\Python312\Lib\site-packages\sqlalchemy\engine\base.py:145: in __init__
    self._dbapi_connection = engine.raw_connection()
                             ^^^^^^^^^^^^^^^^^^^^^^^
..\..\AppData\Local\Programs\Python\Python312\Lib\site-packages\sqlalchemy\engine\base.py:3293: in raw_connection
    return self.pool.connect()
           ^^^^^^^^^^^^^^^^^^^
..\..\AppData\Local\Programs\Python\Python312\Lib\site-packages\sqlalchemy\pool\base.py:452: in connect
    return _ConnectionFairy._checkout(self)
           ^^^^^^^^^^^^^^^^^^^^^^^^^^^^^^^^
..\..\AppData\Local\Programs\Python\Python312\Lib\site-packages\sqlalchemy\pool\base.py:1269: in _checkout
    fairy = _ConnectionRecord.checkout(pool)
            ^^^^^^^^^^^^^^^^^^^^^^^^^^^^^^^^
..\..\AppData\Local\Programs\Python\Python312\Lib\site-packages\sqlalchemy\pool\base.py:716: in checkout
    rec = pool._do_get()
          ^^^^^^^^^^^^^^
..\..\AppData\Local\Programs\Python\Python312\Lib\site-packages\sqlalchemy\pool\impl.py:169: in _do_get
    with util.safe_reraise():
         ^^^^^^^^^^^^^^^^^^^
..\..\AppData\Local\Programs\Python\Python312\Lib\site-packages\sqlalchemy\util\langhelpers.py:146: in __exit__
    raise exc_value.with_traceback(exc_tb)
..\..\AppData\Local\Programs\Python\Python312\Lib\site-packages\sqlalchemy\pool\impl.py:167: in _do_get
    return self._create_connection()
           ^^^^^^^^^^^^^^^^^^^^^^^^^
..\..\AppData\Local\Programs\Python\Python312\Lib\site-packages\sqlalchemy\pool\base.py:393: in _create_connection
    return _ConnectionRecord(self)
           ^^^^^^^^^^^^^^^^^^^^^^^
..\..\AppData\Local\Programs\Python\Python312\Lib\site-packages\sqlalchemy\pool\base.py:678: in __init__
    self.__connect()
..\..\AppData\Local\Programs\Python\Python312\Lib\site-packages\sqlalchemy\pool\base.py:902: in __connect
    with util.safe_reraise():
         ^^^^^^^^^^^^^^^^^^^
..\..\AppData\Local\Programs\Python\Python312\Lib\site-packages\sqlalchemy\util\langhelpers.py:146: in __exit__
    raise exc_value.with_traceback(exc_tb)
..\..\AppData\Local\Programs\Python\Python312\Lib\site-packages\sqlalchemy\pool\base.py:898: in __connect
    self.dbapi_connection = connection = pool._invoke_creator(self)
                                         ^^^^^^^^^^^^^^^^^^^^^^^^^^
..\..\AppData\Local\Programs\Python\Python312\Lib\site-packages\sqlalchemy\engine\create.py:645: in connect
    return dialect.connect(*cargs, **cparams)
           ^^^^^^^^^^^^^^^^^^^^^^^^^^^^^^^^^^
..\..\AppData\Local\Programs\Python\Python312\Lib\site-packages\sqlalchemy\engine\default.py:616: in connect
    return self.loaded_dbapi.connect(*cargs, **cparams)
           ^^^^^^^^^^^^^^^^^^^^^^^^^^^^^^^^^^^^^^^^^^^^
..\..\AppData\Local\Programs\Python\Python312\Lib\site-packages\sqlalchemy\dialects\postgresql\asyncpg.py:941: in connect
    await_only(creator_fn(*arg, **kw)),
               ^^^^^^^^^^^^^^^^^^^^^^
E   TypeError: connect() got an unexpected keyword argument 'sslmode'
____________ ERROR at setup of test_list_bases_filter_by_workspace ____________
..\..\AppData\Local\Programs\Python\Python312\Lib\site-packages\pytest_asyncio\plugin.py:458: in setup
    return super().setup()
           ^^^^^^^^^^^^^^^
..\..\AppData\Local\Programs\Python\Python312\Lib\site-packages\pytest_asyncio\plugin.py:313: in _asyncgen_fixture_wrapper
    result = runner.run(setup(), context=context)
             ^^^^^^^^^^^^^^^^^^^^^^^^^^^^^^^^^^^^
..\..\AppData\Local\Programs\Python\Python312\Lib\asyncio\runners.py:118: in run
    return self._loop.run_until_complete(task)
           ^^^^^^^^^^^^^^^^^^^^^^^^^^^^^^^^^^^
..\..\AppData\Local\Programs\Python\Python312\Lib\asyncio\base_events.py:691: in run_until_complete
    return future.result()
           ^^^^^^^^^^^^^^^
..\..\AppData\Local\Programs\Python\Python312\Lib\site-packages\pytest_asyncio\plugin.py:309: in setup
    res = await gen_obj.__anext__()
          ^^^^^^^^^^^^^^^^^^^^^^^^^
tests\conftest.py:48: in test_engine
    async with engine.begin() as conn:
               ^^^^^^^^^^^^^^
..\..\AppData\Local\Programs\Python\Python312\Lib\contextlib.py:210: in __aenter__
    return await anext(self.gen)
           ^^^^^^^^^^^^^^^^^^^^^
..\..\AppData\Local\Programs\Python\Python312\Lib\site-packages\sqlalchemy\ext\asyncio\engine.py:1066: in begin
    async with conn:
               ^^^^
..\..\AppData\Local\Programs\Python\Python312\Lib\site-packages\sqlalchemy\ext\asyncio\base.py:125: in __aenter__
    return await self.start(is_ctxmanager=True)
           ^^^^^^^^^^^^^^^^^^^^^^^^^^^^^^^^^^^^
..\..\AppData\Local\Programs\Python\Python312\Lib\site-packages\sqlalchemy\ext\asyncio\engine.py:270: in start
    await greenlet_spawn(self.sync_engine.connect)
..\..\AppData\Local\Programs\Python\Python312\Lib\site-packages\sqlalchemy\util\_concurrency_py3k.py:189: in greenlet_spawn
    result = context.switch(*args, **kwargs)
             ^^^^^^^^^^^^^^^^^^^^^^^^^^^^^^^
..\..\AppData\Local\Programs\Python\Python312\Lib\site-packages\sqlalchemy\engine\base.py:3269: in connect
    return self._connection_cls(self)
           ^^^^^^^^^^^^^^^^^^^^^^^^^^
..\..\AppData\Local\Programs\Python\Python312\Lib\site-packages\sqlalchemy\engine\base.py:145: in __init__
    self._dbapi_connection = engine.raw_connection()
                             ^^^^^^^^^^^^^^^^^^^^^^^
..\..\AppData\Local\Programs\Python\Python312\Lib\site-packages\sqlalchemy\engine\base.py:3293: in raw_connection
    return self.pool.connect()
           ^^^^^^^^^^^^^^^^^^^
..\..\AppData\Local\Programs\Python\Python312\Lib\site-packages\sqlalchemy\pool\base.py:452: in connect
    return _ConnectionFairy._checkout(self)
           ^^^^^^^^^^^^^^^^^^^^^^^^^^^^^^^^
..\..\AppData\Local\Programs\Python\Python312\Lib\site-packages\sqlalchemy\pool\base.py:1269: in _checkout
    fairy = _ConnectionRecord.checkout(pool)
            ^^^^^^^^^^^^^^^^^^^^^^^^^^^^^^^^
..\..\AppData\Local\Programs\Python\Python312\Lib\site-packages\sqlalchemy\pool\base.py:716: in checkout
    rec = pool._do_get()
          ^^^^^^^^^^^^^^
..\..\AppData\Local\Programs\Python\Python312\Lib\site-packages\sqlalchemy\pool\impl.py:169: in _do_get
    with util.safe_reraise():
         ^^^^^^^^^^^^^^^^^^^
..\..\AppData\Local\Programs\Python\Python312\Lib\site-packages\sqlalchemy\util\langhelpers.py:146: in __exit__
    raise exc_value.with_traceback(exc_tb)
..\..\AppData\Local\Programs\Python\Python312\Lib\site-packages\sqlalchemy\pool\impl.py:167: in _do_get
    return self._create_connection()
           ^^^^^^^^^^^^^^^^^^^^^^^^^
..\..\AppData\Local\Programs\Python\Python312\Lib\site-packages\sqlalchemy\pool\base.py:393: in _create_connection
    return _ConnectionRecord(self)
           ^^^^^^^^^^^^^^^^^^^^^^^
..\..\AppData\Local\Programs\Python\Python312\Lib\site-packages\sqlalchemy\pool\base.py:678: in __init__
    self.__connect()
..\..\AppData\Local\Programs\Python\Python312\Lib\site-packages\sqlalchemy\pool\base.py:902: in __connect
    with util.safe_reraise():
         ^^^^^^^^^^^^^^^^^^^
..\..\AppData\Local\Programs\Python\Python312\Lib\site-packages\sqlalchemy\util\langhelpers.py:146: in __exit__
    raise exc_value.with_traceback(exc_tb)
..\..\AppData\Local\Programs\Python\Python312\Lib\site-packages\sqlalchemy\pool\base.py:898: in __connect
    self.dbapi_connection = connection = pool._invoke_creator(self)
                                         ^^^^^^^^^^^^^^^^^^^^^^^^^^
..\..\AppData\Local\Programs\Python\Python312\Lib\site-packages\sqlalchemy\engine\create.py:645: in connect
    return dialect.connect(*cargs, **cparams)
           ^^^^^^^^^^^^^^^^^^^^^^^^^^^^^^^^^^
..\..\AppData\Local\Programs\Python\Python312\Lib\site-packages\sqlalchemy\engine\default.py:616: in connect
    return self.loaded_dbapi.connect(*cargs, **cparams)
           ^^^^^^^^^^^^^^^^^^^^^^^^^^^^^^^^^^^^^^^^^^^^
..\..\AppData\Local\Programs\Python\Python312\Lib\site-packages\sqlalchemy\dialects\postgresql\asyncpg.py:941: in connect
    await_only(creator_fn(*arg, **kw)),
               ^^^^^^^^^^^^^^^^^^^^^^
E   TypeError: connect() got an unexpected keyword argument 'sslmode'
_______________________ ERROR at setup of test_get_base _______________________
..\..\AppData\Local\Programs\Python\Python312\Lib\site-packages\pytest_asyncio\plugin.py:458: in setup
    return super().setup()
           ^^^^^^^^^^^^^^^
..\..\AppData\Local\Programs\Python\Python312\Lib\site-packages\pytest_asyncio\plugin.py:313: in _asyncgen_fixture_wrapper
    result = runner.run(setup(), context=context)
             ^^^^^^^^^^^^^^^^^^^^^^^^^^^^^^^^^^^^
..\..\AppData\Local\Programs\Python\Python312\Lib\asyncio\runners.py:118: in run
    return self._loop.run_until_complete(task)
           ^^^^^^^^^^^^^^^^^^^^^^^^^^^^^^^^^^^
..\..\AppData\Local\Programs\Python\Python312\Lib\asyncio\base_events.py:691: in run_until_complete
    return future.result()
           ^^^^^^^^^^^^^^^
..\..\AppData\Local\Programs\Python\Python312\Lib\site-packages\pytest_asyncio\plugin.py:309: in setup
    res = await gen_obj.__anext__()
          ^^^^^^^^^^^^^^^^^^^^^^^^^
tests\conftest.py:48: in test_engine
    async with engine.begin() as conn:
               ^^^^^^^^^^^^^^
..\..\AppData\Local\Programs\Python\Python312\Lib\contextlib.py:210: in __aenter__
    return await anext(self.gen)
           ^^^^^^^^^^^^^^^^^^^^^
..\..\AppData\Local\Programs\Python\Python312\Lib\site-packages\sqlalchemy\ext\asyncio\engine.py:1066: in begin
    async with conn:
               ^^^^
..\..\AppData\Local\Programs\Python\Python312\Lib\site-packages\sqlalchemy\ext\asyncio\base.py:125: in __aenter__
    return await self.start(is_ctxmanager=True)
           ^^^^^^^^^^^^^^^^^^^^^^^^^^^^^^^^^^^^
..\..\AppData\Local\Programs\Python\Python312\Lib\site-packages\sqlalchemy\ext\asyncio\engine.py:270: in start
    await greenlet_spawn(self.sync_engine.connect)
..\..\AppData\Local\Programs\Python\Python312\Lib\site-packages\sqlalchemy\util\_concurrency_py3k.py:189: in greenlet_spawn
    result = context.switch(*args, **kwargs)
             ^^^^^^^^^^^^^^^^^^^^^^^^^^^^^^^
..\..\AppData\Local\Programs\Python\Python312\Lib\site-packages\sqlalchemy\engine\base.py:3269: in connect
    return self._connection_cls(self)
           ^^^^^^^^^^^^^^^^^^^^^^^^^^
..\..\AppData\Local\Programs\Python\Python312\Lib\site-packages\sqlalchemy\engine\base.py:145: in __init__
    self._dbapi_connection = engine.raw_connection()
                             ^^^^^^^^^^^^^^^^^^^^^^^
..\..\AppData\Local\Programs\Python\Python312\Lib\site-packages\sqlalchemy\engine\base.py:3293: in raw_connection
    return self.pool.connect()
           ^^^^^^^^^^^^^^^^^^^
..\..\AppData\Local\Programs\Python\Python312\Lib\site-packages\sqlalchemy\pool\base.py:452: in connect
    return _ConnectionFairy._checkout(self)
           ^^^^^^^^^^^^^^^^^^^^^^^^^^^^^^^^
..\..\AppData\Local\Programs\Python\Python312\Lib\site-packages\sqlalchemy\pool\base.py:1269: in _checkout
    fairy = _ConnectionRecord.checkout(pool)
            ^^^^^^^^^^^^^^^^^^^^^^^^^^^^^^^^
..\..\AppData\Local\Programs\Python\Python312\Lib\site-packages\sqlalchemy\pool\base.py:716: in checkout
    rec = pool._do_get()
          ^^^^^^^^^^^^^^
..\..\AppData\Local\Programs\Python\Python312\Lib\site-packages\sqlalchemy\pool\impl.py:169: in _do_get
    with util.safe_reraise():
         ^^^^^^^^^^^^^^^^^^^
..\..\AppData\Local\Programs\Python\Python312\Lib\site-packages\sqlalchemy\util\langhelpers.py:146: in __exit__
    raise exc_value.with_traceback(exc_tb)
..\..\AppData\Local\Programs\Python\Python312\Lib\site-packages\sqlalchemy\pool\impl.py:167: in _do_get
    return self._create_connection()
           ^^^^^^^^^^^^^^^^^^^^^^^^^
..\..\AppData\Local\Programs\Python\Python312\Lib\site-packages\sqlalchemy\pool\base.py:393: in _create_connection
    return _ConnectionRecord(self)
           ^^^^^^^^^^^^^^^^^^^^^^^
..\..\AppData\Local\Programs\Python\Python312\Lib\site-packages\sqlalchemy\pool\base.py:678: in __init__
    self.__connect()
..\..\AppData\Local\Programs\Python\Python312\Lib\site-packages\sqlalchemy\pool\base.py:902: in __connect
    with util.safe_reraise():
         ^^^^^^^^^^^^^^^^^^^
..\..\AppData\Local\Programs\Python\Python312\Lib\site-packages\sqlalchemy\util\langhelpers.py:146: in __exit__
    raise exc_value.with_traceback(exc_tb)
..\..\AppData\Local\Programs\Python\Python312\Lib\site-packages\sqlalchemy\pool\base.py:898: in __connect
    self.dbapi_connection = connection = pool._invoke_creator(self)
                                         ^^^^^^^^^^^^^^^^^^^^^^^^^^
..\..\AppData\Local\Programs\Python\Python312\Lib\site-packages\sqlalchemy\engine\create.py:645: in connect
    return dialect.connect(*cargs, **cparams)
           ^^^^^^^^^^^^^^^^^^^^^^^^^^^^^^^^^^
..\..\AppData\Local\Programs\Python\Python312\Lib\site-packages\sqlalchemy\engine\default.py:616: in connect
    return self.loaded_dbapi.connect(*cargs, **cparams)
           ^^^^^^^^^^^^^^^^^^^^^^^^^^^^^^^^^^^^^^^^^^^^
..\..\AppData\Local\Programs\Python\Python312\Lib\site-packages\sqlalchemy\dialects\postgresql\asyncpg.py:941: in connect
    await_only(creator_fn(*arg, **kw)),
               ^^^^^^^^^^^^^^^^^^^^^^
E   TypeError: connect() got an unexpected keyword argument 'sslmode'
__________________ ERROR at setup of test_get_base_not_found __________________
..\..\AppData\Local\Programs\Python\Python312\Lib\site-packages\pytest_asyncio\plugin.py:458: in setup
    return super().setup()
           ^^^^^^^^^^^^^^^
..\..\AppData\Local\Programs\Python\Python312\Lib\site-packages\pytest_asyncio\plugin.py:313: in _asyncgen_fixture_wrapper
    result = runner.run(setup(), context=context)
             ^^^^^^^^^^^^^^^^^^^^^^^^^^^^^^^^^^^^
..\..\AppData\Local\Programs\Python\Python312\Lib\asyncio\runners.py:118: in run
    return self._loop.run_until_complete(task)
           ^^^^^^^^^^^^^^^^^^^^^^^^^^^^^^^^^^^
..\..\AppData\Local\Programs\Python\Python312\Lib\asyncio\base_events.py:691: in run_until_complete
    return future.result()
           ^^^^^^^^^^^^^^^
..\..\AppData\Local\Programs\Python\Python312\Lib\site-packages\pytest_asyncio\plugin.py:309: in setup
    res = await gen_obj.__anext__()
          ^^^^^^^^^^^^^^^^^^^^^^^^^
tests\conftest.py:48: in test_engine
    async with engine.begin() as conn:
               ^^^^^^^^^^^^^^
..\..\AppData\Local\Programs\Python\Python312\Lib\contextlib.py:210: in __aenter__
    return await anext(self.gen)
           ^^^^^^^^^^^^^^^^^^^^^
..\..\AppData\Local\Programs\Python\Python312\Lib\site-packages\sqlalchemy\ext\asyncio\engine.py:1066: in begin
    async with conn:
               ^^^^
..\..\AppData\Local\Programs\Python\Python312\Lib\site-packages\sqlalchemy\ext\asyncio\base.py:125: in __aenter__
    return await self.start(is_ctxmanager=True)
           ^^^^^^^^^^^^^^^^^^^^^^^^^^^^^^^^^^^^
..\..\AppData\Local\Programs\Python\Python312\Lib\site-packages\sqlalchemy\ext\asyncio\engine.py:270: in start
    await greenlet_spawn(self.sync_engine.connect)
..\..\AppData\Local\Programs\Python\Python312\Lib\site-packages\sqlalchemy\util\_concurrency_py3k.py:189: in greenlet_spawn
    result = context.switch(*args, **kwargs)
             ^^^^^^^^^^^^^^^^^^^^^^^^^^^^^^^
..\..\AppData\Local\Programs\Python\Python312\Lib\site-packages\sqlalchemy\engine\base.py:3269: in connect
    return self._connection_cls(self)
           ^^^^^^^^^^^^^^^^^^^^^^^^^^
..\..\AppData\Local\Programs\Python\Python312\Lib\site-packages\sqlalchemy\engine\base.py:145: in __init__
    self._dbapi_connection = engine.raw_connection()
                             ^^^^^^^^^^^^^^^^^^^^^^^
..\..\AppData\Local\Programs\Python\Python312\Lib\site-packages\sqlalchemy\engine\base.py:3293: in raw_connection
    return self.pool.connect()
           ^^^^^^^^^^^^^^^^^^^
..\..\AppData\Local\Programs\Python\Python312\Lib\site-packages\sqlalchemy\pool\base.py:452: in connect
    return _ConnectionFairy._checkout(self)
           ^^^^^^^^^^^^^^^^^^^^^^^^^^^^^^^^
..\..\AppData\Local\Programs\Python\Python312\Lib\site-packages\sqlalchemy\pool\base.py:1269: in _checkout
    fairy = _ConnectionRecord.checkout(pool)
            ^^^^^^^^^^^^^^^^^^^^^^^^^^^^^^^^
..\..\AppData\Local\Programs\Python\Python312\Lib\site-packages\sqlalchemy\pool\base.py:716: in checkout
    rec = pool._do_get()
          ^^^^^^^^^^^^^^
..\..\AppData\Local\Programs\Python\Python312\Lib\site-packages\sqlalchemy\pool\impl.py:169: in _do_get
    with util.safe_reraise():
         ^^^^^^^^^^^^^^^^^^^
..\..\AppData\Local\Programs\Python\Python312\Lib\site-packages\sqlalchemy\util\langhelpers.py:146: in __exit__
    raise exc_value.with_traceback(exc_tb)
..\..\AppData\Local\Programs\Python\Python312\Lib\site-packages\sqlalchemy\pool\impl.py:167: in _do_get
    return self._create_connection()
           ^^^^^^^^^^^^^^^^^^^^^^^^^
..\..\AppData\Local\Programs\Python\Python312\Lib\site-packages\sqlalchemy\pool\base.py:393: in _create_connection
    return _ConnectionRecord(self)
           ^^^^^^^^^^^^^^^^^^^^^^^
..\..\AppData\Local\Programs\Python\Python312\Lib\site-packages\sqlalchemy\pool\base.py:678: in __init__
    self.__connect()
..\..\AppData\Local\Programs\Python\Python312\Lib\site-packages\sqlalchemy\pool\base.py:902: in __connect
    with util.safe_reraise():
         ^^^^^^^^^^^^^^^^^^^
..\..\AppData\Local\Programs\Python\Python312\Lib\site-packages\sqlalchemy\util\langhelpers.py:146: in __exit__
    raise exc_value.with_traceback(exc_tb)
..\..\AppData\Local\Programs\Python\Python312\Lib\site-packages\sqlalchemy\pool\base.py:898: in __connect
    self.dbapi_connection = connection = pool._invoke_creator(self)
                                         ^^^^^^^^^^^^^^^^^^^^^^^^^^
..\..\AppData\Local\Programs\Python\Python312\Lib\site-packages\sqlalchemy\engine\create.py:645: in connect
    return dialect.connect(*cargs, **cparams)
           ^^^^^^^^^^^^^^^^^^^^^^^^^^^^^^^^^^
..\..\AppData\Local\Programs\Python\Python312\Lib\site-packages\sqlalchemy\engine\default.py:616: in connect
    return self.loaded_dbapi.connect(*cargs, **cparams)
           ^^^^^^^^^^^^^^^^^^^^^^^^^^^^^^^^^^^^^^^^^^^^
..\..\AppData\Local\Programs\Python\Python312\Lib\site-packages\sqlalchemy\dialects\postgresql\asyncpg.py:941: in connect
    await_only(creator_fn(*arg, **kw)),
               ^^^^^^^^^^^^^^^^^^^^^^
E   TypeError: connect() got an unexpected keyword argument 'sslmode'
_________________ ERROR at setup of test_get_base_invalid_id __________________
..\..\AppData\Local\Programs\Python\Python312\Lib\site-packages\pytest_asyncio\plugin.py:458: in setup
    return super().setup()
           ^^^^^^^^^^^^^^^
..\..\AppData\Local\Programs\Python\Python312\Lib\site-packages\pytest_asyncio\plugin.py:313: in _asyncgen_fixture_wrapper
    result = runner.run(setup(), context=context)
             ^^^^^^^^^^^^^^^^^^^^^^^^^^^^^^^^^^^^
..\..\AppData\Local\Programs\Python\Python312\Lib\asyncio\runners.py:118: in run
    return self._loop.run_until_complete(task)
           ^^^^^^^^^^^^^^^^^^^^^^^^^^^^^^^^^^^
..\..\AppData\Local\Programs\Python\Python312\Lib\asyncio\base_events.py:691: in run_until_complete
    return future.result()
           ^^^^^^^^^^^^^^^
..\..\AppData\Local\Programs\Python\Python312\Lib\site-packages\pytest_asyncio\plugin.py:309: in setup
    res = await gen_obj.__anext__()
          ^^^^^^^^^^^^^^^^^^^^^^^^^
tests\conftest.py:48: in test_engine
    async with engine.begin() as conn:
               ^^^^^^^^^^^^^^
..\..\AppData\Local\Programs\Python\Python312\Lib\contextlib.py:210: in __aenter__
    return await anext(self.gen)
           ^^^^^^^^^^^^^^^^^^^^^
..\..\AppData\Local\Programs\Python\Python312\Lib\site-packages\sqlalchemy\ext\asyncio\engine.py:1066: in begin
    async with conn:
               ^^^^
..\..\AppData\Local\Programs\Python\Python312\Lib\site-packages\sqlalchemy\ext\asyncio\base.py:125: in __aenter__
    return await self.start(is_ctxmanager=True)
           ^^^^^^^^^^^^^^^^^^^^^^^^^^^^^^^^^^^^
..\..\AppData\Local\Programs\Python\Python312\Lib\site-packages\sqlalchemy\ext\asyncio\engine.py:270: in start
    await greenlet_spawn(self.sync_engine.connect)
..\..\AppData\Local\Programs\Python\Python312\Lib\site-packages\sqlalchemy\util\_concurrency_py3k.py:189: in greenlet_spawn
    result = context.switch(*args, **kwargs)
             ^^^^^^^^^^^^^^^^^^^^^^^^^^^^^^^
..\..\AppData\Local\Programs\Python\Python312\Lib\site-packages\sqlalchemy\engine\base.py:3269: in connect
    return self._connection_cls(self)
           ^^^^^^^^^^^^^^^^^^^^^^^^^^
..\..\AppData\Local\Programs\Python\Python312\Lib\site-packages\sqlalchemy\engine\base.py:145: in __init__
    self._dbapi_connection = engine.raw_connection()
                             ^^^^^^^^^^^^^^^^^^^^^^^
..\..\AppData\Local\Programs\Python\Python312\Lib\site-packages\sqlalchemy\engine\base.py:3293: in raw_connection
    return self.pool.connect()
           ^^^^^^^^^^^^^^^^^^^
..\..\AppData\Local\Programs\Python\Python312\Lib\site-packages\sqlalchemy\pool\base.py:452: in connect
    return _ConnectionFairy._checkout(self)
           ^^^^^^^^^^^^^^^^^^^^^^^^^^^^^^^^
..\..\AppData\Local\Programs\Python\Python312\Lib\site-packages\sqlalchemy\pool\base.py:1269: in _checkout
    fairy = _ConnectionRecord.checkout(pool)
            ^^^^^^^^^^^^^^^^^^^^^^^^^^^^^^^^
..\..\AppData\Local\Programs\Python\Python312\Lib\site-packages\sqlalchemy\pool\base.py:716: in checkout
    rec = pool._do_get()
          ^^^^^^^^^^^^^^
..\..\AppData\Local\Programs\Python\Python312\Lib\site-packages\sqlalchemy\pool\impl.py:169: in _do_get
    with util.safe_reraise():
         ^^^^^^^^^^^^^^^^^^^
..\..\AppData\Local\Programs\Python\Python312\Lib\site-packages\sqlalchemy\util\langhelpers.py:146: in __exit__
    raise exc_value.with_traceback(exc_tb)
..\..\AppData\Local\Programs\Python\Python312\Lib\site-packages\sqlalchemy\pool\impl.py:167: in _do_get
    return self._create_connection()
           ^^^^^^^^^^^^^^^^^^^^^^^^^
..\..\AppData\Local\Programs\Python\Python312\Lib\site-packages\sqlalchemy\pool\base.py:393: in _create_connection
    return _ConnectionRecord(self)
           ^^^^^^^^^^^^^^^^^^^^^^^
..\..\AppData\Local\Programs\Python\Python312\Lib\site-packages\sqlalchemy\pool\base.py:678: in __init__
    self.__connect()
..\..\AppData\Local\Programs\Python\Python312\Lib\site-packages\sqlalchemy\pool\base.py:902: in __connect
    with util.safe_reraise():
         ^^^^^^^^^^^^^^^^^^^
..\..\AppData\Local\Programs\Python\Python312\Lib\site-packages\sqlalchemy\util\langhelpers.py:146: in __exit__
    raise exc_value.with_traceback(exc_tb)
..\..\AppData\Local\Programs\Python\Python312\Lib\site-packages\sqlalchemy\pool\base.py:898: in __connect
    self.dbapi_connection = connection = pool._invoke_creator(self)
                                         ^^^^^^^^^^^^^^^^^^^^^^^^^^
..\..\AppData\Local\Programs\Python\Python312\Lib\site-packages\sqlalchemy\engine\create.py:645: in connect
    return dialect.connect(*cargs, **cparams)
           ^^^^^^^^^^^^^^^^^^^^^^^^^^^^^^^^^^
..\..\AppData\Local\Programs\Python\Python312\Lib\site-packages\sqlalchemy\engine\default.py:616: in connect
    return self.loaded_dbapi.connect(*cargs, **cparams)
           ^^^^^^^^^^^^^^^^^^^^^^^^^^^^^^^^^^^^^^^^^^^^
..\..\AppData\Local\Programs\Python\Python312\Lib\site-packages\sqlalchemy\dialects\postgresql\asyncpg.py:941: in connect
    await_only(creator_fn(*arg, **kw)),
               ^^^^^^^^^^^^^^^^^^^^^^
E   TypeError: connect() got an unexpected keyword argument 'sslmode'
_____________________ ERROR at setup of test_update_base ______________________
..\..\AppData\Local\Programs\Python\Python312\Lib\site-packages\pytest_asyncio\plugin.py:458: in setup
    return super().setup()
           ^^^^^^^^^^^^^^^
..\..\AppData\Local\Programs\Python\Python312\Lib\site-packages\pytest_asyncio\plugin.py:313: in _asyncgen_fixture_wrapper
    result = runner.run(setup(), context=context)
             ^^^^^^^^^^^^^^^^^^^^^^^^^^^^^^^^^^^^
..\..\AppData\Local\Programs\Python\Python312\Lib\asyncio\runners.py:118: in run
    return self._loop.run_until_complete(task)
           ^^^^^^^^^^^^^^^^^^^^^^^^^^^^^^^^^^^
..\..\AppData\Local\Programs\Python\Python312\Lib\asyncio\base_events.py:691: in run_until_complete
    return future.result()
           ^^^^^^^^^^^^^^^
..\..\AppData\Local\Programs\Python\Python312\Lib\site-packages\pytest_asyncio\plugin.py:309: in setup
    res = await gen_obj.__anext__()
          ^^^^^^^^^^^^^^^^^^^^^^^^^
tests\conftest.py:48: in test_engine
    async with engine.begin() as conn:
               ^^^^^^^^^^^^^^
..\..\AppData\Local\Programs\Python\Python312\Lib\contextlib.py:210: in __aenter__
    return await anext(self.gen)
           ^^^^^^^^^^^^^^^^^^^^^
..\..\AppData\Local\Programs\Python\Python312\Lib\site-packages\sqlalchemy\ext\asyncio\engine.py:1066: in begin
    async with conn:
               ^^^^
..\..\AppData\Local\Programs\Python\Python312\Lib\site-packages\sqlalchemy\ext\asyncio\base.py:125: in __aenter__
    return await self.start(is_ctxmanager=True)
           ^^^^^^^^^^^^^^^^^^^^^^^^^^^^^^^^^^^^
..\..\AppData\Local\Programs\Python\Python312\Lib\site-packages\sqlalchemy\ext\asyncio\engine.py:270: in start
    await greenlet_spawn(self.sync_engine.connect)
..\..\AppData\Local\Programs\Python\Python312\Lib\site-packages\sqlalchemy\util\_concurrency_py3k.py:189: in greenlet_spawn
    result = context.switch(*args, **kwargs)
             ^^^^^^^^^^^^^^^^^^^^^^^^^^^^^^^
..\..\AppData\Local\Programs\Python\Python312\Lib\site-packages\sqlalchemy\engine\base.py:3269: in connect
    return self._connection_cls(self)
           ^^^^^^^^^^^^^^^^^^^^^^^^^^
..\..\AppData\Local\Programs\Python\Python312\Lib\site-packages\sqlalchemy\engine\base.py:145: in __init__
    self._dbapi_connection = engine.raw_connection()
                             ^^^^^^^^^^^^^^^^^^^^^^^
..\..\AppData\Local\Programs\Python\Python312\Lib\site-packages\sqlalchemy\engine\base.py:3293: in raw_connection
    return self.pool.connect()
           ^^^^^^^^^^^^^^^^^^^
..\..\AppData\Local\Programs\Python\Python312\Lib\site-packages\sqlalchemy\pool\base.py:452: in connect
    return _ConnectionFairy._checkout(self)
           ^^^^^^^^^^^^^^^^^^^^^^^^^^^^^^^^
..\..\AppData\Local\Programs\Python\Python312\Lib\site-packages\sqlalchemy\pool\base.py:1269: in _checkout
    fairy = _ConnectionRecord.checkout(pool)
            ^^^^^^^^^^^^^^^^^^^^^^^^^^^^^^^^
..\..\AppData\Local\Programs\Python\Python312\Lib\site-packages\sqlalchemy\pool\base.py:716: in checkout
    rec = pool._do_get()
          ^^^^^^^^^^^^^^
..\..\AppData\Local\Programs\Python\Python312\Lib\site-packages\sqlalchemy\pool\impl.py:169: in _do_get
    with util.safe_reraise():
         ^^^^^^^^^^^^^^^^^^^
..\..\AppData\Local\Programs\Python\Python312\Lib\site-packages\sqlalchemy\util\langhelpers.py:146: in __exit__
    raise exc_value.with_traceback(exc_tb)
..\..\AppData\Local\Programs\Python\Python312\Lib\site-packages\sqlalchemy\pool\impl.py:167: in _do_get
    return self._create_connection()
           ^^^^^^^^^^^^^^^^^^^^^^^^^
..\..\AppData\Local\Programs\Python\Python312\Lib\site-packages\sqlalchemy\pool\base.py:393: in _create_connection
    return _ConnectionRecord(self)
           ^^^^^^^^^^^^^^^^^^^^^^^
..\..\AppData\Local\Programs\Python\Python312\Lib\site-packages\sqlalchemy\pool\base.py:678: in __init__
    self.__connect()
..\..\AppData\Local\Programs\Python\Python312\Lib\site-packages\sqlalchemy\pool\base.py:902: in __connect
    with util.safe_reraise():
         ^^^^^^^^^^^^^^^^^^^
..\..\AppData\Local\Programs\Python\Python312\Lib\site-packages\sqlalchemy\util\langhelpers.py:146: in __exit__
    raise exc_value.with_traceback(exc_tb)
..\..\AppData\Local\Programs\Python\Python312\Lib\site-packages\sqlalchemy\pool\base.py:898: in __connect
    self.dbapi_connection = connection = pool._invoke_creator(self)
                                         ^^^^^^^^^^^^^^^^^^^^^^^^^^
..\..\AppData\Local\Programs\Python\Python312\Lib\site-packages\sqlalchemy\engine\create.py:645: in connect
    return dialect.connect(*cargs, **cparams)
           ^^^^^^^^^^^^^^^^^^^^^^^^^^^^^^^^^^
..\..\AppData\Local\Programs\Python\Python312\Lib\site-packages\sqlalchemy\engine\default.py:616: in connect
    return self.loaded_dbapi.connect(*cargs, **cparams)
           ^^^^^^^^^^^^^^^^^^^^^^^^^^^^^^^^^^^^^^^^^^^^
..\..\AppData\Local\Programs\Python\Python312\Lib\site-packages\sqlalchemy\dialects\postgresql\asyncpg.py:941: in connect
    await_only(creator_fn(*arg, **kw)),
               ^^^^^^^^^^^^^^^^^^^^^^
E   TypeError: connect() got an unexpected keyword argument 'sslmode'
________________ ERROR at setup of test_update_base_non_member ________________
..\..\AppData\Local\Programs\Python\Python312\Lib\site-packages\pytest_asyncio\plugin.py:458: in setup
    return super().setup()
           ^^^^^^^^^^^^^^^
..\..\AppData\Local\Programs\Python\Python312\Lib\site-packages\pytest_asyncio\plugin.py:313: in _asyncgen_fixture_wrapper
    result = runner.run(setup(), context=context)
             ^^^^^^^^^^^^^^^^^^^^^^^^^^^^^^^^^^^^
..\..\AppData\Local\Programs\Python\Python312\Lib\asyncio\runners.py:118: in run
    return self._loop.run_until_complete(task)
           ^^^^^^^^^^^^^^^^^^^^^^^^^^^^^^^^^^^
..\..\AppData\Local\Programs\Python\Python312\Lib\asyncio\base_events.py:691: in run_until_complete
    return future.result()
           ^^^^^^^^^^^^^^^
..\..\AppData\Local\Programs\Python\Python312\Lib\site-packages\pytest_asyncio\plugin.py:309: in setup
    res = await gen_obj.__anext__()
          ^^^^^^^^^^^^^^^^^^^^^^^^^
tests\conftest.py:48: in test_engine
    async with engine.begin() as conn:
               ^^^^^^^^^^^^^^
..\..\AppData\Local\Programs\Python\Python312\Lib\contextlib.py:210: in __aenter__
    return await anext(self.gen)
           ^^^^^^^^^^^^^^^^^^^^^
..\..\AppData\Local\Programs\Python\Python312\Lib\site-packages\sqlalchemy\ext\asyncio\engine.py:1066: in begin
    async with conn:
               ^^^^
..\..\AppData\Local\Programs\Python\Python312\Lib\site-packages\sqlalchemy\ext\asyncio\base.py:125: in __aenter__
    return await self.start(is_ctxmanager=True)
           ^^^^^^^^^^^^^^^^^^^^^^^^^^^^^^^^^^^^
..\..\AppData\Local\Programs\Python\Python312\Lib\site-packages\sqlalchemy\ext\asyncio\engine.py:270: in start
    await greenlet_spawn(self.sync_engine.connect)
..\..\AppData\Local\Programs\Python\Python312\Lib\site-packages\sqlalchemy\util\_concurrency_py3k.py:189: in greenlet_spawn
    result = context.switch(*args, **kwargs)
             ^^^^^^^^^^^^^^^^^^^^^^^^^^^^^^^
..\..\AppData\Local\Programs\Python\Python312\Lib\site-packages\sqlalchemy\engine\base.py:3269: in connect
    return self._connection_cls(self)
           ^^^^^^^^^^^^^^^^^^^^^^^^^^
..\..\AppData\Local\Programs\Python\Python312\Lib\site-packages\sqlalchemy\engine\base.py:145: in __init__
    self._dbapi_connection = engine.raw_connection()
                             ^^^^^^^^^^^^^^^^^^^^^^^
..\..\AppData\Local\Programs\Python\Python312\Lib\site-packages\sqlalchemy\engine\base.py:3293: in raw_connection
    return self.pool.connect()
           ^^^^^^^^^^^^^^^^^^^
..\..\AppData\Local\Programs\Python\Python312\Lib\site-packages\sqlalchemy\pool\base.py:452: in connect
    return _ConnectionFairy._checkout(self)
           ^^^^^^^^^^^^^^^^^^^^^^^^^^^^^^^^
..\..\AppData\Local\Programs\Python\Python312\Lib\site-packages\sqlalchemy\pool\base.py:1269: in _checkout
    fairy = _ConnectionRecord.checkout(pool)
            ^^^^^^^^^^^^^^^^^^^^^^^^^^^^^^^^
..\..\AppData\Local\Programs\Python\Python312\Lib\site-packages\sqlalchemy\pool\base.py:716: in checkout
    rec = pool._do_get()
          ^^^^^^^^^^^^^^
..\..\AppData\Local\Programs\Python\Python312\Lib\site-packages\sqlalchemy\pool\impl.py:169: in _do_get
    with util.safe_reraise():
         ^^^^^^^^^^^^^^^^^^^
..\..\AppData\Local\Programs\Python\Python312\Lib\site-packages\sqlalchemy\util\langhelpers.py:146: in __exit__
    raise exc_value.with_traceback(exc_tb)
..\..\AppData\Local\Programs\Python\Python312\Lib\site-packages\sqlalchemy\pool\impl.py:167: in _do_get
    return self._create_connection()
           ^^^^^^^^^^^^^^^^^^^^^^^^^
..\..\AppData\Local\Programs\Python\Python312\Lib\site-packages\sqlalchemy\pool\base.py:393: in _create_connection
    return _ConnectionRecord(self)
           ^^^^^^^^^^^^^^^^^^^^^^^
..\..\AppData\Local\Programs\Python\Python312\Lib\site-packages\sqlalchemy\pool\base.py:678: in __init__
    self.__connect()
..\..\AppData\Local\Programs\Python\Python312\Lib\site-packages\sqlalchemy\pool\base.py:902: in __connect
    with util.safe_reraise():
         ^^^^^^^^^^^^^^^^^^^
..\..\AppData\Local\Programs\Python\Python312\Lib\site-packages\sqlalchemy\util\langhelpers.py:146: in __exit__
    raise exc_value.with_traceback(exc_tb)
..\..\AppData\Local\Programs\Python\Python312\Lib\site-packages\sqlalchemy\pool\base.py:898: in __connect
    self.dbapi_connection = connection = pool._invoke_creator(self)
                                         ^^^^^^^^^^^^^^^^^^^^^^^^^^
..\..\AppData\Local\Programs\Python\Python312\Lib\site-packages\sqlalchemy\engine\create.py:645: in connect
    return dialect.connect(*cargs, **cparams)
           ^^^^^^^^^^^^^^^^^^^^^^^^^^^^^^^^^^
..\..\AppData\Local\Programs\Python\Python312\Lib\site-packages\sqlalchemy\engine\default.py:616: in connect
    return self.loaded_dbapi.connect(*cargs, **cparams)
           ^^^^^^^^^^^^^^^^^^^^^^^^^^^^^^^^^^^^^^^^^^^^
..\..\AppData\Local\Programs\Python\Python312\Lib\site-packages\sqlalchemy\dialects\postgresql\asyncpg.py:941: in connect
    await_only(creator_fn(*arg, **kw)),
               ^^^^^^^^^^^^^^^^^^^^^^
E   TypeError: connect() got an unexpected keyword argument 'sslmode'
_____________________ ERROR at setup of test_delete_base ______________________
..\..\AppData\Local\Programs\Python\Python312\Lib\site-packages\pytest_asyncio\plugin.py:458: in setup
    return super().setup()
           ^^^^^^^^^^^^^^^
..\..\AppData\Local\Programs\Python\Python312\Lib\site-packages\pytest_asyncio\plugin.py:313: in _asyncgen_fixture_wrapper
    result = runner.run(setup(), context=context)
             ^^^^^^^^^^^^^^^^^^^^^^^^^^^^^^^^^^^^
..\..\AppData\Local\Programs\Python\Python312\Lib\asyncio\runners.py:118: in run
    return self._loop.run_until_complete(task)
           ^^^^^^^^^^^^^^^^^^^^^^^^^^^^^^^^^^^
..\..\AppData\Local\Programs\Python\Python312\Lib\asyncio\base_events.py:691: in run_until_complete
    return future.result()
           ^^^^^^^^^^^^^^^
..\..\AppData\Local\Programs\Python\Python312\Lib\site-packages\pytest_asyncio\plugin.py:309: in setup
    res = await gen_obj.__anext__()
          ^^^^^^^^^^^^^^^^^^^^^^^^^
tests\conftest.py:48: in test_engine
    async with engine.begin() as conn:
               ^^^^^^^^^^^^^^
..\..\AppData\Local\Programs\Python\Python312\Lib\contextlib.py:210: in __aenter__
    return await anext(self.gen)
           ^^^^^^^^^^^^^^^^^^^^^
..\..\AppData\Local\Programs\Python\Python312\Lib\site-packages\sqlalchemy\ext\asyncio\engine.py:1066: in begin
    async with conn:
               ^^^^
..\..\AppData\Local\Programs\Python\Python312\Lib\site-packages\sqlalchemy\ext\asyncio\base.py:125: in __aenter__
    return await self.start(is_ctxmanager=True)
           ^^^^^^^^^^^^^^^^^^^^^^^^^^^^^^^^^^^^
..\..\AppData\Local\Programs\Python\Python312\Lib\site-packages\sqlalchemy\ext\asyncio\engine.py:270: in start
    await greenlet_spawn(self.sync_engine.connect)
..\..\AppData\Local\Programs\Python\Python312\Lib\site-packages\sqlalchemy\util\_concurrency_py3k.py:189: in greenlet_spawn
    result = context.switch(*args, **kwargs)
             ^^^^^^^^^^^^^^^^^^^^^^^^^^^^^^^
..\..\AppData\Local\Programs\Python\Python312\Lib\site-packages\sqlalchemy\engine\base.py:3269: in connect
    return self._connection_cls(self)
           ^^^^^^^^^^^^^^^^^^^^^^^^^^
..\..\AppData\Local\Programs\Python\Python312\Lib\site-packages\sqlalchemy\engine\base.py:145: in __init__
    self._dbapi_connection = engine.raw_connection()
                             ^^^^^^^^^^^^^^^^^^^^^^^
..\..\AppData\Local\Programs\Python\Python312\Lib\site-packages\sqlalchemy\engine\base.py:3293: in raw_connection
    return self.pool.connect()
           ^^^^^^^^^^^^^^^^^^^
..\..\AppData\Local\Programs\Python\Python312\Lib\site-packages\sqlalchemy\pool\base.py:452: in connect
    return _ConnectionFairy._checkout(self)
           ^^^^^^^^^^^^^^^^^^^^^^^^^^^^^^^^
..\..\AppData\Local\Programs\Python\Python312\Lib\site-packages\sqlalchemy\pool\base.py:1269: in _checkout
    fairy = _ConnectionRecord.checkout(pool)
            ^^^^^^^^^^^^^^^^^^^^^^^^^^^^^^^^
..\..\AppData\Local\Programs\Python\Python312\Lib\site-packages\sqlalchemy\pool\base.py:716: in checkout
    rec = pool._do_get()
          ^^^^^^^^^^^^^^
..\..\AppData\Local\Programs\Python\Python312\Lib\site-packages\sqlalchemy\pool\impl.py:169: in _do_get
    with util.safe_reraise():
         ^^^^^^^^^^^^^^^^^^^
..\..\AppData\Local\Programs\Python\Python312\Lib\site-packages\sqlalchemy\util\langhelpers.py:146: in __exit__
    raise exc_value.with_traceback(exc_tb)
..\..\AppData\Local\Programs\Python\Python312\Lib\site-packages\sqlalchemy\pool\impl.py:167: in _do_get
    return self._create_connection()
           ^^^^^^^^^^^^^^^^^^^^^^^^^
..\..\AppData\Local\Programs\Python\Python312\Lib\site-packages\sqlalchemy\pool\base.py:393: in _create_connection
    return _ConnectionRecord(self)
           ^^^^^^^^^^^^^^^^^^^^^^^
..\..\AppData\Local\Programs\Python\Python312\Lib\site-packages\sqlalchemy\pool\base.py:678: in __init__
    self.__connect()
..\..\AppData\Local\Programs\Python\Python312\Lib\site-packages\sqlalchemy\pool\base.py:902: in __connect
    with util.safe_reraise():
         ^^^^^^^^^^^^^^^^^^^
..\..\AppData\Local\Programs\Python\Python312\Lib\site-packages\sqlalchemy\util\langhelpers.py:146: in __exit__
    raise exc_value.with_traceback(exc_tb)
..\..\AppData\Local\Programs\Python\Python312\Lib\site-packages\sqlalchemy\pool\base.py:898: in __connect
    self.dbapi_connection = connection = pool._invoke_creator(self)
                                         ^^^^^^^^^^^^^^^^^^^^^^^^^^
..\..\AppData\Local\Programs\Python\Python312\Lib\site-packages\sqlalchemy\engine\create.py:645: in connect
    return dialect.connect(*cargs, **cparams)
           ^^^^^^^^^^^^^^^^^^^^^^^^^^^^^^^^^^
..\..\AppData\Local\Programs\Python\Python312\Lib\site-packages\sqlalchemy\engine\default.py:616: in connect
    return self.loaded_dbapi.connect(*cargs, **cparams)
           ^^^^^^^^^^^^^^^^^^^^^^^^^^^^^^^^^^^^^^^^^^^^
..\..\AppData\Local\Programs\Python\Python312\Lib\site-packages\sqlalchemy\dialects\postgresql\asyncpg.py:941: in connect
    await_only(creator_fn(*arg, **kw)),
               ^^^^^^^^^^^^^^^^^^^^^^
E   TypeError: connect() got an unexpected keyword argument 'sslmode'
________________ ERROR at setup of test_delete_base_non_owner _________________
..\..\AppData\Local\Programs\Python\Python312\Lib\site-packages\pytest_asyncio\plugin.py:458: in setup
    return super().setup()
           ^^^^^^^^^^^^^^^
..\..\AppData\Local\Programs\Python\Python312\Lib\site-packages\pytest_asyncio\plugin.py:313: in _asyncgen_fixture_wrapper
    result = runner.run(setup(), context=context)
             ^^^^^^^^^^^^^^^^^^^^^^^^^^^^^^^^^^^^
..\..\AppData\Local\Programs\Python\Python312\Lib\asyncio\runners.py:118: in run
    return self._loop.run_until_complete(task)
           ^^^^^^^^^^^^^^^^^^^^^^^^^^^^^^^^^^^
..\..\AppData\Local\Programs\Python\Python312\Lib\asyncio\base_events.py:691: in run_until_complete
    return future.result()
           ^^^^^^^^^^^^^^^
..\..\AppData\Local\Programs\Python\Python312\Lib\site-packages\pytest_asyncio\plugin.py:309: in setup
    res = await gen_obj.__anext__()
          ^^^^^^^^^^^^^^^^^^^^^^^^^
tests\conftest.py:48: in test_engine
    async with engine.begin() as conn:
               ^^^^^^^^^^^^^^
..\..\AppData\Local\Programs\Python\Python312\Lib\contextlib.py:210: in __aenter__
    return await anext(self.gen)
           ^^^^^^^^^^^^^^^^^^^^^
..\..\AppData\Local\Programs\Python\Python312\Lib\site-packages\sqlalchemy\ext\asyncio\engine.py:1066: in begin
    async with conn:
               ^^^^
..\..\AppData\Local\Programs\Python\Python312\Lib\site-packages\sqlalchemy\ext\asyncio\base.py:125: in __aenter__
    return await self.start(is_ctxmanager=True)
           ^^^^^^^^^^^^^^^^^^^^^^^^^^^^^^^^^^^^
..\..\AppData\Local\Programs\Python\Python312\Lib\site-packages\sqlalchemy\ext\asyncio\engine.py:270: in start
    await greenlet_spawn(self.sync_engine.connect)
..\..\AppData\Local\Programs\Python\Python312\Lib\site-packages\sqlalchemy\util\_concurrency_py3k.py:189: in greenlet_spawn
    result = context.switch(*args, **kwargs)
             ^^^^^^^^^^^^^^^^^^^^^^^^^^^^^^^
..\..\AppData\Local\Programs\Python\Python312\Lib\site-packages\sqlalchemy\engine\base.py:3269: in connect
    return self._connection_cls(self)
           ^^^^^^^^^^^^^^^^^^^^^^^^^^
..\..\AppData\Local\Programs\Python\Python312\Lib\site-packages\sqlalchemy\engine\base.py:145: in __init__
    self._dbapi_connection = engine.raw_connection()
                             ^^^^^^^^^^^^^^^^^^^^^^^
..\..\AppData\Local\Programs\Python\Python312\Lib\site-packages\sqlalchemy\engine\base.py:3293: in raw_connection
    return self.pool.connect()
           ^^^^^^^^^^^^^^^^^^^
..\..\AppData\Local\Programs\Python\Python312\Lib\site-packages\sqlalchemy\pool\base.py:452: in connect
    return _ConnectionFairy._checkout(self)
           ^^^^^^^^^^^^^^^^^^^^^^^^^^^^^^^^
..\..\AppData\Local\Programs\Python\Python312\Lib\site-packages\sqlalchemy\pool\base.py:1269: in _checkout
    fairy = _ConnectionRecord.checkout(pool)
            ^^^^^^^^^^^^^^^^^^^^^^^^^^^^^^^^
..\..\AppData\Local\Programs\Python\Python312\Lib\site-packages\sqlalchemy\pool\base.py:716: in checkout
    rec = pool._do_get()
          ^^^^^^^^^^^^^^
..\..\AppData\Local\Programs\Python\Python312\Lib\site-packages\sqlalchemy\pool\impl.py:169: in _do_get
    with util.safe_reraise():
         ^^^^^^^^^^^^^^^^^^^
..\..\AppData\Local\Programs\Python\Python312\Lib\site-packages\sqlalchemy\util\langhelpers.py:146: in __exit__
    raise exc_value.with_traceback(exc_tb)
..\..\AppData\Local\Programs\Python\Python312\Lib\site-packages\sqlalchemy\pool\impl.py:167: in _do_get
    return self._create_connection()
           ^^^^^^^^^^^^^^^^^^^^^^^^^
..\..\AppData\Local\Programs\Python\Python312\Lib\site-packages\sqlalchemy\pool\base.py:393: in _create_connection
    return _ConnectionRecord(self)
           ^^^^^^^^^^^^^^^^^^^^^^^
..\..\AppData\Local\Programs\Python\Python312\Lib\site-packages\sqlalchemy\pool\base.py:678: in __init__
    self.__connect()
..\..\AppData\Local\Programs\Python\Python312\Lib\site-packages\sqlalchemy\pool\base.py:902: in __connect
    with util.safe_reraise():
         ^^^^^^^^^^^^^^^^^^^
..\..\AppData\Local\Programs\Python\Python312\Lib\site-packages\sqlalchemy\util\langhelpers.py:146: in __exit__
    raise exc_value.with_traceback(exc_tb)
..\..\AppData\Local\Programs\Python\Python312\Lib\site-packages\sqlalchemy\pool\base.py:898: in __connect
    self.dbapi_connection = connection = pool._invoke_creator(self)
                                         ^^^^^^^^^^^^^^^^^^^^^^^^^^
..\..\AppData\Local\Programs\Python\Python312\Lib\site-packages\sqlalchemy\engine\create.py:645: in connect
    return dialect.connect(*cargs, **cparams)
           ^^^^^^^^^^^^^^^^^^^^^^^^^^^^^^^^^^
..\..\AppData\Local\Programs\Python\Python312\Lib\site-packages\sqlalchemy\engine\default.py:616: in connect
    return self.loaded_dbapi.connect(*cargs, **cparams)
           ^^^^^^^^^^^^^^^^^^^^^^^^^^^^^^^^^^^^^^^^^^^^
..\..\AppData\Local\Programs\Python\Python312\Lib\site-packages\sqlalchemy\dialects\postgresql\asyncpg.py:941: in connect
    await_only(creator_fn(*arg, **kw)),
               ^^^^^^^^^^^^^^^^^^^^^^
E   TypeError: connect() got an unexpected keyword argument 'sslmode'
_____________________ ERROR at setup of test_create_field _____________________
..\..\AppData\Local\Programs\Python\Python312\Lib\site-packages\pytest_asyncio\plugin.py:458: in setup
    return super().setup()
           ^^^^^^^^^^^^^^^
..\..\AppData\Local\Programs\Python\Python312\Lib\site-packages\pytest_asyncio\plugin.py:313: in _asyncgen_fixture_wrapper
    result = runner.run(setup(), context=context)
             ^^^^^^^^^^^^^^^^^^^^^^^^^^^^^^^^^^^^
..\..\AppData\Local\Programs\Python\Python312\Lib\asyncio\runners.py:118: in run
    return self._loop.run_until_complete(task)
           ^^^^^^^^^^^^^^^^^^^^^^^^^^^^^^^^^^^
..\..\AppData\Local\Programs\Python\Python312\Lib\asyncio\base_events.py:691: in run_until_complete
    return future.result()
           ^^^^^^^^^^^^^^^
..\..\AppData\Local\Programs\Python\Python312\Lib\site-packages\pytest_asyncio\plugin.py:309: in setup
    res = await gen_obj.__anext__()
          ^^^^^^^^^^^^^^^^^^^^^^^^^
tests\conftest.py:48: in test_engine
    async with engine.begin() as conn:
               ^^^^^^^^^^^^^^
..\..\AppData\Local\Programs\Python\Python312\Lib\contextlib.py:210: in __aenter__
    return await anext(self.gen)
           ^^^^^^^^^^^^^^^^^^^^^
..\..\AppData\Local\Programs\Python\Python312\Lib\site-packages\sqlalchemy\ext\asyncio\engine.py:1066: in begin
    async with conn:
               ^^^^
..\..\AppData\Local\Programs\Python\Python312\Lib\site-packages\sqlalchemy\ext\asyncio\base.py:125: in __aenter__
    return await self.start(is_ctxmanager=True)
           ^^^^^^^^^^^^^^^^^^^^^^^^^^^^^^^^^^^^
..\..\AppData\Local\Programs\Python\Python312\Lib\site-packages\sqlalchemy\ext\asyncio\engine.py:270: in start
    await greenlet_spawn(self.sync_engine.connect)
..\..\AppData\Local\Programs\Python\Python312\Lib\site-packages\sqlalchemy\util\_concurrency_py3k.py:189: in greenlet_spawn
    result = context.switch(*args, **kwargs)
             ^^^^^^^^^^^^^^^^^^^^^^^^^^^^^^^
..\..\AppData\Local\Programs\Python\Python312\Lib\site-packages\sqlalchemy\engine\base.py:3269: in connect
    return self._connection_cls(self)
           ^^^^^^^^^^^^^^^^^^^^^^^^^^
..\..\AppData\Local\Programs\Python\Python312\Lib\site-packages\sqlalchemy\engine\base.py:145: in __init__
    self._dbapi_connection = engine.raw_connection()
                             ^^^^^^^^^^^^^^^^^^^^^^^
..\..\AppData\Local\Programs\Python\Python312\Lib\site-packages\sqlalchemy\engine\base.py:3293: in raw_connection
    return self.pool.connect()
           ^^^^^^^^^^^^^^^^^^^
..\..\AppData\Local\Programs\Python\Python312\Lib\site-packages\sqlalchemy\pool\base.py:452: in connect
    return _ConnectionFairy._checkout(self)
           ^^^^^^^^^^^^^^^^^^^^^^^^^^^^^^^^
..\..\AppData\Local\Programs\Python\Python312\Lib\site-packages\sqlalchemy\pool\base.py:1269: in _checkout
    fairy = _ConnectionRecord.checkout(pool)
            ^^^^^^^^^^^^^^^^^^^^^^^^^^^^^^^^
..\..\AppData\Local\Programs\Python\Python312\Lib\site-packages\sqlalchemy\pool\base.py:716: in checkout
    rec = pool._do_get()
          ^^^^^^^^^^^^^^
..\..\AppData\Local\Programs\Python\Python312\Lib\site-packages\sqlalchemy\pool\impl.py:169: in _do_get
    with util.safe_reraise():
         ^^^^^^^^^^^^^^^^^^^
..\..\AppData\Local\Programs\Python\Python312\Lib\site-packages\sqlalchemy\util\langhelpers.py:146: in __exit__
    raise exc_value.with_traceback(exc_tb)
..\..\AppData\Local\Programs\Python\Python312\Lib\site-packages\sqlalchemy\pool\impl.py:167: in _do_get
    return self._create_connection()
           ^^^^^^^^^^^^^^^^^^^^^^^^^
..\..\AppData\Local\Programs\Python\Python312\Lib\site-packages\sqlalchemy\pool\base.py:393: in _create_connection
    return _ConnectionRecord(self)
           ^^^^^^^^^^^^^^^^^^^^^^^
..\..\AppData\Local\Programs\Python\Python312\Lib\site-packages\sqlalchemy\pool\base.py:678: in __init__
    self.__connect()
..\..\AppData\Local\Programs\Python\Python312\Lib\site-packages\sqlalchemy\pool\base.py:902: in __connect
    with util.safe_reraise():
         ^^^^^^^^^^^^^^^^^^^
..\..\AppData\Local\Programs\Python\Python312\Lib\site-packages\sqlalchemy\util\langhelpers.py:146: in __exit__
    raise exc_value.with_traceback(exc_tb)
..\..\AppData\Local\Programs\Python\Python312\Lib\site-packages\sqlalchemy\pool\base.py:898: in __connect
    self.dbapi_connection = connection = pool._invoke_creator(self)
                                         ^^^^^^^^^^^^^^^^^^^^^^^^^^
..\..\AppData\Local\Programs\Python\Python312\Lib\site-packages\sqlalchemy\engine\create.py:645: in connect
    return dialect.connect(*cargs, **cparams)
           ^^^^^^^^^^^^^^^^^^^^^^^^^^^^^^^^^^
..\..\AppData\Local\Programs\Python\Python312\Lib\site-packages\sqlalchemy\engine\default.py:616: in connect
    return self.loaded_dbapi.connect(*cargs, **cparams)
           ^^^^^^^^^^^^^^^^^^^^^^^^^^^^^^^^^^^^^^^^^^^^
..\..\AppData\Local\Programs\Python\Python312\Lib\site-packages\sqlalchemy\dialects\postgresql\asyncpg.py:941: in connect
    await_only(creator_fn(*arg, **kw)),
               ^^^^^^^^^^^^^^^^^^^^^^
E   TypeError: connect() got an unexpected keyword argument 'sslmode'
______________ ERROR at setup of test_create_field_unauthorized _______________
..\..\AppData\Local\Programs\Python\Python312\Lib\site-packages\pytest_asyncio\plugin.py:458: in setup
    return super().setup()
           ^^^^^^^^^^^^^^^
..\..\AppData\Local\Programs\Python\Python312\Lib\site-packages\pytest_asyncio\plugin.py:313: in _asyncgen_fixture_wrapper
    result = runner.run(setup(), context=context)
             ^^^^^^^^^^^^^^^^^^^^^^^^^^^^^^^^^^^^
..\..\AppData\Local\Programs\Python\Python312\Lib\asyncio\runners.py:118: in run
    return self._loop.run_until_complete(task)
           ^^^^^^^^^^^^^^^^^^^^^^^^^^^^^^^^^^^
..\..\AppData\Local\Programs\Python\Python312\Lib\asyncio\base_events.py:691: in run_until_complete
    return future.result()
           ^^^^^^^^^^^^^^^
..\..\AppData\Local\Programs\Python\Python312\Lib\site-packages\pytest_asyncio\plugin.py:309: in setup
    res = await gen_obj.__anext__()
          ^^^^^^^^^^^^^^^^^^^^^^^^^
tests\conftest.py:48: in test_engine
    async with engine.begin() as conn:
               ^^^^^^^^^^^^^^
..\..\AppData\Local\Programs\Python\Python312\Lib\contextlib.py:210: in __aenter__
    return await anext(self.gen)
           ^^^^^^^^^^^^^^^^^^^^^
..\..\AppData\Local\Programs\Python\Python312\Lib\site-packages\sqlalchemy\ext\asyncio\engine.py:1066: in begin
    async with conn:
               ^^^^
..\..\AppData\Local\Programs\Python\Python312\Lib\site-packages\sqlalchemy\ext\asyncio\base.py:125: in __aenter__
    return await self.start(is_ctxmanager=True)
           ^^^^^^^^^^^^^^^^^^^^^^^^^^^^^^^^^^^^
..\..\AppData\Local\Programs\Python\Python312\Lib\site-packages\sqlalchemy\ext\asyncio\engine.py:270: in start
    await greenlet_spawn(self.sync_engine.connect)
..\..\AppData\Local\Programs\Python\Python312\Lib\site-packages\sqlalchemy\util\_concurrency_py3k.py:189: in greenlet_spawn
    result = context.switch(*args, **kwargs)
             ^^^^^^^^^^^^^^^^^^^^^^^^^^^^^^^
..\..\AppData\Local\Programs\Python\Python312\Lib\site-packages\sqlalchemy\engine\base.py:3269: in connect
    return self._connection_cls(self)
           ^^^^^^^^^^^^^^^^^^^^^^^^^^
..\..\AppData\Local\Programs\Python\Python312\Lib\site-packages\sqlalchemy\engine\base.py:145: in __init__
    self._dbapi_connection = engine.raw_connection()
                             ^^^^^^^^^^^^^^^^^^^^^^^
..\..\AppData\Local\Programs\Python\Python312\Lib\site-packages\sqlalchemy\engine\base.py:3293: in raw_connection
    return self.pool.connect()
           ^^^^^^^^^^^^^^^^^^^
..\..\AppData\Local\Programs\Python\Python312\Lib\site-packages\sqlalchemy\pool\base.py:452: in connect
    return _ConnectionFairy._checkout(self)
           ^^^^^^^^^^^^^^^^^^^^^^^^^^^^^^^^
..\..\AppData\Local\Programs\Python\Python312\Lib\site-packages\sqlalchemy\pool\base.py:1269: in _checkout
    fairy = _ConnectionRecord.checkout(pool)
            ^^^^^^^^^^^^^^^^^^^^^^^^^^^^^^^^
..\..\AppData\Local\Programs\Python\Python312\Lib\site-packages\sqlalchemy\pool\base.py:716: in checkout
    rec = pool._do_get()
          ^^^^^^^^^^^^^^
..\..\AppData\Local\Programs\Python\Python312\Lib\site-packages\sqlalchemy\pool\impl.py:169: in _do_get
    with util.safe_reraise():
         ^^^^^^^^^^^^^^^^^^^
..\..\AppData\Local\Programs\Python\Python312\Lib\site-packages\sqlalchemy\util\langhelpers.py:146: in __exit__
    raise exc_value.with_traceback(exc_tb)
..\..\AppData\Local\Programs\Python\Python312\Lib\site-packages\sqlalchemy\pool\impl.py:167: in _do_get
    return self._create_connection()
           ^^^^^^^^^^^^^^^^^^^^^^^^^
..\..\AppData\Local\Programs\Python\Python312\Lib\site-packages\sqlalchemy\pool\base.py:393: in _create_connection
    return _ConnectionRecord(self)
           ^^^^^^^^^^^^^^^^^^^^^^^
..\..\AppData\Local\Programs\Python\Python312\Lib\site-packages\sqlalchemy\pool\base.py:678: in __init__
    self.__connect()
..\..\AppData\Local\Programs\Python\Python312\Lib\site-packages\sqlalchemy\pool\base.py:902: in __connect
    with util.safe_reraise():
         ^^^^^^^^^^^^^^^^^^^
..\..\AppData\Local\Programs\Python\Python312\Lib\site-packages\sqlalchemy\util\langhelpers.py:146: in __exit__
    raise exc_value.with_traceback(exc_tb)
..\..\AppData\Local\Programs\Python\Python312\Lib\site-packages\sqlalchemy\pool\base.py:898: in __connect
    self.dbapi_connection = connection = pool._invoke_creator(self)
                                         ^^^^^^^^^^^^^^^^^^^^^^^^^^
..\..\AppData\Local\Programs\Python\Python312\Lib\site-packages\sqlalchemy\engine\create.py:645: in connect
    return dialect.connect(*cargs, **cparams)
           ^^^^^^^^^^^^^^^^^^^^^^^^^^^^^^^^^^
..\..\AppData\Local\Programs\Python\Python312\Lib\site-packages\sqlalchemy\engine\default.py:616: in connect
    return self.loaded_dbapi.connect(*cargs, **cparams)
           ^^^^^^^^^^^^^^^^^^^^^^^^^^^^^^^^^^^^^^^^^^^^
..\..\AppData\Local\Programs\Python\Python312\Lib\site-packages\sqlalchemy\dialects\postgresql\asyncpg.py:941: in connect
    await_only(creator_fn(*arg, **kw)),
               ^^^^^^^^^^^^^^^^^^^^^^
E   TypeError: connect() got an unexpected keyword argument 'sslmode'
______________ ERROR at setup of test_create_field_invalid_table ______________
..\..\AppData\Local\Programs\Python\Python312\Lib\site-packages\pytest_asyncio\plugin.py:458: in setup
    return super().setup()
           ^^^^^^^^^^^^^^^
..\..\AppData\Local\Programs\Python\Python312\Lib\site-packages\pytest_asyncio\plugin.py:313: in _asyncgen_fixture_wrapper
    result = runner.run(setup(), context=context)
             ^^^^^^^^^^^^^^^^^^^^^^^^^^^^^^^^^^^^
..\..\AppData\Local\Programs\Python\Python312\Lib\asyncio\runners.py:118: in run
    return self._loop.run_until_complete(task)
           ^^^^^^^^^^^^^^^^^^^^^^^^^^^^^^^^^^^
..\..\AppData\Local\Programs\Python\Python312\Lib\asyncio\base_events.py:691: in run_until_complete
    return future.result()
           ^^^^^^^^^^^^^^^
..\..\AppData\Local\Programs\Python\Python312\Lib\site-packages\pytest_asyncio\plugin.py:309: in setup
    res = await gen_obj.__anext__()
          ^^^^^^^^^^^^^^^^^^^^^^^^^
tests\conftest.py:48: in test_engine
    async with engine.begin() as conn:
               ^^^^^^^^^^^^^^
..\..\AppData\Local\Programs\Python\Python312\Lib\contextlib.py:210: in __aenter__
    return await anext(self.gen)
           ^^^^^^^^^^^^^^^^^^^^^
..\..\AppData\Local\Programs\Python\Python312\Lib\site-packages\sqlalchemy\ext\asyncio\engine.py:1066: in begin
    async with conn:
               ^^^^
..\..\AppData\Local\Programs\Python\Python312\Lib\site-packages\sqlalchemy\ext\asyncio\base.py:125: in __aenter__
    return await self.start(is_ctxmanager=True)
           ^^^^^^^^^^^^^^^^^^^^^^^^^^^^^^^^^^^^
..\..\AppData\Local\Programs\Python\Python312\Lib\site-packages\sqlalchemy\ext\asyncio\engine.py:270: in start
    await greenlet_spawn(self.sync_engine.connect)
..\..\AppData\Local\Programs\Python\Python312\Lib\site-packages\sqlalchemy\util\_concurrency_py3k.py:189: in greenlet_spawn
    result = context.switch(*args, **kwargs)
             ^^^^^^^^^^^^^^^^^^^^^^^^^^^^^^^
..\..\AppData\Local\Programs\Python\Python312\Lib\site-packages\sqlalchemy\engine\base.py:3269: in connect
    return self._connection_cls(self)
           ^^^^^^^^^^^^^^^^^^^^^^^^^^
..\..\AppData\Local\Programs\Python\Python312\Lib\site-packages\sqlalchemy\engine\base.py:145: in __init__
    self._dbapi_connection = engine.raw_connection()
                             ^^^^^^^^^^^^^^^^^^^^^^^
..\..\AppData\Local\Programs\Python\Python312\Lib\site-packages\sqlalchemy\engine\base.py:3293: in raw_connection
    return self.pool.connect()
           ^^^^^^^^^^^^^^^^^^^
..\..\AppData\Local\Programs\Python\Python312\Lib\site-packages\sqlalchemy\pool\base.py:452: in connect
    return _ConnectionFairy._checkout(self)
           ^^^^^^^^^^^^^^^^^^^^^^^^^^^^^^^^
..\..\AppData\Local\Programs\Python\Python312\Lib\site-packages\sqlalchemy\pool\base.py:1269: in _checkout
    fairy = _ConnectionRecord.checkout(pool)
            ^^^^^^^^^^^^^^^^^^^^^^^^^^^^^^^^
..\..\AppData\Local\Programs\Python\Python312\Lib\site-packages\sqlalchemy\pool\base.py:716: in checkout
    rec = pool._do_get()
          ^^^^^^^^^^^^^^
..\..\AppData\Local\Programs\Python\Python312\Lib\site-packages\sqlalchemy\pool\impl.py:169: in _do_get
    with util.safe_reraise():
         ^^^^^^^^^^^^^^^^^^^
..\..\AppData\Local\Programs\Python\Python312\Lib\site-packages\sqlalchemy\util\langhelpers.py:146: in __exit__
    raise exc_value.with_traceback(exc_tb)
..\..\AppData\Local\Programs\Python\Python312\Lib\site-packages\sqlalchemy\pool\impl.py:167: in _do_get
    return self._create_connection()
           ^^^^^^^^^^^^^^^^^^^^^^^^^
..\..\AppData\Local\Programs\Python\Python312\Lib\site-packages\sqlalchemy\pool\base.py:393: in _create_connection
    return _ConnectionRecord(self)
           ^^^^^^^^^^^^^^^^^^^^^^^
..\..\AppData\Local\Programs\Python\Python312\Lib\site-packages\sqlalchemy\pool\base.py:678: in __init__
    self.__connect()
..\..\AppData\Local\Programs\Python\Python312\Lib\site-packages\sqlalchemy\pool\base.py:902: in __connect
    with util.safe_reraise():
         ^^^^^^^^^^^^^^^^^^^
..\..\AppData\Local\Programs\Python\Python312\Lib\site-packages\sqlalchemy\util\langhelpers.py:146: in __exit__
    raise exc_value.with_traceback(exc_tb)
..\..\AppData\Local\Programs\Python\Python312\Lib\site-packages\sqlalchemy\pool\base.py:898: in __connect
    self.dbapi_connection = connection = pool._invoke_creator(self)
                                         ^^^^^^^^^^^^^^^^^^^^^^^^^^
..\..\AppData\Local\Programs\Python\Python312\Lib\site-packages\sqlalchemy\engine\create.py:645: in connect
    return dialect.connect(*cargs, **cparams)
           ^^^^^^^^^^^^^^^^^^^^^^^^^^^^^^^^^^
..\..\AppData\Local\Programs\Python\Python312\Lib\site-packages\sqlalchemy\engine\default.py:616: in connect
    return self.loaded_dbapi.connect(*cargs, **cparams)
           ^^^^^^^^^^^^^^^^^^^^^^^^^^^^^^^^^^^^^^^^^^^^
..\..\AppData\Local\Programs\Python\Python312\Lib\site-packages\sqlalchemy\dialects\postgresql\asyncpg.py:941: in connect
    await_only(creator_fn(*arg, **kw)),
               ^^^^^^^^^^^^^^^^^^^^^^
E   TypeError: connect() got an unexpected keyword argument 'sslmode'
______________ ERROR at setup of test_create_field_invalid_type _______________
..\..\AppData\Local\Programs\Python\Python312\Lib\site-packages\pytest_asyncio\plugin.py:458: in setup
    return super().setup()
           ^^^^^^^^^^^^^^^
..\..\AppData\Local\Programs\Python\Python312\Lib\site-packages\pytest_asyncio\plugin.py:313: in _asyncgen_fixture_wrapper
    result = runner.run(setup(), context=context)
             ^^^^^^^^^^^^^^^^^^^^^^^^^^^^^^^^^^^^
..\..\AppData\Local\Programs\Python\Python312\Lib\asyncio\runners.py:118: in run
    return self._loop.run_until_complete(task)
           ^^^^^^^^^^^^^^^^^^^^^^^^^^^^^^^^^^^
..\..\AppData\Local\Programs\Python\Python312\Lib\asyncio\base_events.py:691: in run_until_complete
    return future.result()
           ^^^^^^^^^^^^^^^
..\..\AppData\Local\Programs\Python\Python312\Lib\site-packages\pytest_asyncio\plugin.py:309: in setup
    res = await gen_obj.__anext__()
          ^^^^^^^^^^^^^^^^^^^^^^^^^
tests\conftest.py:48: in test_engine
    async with engine.begin() as conn:
               ^^^^^^^^^^^^^^
..\..\AppData\Local\Programs\Python\Python312\Lib\contextlib.py:210: in __aenter__
    return await anext(self.gen)
           ^^^^^^^^^^^^^^^^^^^^^
..\..\AppData\Local\Programs\Python\Python312\Lib\site-packages\sqlalchemy\ext\asyncio\engine.py:1066: in begin
    async with conn:
               ^^^^
..\..\AppData\Local\Programs\Python\Python312\Lib\site-packages\sqlalchemy\ext\asyncio\base.py:125: in __aenter__
    return await self.start(is_ctxmanager=True)
           ^^^^^^^^^^^^^^^^^^^^^^^^^^^^^^^^^^^^
..\..\AppData\Local\Programs\Python\Python312\Lib\site-packages\sqlalchemy\ext\asyncio\engine.py:270: in start
    await greenlet_spawn(self.sync_engine.connect)
..\..\AppData\Local\Programs\Python\Python312\Lib\site-packages\sqlalchemy\util\_concurrency_py3k.py:189: in greenlet_spawn
    result = context.switch(*args, **kwargs)
             ^^^^^^^^^^^^^^^^^^^^^^^^^^^^^^^
..\..\AppData\Local\Programs\Python\Python312\Lib\site-packages\sqlalchemy\engine\base.py:3269: in connect
    return self._connection_cls(self)
           ^^^^^^^^^^^^^^^^^^^^^^^^^^
..\..\AppData\Local\Programs\Python\Python312\Lib\site-packages\sqlalchemy\engine\base.py:145: in __init__
    self._dbapi_connection = engine.raw_connection()
                             ^^^^^^^^^^^^^^^^^^^^^^^
..\..\AppData\Local\Programs\Python\Python312\Lib\site-packages\sqlalchemy\engine\base.py:3293: in raw_connection
    return self.pool.connect()
           ^^^^^^^^^^^^^^^^^^^
..\..\AppData\Local\Programs\Python\Python312\Lib\site-packages\sqlalchemy\pool\base.py:452: in connect
    return _ConnectionFairy._checkout(self)
           ^^^^^^^^^^^^^^^^^^^^^^^^^^^^^^^^
..\..\AppData\Local\Programs\Python\Python312\Lib\site-packages\sqlalchemy\pool\base.py:1269: in _checkout
    fairy = _ConnectionRecord.checkout(pool)
            ^^^^^^^^^^^^^^^^^^^^^^^^^^^^^^^^
..\..\AppData\Local\Programs\Python\Python312\Lib\site-packages\sqlalchemy\pool\base.py:716: in checkout
    rec = pool._do_get()
          ^^^^^^^^^^^^^^
..\..\AppData\Local\Programs\Python\Python312\Lib\site-packages\sqlalchemy\pool\impl.py:169: in _do_get
    with util.safe_reraise():
         ^^^^^^^^^^^^^^^^^^^
..\..\AppData\Local\Programs\Python\Python312\Lib\site-packages\sqlalchemy\util\langhelpers.py:146: in __exit__
    raise exc_value.with_traceback(exc_tb)
..\..\AppData\Local\Programs\Python\Python312\Lib\site-packages\sqlalchemy\pool\impl.py:167: in _do_get
    return self._create_connection()
           ^^^^^^^^^^^^^^^^^^^^^^^^^
..\..\AppData\Local\Programs\Python\Python312\Lib\site-packages\sqlalchemy\pool\base.py:393: in _create_connection
    return _ConnectionRecord(self)
           ^^^^^^^^^^^^^^^^^^^^^^^
..\..\AppData\Local\Programs\Python\Python312\Lib\site-packages\sqlalchemy\pool\base.py:678: in __init__
    self.__connect()
..\..\AppData\Local\Programs\Python\Python312\Lib\site-packages\sqlalchemy\pool\base.py:902: in __connect
    with util.safe_reraise():
         ^^^^^^^^^^^^^^^^^^^
..\..\AppData\Local\Programs\Python\Python312\Lib\site-packages\sqlalchemy\util\langhelpers.py:146: in __exit__
    raise exc_value.with_traceback(exc_tb)
..\..\AppData\Local\Programs\Python\Python312\Lib\site-packages\sqlalchemy\pool\base.py:898: in __connect
    self.dbapi_connection = connection = pool._invoke_creator(self)
                                         ^^^^^^^^^^^^^^^^^^^^^^^^^^
..\..\AppData\Local\Programs\Python\Python312\Lib\site-packages\sqlalchemy\engine\create.py:645: in connect
    return dialect.connect(*cargs, **cparams)
           ^^^^^^^^^^^^^^^^^^^^^^^^^^^^^^^^^^
..\..\AppData\Local\Programs\Python\Python312\Lib\site-packages\sqlalchemy\engine\default.py:616: in connect
    return self.loaded_dbapi.connect(*cargs, **cparams)
           ^^^^^^^^^^^^^^^^^^^^^^^^^^^^^^^^^^^^^^^^^^^^
..\..\AppData\Local\Programs\Python\Python312\Lib\site-packages\sqlalchemy\dialects\postgresql\asyncpg.py:941: in connect
    await_only(creator_fn(*arg, **kw)),
               ^^^^^^^^^^^^^^^^^^^^^^
E   TypeError: connect() got an unexpected keyword argument 'sslmode'
______________ ERROR at setup of test_create_field_with_options _______________
..\..\AppData\Local\Programs\Python\Python312\Lib\site-packages\pytest_asyncio\plugin.py:458: in setup
    return super().setup()
           ^^^^^^^^^^^^^^^
..\..\AppData\Local\Programs\Python\Python312\Lib\site-packages\pytest_asyncio\plugin.py:313: in _asyncgen_fixture_wrapper
    result = runner.run(setup(), context=context)
             ^^^^^^^^^^^^^^^^^^^^^^^^^^^^^^^^^^^^
..\..\AppData\Local\Programs\Python\Python312\Lib\asyncio\runners.py:118: in run
    return self._loop.run_until_complete(task)
           ^^^^^^^^^^^^^^^^^^^^^^^^^^^^^^^^^^^
..\..\AppData\Local\Programs\Python\Python312\Lib\asyncio\base_events.py:691: in run_until_complete
    return future.result()
           ^^^^^^^^^^^^^^^
..\..\AppData\Local\Programs\Python\Python312\Lib\site-packages\pytest_asyncio\plugin.py:309: in setup
    res = await gen_obj.__anext__()
          ^^^^^^^^^^^^^^^^^^^^^^^^^
tests\conftest.py:48: in test_engine
    async with engine.begin() as conn:
               ^^^^^^^^^^^^^^
..\..\AppData\Local\Programs\Python\Python312\Lib\contextlib.py:210: in __aenter__
    return await anext(self.gen)
           ^^^^^^^^^^^^^^^^^^^^^
..\..\AppData\Local\Programs\Python\Python312\Lib\site-packages\sqlalchemy\ext\asyncio\engine.py:1066: in begin
    async with conn:
               ^^^^
..\..\AppData\Local\Programs\Python\Python312\Lib\site-packages\sqlalchemy\ext\asyncio\base.py:125: in __aenter__
    return await self.start(is_ctxmanager=True)
           ^^^^^^^^^^^^^^^^^^^^^^^^^^^^^^^^^^^^
..\..\AppData\Local\Programs\Python\Python312\Lib\site-packages\sqlalchemy\ext\asyncio\engine.py:270: in start
    await greenlet_spawn(self.sync_engine.connect)
..\..\AppData\Local\Programs\Python\Python312\Lib\site-packages\sqlalchemy\util\_concurrency_py3k.py:189: in greenlet_spawn
    result = context.switch(*args, **kwargs)
             ^^^^^^^^^^^^^^^^^^^^^^^^^^^^^^^
..\..\AppData\Local\Programs\Python\Python312\Lib\site-packages\sqlalchemy\engine\base.py:3269: in connect
    return self._connection_cls(self)
           ^^^^^^^^^^^^^^^^^^^^^^^^^^
..\..\AppData\Local\Programs\Python\Python312\Lib\site-packages\sqlalchemy\engine\base.py:145: in __init__
    self._dbapi_connection = engine.raw_connection()
                             ^^^^^^^^^^^^^^^^^^^^^^^
..\..\AppData\Local\Programs\Python\Python312\Lib\site-packages\sqlalchemy\engine\base.py:3293: in raw_connection
    return self.pool.connect()
           ^^^^^^^^^^^^^^^^^^^
..\..\AppData\Local\Programs\Python\Python312\Lib\site-packages\sqlalchemy\pool\base.py:452: in connect
    return _ConnectionFairy._checkout(self)
           ^^^^^^^^^^^^^^^^^^^^^^^^^^^^^^^^
..\..\AppData\Local\Programs\Python\Python312\Lib\site-packages\sqlalchemy\pool\base.py:1269: in _checkout
    fairy = _ConnectionRecord.checkout(pool)
            ^^^^^^^^^^^^^^^^^^^^^^^^^^^^^^^^
..\..\AppData\Local\Programs\Python\Python312\Lib\site-packages\sqlalchemy\pool\base.py:716: in checkout
    rec = pool._do_get()
          ^^^^^^^^^^^^^^
..\..\AppData\Local\Programs\Python\Python312\Lib\site-packages\sqlalchemy\pool\impl.py:169: in _do_get
    with util.safe_reraise():
         ^^^^^^^^^^^^^^^^^^^
..\..\AppData\Local\Programs\Python\Python312\Lib\site-packages\sqlalchemy\util\langhelpers.py:146: in __exit__
    raise exc_value.with_traceback(exc_tb)
..\..\AppData\Local\Programs\Python\Python312\Lib\site-packages\sqlalchemy\pool\impl.py:167: in _do_get
    return self._create_connection()
           ^^^^^^^^^^^^^^^^^^^^^^^^^
..\..\AppData\Local\Programs\Python\Python312\Lib\site-packages\sqlalchemy\pool\base.py:393: in _create_connection
    return _ConnectionRecord(self)
           ^^^^^^^^^^^^^^^^^^^^^^^
..\..\AppData\Local\Programs\Python\Python312\Lib\site-packages\sqlalchemy\pool\base.py:678: in __init__
    self.__connect()
..\..\AppData\Local\Programs\Python\Python312\Lib\site-packages\sqlalchemy\pool\base.py:902: in __connect
    with util.safe_reraise():
         ^^^^^^^^^^^^^^^^^^^
..\..\AppData\Local\Programs\Python\Python312\Lib\site-packages\sqlalchemy\util\langhelpers.py:146: in __exit__
    raise exc_value.with_traceback(exc_tb)
..\..\AppData\Local\Programs\Python\Python312\Lib\site-packages\sqlalchemy\pool\base.py:898: in __connect
    self.dbapi_connection = connection = pool._invoke_creator(self)
                                         ^^^^^^^^^^^^^^^^^^^^^^^^^^
..\..\AppData\Local\Programs\Python\Python312\Lib\site-packages\sqlalchemy\engine\create.py:645: in connect
    return dialect.connect(*cargs, **cparams)
           ^^^^^^^^^^^^^^^^^^^^^^^^^^^^^^^^^^
..\..\AppData\Local\Programs\Python\Python312\Lib\site-packages\sqlalchemy\engine\default.py:616: in connect
    return self.loaded_dbapi.connect(*cargs, **cparams)
           ^^^^^^^^^^^^^^^^^^^^^^^^^^^^^^^^^^^^^^^^^^^^
..\..\AppData\Local\Programs\Python\Python312\Lib\site-packages\sqlalchemy\dialects\postgresql\asyncpg.py:941: in connect
    await_only(creator_fn(*arg, **kw)),
               ^^^^^^^^^^^^^^^^^^^^^^
E   TypeError: connect() got an unexpected keyword argument 'sslmode'
__________________ ERROR at setup of test_list_fields_empty ___________________
..\..\AppData\Local\Programs\Python\Python312\Lib\site-packages\pytest_asyncio\plugin.py:458: in setup
    return super().setup()
           ^^^^^^^^^^^^^^^
..\..\AppData\Local\Programs\Python\Python312\Lib\site-packages\pytest_asyncio\plugin.py:313: in _asyncgen_fixture_wrapper
    result = runner.run(setup(), context=context)
             ^^^^^^^^^^^^^^^^^^^^^^^^^^^^^^^^^^^^
..\..\AppData\Local\Programs\Python\Python312\Lib\asyncio\runners.py:118: in run
    return self._loop.run_until_complete(task)
           ^^^^^^^^^^^^^^^^^^^^^^^^^^^^^^^^^^^
..\..\AppData\Local\Programs\Python\Python312\Lib\asyncio\base_events.py:691: in run_until_complete
    return future.result()
           ^^^^^^^^^^^^^^^
..\..\AppData\Local\Programs\Python\Python312\Lib\site-packages\pytest_asyncio\plugin.py:309: in setup
    res = await gen_obj.__anext__()
          ^^^^^^^^^^^^^^^^^^^^^^^^^
tests\conftest.py:48: in test_engine
    async with engine.begin() as conn:
               ^^^^^^^^^^^^^^
..\..\AppData\Local\Programs\Python\Python312\Lib\contextlib.py:210: in __aenter__
    return await anext(self.gen)
           ^^^^^^^^^^^^^^^^^^^^^
..\..\AppData\Local\Programs\Python\Python312\Lib\site-packages\sqlalchemy\ext\asyncio\engine.py:1066: in begin
    async with conn:
               ^^^^
..\..\AppData\Local\Programs\Python\Python312\Lib\site-packages\sqlalchemy\ext\asyncio\base.py:125: in __aenter__
    return await self.start(is_ctxmanager=True)
           ^^^^^^^^^^^^^^^^^^^^^^^^^^^^^^^^^^^^
..\..\AppData\Local\Programs\Python\Python312\Lib\site-packages\sqlalchemy\ext\asyncio\engine.py:270: in start
    await greenlet_spawn(self.sync_engine.connect)
..\..\AppData\Local\Programs\Python\Python312\Lib\site-packages\sqlalchemy\util\_concurrency_py3k.py:189: in greenlet_spawn
    result = context.switch(*args, **kwargs)
             ^^^^^^^^^^^^^^^^^^^^^^^^^^^^^^^
..\..\AppData\Local\Programs\Python\Python312\Lib\site-packages\sqlalchemy\engine\base.py:3269: in connect
    return self._connection_cls(self)
           ^^^^^^^^^^^^^^^^^^^^^^^^^^
..\..\AppData\Local\Programs\Python\Python312\Lib\site-packages\sqlalchemy\engine\base.py:145: in __init__
    self._dbapi_connection = engine.raw_connection()
                             ^^^^^^^^^^^^^^^^^^^^^^^
..\..\AppData\Local\Programs\Python\Python312\Lib\site-packages\sqlalchemy\engine\base.py:3293: in raw_connection
    return self.pool.connect()
           ^^^^^^^^^^^^^^^^^^^
..\..\AppData\Local\Programs\Python\Python312\Lib\site-packages\sqlalchemy\pool\base.py:452: in connect
    return _ConnectionFairy._checkout(self)
           ^^^^^^^^^^^^^^^^^^^^^^^^^^^^^^^^
..\..\AppData\Local\Programs\Python\Python312\Lib\site-packages\sqlalchemy\pool\base.py:1269: in _checkout
    fairy = _ConnectionRecord.checkout(pool)
            ^^^^^^^^^^^^^^^^^^^^^^^^^^^^^^^^
..\..\AppData\Local\Programs\Python\Python312\Lib\site-packages\sqlalchemy\pool\base.py:716: in checkout
    rec = pool._do_get()
          ^^^^^^^^^^^^^^
..\..\AppData\Local\Programs\Python\Python312\Lib\site-packages\sqlalchemy\pool\impl.py:169: in _do_get
    with util.safe_reraise():
         ^^^^^^^^^^^^^^^^^^^
..\..\AppData\Local\Programs\Python\Python312\Lib\site-packages\sqlalchemy\util\langhelpers.py:146: in __exit__
    raise exc_value.with_traceback(exc_tb)
..\..\AppData\Local\Programs\Python\Python312\Lib\site-packages\sqlalchemy\pool\impl.py:167: in _do_get
    return self._create_connection()
           ^^^^^^^^^^^^^^^^^^^^^^^^^
..\..\AppData\Local\Programs\Python\Python312\Lib\site-packages\sqlalchemy\pool\base.py:393: in _create_connection
    return _ConnectionRecord(self)
           ^^^^^^^^^^^^^^^^^^^^^^^
..\..\AppData\Local\Programs\Python\Python312\Lib\site-packages\sqlalchemy\pool\base.py:678: in __init__
    self.__connect()
..\..\AppData\Local\Programs\Python\Python312\Lib\site-packages\sqlalchemy\pool\base.py:902: in __connect
    with util.safe_reraise():
         ^^^^^^^^^^^^^^^^^^^
..\..\AppData\Local\Programs\Python\Python312\Lib\site-packages\sqlalchemy\util\langhelpers.py:146: in __exit__
    raise exc_value.with_traceback(exc_tb)
..\..\AppData\Local\Programs\Python\Python312\Lib\site-packages\sqlalchemy\pool\base.py:898: in __connect
    self.dbapi_connection = connection = pool._invoke_creator(self)
                                         ^^^^^^^^^^^^^^^^^^^^^^^^^^
..\..\AppData\Local\Programs\Python\Python312\Lib\site-packages\sqlalchemy\engine\create.py:645: in connect
    return dialect.connect(*cargs, **cparams)
           ^^^^^^^^^^^^^^^^^^^^^^^^^^^^^^^^^^
..\..\AppData\Local\Programs\Python\Python312\Lib\site-packages\sqlalchemy\engine\default.py:616: in connect
    return self.loaded_dbapi.connect(*cargs, **cparams)
           ^^^^^^^^^^^^^^^^^^^^^^^^^^^^^^^^^^^^^^^^^^^^
..\..\AppData\Local\Programs\Python\Python312\Lib\site-packages\sqlalchemy\dialects\postgresql\asyncpg.py:941: in connect
    await_only(creator_fn(*arg, **kw)),
               ^^^^^^^^^^^^^^^^^^^^^^
E   TypeError: connect() got an unexpected keyword argument 'sslmode'
_____________________ ERROR at setup of test_list_fields ______________________
..\..\AppData\Local\Programs\Python\Python312\Lib\site-packages\pytest_asyncio\plugin.py:458: in setup
    return super().setup()
           ^^^^^^^^^^^^^^^
..\..\AppData\Local\Programs\Python\Python312\Lib\site-packages\pytest_asyncio\plugin.py:313: in _asyncgen_fixture_wrapper
    result = runner.run(setup(), context=context)
             ^^^^^^^^^^^^^^^^^^^^^^^^^^^^^^^^^^^^
..\..\AppData\Local\Programs\Python\Python312\Lib\asyncio\runners.py:118: in run
    return self._loop.run_until_complete(task)
           ^^^^^^^^^^^^^^^^^^^^^^^^^^^^^^^^^^^
..\..\AppData\Local\Programs\Python\Python312\Lib\asyncio\base_events.py:691: in run_until_complete
    return future.result()
           ^^^^^^^^^^^^^^^
..\..\AppData\Local\Programs\Python\Python312\Lib\site-packages\pytest_asyncio\plugin.py:309: in setup
    res = await gen_obj.__anext__()
          ^^^^^^^^^^^^^^^^^^^^^^^^^
tests\conftest.py:48: in test_engine
    async with engine.begin() as conn:
               ^^^^^^^^^^^^^^
..\..\AppData\Local\Programs\Python\Python312\Lib\contextlib.py:210: in __aenter__
    return await anext(self.gen)
           ^^^^^^^^^^^^^^^^^^^^^
..\..\AppData\Local\Programs\Python\Python312\Lib\site-packages\sqlalchemy\ext\asyncio\engine.py:1066: in begin
    async with conn:
               ^^^^
..\..\AppData\Local\Programs\Python\Python312\Lib\site-packages\sqlalchemy\ext\asyncio\base.py:125: in __aenter__
    return await self.start(is_ctxmanager=True)
           ^^^^^^^^^^^^^^^^^^^^^^^^^^^^^^^^^^^^
..\..\AppData\Local\Programs\Python\Python312\Lib\site-packages\sqlalchemy\ext\asyncio\engine.py:270: in start
    await greenlet_spawn(self.sync_engine.connect)
..\..\AppData\Local\Programs\Python\Python312\Lib\site-packages\sqlalchemy\util\_concurrency_py3k.py:189: in greenlet_spawn
    result = context.switch(*args, **kwargs)
             ^^^^^^^^^^^^^^^^^^^^^^^^^^^^^^^
..\..\AppData\Local\Programs\Python\Python312\Lib\site-packages\sqlalchemy\engine\base.py:3269: in connect
    return self._connection_cls(self)
           ^^^^^^^^^^^^^^^^^^^^^^^^^^
..\..\AppData\Local\Programs\Python\Python312\Lib\site-packages\sqlalchemy\engine\base.py:145: in __init__
    self._dbapi_connection = engine.raw_connection()
                             ^^^^^^^^^^^^^^^^^^^^^^^
..\..\AppData\Local\Programs\Python\Python312\Lib\site-packages\sqlalchemy\engine\base.py:3293: in raw_connection
    return self.pool.connect()
           ^^^^^^^^^^^^^^^^^^^
..\..\AppData\Local\Programs\Python\Python312\Lib\site-packages\sqlalchemy\pool\base.py:452: in connect
    return _ConnectionFairy._checkout(self)
           ^^^^^^^^^^^^^^^^^^^^^^^^^^^^^^^^
..\..\AppData\Local\Programs\Python\Python312\Lib\site-packages\sqlalchemy\pool\base.py:1269: in _checkout
    fairy = _ConnectionRecord.checkout(pool)
            ^^^^^^^^^^^^^^^^^^^^^^^^^^^^^^^^
..\..\AppData\Local\Programs\Python\Python312\Lib\site-packages\sqlalchemy\pool\base.py:716: in checkout
    rec = pool._do_get()
          ^^^^^^^^^^^^^^
..\..\AppData\Local\Programs\Python\Python312\Lib\site-packages\sqlalchemy\pool\impl.py:169: in _do_get
    with util.safe_reraise():
         ^^^^^^^^^^^^^^^^^^^
..\..\AppData\Local\Programs\Python\Python312\Lib\site-packages\sqlalchemy\util\langhelpers.py:146: in __exit__
    raise exc_value.with_traceback(exc_tb)
..\..\AppData\Local\Programs\Python\Python312\Lib\site-packages\sqlalchemy\pool\impl.py:167: in _do_get
    return self._create_connection()
           ^^^^^^^^^^^^^^^^^^^^^^^^^
..\..\AppData\Local\Programs\Python\Python312\Lib\site-packages\sqlalchemy\pool\base.py:393: in _create_connection
    return _ConnectionRecord(self)
           ^^^^^^^^^^^^^^^^^^^^^^^
..\..\AppData\Local\Programs\Python\Python312\Lib\site-packages\sqlalchemy\pool\base.py:678: in __init__
    self.__connect()
..\..\AppData\Local\Programs\Python\Python312\Lib\site-packages\sqlalchemy\pool\base.py:902: in __connect
    with util.safe_reraise():
         ^^^^^^^^^^^^^^^^^^^
..\..\AppData\Local\Programs\Python\Python312\Lib\site-packages\sqlalchemy\util\langhelpers.py:146: in __exit__
    raise exc_value.with_traceback(exc_tb)
..\..\AppData\Local\Programs\Python\Python312\Lib\site-packages\sqlalchemy\pool\base.py:898: in __connect
    self.dbapi_connection = connection = pool._invoke_creator(self)
                                         ^^^^^^^^^^^^^^^^^^^^^^^^^^
..\..\AppData\Local\Programs\Python\Python312\Lib\site-packages\sqlalchemy\engine\create.py:645: in connect
    return dialect.connect(*cargs, **cparams)
           ^^^^^^^^^^^^^^^^^^^^^^^^^^^^^^^^^^
..\..\AppData\Local\Programs\Python\Python312\Lib\site-packages\sqlalchemy\engine\default.py:616: in connect
    return self.loaded_dbapi.connect(*cargs, **cparams)
           ^^^^^^^^^^^^^^^^^^^^^^^^^^^^^^^^^^^^^^^^^^^^
..\..\AppData\Local\Programs\Python\Python312\Lib\site-packages\sqlalchemy\dialects\postgresql\asyncpg.py:941: in connect
    await_only(creator_fn(*arg, **kw)),
               ^^^^^^^^^^^^^^^^^^^^^^
E   TypeError: connect() got an unexpected keyword argument 'sslmode'
_____________ ERROR at setup of test_list_fields_filter_by_table ______________
..\..\AppData\Local\Programs\Python\Python312\Lib\site-packages\pytest_asyncio\plugin.py:458: in setup
    return super().setup()
           ^^^^^^^^^^^^^^^
..\..\AppData\Local\Programs\Python\Python312\Lib\site-packages\pytest_asyncio\plugin.py:313: in _asyncgen_fixture_wrapper
    result = runner.run(setup(), context=context)
             ^^^^^^^^^^^^^^^^^^^^^^^^^^^^^^^^^^^^
..\..\AppData\Local\Programs\Python\Python312\Lib\asyncio\runners.py:118: in run
    return self._loop.run_until_complete(task)
           ^^^^^^^^^^^^^^^^^^^^^^^^^^^^^^^^^^^
..\..\AppData\Local\Programs\Python\Python312\Lib\asyncio\base_events.py:691: in run_until_complete
    return future.result()
           ^^^^^^^^^^^^^^^
..\..\AppData\Local\Programs\Python\Python312\Lib\site-packages\pytest_asyncio\plugin.py:309: in setup
    res = await gen_obj.__anext__()
          ^^^^^^^^^^^^^^^^^^^^^^^^^
tests\conftest.py:48: in test_engine
    async with engine.begin() as conn:
               ^^^^^^^^^^^^^^
..\..\AppData\Local\Programs\Python\Python312\Lib\contextlib.py:210: in __aenter__
    return await anext(self.gen)
           ^^^^^^^^^^^^^^^^^^^^^
..\..\AppData\Local\Programs\Python\Python312\Lib\site-packages\sqlalchemy\ext\asyncio\engine.py:1066: in begin
    async with conn:
               ^^^^
..\..\AppData\Local\Programs\Python\Python312\Lib\site-packages\sqlalchemy\ext\asyncio\base.py:125: in __aenter__
    return await self.start(is_ctxmanager=True)
           ^^^^^^^^^^^^^^^^^^^^^^^^^^^^^^^^^^^^
..\..\AppData\Local\Programs\Python\Python312\Lib\site-packages\sqlalchemy\ext\asyncio\engine.py:270: in start
    await greenlet_spawn(self.sync_engine.connect)
..\..\AppData\Local\Programs\Python\Python312\Lib\site-packages\sqlalchemy\util\_concurrency_py3k.py:189: in greenlet_spawn
    result = context.switch(*args, **kwargs)
             ^^^^^^^^^^^^^^^^^^^^^^^^^^^^^^^
..\..\AppData\Local\Programs\Python\Python312\Lib\site-packages\sqlalchemy\engine\base.py:3269: in connect
    return self._connection_cls(self)
           ^^^^^^^^^^^^^^^^^^^^^^^^^^
..\..\AppData\Local\Programs\Python\Python312\Lib\site-packages\sqlalchemy\engine\base.py:145: in __init__
    self._dbapi_connection = engine.raw_connection()
                             ^^^^^^^^^^^^^^^^^^^^^^^
..\..\AppData\Local\Programs\Python\Python312\Lib\site-packages\sqlalchemy\engine\base.py:3293: in raw_connection
    return self.pool.connect()
           ^^^^^^^^^^^^^^^^^^^
..\..\AppData\Local\Programs\Python\Python312\Lib\site-packages\sqlalchemy\pool\base.py:452: in connect
    return _ConnectionFairy._checkout(self)
           ^^^^^^^^^^^^^^^^^^^^^^^^^^^^^^^^
..\..\AppData\Local\Programs\Python\Python312\Lib\site-packages\sqlalchemy\pool\base.py:1269: in _checkout
    fairy = _ConnectionRecord.checkout(pool)
            ^^^^^^^^^^^^^^^^^^^^^^^^^^^^^^^^
..\..\AppData\Local\Programs\Python\Python312\Lib\site-packages\sqlalchemy\pool\base.py:716: in checkout
    rec = pool._do_get()
          ^^^^^^^^^^^^^^
..\..\AppData\Local\Programs\Python\Python312\Lib\site-packages\sqlalchemy\pool\impl.py:169: in _do_get
    with util.safe_reraise():
         ^^^^^^^^^^^^^^^^^^^
..\..\AppData\Local\Programs\Python\Python312\Lib\site-packages\sqlalchemy\util\langhelpers.py:146: in __exit__
    raise exc_value.with_traceback(exc_tb)
..\..\AppData\Local\Programs\Python\Python312\Lib\site-packages\sqlalchemy\pool\impl.py:167: in _do_get
    return self._create_connection()
           ^^^^^^^^^^^^^^^^^^^^^^^^^
..\..\AppData\Local\Programs\Python\Python312\Lib\site-packages\sqlalchemy\pool\base.py:393: in _create_connection
    return _ConnectionRecord(self)
           ^^^^^^^^^^^^^^^^^^^^^^^
..\..\AppData\Local\Programs\Python\Python312\Lib\site-packages\sqlalchemy\pool\base.py:678: in __init__
    self.__connect()
..\..\AppData\Local\Programs\Python\Python312\Lib\site-packages\sqlalchemy\pool\base.py:902: in __connect
    with util.safe_reraise():
         ^^^^^^^^^^^^^^^^^^^
..\..\AppData\Local\Programs\Python\Python312\Lib\site-packages\sqlalchemy\util\langhelpers.py:146: in __exit__
    raise exc_value.with_traceback(exc_tb)
..\..\AppData\Local\Programs\Python\Python312\Lib\site-packages\sqlalchemy\pool\base.py:898: in __connect
    self.dbapi_connection = connection = pool._invoke_creator(self)
                                         ^^^^^^^^^^^^^^^^^^^^^^^^^^
..\..\AppData\Local\Programs\Python\Python312\Lib\site-packages\sqlalchemy\engine\create.py:645: in connect
    return dialect.connect(*cargs, **cparams)
           ^^^^^^^^^^^^^^^^^^^^^^^^^^^^^^^^^^
..\..\AppData\Local\Programs\Python\Python312\Lib\site-packages\sqlalchemy\engine\default.py:616: in connect
    return self.loaded_dbapi.connect(*cargs, **cparams)
           ^^^^^^^^^^^^^^^^^^^^^^^^^^^^^^^^^^^^^^^^^^^^
..\..\AppData\Local\Programs\Python\Python312\Lib\site-packages\sqlalchemy\dialects\postgresql\asyncpg.py:941: in connect
    await_only(creator_fn(*arg, **kw)),
               ^^^^^^^^^^^^^^^^^^^^^^
E   TypeError: connect() got an unexpected keyword argument 'sslmode'
______________________ ERROR at setup of test_get_field _______________________
..\..\AppData\Local\Programs\Python\Python312\Lib\site-packages\pytest_asyncio\plugin.py:458: in setup
    return super().setup()
           ^^^^^^^^^^^^^^^
..\..\AppData\Local\Programs\Python\Python312\Lib\site-packages\pytest_asyncio\plugin.py:313: in _asyncgen_fixture_wrapper
    result = runner.run(setup(), context=context)
             ^^^^^^^^^^^^^^^^^^^^^^^^^^^^^^^^^^^^
..\..\AppData\Local\Programs\Python\Python312\Lib\asyncio\runners.py:118: in run
    return self._loop.run_until_complete(task)
           ^^^^^^^^^^^^^^^^^^^^^^^^^^^^^^^^^^^
..\..\AppData\Local\Programs\Python\Python312\Lib\asyncio\base_events.py:691: in run_until_complete
    return future.result()
           ^^^^^^^^^^^^^^^
..\..\AppData\Local\Programs\Python\Python312\Lib\site-packages\pytest_asyncio\plugin.py:309: in setup
    res = await gen_obj.__anext__()
          ^^^^^^^^^^^^^^^^^^^^^^^^^
tests\conftest.py:48: in test_engine
    async with engine.begin() as conn:
               ^^^^^^^^^^^^^^
..\..\AppData\Local\Programs\Python\Python312\Lib\contextlib.py:210: in __aenter__
    return await anext(self.gen)
           ^^^^^^^^^^^^^^^^^^^^^
..\..\AppData\Local\Programs\Python\Python312\Lib\site-packages\sqlalchemy\ext\asyncio\engine.py:1066: in begin
    async with conn:
               ^^^^
..\..\AppData\Local\Programs\Python\Python312\Lib\site-packages\sqlalchemy\ext\asyncio\base.py:125: in __aenter__
    return await self.start(is_ctxmanager=True)
           ^^^^^^^^^^^^^^^^^^^^^^^^^^^^^^^^^^^^
..\..\AppData\Local\Programs\Python\Python312\Lib\site-packages\sqlalchemy\ext\asyncio\engine.py:270: in start
    await greenlet_spawn(self.sync_engine.connect)
..\..\AppData\Local\Programs\Python\Python312\Lib\site-packages\sqlalchemy\util\_concurrency_py3k.py:189: in greenlet_spawn
    result = context.switch(*args, **kwargs)
             ^^^^^^^^^^^^^^^^^^^^^^^^^^^^^^^
..\..\AppData\Local\Programs\Python\Python312\Lib\site-packages\sqlalchemy\engine\base.py:3269: in connect
    return self._connection_cls(self)
           ^^^^^^^^^^^^^^^^^^^^^^^^^^
..\..\AppData\Local\Programs\Python\Python312\Lib\site-packages\sqlalchemy\engine\base.py:145: in __init__
    self._dbapi_connection = engine.raw_connection()
                             ^^^^^^^^^^^^^^^^^^^^^^^
..\..\AppData\Local\Programs\Python\Python312\Lib\site-packages\sqlalchemy\engine\base.py:3293: in raw_connection
    return self.pool.connect()
           ^^^^^^^^^^^^^^^^^^^
..\..\AppData\Local\Programs\Python\Python312\Lib\site-packages\sqlalchemy\pool\base.py:452: in connect
    return _ConnectionFairy._checkout(self)
           ^^^^^^^^^^^^^^^^^^^^^^^^^^^^^^^^
..\..\AppData\Local\Programs\Python\Python312\Lib\site-packages\sqlalchemy\pool\base.py:1269: in _checkout
    fairy = _ConnectionRecord.checkout(pool)
            ^^^^^^^^^^^^^^^^^^^^^^^^^^^^^^^^
..\..\AppData\Local\Programs\Python\Python312\Lib\site-packages\sqlalchemy\pool\base.py:716: in checkout
    rec = pool._do_get()
          ^^^^^^^^^^^^^^
..\..\AppData\Local\Programs\Python\Python312\Lib\site-packages\sqlalchemy\pool\impl.py:169: in _do_get
    with util.safe_reraise():
         ^^^^^^^^^^^^^^^^^^^
..\..\AppData\Local\Programs\Python\Python312\Lib\site-packages\sqlalchemy\util\langhelpers.py:146: in __exit__
    raise exc_value.with_traceback(exc_tb)
..\..\AppData\Local\Programs\Python\Python312\Lib\site-packages\sqlalchemy\pool\impl.py:167: in _do_get
    return self._create_connection()
           ^^^^^^^^^^^^^^^^^^^^^^^^^
..\..\AppData\Local\Programs\Python\Python312\Lib\site-packages\sqlalchemy\pool\base.py:393: in _create_connection
    return _ConnectionRecord(self)
           ^^^^^^^^^^^^^^^^^^^^^^^
..\..\AppData\Local\Programs\Python\Python312\Lib\site-packages\sqlalchemy\pool\base.py:678: in __init__
    self.__connect()
..\..\AppData\Local\Programs\Python\Python312\Lib\site-packages\sqlalchemy\pool\base.py:902: in __connect
    with util.safe_reraise():
         ^^^^^^^^^^^^^^^^^^^
..\..\AppData\Local\Programs\Python\Python312\Lib\site-packages\sqlalchemy\util\langhelpers.py:146: in __exit__
    raise exc_value.with_traceback(exc_tb)
..\..\AppData\Local\Programs\Python\Python312\Lib\site-packages\sqlalchemy\pool\base.py:898: in __connect
    self.dbapi_connection = connection = pool._invoke_creator(self)
                                         ^^^^^^^^^^^^^^^^^^^^^^^^^^
..\..\AppData\Local\Programs\Python\Python312\Lib\site-packages\sqlalchemy\engine\create.py:645: in connect
    return dialect.connect(*cargs, **cparams)
           ^^^^^^^^^^^^^^^^^^^^^^^^^^^^^^^^^^
..\..\AppData\Local\Programs\Python\Python312\Lib\site-packages\sqlalchemy\engine\default.py:616: in connect
    return self.loaded_dbapi.connect(*cargs, **cparams)
           ^^^^^^^^^^^^^^^^^^^^^^^^^^^^^^^^^^^^^^^^^^^^
..\..\AppData\Local\Programs\Python\Python312\Lib\site-packages\sqlalchemy\dialects\postgresql\asyncpg.py:941: in connect
    await_only(creator_fn(*arg, **kw)),
               ^^^^^^^^^^^^^^^^^^^^^^
E   TypeError: connect() got an unexpected keyword argument 'sslmode'
_________________ ERROR at setup of test_get_field_not_found __________________
..\..\AppData\Local\Programs\Python\Python312\Lib\site-packages\pytest_asyncio\plugin.py:458: in setup
    return super().setup()
           ^^^^^^^^^^^^^^^
..\..\AppData\Local\Programs\Python\Python312\Lib\site-packages\pytest_asyncio\plugin.py:313: in _asyncgen_fixture_wrapper
    result = runner.run(setup(), context=context)
             ^^^^^^^^^^^^^^^^^^^^^^^^^^^^^^^^^^^^
..\..\AppData\Local\Programs\Python\Python312\Lib\asyncio\runners.py:118: in run
    return self._loop.run_until_complete(task)
           ^^^^^^^^^^^^^^^^^^^^^^^^^^^^^^^^^^^
..\..\AppData\Local\Programs\Python\Python312\Lib\asyncio\base_events.py:691: in run_until_complete
    return future.result()
           ^^^^^^^^^^^^^^^
..\..\AppData\Local\Programs\Python\Python312\Lib\site-packages\pytest_asyncio\plugin.py:309: in setup
    res = await gen_obj.__anext__()
          ^^^^^^^^^^^^^^^^^^^^^^^^^
tests\conftest.py:48: in test_engine
    async with engine.begin() as conn:
               ^^^^^^^^^^^^^^
..\..\AppData\Local\Programs\Python\Python312\Lib\contextlib.py:210: in __aenter__
    return await anext(self.gen)
           ^^^^^^^^^^^^^^^^^^^^^
..\..\AppData\Local\Programs\Python\Python312\Lib\site-packages\sqlalchemy\ext\asyncio\engine.py:1066: in begin
    async with conn:
               ^^^^
..\..\AppData\Local\Programs\Python\Python312\Lib\site-packages\sqlalchemy\ext\asyncio\base.py:125: in __aenter__
    return await self.start(is_ctxmanager=True)
           ^^^^^^^^^^^^^^^^^^^^^^^^^^^^^^^^^^^^
..\..\AppData\Local\Programs\Python\Python312\Lib\site-packages\sqlalchemy\ext\asyncio\engine.py:270: in start
    await greenlet_spawn(self.sync_engine.connect)
..\..\AppData\Local\Programs\Python\Python312\Lib\site-packages\sqlalchemy\util\_concurrency_py3k.py:189: in greenlet_spawn
    result = context.switch(*args, **kwargs)
             ^^^^^^^^^^^^^^^^^^^^^^^^^^^^^^^
..\..\AppData\Local\Programs\Python\Python312\Lib\site-packages\sqlalchemy\engine\base.py:3269: in connect
    return self._connection_cls(self)
           ^^^^^^^^^^^^^^^^^^^^^^^^^^
..\..\AppData\Local\Programs\Python\Python312\Lib\site-packages\sqlalchemy\engine\base.py:145: in __init__
    self._dbapi_connection = engine.raw_connection()
                             ^^^^^^^^^^^^^^^^^^^^^^^
..\..\AppData\Local\Programs\Python\Python312\Lib\site-packages\sqlalchemy\engine\base.py:3293: in raw_connection
    return self.pool.connect()
           ^^^^^^^^^^^^^^^^^^^
..\..\AppData\Local\Programs\Python\Python312\Lib\site-packages\sqlalchemy\pool\base.py:452: in connect
    return _ConnectionFairy._checkout(self)
           ^^^^^^^^^^^^^^^^^^^^^^^^^^^^^^^^
..\..\AppData\Local\Programs\Python\Python312\Lib\site-packages\sqlalchemy\pool\base.py:1269: in _checkout
    fairy = _ConnectionRecord.checkout(pool)
            ^^^^^^^^^^^^^^^^^^^^^^^^^^^^^^^^
..\..\AppData\Local\Programs\Python\Python312\Lib\site-packages\sqlalchemy\pool\base.py:716: in checkout
    rec = pool._do_get()
          ^^^^^^^^^^^^^^
..\..\AppData\Local\Programs\Python\Python312\Lib\site-packages\sqlalchemy\pool\impl.py:169: in _do_get
    with util.safe_reraise():
         ^^^^^^^^^^^^^^^^^^^
..\..\AppData\Local\Programs\Python\Python312\Lib\site-packages\sqlalchemy\util\langhelpers.py:146: in __exit__
    raise exc_value.with_traceback(exc_tb)
..\..\AppData\Local\Programs\Python\Python312\Lib\site-packages\sqlalchemy\pool\impl.py:167: in _do_get
    return self._create_connection()
           ^^^^^^^^^^^^^^^^^^^^^^^^^
..\..\AppData\Local\Programs\Python\Python312\Lib\site-packages\sqlalchemy\pool\base.py:393: in _create_connection
    return _ConnectionRecord(self)
           ^^^^^^^^^^^^^^^^^^^^^^^
..\..\AppData\Local\Programs\Python\Python312\Lib\site-packages\sqlalchemy\pool\base.py:678: in __init__
    self.__connect()
..\..\AppData\Local\Programs\Python\Python312\Lib\site-packages\sqlalchemy\pool\base.py:902: in __connect
    with util.safe_reraise():
         ^^^^^^^^^^^^^^^^^^^
..\..\AppData\Local\Programs\Python\Python312\Lib\site-packages\sqlalchemy\util\langhelpers.py:146: in __exit__
    raise exc_value.with_traceback(exc_tb)
..\..\AppData\Local\Programs\Python\Python312\Lib\site-packages\sqlalchemy\pool\base.py:898: in __connect
    self.dbapi_connection = connection = pool._invoke_creator(self)
                                         ^^^^^^^^^^^^^^^^^^^^^^^^^^
..\..\AppData\Local\Programs\Python\Python312\Lib\site-packages\sqlalchemy\engine\create.py:645: in connect
    return dialect.connect(*cargs, **cparams)
           ^^^^^^^^^^^^^^^^^^^^^^^^^^^^^^^^^^
..\..\AppData\Local\Programs\Python\Python312\Lib\site-packages\sqlalchemy\engine\default.py:616: in connect
    return self.loaded_dbapi.connect(*cargs, **cparams)
           ^^^^^^^^^^^^^^^^^^^^^^^^^^^^^^^^^^^^^^^^^^^^
..\..\AppData\Local\Programs\Python\Python312\Lib\site-packages\sqlalchemy\dialects\postgresql\asyncpg.py:941: in connect
    await_only(creator_fn(*arg, **kw)),
               ^^^^^^^^^^^^^^^^^^^^^^
E   TypeError: connect() got an unexpected keyword argument 'sslmode'
_________________ ERROR at setup of test_get_field_invalid_id _________________
..\..\AppData\Local\Programs\Python\Python312\Lib\site-packages\pytest_asyncio\plugin.py:458: in setup
    return super().setup()
           ^^^^^^^^^^^^^^^
..\..\AppData\Local\Programs\Python\Python312\Lib\site-packages\pytest_asyncio\plugin.py:313: in _asyncgen_fixture_wrapper
    result = runner.run(setup(), context=context)
             ^^^^^^^^^^^^^^^^^^^^^^^^^^^^^^^^^^^^
..\..\AppData\Local\Programs\Python\Python312\Lib\asyncio\runners.py:118: in run
    return self._loop.run_until_complete(task)
           ^^^^^^^^^^^^^^^^^^^^^^^^^^^^^^^^^^^
..\..\AppData\Local\Programs\Python\Python312\Lib\asyncio\base_events.py:691: in run_until_complete
    return future.result()
           ^^^^^^^^^^^^^^^
..\..\AppData\Local\Programs\Python\Python312\Lib\site-packages\pytest_asyncio\plugin.py:309: in setup
    res = await gen_obj.__anext__()
          ^^^^^^^^^^^^^^^^^^^^^^^^^
tests\conftest.py:48: in test_engine
    async with engine.begin() as conn:
               ^^^^^^^^^^^^^^
..\..\AppData\Local\Programs\Python\Python312\Lib\contextlib.py:210: in __aenter__
    return await anext(self.gen)
           ^^^^^^^^^^^^^^^^^^^^^
..\..\AppData\Local\Programs\Python\Python312\Lib\site-packages\sqlalchemy\ext\asyncio\engine.py:1066: in begin
    async with conn:
               ^^^^
..\..\AppData\Local\Programs\Python\Python312\Lib\site-packages\sqlalchemy\ext\asyncio\base.py:125: in __aenter__
    return await self.start(is_ctxmanager=True)
           ^^^^^^^^^^^^^^^^^^^^^^^^^^^^^^^^^^^^
..\..\AppData\Local\Programs\Python\Python312\Lib\site-packages\sqlalchemy\ext\asyncio\engine.py:270: in start
    await greenlet_spawn(self.sync_engine.connect)
..\..\AppData\Local\Programs\Python\Python312\Lib\site-packages\sqlalchemy\util\_concurrency_py3k.py:189: in greenlet_spawn
    result = context.switch(*args, **kwargs)
             ^^^^^^^^^^^^^^^^^^^^^^^^^^^^^^^
..\..\AppData\Local\Programs\Python\Python312\Lib\site-packages\sqlalchemy\engine\base.py:3269: in connect
    return self._connection_cls(self)
           ^^^^^^^^^^^^^^^^^^^^^^^^^^
..\..\AppData\Local\Programs\Python\Python312\Lib\site-packages\sqlalchemy\engine\base.py:145: in __init__
    self._dbapi_connection = engine.raw_connection()
                             ^^^^^^^^^^^^^^^^^^^^^^^
..\..\AppData\Local\Programs\Python\Python312\Lib\site-packages\sqlalchemy\engine\base.py:3293: in raw_connection
    return self.pool.connect()
           ^^^^^^^^^^^^^^^^^^^
..\..\AppData\Local\Programs\Python\Python312\Lib\site-packages\sqlalchemy\pool\base.py:452: in connect
    return _ConnectionFairy._checkout(self)
           ^^^^^^^^^^^^^^^^^^^^^^^^^^^^^^^^
..\..\AppData\Local\Programs\Python\Python312\Lib\site-packages\sqlalchemy\pool\base.py:1269: in _checkout
    fairy = _ConnectionRecord.checkout(pool)
            ^^^^^^^^^^^^^^^^^^^^^^^^^^^^^^^^
..\..\AppData\Local\Programs\Python\Python312\Lib\site-packages\sqlalchemy\pool\base.py:716: in checkout
    rec = pool._do_get()
          ^^^^^^^^^^^^^^
..\..\AppData\Local\Programs\Python\Python312\Lib\site-packages\sqlalchemy\pool\impl.py:169: in _do_get
    with util.safe_reraise():
         ^^^^^^^^^^^^^^^^^^^
..\..\AppData\Local\Programs\Python\Python312\Lib\site-packages\sqlalchemy\util\langhelpers.py:146: in __exit__
    raise exc_value.with_traceback(exc_tb)
..\..\AppData\Local\Programs\Python\Python312\Lib\site-packages\sqlalchemy\pool\impl.py:167: in _do_get
    return self._create_connection()
           ^^^^^^^^^^^^^^^^^^^^^^^^^
..\..\AppData\Local\Programs\Python\Python312\Lib\site-packages\sqlalchemy\pool\base.py:393: in _create_connection
    return _ConnectionRecord(self)
           ^^^^^^^^^^^^^^^^^^^^^^^
..\..\AppData\Local\Programs\Python\Python312\Lib\site-packages\sqlalchemy\pool\base.py:678: in __init__
    self.__connect()
..\..\AppData\Local\Programs\Python\Python312\Lib\site-packages\sqlalchemy\pool\base.py:902: in __connect
    with util.safe_reraise():
         ^^^^^^^^^^^^^^^^^^^
..\..\AppData\Local\Programs\Python\Python312\Lib\site-packages\sqlalchemy\util\langhelpers.py:146: in __exit__
    raise exc_value.with_traceback(exc_tb)
..\..\AppData\Local\Programs\Python\Python312\Lib\site-packages\sqlalchemy\pool\base.py:898: in __connect
    self.dbapi_connection = connection = pool._invoke_creator(self)
                                         ^^^^^^^^^^^^^^^^^^^^^^^^^^
..\..\AppData\Local\Programs\Python\Python312\Lib\site-packages\sqlalchemy\engine\create.py:645: in connect
    return dialect.connect(*cargs, **cparams)
           ^^^^^^^^^^^^^^^^^^^^^^^^^^^^^^^^^^
..\..\AppData\Local\Programs\Python\Python312\Lib\site-packages\sqlalchemy\engine\default.py:616: in connect
    return self.loaded_dbapi.connect(*cargs, **cparams)
           ^^^^^^^^^^^^^^^^^^^^^^^^^^^^^^^^^^^^^^^^^^^^
..\..\AppData\Local\Programs\Python\Python312\Lib\site-packages\sqlalchemy\dialects\postgresql\asyncpg.py:941: in connect
    await_only(creator_fn(*arg, **kw)),
               ^^^^^^^^^^^^^^^^^^^^^^
E   TypeError: connect() got an unexpected keyword argument 'sslmode'
_____________________ ERROR at setup of test_update_field _____________________
..\..\AppData\Local\Programs\Python\Python312\Lib\site-packages\pytest_asyncio\plugin.py:458: in setup
    return super().setup()
           ^^^^^^^^^^^^^^^
..\..\AppData\Local\Programs\Python\Python312\Lib\site-packages\pytest_asyncio\plugin.py:313: in _asyncgen_fixture_wrapper
    result = runner.run(setup(), context=context)
             ^^^^^^^^^^^^^^^^^^^^^^^^^^^^^^^^^^^^
..\..\AppData\Local\Programs\Python\Python312\Lib\asyncio\runners.py:118: in run
    return self._loop.run_until_complete(task)
           ^^^^^^^^^^^^^^^^^^^^^^^^^^^^^^^^^^^
..\..\AppData\Local\Programs\Python\Python312\Lib\asyncio\base_events.py:691: in run_until_complete
    return future.result()
           ^^^^^^^^^^^^^^^
..\..\AppData\Local\Programs\Python\Python312\Lib\site-packages\pytest_asyncio\plugin.py:309: in setup
    res = await gen_obj.__anext__()
          ^^^^^^^^^^^^^^^^^^^^^^^^^
tests\conftest.py:48: in test_engine
    async with engine.begin() as conn:
               ^^^^^^^^^^^^^^
..\..\AppData\Local\Programs\Python\Python312\Lib\contextlib.py:210: in __aenter__
    return await anext(self.gen)
           ^^^^^^^^^^^^^^^^^^^^^
..\..\AppData\Local\Programs\Python\Python312\Lib\site-packages\sqlalchemy\ext\asyncio\engine.py:1066: in begin
    async with conn:
               ^^^^
..\..\AppData\Local\Programs\Python\Python312\Lib\site-packages\sqlalchemy\ext\asyncio\base.py:125: in __aenter__
    return await self.start(is_ctxmanager=True)
           ^^^^^^^^^^^^^^^^^^^^^^^^^^^^^^^^^^^^
..\..\AppData\Local\Programs\Python\Python312\Lib\site-packages\sqlalchemy\ext\asyncio\engine.py:270: in start
    await greenlet_spawn(self.sync_engine.connect)
..\..\AppData\Local\Programs\Python\Python312\Lib\site-packages\sqlalchemy\util\_concurrency_py3k.py:189: in greenlet_spawn
    result = context.switch(*args, **kwargs)
             ^^^^^^^^^^^^^^^^^^^^^^^^^^^^^^^
..\..\AppData\Local\Programs\Python\Python312\Lib\site-packages\sqlalchemy\engine\base.py:3269: in connect
    return self._connection_cls(self)
           ^^^^^^^^^^^^^^^^^^^^^^^^^^
..\..\AppData\Local\Programs\Python\Python312\Lib\site-packages\sqlalchemy\engine\base.py:145: in __init__
    self._dbapi_connection = engine.raw_connection()
                             ^^^^^^^^^^^^^^^^^^^^^^^
..\..\AppData\Local\Programs\Python\Python312\Lib\site-packages\sqlalchemy\engine\base.py:3293: in raw_connection
    return self.pool.connect()
           ^^^^^^^^^^^^^^^^^^^
..\..\AppData\Local\Programs\Python\Python312\Lib\site-packages\sqlalchemy\pool\base.py:452: in connect
    return _ConnectionFairy._checkout(self)
           ^^^^^^^^^^^^^^^^^^^^^^^^^^^^^^^^
..\..\AppData\Local\Programs\Python\Python312\Lib\site-packages\sqlalchemy\pool\base.py:1269: in _checkout
    fairy = _ConnectionRecord.checkout(pool)
            ^^^^^^^^^^^^^^^^^^^^^^^^^^^^^^^^
..\..\AppData\Local\Programs\Python\Python312\Lib\site-packages\sqlalchemy\pool\base.py:716: in checkout
    rec = pool._do_get()
          ^^^^^^^^^^^^^^
..\..\AppData\Local\Programs\Python\Python312\Lib\site-packages\sqlalchemy\pool\impl.py:169: in _do_get
    with util.safe_reraise():
         ^^^^^^^^^^^^^^^^^^^
..\..\AppData\Local\Programs\Python\Python312\Lib\site-packages\sqlalchemy\util\langhelpers.py:146: in __exit__
    raise exc_value.with_traceback(exc_tb)
..\..\AppData\Local\Programs\Python\Python312\Lib\site-packages\sqlalchemy\pool\impl.py:167: in _do_get
    return self._create_connection()
           ^^^^^^^^^^^^^^^^^^^^^^^^^
..\..\AppData\Local\Programs\Python\Python312\Lib\site-packages\sqlalchemy\pool\base.py:393: in _create_connection
    return _ConnectionRecord(self)
           ^^^^^^^^^^^^^^^^^^^^^^^
..\..\AppData\Local\Programs\Python\Python312\Lib\site-packages\sqlalchemy\pool\base.py:678: in __init__
    self.__connect()
..\..\AppData\Local\Programs\Python\Python312\Lib\site-packages\sqlalchemy\pool\base.py:902: in __connect
    with util.safe_reraise():
         ^^^^^^^^^^^^^^^^^^^
..\..\AppData\Local\Programs\Python\Python312\Lib\site-packages\sqlalchemy\util\langhelpers.py:146: in __exit__
    raise exc_value.with_traceback(exc_tb)
..\..\AppData\Local\Programs\Python\Python312\Lib\site-packages\sqlalchemy\pool\base.py:898: in __connect
    self.dbapi_connection = connection = pool._invoke_creator(self)
                                         ^^^^^^^^^^^^^^^^^^^^^^^^^^
..\..\AppData\Local\Programs\Python\Python312\Lib\site-packages\sqlalchemy\engine\create.py:645: in connect
    return dialect.connect(*cargs, **cparams)
           ^^^^^^^^^^^^^^^^^^^^^^^^^^^^^^^^^^
..\..\AppData\Local\Programs\Python\Python312\Lib\site-packages\sqlalchemy\engine\default.py:616: in connect
    return self.loaded_dbapi.connect(*cargs, **cparams)
           ^^^^^^^^^^^^^^^^^^^^^^^^^^^^^^^^^^^^^^^^^^^^
..\..\AppData\Local\Programs\Python\Python312\Lib\site-packages\sqlalchemy\dialects\postgresql\asyncpg.py:941: in connect
    await_only(creator_fn(*arg, **kw)),
               ^^^^^^^^^^^^^^^^^^^^^^
E   TypeError: connect() got an unexpected keyword argument 'sslmode'
_______________ ERROR at setup of test_update_field_non_member ________________
..\..\AppData\Local\Programs\Python\Python312\Lib\site-packages\pytest_asyncio\plugin.py:458: in setup
    return super().setup()
           ^^^^^^^^^^^^^^^
..\..\AppData\Local\Programs\Python\Python312\Lib\site-packages\pytest_asyncio\plugin.py:313: in _asyncgen_fixture_wrapper
    result = runner.run(setup(), context=context)
             ^^^^^^^^^^^^^^^^^^^^^^^^^^^^^^^^^^^^
..\..\AppData\Local\Programs\Python\Python312\Lib\asyncio\runners.py:118: in run
    return self._loop.run_until_complete(task)
           ^^^^^^^^^^^^^^^^^^^^^^^^^^^^^^^^^^^
..\..\AppData\Local\Programs\Python\Python312\Lib\asyncio\base_events.py:691: in run_until_complete
    return future.result()
           ^^^^^^^^^^^^^^^
..\..\AppData\Local\Programs\Python\Python312\Lib\site-packages\pytest_asyncio\plugin.py:309: in setup
    res = await gen_obj.__anext__()
          ^^^^^^^^^^^^^^^^^^^^^^^^^
tests\conftest.py:48: in test_engine
    async with engine.begin() as conn:
               ^^^^^^^^^^^^^^
..\..\AppData\Local\Programs\Python\Python312\Lib\contextlib.py:210: in __aenter__
    return await anext(self.gen)
           ^^^^^^^^^^^^^^^^^^^^^
..\..\AppData\Local\Programs\Python\Python312\Lib\site-packages\sqlalchemy\ext\asyncio\engine.py:1066: in begin
    async with conn:
               ^^^^
..\..\AppData\Local\Programs\Python\Python312\Lib\site-packages\sqlalchemy\ext\asyncio\base.py:125: in __aenter__
    return await self.start(is_ctxmanager=True)
           ^^^^^^^^^^^^^^^^^^^^^^^^^^^^^^^^^^^^
..\..\AppData\Local\Programs\Python\Python312\Lib\site-packages\sqlalchemy\ext\asyncio\engine.py:270: in start
    await greenlet_spawn(self.sync_engine.connect)
..\..\AppData\Local\Programs\Python\Python312\Lib\site-packages\sqlalchemy\util\_concurrency_py3k.py:189: in greenlet_spawn
    result = context.switch(*args, **kwargs)
             ^^^^^^^^^^^^^^^^^^^^^^^^^^^^^^^
..\..\AppData\Local\Programs\Python\Python312\Lib\site-packages\sqlalchemy\engine\base.py:3269: in connect
    return self._connection_cls(self)
           ^^^^^^^^^^^^^^^^^^^^^^^^^^
..\..\AppData\Local\Programs\Python\Python312\Lib\site-packages\sqlalchemy\engine\base.py:145: in __init__
    self._dbapi_connection = engine.raw_connection()
                             ^^^^^^^^^^^^^^^^^^^^^^^
..\..\AppData\Local\Programs\Python\Python312\Lib\site-packages\sqlalchemy\engine\base.py:3293: in raw_connection
    return self.pool.connect()
           ^^^^^^^^^^^^^^^^^^^
..\..\AppData\Local\Programs\Python\Python312\Lib\site-packages\sqlalchemy\pool\base.py:452: in connect
    return _ConnectionFairy._checkout(self)
           ^^^^^^^^^^^^^^^^^^^^^^^^^^^^^^^^
..\..\AppData\Local\Programs\Python\Python312\Lib\site-packages\sqlalchemy\pool\base.py:1269: in _checkout
    fairy = _ConnectionRecord.checkout(pool)
            ^^^^^^^^^^^^^^^^^^^^^^^^^^^^^^^^
..\..\AppData\Local\Programs\Python\Python312\Lib\site-packages\sqlalchemy\pool\base.py:716: in checkout
    rec = pool._do_get()
          ^^^^^^^^^^^^^^
..\..\AppData\Local\Programs\Python\Python312\Lib\site-packages\sqlalchemy\pool\impl.py:169: in _do_get
    with util.safe_reraise():
         ^^^^^^^^^^^^^^^^^^^
..\..\AppData\Local\Programs\Python\Python312\Lib\site-packages\sqlalchemy\util\langhelpers.py:146: in __exit__
    raise exc_value.with_traceback(exc_tb)
..\..\AppData\Local\Programs\Python\Python312\Lib\site-packages\sqlalchemy\pool\impl.py:167: in _do_get
    return self._create_connection()
           ^^^^^^^^^^^^^^^^^^^^^^^^^
..\..\AppData\Local\Programs\Python\Python312\Lib\site-packages\sqlalchemy\pool\base.py:393: in _create_connection
    return _ConnectionRecord(self)
           ^^^^^^^^^^^^^^^^^^^^^^^
..\..\AppData\Local\Programs\Python\Python312\Lib\site-packages\sqlalchemy\pool\base.py:678: in __init__
    self.__connect()
..\..\AppData\Local\Programs\Python\Python312\Lib\site-packages\sqlalchemy\pool\base.py:902: in __connect
    with util.safe_reraise():
         ^^^^^^^^^^^^^^^^^^^
..\..\AppData\Local\Programs\Python\Python312\Lib\site-packages\sqlalchemy\util\langhelpers.py:146: in __exit__
    raise exc_value.with_traceback(exc_tb)
..\..\AppData\Local\Programs\Python\Python312\Lib\site-packages\sqlalchemy\pool\base.py:898: in __connect
    self.dbapi_connection = connection = pool._invoke_creator(self)
                                         ^^^^^^^^^^^^^^^^^^^^^^^^^^
..\..\AppData\Local\Programs\Python\Python312\Lib\site-packages\sqlalchemy\engine\create.py:645: in connect
    return dialect.connect(*cargs, **cparams)
           ^^^^^^^^^^^^^^^^^^^^^^^^^^^^^^^^^^
..\..\AppData\Local\Programs\Python\Python312\Lib\site-packages\sqlalchemy\engine\default.py:616: in connect
    return self.loaded_dbapi.connect(*cargs, **cparams)
           ^^^^^^^^^^^^^^^^^^^^^^^^^^^^^^^^^^^^^^^^^^^^
..\..\AppData\Local\Programs\Python\Python312\Lib\site-packages\sqlalchemy\dialects\postgresql\asyncpg.py:941: in connect
    await_only(creator_fn(*arg, **kw)),
               ^^^^^^^^^^^^^^^^^^^^^^
E   TypeError: connect() got an unexpected keyword argument 'sslmode'
_____________________ ERROR at setup of test_delete_field _____________________
..\..\AppData\Local\Programs\Python\Python312\Lib\site-packages\pytest_asyncio\plugin.py:458: in setup
    return super().setup()
           ^^^^^^^^^^^^^^^
..\..\AppData\Local\Programs\Python\Python312\Lib\site-packages\pytest_asyncio\plugin.py:313: in _asyncgen_fixture_wrapper
    result = runner.run(setup(), context=context)
             ^^^^^^^^^^^^^^^^^^^^^^^^^^^^^^^^^^^^
..\..\AppData\Local\Programs\Python\Python312\Lib\asyncio\runners.py:118: in run
    return self._loop.run_until_complete(task)
           ^^^^^^^^^^^^^^^^^^^^^^^^^^^^^^^^^^^
..\..\AppData\Local\Programs\Python\Python312\Lib\asyncio\base_events.py:691: in run_until_complete
    return future.result()
           ^^^^^^^^^^^^^^^
..\..\AppData\Local\Programs\Python\Python312\Lib\site-packages\pytest_asyncio\plugin.py:309: in setup
    res = await gen_obj.__anext__()
          ^^^^^^^^^^^^^^^^^^^^^^^^^
tests\conftest.py:48: in test_engine
    async with engine.begin() as conn:
               ^^^^^^^^^^^^^^
..\..\AppData\Local\Programs\Python\Python312\Lib\contextlib.py:210: in __aenter__
    return await anext(self.gen)
           ^^^^^^^^^^^^^^^^^^^^^
..\..\AppData\Local\Programs\Python\Python312\Lib\site-packages\sqlalchemy\ext\asyncio\engine.py:1066: in begin
    async with conn:
               ^^^^
..\..\AppData\Local\Programs\Python\Python312\Lib\site-packages\sqlalchemy\ext\asyncio\base.py:125: in __aenter__
    return await self.start(is_ctxmanager=True)
           ^^^^^^^^^^^^^^^^^^^^^^^^^^^^^^^^^^^^
..\..\AppData\Local\Programs\Python\Python312\Lib\site-packages\sqlalchemy\ext\asyncio\engine.py:270: in start
    await greenlet_spawn(self.sync_engine.connect)
..\..\AppData\Local\Programs\Python\Python312\Lib\site-packages\sqlalchemy\util\_concurrency_py3k.py:189: in greenlet_spawn
    result = context.switch(*args, **kwargs)
             ^^^^^^^^^^^^^^^^^^^^^^^^^^^^^^^
..\..\AppData\Local\Programs\Python\Python312\Lib\site-packages\sqlalchemy\engine\base.py:3269: in connect
    return self._connection_cls(self)
           ^^^^^^^^^^^^^^^^^^^^^^^^^^
..\..\AppData\Local\Programs\Python\Python312\Lib\site-packages\sqlalchemy\engine\base.py:145: in __init__
    self._dbapi_connection = engine.raw_connection()
                             ^^^^^^^^^^^^^^^^^^^^^^^
..\..\AppData\Local\Programs\Python\Python312\Lib\site-packages\sqlalchemy\engine\base.py:3293: in raw_connection
    return self.pool.connect()
           ^^^^^^^^^^^^^^^^^^^
..\..\AppData\Local\Programs\Python\Python312\Lib\site-packages\sqlalchemy\pool\base.py:452: in connect
    return _ConnectionFairy._checkout(self)
           ^^^^^^^^^^^^^^^^^^^^^^^^^^^^^^^^
..\..\AppData\Local\Programs\Python\Python312\Lib\site-packages\sqlalchemy\pool\base.py:1269: in _checkout
    fairy = _ConnectionRecord.checkout(pool)
            ^^^^^^^^^^^^^^^^^^^^^^^^^^^^^^^^
..\..\AppData\Local\Programs\Python\Python312\Lib\site-packages\sqlalchemy\pool\base.py:716: in checkout
    rec = pool._do_get()
          ^^^^^^^^^^^^^^
..\..\AppData\Local\Programs\Python\Python312\Lib\site-packages\sqlalchemy\pool\impl.py:169: in _do_get
    with util.safe_reraise():
         ^^^^^^^^^^^^^^^^^^^
..\..\AppData\Local\Programs\Python\Python312\Lib\site-packages\sqlalchemy\util\langhelpers.py:146: in __exit__
    raise exc_value.with_traceback(exc_tb)
..\..\AppData\Local\Programs\Python\Python312\Lib\site-packages\sqlalchemy\pool\impl.py:167: in _do_get
    return self._create_connection()
           ^^^^^^^^^^^^^^^^^^^^^^^^^
..\..\AppData\Local\Programs\Python\Python312\Lib\site-packages\sqlalchemy\pool\base.py:393: in _create_connection
    return _ConnectionRecord(self)
           ^^^^^^^^^^^^^^^^^^^^^^^
..\..\AppData\Local\Programs\Python\Python312\Lib\site-packages\sqlalchemy\pool\base.py:678: in __init__
    self.__connect()
..\..\AppData\Local\Programs\Python\Python312\Lib\site-packages\sqlalchemy\pool\base.py:902: in __connect
    with util.safe_reraise():
         ^^^^^^^^^^^^^^^^^^^
..\..\AppData\Local\Programs\Python\Python312\Lib\site-packages\sqlalchemy\util\langhelpers.py:146: in __exit__
    raise exc_value.with_traceback(exc_tb)
..\..\AppData\Local\Programs\Python\Python312\Lib\site-packages\sqlalchemy\pool\base.py:898: in __connect
    self.dbapi_connection = connection = pool._invoke_creator(self)
                                         ^^^^^^^^^^^^^^^^^^^^^^^^^^
..\..\AppData\Local\Programs\Python\Python312\Lib\site-packages\sqlalchemy\engine\create.py:645: in connect
    return dialect.connect(*cargs, **cparams)
           ^^^^^^^^^^^^^^^^^^^^^^^^^^^^^^^^^^
..\..\AppData\Local\Programs\Python\Python312\Lib\site-packages\sqlalchemy\engine\default.py:616: in connect
    return self.loaded_dbapi.connect(*cargs, **cparams)
           ^^^^^^^^^^^^^^^^^^^^^^^^^^^^^^^^^^^^^^^^^^^^
..\..\AppData\Local\Programs\Python\Python312\Lib\site-packages\sqlalchemy\dialects\postgresql\asyncpg.py:941: in connect
    await_only(creator_fn(*arg, **kw)),
               ^^^^^^^^^^^^^^^^^^^^^^
E   TypeError: connect() got an unexpected keyword argument 'sslmode'
________________ ERROR at setup of test_delete_field_non_owner ________________
..\..\AppData\Local\Programs\Python\Python312\Lib\site-packages\pytest_asyncio\plugin.py:458: in setup
    return super().setup()
           ^^^^^^^^^^^^^^^
..\..\AppData\Local\Programs\Python\Python312\Lib\site-packages\pytest_asyncio\plugin.py:313: in _asyncgen_fixture_wrapper
    result = runner.run(setup(), context=context)
             ^^^^^^^^^^^^^^^^^^^^^^^^^^^^^^^^^^^^
..\..\AppData\Local\Programs\Python\Python312\Lib\asyncio\runners.py:118: in run
    return self._loop.run_until_complete(task)
           ^^^^^^^^^^^^^^^^^^^^^^^^^^^^^^^^^^^
..\..\AppData\Local\Programs\Python\Python312\Lib\asyncio\base_events.py:691: in run_until_complete
    return future.result()
           ^^^^^^^^^^^^^^^
..\..\AppData\Local\Programs\Python\Python312\Lib\site-packages\pytest_asyncio\plugin.py:309: in setup
    res = await gen_obj.__anext__()
          ^^^^^^^^^^^^^^^^^^^^^^^^^
tests\conftest.py:48: in test_engine
    async with engine.begin() as conn:
               ^^^^^^^^^^^^^^
..\..\AppData\Local\Programs\Python\Python312\Lib\contextlib.py:210: in __aenter__
    return await anext(self.gen)
           ^^^^^^^^^^^^^^^^^^^^^
..\..\AppData\Local\Programs\Python\Python312\Lib\site-packages\sqlalchemy\ext\asyncio\engine.py:1066: in begin
    async with conn:
               ^^^^
..\..\AppData\Local\Programs\Python\Python312\Lib\site-packages\sqlalchemy\ext\asyncio\base.py:125: in __aenter__
    return await self.start(is_ctxmanager=True)
           ^^^^^^^^^^^^^^^^^^^^^^^^^^^^^^^^^^^^
..\..\AppData\Local\Programs\Python\Python312\Lib\site-packages\sqlalchemy\ext\asyncio\engine.py:270: in start
    await greenlet_spawn(self.sync_engine.connect)
..\..\AppData\Local\Programs\Python\Python312\Lib\site-packages\sqlalchemy\util\_concurrency_py3k.py:189: in greenlet_spawn
    result = context.switch(*args, **kwargs)
             ^^^^^^^^^^^^^^^^^^^^^^^^^^^^^^^
..\..\AppData\Local\Programs\Python\Python312\Lib\site-packages\sqlalchemy\engine\base.py:3269: in connect
    return self._connection_cls(self)
           ^^^^^^^^^^^^^^^^^^^^^^^^^^
..\..\AppData\Local\Programs\Python\Python312\Lib\site-packages\sqlalchemy\engine\base.py:145: in __init__
    self._dbapi_connection = engine.raw_connection()
                             ^^^^^^^^^^^^^^^^^^^^^^^
..\..\AppData\Local\Programs\Python\Python312\Lib\site-packages\sqlalchemy\engine\base.py:3293: in raw_connection
    return self.pool.connect()
           ^^^^^^^^^^^^^^^^^^^
..\..\AppData\Local\Programs\Python\Python312\Lib\site-packages\sqlalchemy\pool\base.py:452: in connect
    return _ConnectionFairy._checkout(self)
           ^^^^^^^^^^^^^^^^^^^^^^^^^^^^^^^^
..\..\AppData\Local\Programs\Python\Python312\Lib\site-packages\sqlalchemy\pool\base.py:1269: in _checkout
    fairy = _ConnectionRecord.checkout(pool)
            ^^^^^^^^^^^^^^^^^^^^^^^^^^^^^^^^
..\..\AppData\Local\Programs\Python\Python312\Lib\site-packages\sqlalchemy\pool\base.py:716: in checkout
    rec = pool._do_get()
          ^^^^^^^^^^^^^^
..\..\AppData\Local\Programs\Python\Python312\Lib\site-packages\sqlalchemy\pool\impl.py:169: in _do_get
    with util.safe_reraise():
         ^^^^^^^^^^^^^^^^^^^
..\..\AppData\Local\Programs\Python\Python312\Lib\site-packages\sqlalchemy\util\langhelpers.py:146: in __exit__
    raise exc_value.with_traceback(exc_tb)
..\..\AppData\Local\Programs\Python\Python312\Lib\site-packages\sqlalchemy\pool\impl.py:167: in _do_get
    return self._create_connection()
           ^^^^^^^^^^^^^^^^^^^^^^^^^
..\..\AppData\Local\Programs\Python\Python312\Lib\site-packages\sqlalchemy\pool\base.py:393: in _create_connection
    return _ConnectionRecord(self)
           ^^^^^^^^^^^^^^^^^^^^^^^
..\..\AppData\Local\Programs\Python\Python312\Lib\site-packages\sqlalchemy\pool\base.py:678: in __init__
    self.__connect()
..\..\AppData\Local\Programs\Python\Python312\Lib\site-packages\sqlalchemy\pool\base.py:902: in __connect
    with util.safe_reraise():
         ^^^^^^^^^^^^^^^^^^^
..\..\AppData\Local\Programs\Python\Python312\Lib\site-packages\sqlalchemy\util\langhelpers.py:146: in __exit__
    raise exc_value.with_traceback(exc_tb)
..\..\AppData\Local\Programs\Python\Python312\Lib\site-packages\sqlalchemy\pool\base.py:898: in __connect
    self.dbapi_connection = connection = pool._invoke_creator(self)
                                         ^^^^^^^^^^^^^^^^^^^^^^^^^^
..\..\AppData\Local\Programs\Python\Python312\Lib\site-packages\sqlalchemy\engine\create.py:645: in connect
    return dialect.connect(*cargs, **cparams)
           ^^^^^^^^^^^^^^^^^^^^^^^^^^^^^^^^^^
..\..\AppData\Local\Programs\Python\Python312\Lib\site-packages\sqlalchemy\engine\default.py:616: in connect
    return self.loaded_dbapi.connect(*cargs, **cparams)
           ^^^^^^^^^^^^^^^^^^^^^^^^^^^^^^^^^^^^^^^^^^^^
..\..\AppData\Local\Programs\Python\Python312\Lib\site-packages\sqlalchemy\dialects\postgresql\asyncpg.py:941: in connect
    await_only(creator_fn(*arg, **kw)),
               ^^^^^^^^^^^^^^^^^^^^^^
E   TypeError: connect() got an unexpected keyword argument 'sslmode'
______________ ERROR at setup of test_create_field_with_position ______________
..\..\AppData\Local\Programs\Python\Python312\Lib\site-packages\pytest_asyncio\plugin.py:458: in setup
    return super().setup()
           ^^^^^^^^^^^^^^^
..\..\AppData\Local\Programs\Python\Python312\Lib\site-packages\pytest_asyncio\plugin.py:313: in _asyncgen_fixture_wrapper
    result = runner.run(setup(), context=context)
             ^^^^^^^^^^^^^^^^^^^^^^^^^^^^^^^^^^^^
..\..\AppData\Local\Programs\Python\Python312\Lib\asyncio\runners.py:118: in run
    return self._loop.run_until_complete(task)
           ^^^^^^^^^^^^^^^^^^^^^^^^^^^^^^^^^^^
..\..\AppData\Local\Programs\Python\Python312\Lib\asyncio\base_events.py:691: in run_until_complete
    return future.result()
           ^^^^^^^^^^^^^^^
..\..\AppData\Local\Programs\Python\Python312\Lib\site-packages\pytest_asyncio\plugin.py:309: in setup
    res = await gen_obj.__anext__()
          ^^^^^^^^^^^^^^^^^^^^^^^^^
tests\conftest.py:48: in test_engine
    async with engine.begin() as conn:
               ^^^^^^^^^^^^^^
..\..\AppData\Local\Programs\Python\Python312\Lib\contextlib.py:210: in __aenter__
    return await anext(self.gen)
           ^^^^^^^^^^^^^^^^^^^^^
..\..\AppData\Local\Programs\Python\Python312\Lib\site-packages\sqlalchemy\ext\asyncio\engine.py:1066: in begin
    async with conn:
               ^^^^
..\..\AppData\Local\Programs\Python\Python312\Lib\site-packages\sqlalchemy\ext\asyncio\base.py:125: in __aenter__
    return await self.start(is_ctxmanager=True)
           ^^^^^^^^^^^^^^^^^^^^^^^^^^^^^^^^^^^^
..\..\AppData\Local\Programs\Python\Python312\Lib\site-packages\sqlalchemy\ext\asyncio\engine.py:270: in start
    await greenlet_spawn(self.sync_engine.connect)
..\..\AppData\Local\Programs\Python\Python312\Lib\site-packages\sqlalchemy\util\_concurrency_py3k.py:189: in greenlet_spawn
    result = context.switch(*args, **kwargs)
             ^^^^^^^^^^^^^^^^^^^^^^^^^^^^^^^
..\..\AppData\Local\Programs\Python\Python312\Lib\site-packages\sqlalchemy\engine\base.py:3269: in connect
    return self._connection_cls(self)
           ^^^^^^^^^^^^^^^^^^^^^^^^^^
..\..\AppData\Local\Programs\Python\Python312\Lib\site-packages\sqlalchemy\engine\base.py:145: in __init__
    self._dbapi_connection = engine.raw_connection()
                             ^^^^^^^^^^^^^^^^^^^^^^^
..\..\AppData\Local\Programs\Python\Python312\Lib\site-packages\sqlalchemy\engine\base.py:3293: in raw_connection
    return self.pool.connect()
           ^^^^^^^^^^^^^^^^^^^
..\..\AppData\Local\Programs\Python\Python312\Lib\site-packages\sqlalchemy\pool\base.py:452: in connect
    return _ConnectionFairy._checkout(self)
           ^^^^^^^^^^^^^^^^^^^^^^^^^^^^^^^^
..\..\AppData\Local\Programs\Python\Python312\Lib\site-packages\sqlalchemy\pool\base.py:1269: in _checkout
    fairy = _ConnectionRecord.checkout(pool)
            ^^^^^^^^^^^^^^^^^^^^^^^^^^^^^^^^
..\..\AppData\Local\Programs\Python\Python312\Lib\site-packages\sqlalchemy\pool\base.py:716: in checkout
    rec = pool._do_get()
          ^^^^^^^^^^^^^^
..\..\AppData\Local\Programs\Python\Python312\Lib\site-packages\sqlalchemy\pool\impl.py:169: in _do_get
    with util.safe_reraise():
         ^^^^^^^^^^^^^^^^^^^
..\..\AppData\Local\Programs\Python\Python312\Lib\site-packages\sqlalchemy\util\langhelpers.py:146: in __exit__
    raise exc_value.with_traceback(exc_tb)
..\..\AppData\Local\Programs\Python\Python312\Lib\site-packages\sqlalchemy\pool\impl.py:167: in _do_get
    return self._create_connection()
           ^^^^^^^^^^^^^^^^^^^^^^^^^
..\..\AppData\Local\Programs\Python\Python312\Lib\site-packages\sqlalchemy\pool\base.py:393: in _create_connection
    return _ConnectionRecord(self)
           ^^^^^^^^^^^^^^^^^^^^^^^
..\..\AppData\Local\Programs\Python\Python312\Lib\site-packages\sqlalchemy\pool\base.py:678: in __init__
    self.__connect()
..\..\AppData\Local\Programs\Python\Python312\Lib\site-packages\sqlalchemy\pool\base.py:902: in __connect
    with util.safe_reraise():
         ^^^^^^^^^^^^^^^^^^^
..\..\AppData\Local\Programs\Python\Python312\Lib\site-packages\sqlalchemy\util\langhelpers.py:146: in __exit__
    raise exc_value.with_traceback(exc_tb)
..\..\AppData\Local\Programs\Python\Python312\Lib\site-packages\sqlalchemy\pool\base.py:898: in __connect
    self.dbapi_connection = connection = pool._invoke_creator(self)
                                         ^^^^^^^^^^^^^^^^^^^^^^^^^^
..\..\AppData\Local\Programs\Python\Python312\Lib\site-packages\sqlalchemy\engine\create.py:645: in connect
    return dialect.connect(*cargs, **cparams)
           ^^^^^^^^^^^^^^^^^^^^^^^^^^^^^^^^^^
..\..\AppData\Local\Programs\Python\Python312\Lib\site-packages\sqlalchemy\engine\default.py:616: in connect
    return self.loaded_dbapi.connect(*cargs, **cparams)
           ^^^^^^^^^^^^^^^^^^^^^^^^^^^^^^^^^^^^^^^^^^^^
..\..\AppData\Local\Programs\Python\Python312\Lib\site-packages\sqlalchemy\dialects\postgresql\asyncpg.py:941: in connect
    await_only(creator_fn(*arg, **kw)),
               ^^^^^^^^^^^^^^^^^^^^^^
E   TypeError: connect() got an unexpected keyword argument 'sslmode'
_____________________ ERROR at setup of test_health_check _____________________
..\..\AppData\Local\Programs\Python\Python312\Lib\site-packages\pytest_asyncio\plugin.py:458: in setup
    return super().setup()
           ^^^^^^^^^^^^^^^
..\..\AppData\Local\Programs\Python\Python312\Lib\site-packages\pytest_asyncio\plugin.py:313: in _asyncgen_fixture_wrapper
    result = runner.run(setup(), context=context)
             ^^^^^^^^^^^^^^^^^^^^^^^^^^^^^^^^^^^^
..\..\AppData\Local\Programs\Python\Python312\Lib\asyncio\runners.py:118: in run
    return self._loop.run_until_complete(task)
           ^^^^^^^^^^^^^^^^^^^^^^^^^^^^^^^^^^^
..\..\AppData\Local\Programs\Python\Python312\Lib\asyncio\base_events.py:691: in run_until_complete
    return future.result()
           ^^^^^^^^^^^^^^^
..\..\AppData\Local\Programs\Python\Python312\Lib\site-packages\pytest_asyncio\plugin.py:309: in setup
    res = await gen_obj.__anext__()
          ^^^^^^^^^^^^^^^^^^^^^^^^^
tests\conftest.py:48: in test_engine
    async with engine.begin() as conn:
               ^^^^^^^^^^^^^^
..\..\AppData\Local\Programs\Python\Python312\Lib\contextlib.py:210: in __aenter__
    return await anext(self.gen)
           ^^^^^^^^^^^^^^^^^^^^^
..\..\AppData\Local\Programs\Python\Python312\Lib\site-packages\sqlalchemy\ext\asyncio\engine.py:1066: in begin
    async with conn:
               ^^^^
..\..\AppData\Local\Programs\Python\Python312\Lib\site-packages\sqlalchemy\ext\asyncio\base.py:125: in __aenter__
    return await self.start(is_ctxmanager=True)
           ^^^^^^^^^^^^^^^^^^^^^^^^^^^^^^^^^^^^
..\..\AppData\Local\Programs\Python\Python312\Lib\site-packages\sqlalchemy\ext\asyncio\engine.py:270: in start
    await greenlet_spawn(self.sync_engine.connect)
..\..\AppData\Local\Programs\Python\Python312\Lib\site-packages\sqlalchemy\util\_concurrency_py3k.py:189: in greenlet_spawn
    result = context.switch(*args, **kwargs)
             ^^^^^^^^^^^^^^^^^^^^^^^^^^^^^^^
..\..\AppData\Local\Programs\Python\Python312\Lib\site-packages\sqlalchemy\engine\base.py:3269: in connect
    return self._connection_cls(self)
           ^^^^^^^^^^^^^^^^^^^^^^^^^^
..\..\AppData\Local\Programs\Python\Python312\Lib\site-packages\sqlalchemy\engine\base.py:145: in __init__
    self._dbapi_connection = engine.raw_connection()
                             ^^^^^^^^^^^^^^^^^^^^^^^
..\..\AppData\Local\Programs\Python\Python312\Lib\site-packages\sqlalchemy\engine\base.py:3293: in raw_connection
    return self.pool.connect()
           ^^^^^^^^^^^^^^^^^^^
..\..\AppData\Local\Programs\Python\Python312\Lib\site-packages\sqlalchemy\pool\base.py:452: in connect
    return _ConnectionFairy._checkout(self)
           ^^^^^^^^^^^^^^^^^^^^^^^^^^^^^^^^
..\..\AppData\Local\Programs\Python\Python312\Lib\site-packages\sqlalchemy\pool\base.py:1269: in _checkout
    fairy = _ConnectionRecord.checkout(pool)
            ^^^^^^^^^^^^^^^^^^^^^^^^^^^^^^^^
..\..\AppData\Local\Programs\Python\Python312\Lib\site-packages\sqlalchemy\pool\base.py:716: in checkout
    rec = pool._do_get()
          ^^^^^^^^^^^^^^
..\..\AppData\Local\Programs\Python\Python312\Lib\site-packages\sqlalchemy\pool\impl.py:169: in _do_get
    with util.safe_reraise():
         ^^^^^^^^^^^^^^^^^^^
..\..\AppData\Local\Programs\Python\Python312\Lib\site-packages\sqlalchemy\util\langhelpers.py:146: in __exit__
    raise exc_value.with_traceback(exc_tb)
..\..\AppData\Local\Programs\Python\Python312\Lib\site-packages\sqlalchemy\pool\impl.py:167: in _do_get
    return self._create_connection()
           ^^^^^^^^^^^^^^^^^^^^^^^^^
..\..\AppData\Local\Programs\Python\Python312\Lib\site-packages\sqlalchemy\pool\base.py:393: in _create_connection
    return _ConnectionRecord(self)
           ^^^^^^^^^^^^^^^^^^^^^^^
..\..\AppData\Local\Programs\Python\Python312\Lib\site-packages\sqlalchemy\pool\base.py:678: in __init__
    self.__connect()
..\..\AppData\Local\Programs\Python\Python312\Lib\site-packages\sqlalchemy\pool\base.py:902: in __connect
    with util.safe_reraise():
         ^^^^^^^^^^^^^^^^^^^
..\..\AppData\Local\Programs\Python\Python312\Lib\site-packages\sqlalchemy\util\langhelpers.py:146: in __exit__
    raise exc_value.with_traceback(exc_tb)
..\..\AppData\Local\Programs\Python\Python312\Lib\site-packages\sqlalchemy\pool\base.py:898: in __connect
    self.dbapi_connection = connection = pool._invoke_creator(self)
                                         ^^^^^^^^^^^^^^^^^^^^^^^^^^
..\..\AppData\Local\Programs\Python\Python312\Lib\site-packages\sqlalchemy\engine\create.py:645: in connect
    return dialect.connect(*cargs, **cparams)
           ^^^^^^^^^^^^^^^^^^^^^^^^^^^^^^^^^^
..\..\AppData\Local\Programs\Python\Python312\Lib\site-packages\sqlalchemy\engine\default.py:616: in connect
    return self.loaded_dbapi.connect(*cargs, **cparams)
           ^^^^^^^^^^^^^^^^^^^^^^^^^^^^^^^^^^^^^^^^^^^^
..\..\AppData\Local\Programs\Python\Python312\Lib\site-packages\sqlalchemy\dialects\postgresql\asyncpg.py:941: in connect
    await_only(creator_fn(*arg, **kw)),
               ^^^^^^^^^^^^^^^^^^^^^^
E   TypeError: connect() got an unexpected keyword argument 'sslmode'
___________________ ERROR at setup of test_readiness_check ____________________
..\..\AppData\Local\Programs\Python\Python312\Lib\site-packages\pytest_asyncio\plugin.py:458: in setup
    return super().setup()
           ^^^^^^^^^^^^^^^
..\..\AppData\Local\Programs\Python\Python312\Lib\site-packages\pytest_asyncio\plugin.py:313: in _asyncgen_fixture_wrapper
    result = runner.run(setup(), context=context)
             ^^^^^^^^^^^^^^^^^^^^^^^^^^^^^^^^^^^^
..\..\AppData\Local\Programs\Python\Python312\Lib\asyncio\runners.py:118: in run
    return self._loop.run_until_complete(task)
           ^^^^^^^^^^^^^^^^^^^^^^^^^^^^^^^^^^^
..\..\AppData\Local\Programs\Python\Python312\Lib\asyncio\base_events.py:691: in run_until_complete
    return future.result()
           ^^^^^^^^^^^^^^^
..\..\AppData\Local\Programs\Python\Python312\Lib\site-packages\pytest_asyncio\plugin.py:309: in setup
    res = await gen_obj.__anext__()
          ^^^^^^^^^^^^^^^^^^^^^^^^^
tests\conftest.py:48: in test_engine
    async with engine.begin() as conn:
               ^^^^^^^^^^^^^^
..\..\AppData\Local\Programs\Python\Python312\Lib\contextlib.py:210: in __aenter__
    return await anext(self.gen)
           ^^^^^^^^^^^^^^^^^^^^^
..\..\AppData\Local\Programs\Python\Python312\Lib\site-packages\sqlalchemy\ext\asyncio\engine.py:1066: in begin
    async with conn:
               ^^^^
..\..\AppData\Local\Programs\Python\Python312\Lib\site-packages\sqlalchemy\ext\asyncio\base.py:125: in __aenter__
    return await self.start(is_ctxmanager=True)
           ^^^^^^^^^^^^^^^^^^^^^^^^^^^^^^^^^^^^
..\..\AppData\Local\Programs\Python\Python312\Lib\site-packages\sqlalchemy\ext\asyncio\engine.py:270: in start
    await greenlet_spawn(self.sync_engine.connect)
..\..\AppData\Local\Programs\Python\Python312\Lib\site-packages\sqlalchemy\util\_concurrency_py3k.py:189: in greenlet_spawn
    result = context.switch(*args, **kwargs)
             ^^^^^^^^^^^^^^^^^^^^^^^^^^^^^^^
..\..\AppData\Local\Programs\Python\Python312\Lib\site-packages\sqlalchemy\engine\base.py:3269: in connect
    return self._connection_cls(self)
           ^^^^^^^^^^^^^^^^^^^^^^^^^^
..\..\AppData\Local\Programs\Python\Python312\Lib\site-packages\sqlalchemy\engine\base.py:145: in __init__
    self._dbapi_connection = engine.raw_connection()
                             ^^^^^^^^^^^^^^^^^^^^^^^
..\..\AppData\Local\Programs\Python\Python312\Lib\site-packages\sqlalchemy\engine\base.py:3293: in raw_connection
    return self.pool.connect()
           ^^^^^^^^^^^^^^^^^^^
..\..\AppData\Local\Programs\Python\Python312\Lib\site-packages\sqlalchemy\pool\base.py:452: in connect
    return _ConnectionFairy._checkout(self)
           ^^^^^^^^^^^^^^^^^^^^^^^^^^^^^^^^
..\..\AppData\Local\Programs\Python\Python312\Lib\site-packages\sqlalchemy\pool\base.py:1269: in _checkout
    fairy = _ConnectionRecord.checkout(pool)
            ^^^^^^^^^^^^^^^^^^^^^^^^^^^^^^^^
..\..\AppData\Local\Programs\Python\Python312\Lib\site-packages\sqlalchemy\pool\base.py:716: in checkout
    rec = pool._do_get()
          ^^^^^^^^^^^^^^
..\..\AppData\Local\Programs\Python\Python312\Lib\site-packages\sqlalchemy\pool\impl.py:169: in _do_get
    with util.safe_reraise():
         ^^^^^^^^^^^^^^^^^^^
..\..\AppData\Local\Programs\Python\Python312\Lib\site-packages\sqlalchemy\util\langhelpers.py:146: in __exit__
    raise exc_value.with_traceback(exc_tb)
..\..\AppData\Local\Programs\Python\Python312\Lib\site-packages\sqlalchemy\pool\impl.py:167: in _do_get
    return self._create_connection()
           ^^^^^^^^^^^^^^^^^^^^^^^^^
..\..\AppData\Local\Programs\Python\Python312\Lib\site-packages\sqlalchemy\pool\base.py:393: in _create_connection
    return _ConnectionRecord(self)
           ^^^^^^^^^^^^^^^^^^^^^^^
..\..\AppData\Local\Programs\Python\Python312\Lib\site-packages\sqlalchemy\pool\base.py:678: in __init__
    self.__connect()
..\..\AppData\Local\Programs\Python\Python312\Lib\site-packages\sqlalchemy\pool\base.py:902: in __connect
    with util.safe_reraise():
         ^^^^^^^^^^^^^^^^^^^
..\..\AppData\Local\Programs\Python\Python312\Lib\site-packages\sqlalchemy\util\langhelpers.py:146: in __exit__
    raise exc_value.with_traceback(exc_tb)
..\..\AppData\Local\Programs\Python\Python312\Lib\site-packages\sqlalchemy\pool\base.py:898: in __connect
    self.dbapi_connection = connection = pool._invoke_creator(self)
                                         ^^^^^^^^^^^^^^^^^^^^^^^^^^
..\..\AppData\Local\Programs\Python\Python312\Lib\site-packages\sqlalchemy\engine\create.py:645: in connect
    return dialect.connect(*cargs, **cparams)
           ^^^^^^^^^^^^^^^^^^^^^^^^^^^^^^^^^^
..\..\AppData\Local\Programs\Python\Python312\Lib\site-packages\sqlalchemy\engine\default.py:616: in connect
    return self.loaded_dbapi.connect(*cargs, **cparams)
           ^^^^^^^^^^^^^^^^^^^^^^^^^^^^^^^^^^^^^^^^^^^^
..\..\AppData\Local\Programs\Python\Python312\Lib\site-packages\sqlalchemy\dialects\postgresql\asyncpg.py:941: in connect
    await_only(creator_fn(*arg, **kw)),
               ^^^^^^^^^^^^^^^^^^^^^^
E   TypeError: connect() got an unexpected keyword argument 'sslmode'
_______________________ ERROR at setup of test_app_info _______________________
..\..\AppData\Local\Programs\Python\Python312\Lib\site-packages\pytest_asyncio\plugin.py:458: in setup
    return super().setup()
           ^^^^^^^^^^^^^^^
..\..\AppData\Local\Programs\Python\Python312\Lib\site-packages\pytest_asyncio\plugin.py:313: in _asyncgen_fixture_wrapper
    result = runner.run(setup(), context=context)
             ^^^^^^^^^^^^^^^^^^^^^^^^^^^^^^^^^^^^
..\..\AppData\Local\Programs\Python\Python312\Lib\asyncio\runners.py:118: in run
    return self._loop.run_until_complete(task)
           ^^^^^^^^^^^^^^^^^^^^^^^^^^^^^^^^^^^
..\..\AppData\Local\Programs\Python\Python312\Lib\asyncio\base_events.py:691: in run_until_complete
    return future.result()
           ^^^^^^^^^^^^^^^
..\..\AppData\Local\Programs\Python\Python312\Lib\site-packages\pytest_asyncio\plugin.py:309: in setup
    res = await gen_obj.__anext__()
          ^^^^^^^^^^^^^^^^^^^^^^^^^
tests\conftest.py:48: in test_engine
    async with engine.begin() as conn:
               ^^^^^^^^^^^^^^
..\..\AppData\Local\Programs\Python\Python312\Lib\contextlib.py:210: in __aenter__
    return await anext(self.gen)
           ^^^^^^^^^^^^^^^^^^^^^
..\..\AppData\Local\Programs\Python\Python312\Lib\site-packages\sqlalchemy\ext\asyncio\engine.py:1066: in begin
    async with conn:
               ^^^^
..\..\AppData\Local\Programs\Python\Python312\Lib\site-packages\sqlalchemy\ext\asyncio\base.py:125: in __aenter__
    return await self.start(is_ctxmanager=True)
           ^^^^^^^^^^^^^^^^^^^^^^^^^^^^^^^^^^^^
..\..\AppData\Local\Programs\Python\Python312\Lib\site-packages\sqlalchemy\ext\asyncio\engine.py:270: in start
    await greenlet_spawn(self.sync_engine.connect)
..\..\AppData\Local\Programs\Python\Python312\Lib\site-packages\sqlalchemy\util\_concurrency_py3k.py:189: in greenlet_spawn
    result = context.switch(*args, **kwargs)
             ^^^^^^^^^^^^^^^^^^^^^^^^^^^^^^^
..\..\AppData\Local\Programs\Python\Python312\Lib\site-packages\sqlalchemy\engine\base.py:3269: in connect
    return self._connection_cls(self)
           ^^^^^^^^^^^^^^^^^^^^^^^^^^
..\..\AppData\Local\Programs\Python\Python312\Lib\site-packages\sqlalchemy\engine\base.py:145: in __init__
    self._dbapi_connection = engine.raw_connection()
                             ^^^^^^^^^^^^^^^^^^^^^^^
..\..\AppData\Local\Programs\Python\Python312\Lib\site-packages\sqlalchemy\engine\base.py:3293: in raw_connection
    return self.pool.connect()
           ^^^^^^^^^^^^^^^^^^^
..\..\AppData\Local\Programs\Python\Python312\Lib\site-packages\sqlalchemy\pool\base.py:452: in connect
    return _ConnectionFairy._checkout(self)
           ^^^^^^^^^^^^^^^^^^^^^^^^^^^^^^^^
..\..\AppData\Local\Programs\Python\Python312\Lib\site-packages\sqlalchemy\pool\base.py:1269: in _checkout
    fairy = _ConnectionRecord.checkout(pool)
            ^^^^^^^^^^^^^^^^^^^^^^^^^^^^^^^^
..\..\AppData\Local\Programs\Python\Python312\Lib\site-packages\sqlalchemy\pool\base.py:716: in checkout
    rec = pool._do_get()
          ^^^^^^^^^^^^^^
..\..\AppData\Local\Programs\Python\Python312\Lib\site-packages\sqlalchemy\pool\impl.py:169: in _do_get
    with util.safe_reraise():
         ^^^^^^^^^^^^^^^^^^^
..\..\AppData\Local\Programs\Python\Python312\Lib\site-packages\sqlalchemy\util\langhelpers.py:146: in __exit__
    raise exc_value.with_traceback(exc_tb)
..\..\AppData\Local\Programs\Python\Python312\Lib\site-packages\sqlalchemy\pool\impl.py:167: in _do_get
    return self._create_connection()
           ^^^^^^^^^^^^^^^^^^^^^^^^^
..\..\AppData\Local\Programs\Python\Python312\Lib\site-packages\sqlalchemy\pool\base.py:393: in _create_connection
    return _ConnectionRecord(self)
           ^^^^^^^^^^^^^^^^^^^^^^^
..\..\AppData\Local\Programs\Python\Python312\Lib\site-packages\sqlalchemy\pool\base.py:678: in __init__
    self.__connect()
..\..\AppData\Local\Programs\Python\Python312\Lib\site-packages\sqlalchemy\pool\base.py:902: in __connect
    with util.safe_reraise():
         ^^^^^^^^^^^^^^^^^^^
..\..\AppData\Local\Programs\Python\Python312\Lib\site-packages\sqlalchemy\util\langhelpers.py:146: in __exit__
    raise exc_value.with_traceback(exc_tb)
..\..\AppData\Local\Programs\Python\Python312\Lib\site-packages\sqlalchemy\pool\base.py:898: in __connect
    self.dbapi_connection = connection = pool._invoke_creator(self)
                                         ^^^^^^^^^^^^^^^^^^^^^^^^^^
..\..\AppData\Local\Programs\Python\Python312\Lib\site-packages\sqlalchemy\engine\create.py:645: in connect
    return dialect.connect(*cargs, **cparams)
           ^^^^^^^^^^^^^^^^^^^^^^^^^^^^^^^^^^
..\..\AppData\Local\Programs\Python\Python312\Lib\site-packages\sqlalchemy\engine\default.py:616: in connect
    return self.loaded_dbapi.connect(*cargs, **cparams)
           ^^^^^^^^^^^^^^^^^^^^^^^^^^^^^^^^^^^^^^^^^^^^
..\..\AppData\Local\Programs\Python\Python312\Lib\site-packages\sqlalchemy\dialects\postgresql\asyncpg.py:941: in connect
    await_only(creator_fn(*arg, **kw)),
               ^^^^^^^^^^^^^^^^^^^^^^
E   TypeError: connect() got an unexpected keyword argument 'sslmode'
____________________ ERROR at setup of test_create_record _____________________
..\..\AppData\Local\Programs\Python\Python312\Lib\site-packages\pytest_asyncio\plugin.py:458: in setup
    return super().setup()
           ^^^^^^^^^^^^^^^
..\..\AppData\Local\Programs\Python\Python312\Lib\site-packages\pytest_asyncio\plugin.py:313: in _asyncgen_fixture_wrapper
    result = runner.run(setup(), context=context)
             ^^^^^^^^^^^^^^^^^^^^^^^^^^^^^^^^^^^^
..\..\AppData\Local\Programs\Python\Python312\Lib\asyncio\runners.py:118: in run
    return self._loop.run_until_complete(task)
           ^^^^^^^^^^^^^^^^^^^^^^^^^^^^^^^^^^^
..\..\AppData\Local\Programs\Python\Python312\Lib\asyncio\base_events.py:691: in run_until_complete
    return future.result()
           ^^^^^^^^^^^^^^^
..\..\AppData\Local\Programs\Python\Python312\Lib\site-packages\pytest_asyncio\plugin.py:309: in setup
    res = await gen_obj.__anext__()
          ^^^^^^^^^^^^^^^^^^^^^^^^^
tests\conftest.py:48: in test_engine
    async with engine.begin() as conn:
               ^^^^^^^^^^^^^^
..\..\AppData\Local\Programs\Python\Python312\Lib\contextlib.py:210: in __aenter__
    return await anext(self.gen)
           ^^^^^^^^^^^^^^^^^^^^^
..\..\AppData\Local\Programs\Python\Python312\Lib\site-packages\sqlalchemy\ext\asyncio\engine.py:1066: in begin
    async with conn:
               ^^^^
..\..\AppData\Local\Programs\Python\Python312\Lib\site-packages\sqlalchemy\ext\asyncio\base.py:125: in __aenter__
    return await self.start(is_ctxmanager=True)
           ^^^^^^^^^^^^^^^^^^^^^^^^^^^^^^^^^^^^
..\..\AppData\Local\Programs\Python\Python312\Lib\site-packages\sqlalchemy\ext\asyncio\engine.py:270: in start
    await greenlet_spawn(self.sync_engine.connect)
..\..\AppData\Local\Programs\Python\Python312\Lib\site-packages\sqlalchemy\util\_concurrency_py3k.py:189: in greenlet_spawn
    result = context.switch(*args, **kwargs)
             ^^^^^^^^^^^^^^^^^^^^^^^^^^^^^^^
..\..\AppData\Local\Programs\Python\Python312\Lib\site-packages\sqlalchemy\engine\base.py:3269: in connect
    return self._connection_cls(self)
           ^^^^^^^^^^^^^^^^^^^^^^^^^^
..\..\AppData\Local\Programs\Python\Python312\Lib\site-packages\sqlalchemy\engine\base.py:145: in __init__
    self._dbapi_connection = engine.raw_connection()
                             ^^^^^^^^^^^^^^^^^^^^^^^
..\..\AppData\Local\Programs\Python\Python312\Lib\site-packages\sqlalchemy\engine\base.py:3293: in raw_connection
    return self.pool.connect()
           ^^^^^^^^^^^^^^^^^^^
..\..\AppData\Local\Programs\Python\Python312\Lib\site-packages\sqlalchemy\pool\base.py:452: in connect
    return _ConnectionFairy._checkout(self)
           ^^^^^^^^^^^^^^^^^^^^^^^^^^^^^^^^
..\..\AppData\Local\Programs\Python\Python312\Lib\site-packages\sqlalchemy\pool\base.py:1269: in _checkout
    fairy = _ConnectionRecord.checkout(pool)
            ^^^^^^^^^^^^^^^^^^^^^^^^^^^^^^^^
..\..\AppData\Local\Programs\Python\Python312\Lib\site-packages\sqlalchemy\pool\base.py:716: in checkout
    rec = pool._do_get()
          ^^^^^^^^^^^^^^
..\..\AppData\Local\Programs\Python\Python312\Lib\site-packages\sqlalchemy\pool\impl.py:169: in _do_get
    with util.safe_reraise():
         ^^^^^^^^^^^^^^^^^^^
..\..\AppData\Local\Programs\Python\Python312\Lib\site-packages\sqlalchemy\util\langhelpers.py:146: in __exit__
    raise exc_value.with_traceback(exc_tb)
..\..\AppData\Local\Programs\Python\Python312\Lib\site-packages\sqlalchemy\pool\impl.py:167: in _do_get
    return self._create_connection()
           ^^^^^^^^^^^^^^^^^^^^^^^^^
..\..\AppData\Local\Programs\Python\Python312\Lib\site-packages\sqlalchemy\pool\base.py:393: in _create_connection
    return _ConnectionRecord(self)
           ^^^^^^^^^^^^^^^^^^^^^^^
..\..\AppData\Local\Programs\Python\Python312\Lib\site-packages\sqlalchemy\pool\base.py:678: in __init__
    self.__connect()
..\..\AppData\Local\Programs\Python\Python312\Lib\site-packages\sqlalchemy\pool\base.py:902: in __connect
    with util.safe_reraise():
         ^^^^^^^^^^^^^^^^^^^
..\..\AppData\Local\Programs\Python\Python312\Lib\site-packages\sqlalchemy\util\langhelpers.py:146: in __exit__
    raise exc_value.with_traceback(exc_tb)
..\..\AppData\Local\Programs\Python\Python312\Lib\site-packages\sqlalchemy\pool\base.py:898: in __connect
    self.dbapi_connection = connection = pool._invoke_creator(self)
                                         ^^^^^^^^^^^^^^^^^^^^^^^^^^
..\..\AppData\Local\Programs\Python\Python312\Lib\site-packages\sqlalchemy\engine\create.py:645: in connect
    return dialect.connect(*cargs, **cparams)
           ^^^^^^^^^^^^^^^^^^^^^^^^^^^^^^^^^^
..\..\AppData\Local\Programs\Python\Python312\Lib\site-packages\sqlalchemy\engine\default.py:616: in connect
    return self.loaded_dbapi.connect(*cargs, **cparams)
           ^^^^^^^^^^^^^^^^^^^^^^^^^^^^^^^^^^^^^^^^^^^^
..\..\AppData\Local\Programs\Python\Python312\Lib\site-packages\sqlalchemy\dialects\postgresql\asyncpg.py:941: in connect
    await_only(creator_fn(*arg, **kw)),
               ^^^^^^^^^^^^^^^^^^^^^^
E   TypeError: connect() got an unexpected keyword argument 'sslmode'
______________ ERROR at setup of test_create_record_unauthorized ______________
..\..\AppData\Local\Programs\Python\Python312\Lib\site-packages\pytest_asyncio\plugin.py:458: in setup
    return super().setup()
           ^^^^^^^^^^^^^^^
..\..\AppData\Local\Programs\Python\Python312\Lib\site-packages\pytest_asyncio\plugin.py:313: in _asyncgen_fixture_wrapper
    result = runner.run(setup(), context=context)
             ^^^^^^^^^^^^^^^^^^^^^^^^^^^^^^^^^^^^
..\..\AppData\Local\Programs\Python\Python312\Lib\asyncio\runners.py:118: in run
    return self._loop.run_until_complete(task)
           ^^^^^^^^^^^^^^^^^^^^^^^^^^^^^^^^^^^
..\..\AppData\Local\Programs\Python\Python312\Lib\asyncio\base_events.py:691: in run_until_complete
    return future.result()
           ^^^^^^^^^^^^^^^
..\..\AppData\Local\Programs\Python\Python312\Lib\site-packages\pytest_asyncio\plugin.py:309: in setup
    res = await gen_obj.__anext__()
          ^^^^^^^^^^^^^^^^^^^^^^^^^
tests\conftest.py:48: in test_engine
    async with engine.begin() as conn:
               ^^^^^^^^^^^^^^
..\..\AppData\Local\Programs\Python\Python312\Lib\contextlib.py:210: in __aenter__
    return await anext(self.gen)
           ^^^^^^^^^^^^^^^^^^^^^
..\..\AppData\Local\Programs\Python\Python312\Lib\site-packages\sqlalchemy\ext\asyncio\engine.py:1066: in begin
    async with conn:
               ^^^^
..\..\AppData\Local\Programs\Python\Python312\Lib\site-packages\sqlalchemy\ext\asyncio\base.py:125: in __aenter__
    return await self.start(is_ctxmanager=True)
           ^^^^^^^^^^^^^^^^^^^^^^^^^^^^^^^^^^^^
..\..\AppData\Local\Programs\Python\Python312\Lib\site-packages\sqlalchemy\ext\asyncio\engine.py:270: in start
    await greenlet_spawn(self.sync_engine.connect)
..\..\AppData\Local\Programs\Python\Python312\Lib\site-packages\sqlalchemy\util\_concurrency_py3k.py:189: in greenlet_spawn
    result = context.switch(*args, **kwargs)
             ^^^^^^^^^^^^^^^^^^^^^^^^^^^^^^^
..\..\AppData\Local\Programs\Python\Python312\Lib\site-packages\sqlalchemy\engine\base.py:3269: in connect
    return self._connection_cls(self)
           ^^^^^^^^^^^^^^^^^^^^^^^^^^
..\..\AppData\Local\Programs\Python\Python312\Lib\site-packages\sqlalchemy\engine\base.py:145: in __init__
    self._dbapi_connection = engine.raw_connection()
                             ^^^^^^^^^^^^^^^^^^^^^^^
..\..\AppData\Local\Programs\Python\Python312\Lib\site-packages\sqlalchemy\engine\base.py:3293: in raw_connection
    return self.pool.connect()
           ^^^^^^^^^^^^^^^^^^^
..\..\AppData\Local\Programs\Python\Python312\Lib\site-packages\sqlalchemy\pool\base.py:452: in connect
    return _ConnectionFairy._checkout(self)
           ^^^^^^^^^^^^^^^^^^^^^^^^^^^^^^^^
..\..\AppData\Local\Programs\Python\Python312\Lib\site-packages\sqlalchemy\pool\base.py:1269: in _checkout
    fairy = _ConnectionRecord.checkout(pool)
            ^^^^^^^^^^^^^^^^^^^^^^^^^^^^^^^^
..\..\AppData\Local\Programs\Python\Python312\Lib\site-packages\sqlalchemy\pool\base.py:716: in checkout
    rec = pool._do_get()
          ^^^^^^^^^^^^^^
..\..\AppData\Local\Programs\Python\Python312\Lib\site-packages\sqlalchemy\pool\impl.py:169: in _do_get
    with util.safe_reraise():
         ^^^^^^^^^^^^^^^^^^^
..\..\AppData\Local\Programs\Python\Python312\Lib\site-packages\sqlalchemy\util\langhelpers.py:146: in __exit__
    raise exc_value.with_traceback(exc_tb)
..\..\AppData\Local\Programs\Python\Python312\Lib\site-packages\sqlalchemy\pool\impl.py:167: in _do_get
    return self._create_connection()
           ^^^^^^^^^^^^^^^^^^^^^^^^^
..\..\AppData\Local\Programs\Python\Python312\Lib\site-packages\sqlalchemy\pool\base.py:393: in _create_connection
    return _ConnectionRecord(self)
           ^^^^^^^^^^^^^^^^^^^^^^^
..\..\AppData\Local\Programs\Python\Python312\Lib\site-packages\sqlalchemy\pool\base.py:678: in __init__
    self.__connect()
..\..\AppData\Local\Programs\Python\Python312\Lib\site-packages\sqlalchemy\pool\base.py:902: in __connect
    with util.safe_reraise():
         ^^^^^^^^^^^^^^^^^^^
..\..\AppData\Local\Programs\Python\Python312\Lib\site-packages\sqlalchemy\util\langhelpers.py:146: in __exit__
    raise exc_value.with_traceback(exc_tb)
..\..\AppData\Local\Programs\Python\Python312\Lib\site-packages\sqlalchemy\pool\base.py:898: in __connect
    self.dbapi_connection = connection = pool._invoke_creator(self)
                                         ^^^^^^^^^^^^^^^^^^^^^^^^^^
..\..\AppData\Local\Programs\Python\Python312\Lib\site-packages\sqlalchemy\engine\create.py:645: in connect
    return dialect.connect(*cargs, **cparams)
           ^^^^^^^^^^^^^^^^^^^^^^^^^^^^^^^^^^
..\..\AppData\Local\Programs\Python\Python312\Lib\site-packages\sqlalchemy\engine\default.py:616: in connect
    return self.loaded_dbapi.connect(*cargs, **cparams)
           ^^^^^^^^^^^^^^^^^^^^^^^^^^^^^^^^^^^^^^^^^^^^
..\..\AppData\Local\Programs\Python\Python312\Lib\site-packages\sqlalchemy\dialects\postgresql\asyncpg.py:941: in connect
    await_only(creator_fn(*arg, **kw)),
               ^^^^^^^^^^^^^^^^^^^^^^
E   TypeError: connect() got an unexpected keyword argument 'sslmode'
_____________ ERROR at setup of test_create_record_invalid_table ______________
..\..\AppData\Local\Programs\Python\Python312\Lib\site-packages\pytest_asyncio\plugin.py:458: in setup
    return super().setup()
           ^^^^^^^^^^^^^^^
..\..\AppData\Local\Programs\Python\Python312\Lib\site-packages\pytest_asyncio\plugin.py:313: in _asyncgen_fixture_wrapper
    result = runner.run(setup(), context=context)
             ^^^^^^^^^^^^^^^^^^^^^^^^^^^^^^^^^^^^
..\..\AppData\Local\Programs\Python\Python312\Lib\asyncio\runners.py:118: in run
    return self._loop.run_until_complete(task)
           ^^^^^^^^^^^^^^^^^^^^^^^^^^^^^^^^^^^
..\..\AppData\Local\Programs\Python\Python312\Lib\asyncio\base_events.py:691: in run_until_complete
    return future.result()
           ^^^^^^^^^^^^^^^
..\..\AppData\Local\Programs\Python\Python312\Lib\site-packages\pytest_asyncio\plugin.py:309: in setup
    res = await gen_obj.__anext__()
          ^^^^^^^^^^^^^^^^^^^^^^^^^
tests\conftest.py:48: in test_engine
    async with engine.begin() as conn:
               ^^^^^^^^^^^^^^
..\..\AppData\Local\Programs\Python\Python312\Lib\contextlib.py:210: in __aenter__
    return await anext(self.gen)
           ^^^^^^^^^^^^^^^^^^^^^
..\..\AppData\Local\Programs\Python\Python312\Lib\site-packages\sqlalchemy\ext\asyncio\engine.py:1066: in begin
    async with conn:
               ^^^^
..\..\AppData\Local\Programs\Python\Python312\Lib\site-packages\sqlalchemy\ext\asyncio\base.py:125: in __aenter__
    return await self.start(is_ctxmanager=True)
           ^^^^^^^^^^^^^^^^^^^^^^^^^^^^^^^^^^^^
..\..\AppData\Local\Programs\Python\Python312\Lib\site-packages\sqlalchemy\ext\asyncio\engine.py:270: in start
    await greenlet_spawn(self.sync_engine.connect)
..\..\AppData\Local\Programs\Python\Python312\Lib\site-packages\sqlalchemy\util\_concurrency_py3k.py:189: in greenlet_spawn
    result = context.switch(*args, **kwargs)
             ^^^^^^^^^^^^^^^^^^^^^^^^^^^^^^^
..\..\AppData\Local\Programs\Python\Python312\Lib\site-packages\sqlalchemy\engine\base.py:3269: in connect
    return self._connection_cls(self)
           ^^^^^^^^^^^^^^^^^^^^^^^^^^
..\..\AppData\Local\Programs\Python\Python312\Lib\site-packages\sqlalchemy\engine\base.py:145: in __init__
    self._dbapi_connection = engine.raw_connection()
                             ^^^^^^^^^^^^^^^^^^^^^^^
..\..\AppData\Local\Programs\Python\Python312\Lib\site-packages\sqlalchemy\engine\base.py:3293: in raw_connection
    return self.pool.connect()
           ^^^^^^^^^^^^^^^^^^^
..\..\AppData\Local\Programs\Python\Python312\Lib\site-packages\sqlalchemy\pool\base.py:452: in connect
    return _ConnectionFairy._checkout(self)
           ^^^^^^^^^^^^^^^^^^^^^^^^^^^^^^^^
..\..\AppData\Local\Programs\Python\Python312\Lib\site-packages\sqlalchemy\pool\base.py:1269: in _checkout
    fairy = _ConnectionRecord.checkout(pool)
            ^^^^^^^^^^^^^^^^^^^^^^^^^^^^^^^^
..\..\AppData\Local\Programs\Python\Python312\Lib\site-packages\sqlalchemy\pool\base.py:716: in checkout
    rec = pool._do_get()
          ^^^^^^^^^^^^^^
..\..\AppData\Local\Programs\Python\Python312\Lib\site-packages\sqlalchemy\pool\impl.py:169: in _do_get
    with util.safe_reraise():
         ^^^^^^^^^^^^^^^^^^^
..\..\AppData\Local\Programs\Python\Python312\Lib\site-packages\sqlalchemy\util\langhelpers.py:146: in __exit__
    raise exc_value.with_traceback(exc_tb)
..\..\AppData\Local\Programs\Python\Python312\Lib\site-packages\sqlalchemy\pool\impl.py:167: in _do_get
    return self._create_connection()
           ^^^^^^^^^^^^^^^^^^^^^^^^^
..\..\AppData\Local\Programs\Python\Python312\Lib\site-packages\sqlalchemy\pool\base.py:393: in _create_connection
    return _ConnectionRecord(self)
           ^^^^^^^^^^^^^^^^^^^^^^^
..\..\AppData\Local\Programs\Python\Python312\Lib\site-packages\sqlalchemy\pool\base.py:678: in __init__
    self.__connect()
..\..\AppData\Local\Programs\Python\Python312\Lib\site-packages\sqlalchemy\pool\base.py:902: in __connect
    with util.safe_reraise():
         ^^^^^^^^^^^^^^^^^^^
..\..\AppData\Local\Programs\Python\Python312\Lib\site-packages\sqlalchemy\util\langhelpers.py:146: in __exit__
    raise exc_value.with_traceback(exc_tb)
..\..\AppData\Local\Programs\Python\Python312\Lib\site-packages\sqlalchemy\pool\base.py:898: in __connect
    self.dbapi_connection = connection = pool._invoke_creator(self)
                                         ^^^^^^^^^^^^^^^^^^^^^^^^^^
..\..\AppData\Local\Programs\Python\Python312\Lib\site-packages\sqlalchemy\engine\create.py:645: in connect
    return dialect.connect(*cargs, **cparams)
           ^^^^^^^^^^^^^^^^^^^^^^^^^^^^^^^^^^
..\..\AppData\Local\Programs\Python\Python312\Lib\site-packages\sqlalchemy\engine\default.py:616: in connect
    return self.loaded_dbapi.connect(*cargs, **cparams)
           ^^^^^^^^^^^^^^^^^^^^^^^^^^^^^^^^^^^^^^^^^^^^
..\..\AppData\Local\Programs\Python\Python312\Lib\site-packages\sqlalchemy\dialects\postgresql\asyncpg.py:941: in connect
    await_only(creator_fn(*arg, **kw)),
               ^^^^^^^^^^^^^^^^^^^^^^
E   TypeError: connect() got an unexpected keyword argument 'sslmode'
_________ ERROR at setup of test_create_record_with_validation_error __________
..\..\AppData\Local\Programs\Python\Python312\Lib\site-packages\pytest_asyncio\plugin.py:458: in setup
    return super().setup()
           ^^^^^^^^^^^^^^^
..\..\AppData\Local\Programs\Python\Python312\Lib\site-packages\pytest_asyncio\plugin.py:313: in _asyncgen_fixture_wrapper
    result = runner.run(setup(), context=context)
             ^^^^^^^^^^^^^^^^^^^^^^^^^^^^^^^^^^^^
..\..\AppData\Local\Programs\Python\Python312\Lib\asyncio\runners.py:118: in run
    return self._loop.run_until_complete(task)
           ^^^^^^^^^^^^^^^^^^^^^^^^^^^^^^^^^^^
..\..\AppData\Local\Programs\Python\Python312\Lib\asyncio\base_events.py:691: in run_until_complete
    return future.result()
           ^^^^^^^^^^^^^^^
..\..\AppData\Local\Programs\Python\Python312\Lib\site-packages\pytest_asyncio\plugin.py:309: in setup
    res = await gen_obj.__anext__()
          ^^^^^^^^^^^^^^^^^^^^^^^^^
tests\conftest.py:48: in test_engine
    async with engine.begin() as conn:
               ^^^^^^^^^^^^^^
..\..\AppData\Local\Programs\Python\Python312\Lib\contextlib.py:210: in __aenter__
    return await anext(self.gen)
           ^^^^^^^^^^^^^^^^^^^^^
..\..\AppData\Local\Programs\Python\Python312\Lib\site-packages\sqlalchemy\ext\asyncio\engine.py:1066: in begin
    async with conn:
               ^^^^
..\..\AppData\Local\Programs\Python\Python312\Lib\site-packages\sqlalchemy\ext\asyncio\base.py:125: in __aenter__
    return await self.start(is_ctxmanager=True)
           ^^^^^^^^^^^^^^^^^^^^^^^^^^^^^^^^^^^^
..\..\AppData\Local\Programs\Python\Python312\Lib\site-packages\sqlalchemy\ext\asyncio\engine.py:270: in start
    await greenlet_spawn(self.sync_engine.connect)
..\..\AppData\Local\Programs\Python\Python312\Lib\site-packages\sqlalchemy\util\_concurrency_py3k.py:189: in greenlet_spawn
    result = context.switch(*args, **kwargs)
             ^^^^^^^^^^^^^^^^^^^^^^^^^^^^^^^
..\..\AppData\Local\Programs\Python\Python312\Lib\site-packages\sqlalchemy\engine\base.py:3269: in connect
    return self._connection_cls(self)
           ^^^^^^^^^^^^^^^^^^^^^^^^^^
..\..\AppData\Local\Programs\Python\Python312\Lib\site-packages\sqlalchemy\engine\base.py:145: in __init__
    self._dbapi_connection = engine.raw_connection()
                             ^^^^^^^^^^^^^^^^^^^^^^^
..\..\AppData\Local\Programs\Python\Python312\Lib\site-packages\sqlalchemy\engine\base.py:3293: in raw_connection
    return self.pool.connect()
           ^^^^^^^^^^^^^^^^^^^
..\..\AppData\Local\Programs\Python\Python312\Lib\site-packages\sqlalchemy\pool\base.py:452: in connect
    return _ConnectionFairy._checkout(self)
           ^^^^^^^^^^^^^^^^^^^^^^^^^^^^^^^^
..\..\AppData\Local\Programs\Python\Python312\Lib\site-packages\sqlalchemy\pool\base.py:1269: in _checkout
    fairy = _ConnectionRecord.checkout(pool)
            ^^^^^^^^^^^^^^^^^^^^^^^^^^^^^^^^
..\..\AppData\Local\Programs\Python\Python312\Lib\site-packages\sqlalchemy\pool\base.py:716: in checkout
    rec = pool._do_get()
          ^^^^^^^^^^^^^^
..\..\AppData\Local\Programs\Python\Python312\Lib\site-packages\sqlalchemy\pool\impl.py:169: in _do_get
    with util.safe_reraise():
         ^^^^^^^^^^^^^^^^^^^
..\..\AppData\Local\Programs\Python\Python312\Lib\site-packages\sqlalchemy\util\langhelpers.py:146: in __exit__
    raise exc_value.with_traceback(exc_tb)
..\..\AppData\Local\Programs\Python\Python312\Lib\site-packages\sqlalchemy\pool\impl.py:167: in _do_get
    return self._create_connection()
           ^^^^^^^^^^^^^^^^^^^^^^^^^
..\..\AppData\Local\Programs\Python\Python312\Lib\site-packages\sqlalchemy\pool\base.py:393: in _create_connection
    return _ConnectionRecord(self)
           ^^^^^^^^^^^^^^^^^^^^^^^
..\..\AppData\Local\Programs\Python\Python312\Lib\site-packages\sqlalchemy\pool\base.py:678: in __init__
    self.__connect()
..\..\AppData\Local\Programs\Python\Python312\Lib\site-packages\sqlalchemy\pool\base.py:902: in __connect
    with util.safe_reraise():
         ^^^^^^^^^^^^^^^^^^^
..\..\AppData\Local\Programs\Python\Python312\Lib\site-packages\sqlalchemy\util\langhelpers.py:146: in __exit__
    raise exc_value.with_traceback(exc_tb)
..\..\AppData\Local\Programs\Python\Python312\Lib\site-packages\sqlalchemy\pool\base.py:898: in __connect
    self.dbapi_connection = connection = pool._invoke_creator(self)
                                         ^^^^^^^^^^^^^^^^^^^^^^^^^^
..\..\AppData\Local\Programs\Python\Python312\Lib\site-packages\sqlalchemy\engine\create.py:645: in connect
    return dialect.connect(*cargs, **cparams)
           ^^^^^^^^^^^^^^^^^^^^^^^^^^^^^^^^^^
..\..\AppData\Local\Programs\Python\Python312\Lib\site-packages\sqlalchemy\engine\default.py:616: in connect
    return self.loaded_dbapi.connect(*cargs, **cparams)
           ^^^^^^^^^^^^^^^^^^^^^^^^^^^^^^^^^^^^^^^^^^^^
..\..\AppData\Local\Programs\Python\Python312\Lib\site-packages\sqlalchemy\dialects\postgresql\asyncpg.py:941: in connect
    await_only(creator_fn(*arg, **kw)),
               ^^^^^^^^^^^^^^^^^^^^^^
E   TypeError: connect() got an unexpected keyword argument 'sslmode'
__________________ ERROR at setup of test_list_records_empty __________________
..\..\AppData\Local\Programs\Python\Python312\Lib\site-packages\pytest_asyncio\plugin.py:458: in setup
    return super().setup()
           ^^^^^^^^^^^^^^^
..\..\AppData\Local\Programs\Python\Python312\Lib\site-packages\pytest_asyncio\plugin.py:313: in _asyncgen_fixture_wrapper
    result = runner.run(setup(), context=context)
             ^^^^^^^^^^^^^^^^^^^^^^^^^^^^^^^^^^^^
..\..\AppData\Local\Programs\Python\Python312\Lib\asyncio\runners.py:118: in run
    return self._loop.run_until_complete(task)
           ^^^^^^^^^^^^^^^^^^^^^^^^^^^^^^^^^^^
..\..\AppData\Local\Programs\Python\Python312\Lib\asyncio\base_events.py:691: in run_until_complete
    return future.result()
           ^^^^^^^^^^^^^^^
..\..\AppData\Local\Programs\Python\Python312\Lib\site-packages\pytest_asyncio\plugin.py:309: in setup
    res = await gen_obj.__anext__()
          ^^^^^^^^^^^^^^^^^^^^^^^^^
tests\conftest.py:48: in test_engine
    async with engine.begin() as conn:
               ^^^^^^^^^^^^^^
..\..\AppData\Local\Programs\Python\Python312\Lib\contextlib.py:210: in __aenter__
    return await anext(self.gen)
           ^^^^^^^^^^^^^^^^^^^^^
..\..\AppData\Local\Programs\Python\Python312\Lib\site-packages\sqlalchemy\ext\asyncio\engine.py:1066: in begin
    async with conn:
               ^^^^
..\..\AppData\Local\Programs\Python\Python312\Lib\site-packages\sqlalchemy\ext\asyncio\base.py:125: in __aenter__
    return await self.start(is_ctxmanager=True)
           ^^^^^^^^^^^^^^^^^^^^^^^^^^^^^^^^^^^^
..\..\AppData\Local\Programs\Python\Python312\Lib\site-packages\sqlalchemy\ext\asyncio\engine.py:270: in start
    await greenlet_spawn(self.sync_engine.connect)
..\..\AppData\Local\Programs\Python\Python312\Lib\site-packages\sqlalchemy\util\_concurrency_py3k.py:189: in greenlet_spawn
    result = context.switch(*args, **kwargs)
             ^^^^^^^^^^^^^^^^^^^^^^^^^^^^^^^
..\..\AppData\Local\Programs\Python\Python312\Lib\site-packages\sqlalchemy\engine\base.py:3269: in connect
    return self._connection_cls(self)
           ^^^^^^^^^^^^^^^^^^^^^^^^^^
..\..\AppData\Local\Programs\Python\Python312\Lib\site-packages\sqlalchemy\engine\base.py:145: in __init__
    self._dbapi_connection = engine.raw_connection()
                             ^^^^^^^^^^^^^^^^^^^^^^^
..\..\AppData\Local\Programs\Python\Python312\Lib\site-packages\sqlalchemy\engine\base.py:3293: in raw_connection
    return self.pool.connect()
           ^^^^^^^^^^^^^^^^^^^
..\..\AppData\Local\Programs\Python\Python312\Lib\site-packages\sqlalchemy\pool\base.py:452: in connect
    return _ConnectionFairy._checkout(self)
           ^^^^^^^^^^^^^^^^^^^^^^^^^^^^^^^^
..\..\AppData\Local\Programs\Python\Python312\Lib\site-packages\sqlalchemy\pool\base.py:1269: in _checkout
    fairy = _ConnectionRecord.checkout(pool)
            ^^^^^^^^^^^^^^^^^^^^^^^^^^^^^^^^
..\..\AppData\Local\Programs\Python\Python312\Lib\site-packages\sqlalchemy\pool\base.py:716: in checkout
    rec = pool._do_get()
          ^^^^^^^^^^^^^^
..\..\AppData\Local\Programs\Python\Python312\Lib\site-packages\sqlalchemy\pool\impl.py:169: in _do_get
    with util.safe_reraise():
         ^^^^^^^^^^^^^^^^^^^
..\..\AppData\Local\Programs\Python\Python312\Lib\site-packages\sqlalchemy\util\langhelpers.py:146: in __exit__
    raise exc_value.with_traceback(exc_tb)
..\..\AppData\Local\Programs\Python\Python312\Lib\site-packages\sqlalchemy\pool\impl.py:167: in _do_get
    return self._create_connection()
           ^^^^^^^^^^^^^^^^^^^^^^^^^
..\..\AppData\Local\Programs\Python\Python312\Lib\site-packages\sqlalchemy\pool\base.py:393: in _create_connection
    return _ConnectionRecord(self)
           ^^^^^^^^^^^^^^^^^^^^^^^
..\..\AppData\Local\Programs\Python\Python312\Lib\site-packages\sqlalchemy\pool\base.py:678: in __init__
    self.__connect()
..\..\AppData\Local\Programs\Python\Python312\Lib\site-packages\sqlalchemy\pool\base.py:902: in __connect
    with util.safe_reraise():
         ^^^^^^^^^^^^^^^^^^^
..\..\AppData\Local\Programs\Python\Python312\Lib\site-packages\sqlalchemy\util\langhelpers.py:146: in __exit__
    raise exc_value.with_traceback(exc_tb)
..\..\AppData\Local\Programs\Python\Python312\Lib\site-packages\sqlalchemy\pool\base.py:898: in __connect
    self.dbapi_connection = connection = pool._invoke_creator(self)
                                         ^^^^^^^^^^^^^^^^^^^^^^^^^^
..\..\AppData\Local\Programs\Python\Python312\Lib\site-packages\sqlalchemy\engine\create.py:645: in connect
    return dialect.connect(*cargs, **cparams)
           ^^^^^^^^^^^^^^^^^^^^^^^^^^^^^^^^^^
..\..\AppData\Local\Programs\Python\Python312\Lib\site-packages\sqlalchemy\engine\default.py:616: in connect
    return self.loaded_dbapi.connect(*cargs, **cparams)
           ^^^^^^^^^^^^^^^^^^^^^^^^^^^^^^^^^^^^^^^^^^^^
..\..\AppData\Local\Programs\Python\Python312\Lib\site-packages\sqlalchemy\dialects\postgresql\asyncpg.py:941: in connect
    await_only(creator_fn(*arg, **kw)),
               ^^^^^^^^^^^^^^^^^^^^^^
E   TypeError: connect() got an unexpected keyword argument 'sslmode'
_____________________ ERROR at setup of test_list_records _____________________
..\..\AppData\Local\Programs\Python\Python312\Lib\site-packages\pytest_asyncio\plugin.py:458: in setup
    return super().setup()
           ^^^^^^^^^^^^^^^
..\..\AppData\Local\Programs\Python\Python312\Lib\site-packages\pytest_asyncio\plugin.py:313: in _asyncgen_fixture_wrapper
    result = runner.run(setup(), context=context)
             ^^^^^^^^^^^^^^^^^^^^^^^^^^^^^^^^^^^^
..\..\AppData\Local\Programs\Python\Python312\Lib\asyncio\runners.py:118: in run
    return self._loop.run_until_complete(task)
           ^^^^^^^^^^^^^^^^^^^^^^^^^^^^^^^^^^^
..\..\AppData\Local\Programs\Python\Python312\Lib\asyncio\base_events.py:691: in run_until_complete
    return future.result()
           ^^^^^^^^^^^^^^^
..\..\AppData\Local\Programs\Python\Python312\Lib\site-packages\pytest_asyncio\plugin.py:309: in setup
    res = await gen_obj.__anext__()
          ^^^^^^^^^^^^^^^^^^^^^^^^^
tests\conftest.py:48: in test_engine
    async with engine.begin() as conn:
               ^^^^^^^^^^^^^^
..\..\AppData\Local\Programs\Python\Python312\Lib\contextlib.py:210: in __aenter__
    return await anext(self.gen)
           ^^^^^^^^^^^^^^^^^^^^^
..\..\AppData\Local\Programs\Python\Python312\Lib\site-packages\sqlalchemy\ext\asyncio\engine.py:1066: in begin
    async with conn:
               ^^^^
..\..\AppData\Local\Programs\Python\Python312\Lib\site-packages\sqlalchemy\ext\asyncio\base.py:125: in __aenter__
    return await self.start(is_ctxmanager=True)
           ^^^^^^^^^^^^^^^^^^^^^^^^^^^^^^^^^^^^
..\..\AppData\Local\Programs\Python\Python312\Lib\site-packages\sqlalchemy\ext\asyncio\engine.py:270: in start
    await greenlet_spawn(self.sync_engine.connect)
..\..\AppData\Local\Programs\Python\Python312\Lib\site-packages\sqlalchemy\util\_concurrency_py3k.py:189: in greenlet_spawn
    result = context.switch(*args, **kwargs)
             ^^^^^^^^^^^^^^^^^^^^^^^^^^^^^^^
..\..\AppData\Local\Programs\Python\Python312\Lib\site-packages\sqlalchemy\engine\base.py:3269: in connect
    return self._connection_cls(self)
           ^^^^^^^^^^^^^^^^^^^^^^^^^^
..\..\AppData\Local\Programs\Python\Python312\Lib\site-packages\sqlalchemy\engine\base.py:145: in __init__
    self._dbapi_connection = engine.raw_connection()
                             ^^^^^^^^^^^^^^^^^^^^^^^
..\..\AppData\Local\Programs\Python\Python312\Lib\site-packages\sqlalchemy\engine\base.py:3293: in raw_connection
    return self.pool.connect()
           ^^^^^^^^^^^^^^^^^^^
..\..\AppData\Local\Programs\Python\Python312\Lib\site-packages\sqlalchemy\pool\base.py:452: in connect
    return _ConnectionFairy._checkout(self)
           ^^^^^^^^^^^^^^^^^^^^^^^^^^^^^^^^
..\..\AppData\Local\Programs\Python\Python312\Lib\site-packages\sqlalchemy\pool\base.py:1269: in _checkout
    fairy = _ConnectionRecord.checkout(pool)
            ^^^^^^^^^^^^^^^^^^^^^^^^^^^^^^^^
..\..\AppData\Local\Programs\Python\Python312\Lib\site-packages\sqlalchemy\pool\base.py:716: in checkout
    rec = pool._do_get()
          ^^^^^^^^^^^^^^
..\..\AppData\Local\Programs\Python\Python312\Lib\site-packages\sqlalchemy\pool\impl.py:169: in _do_get
    with util.safe_reraise():
         ^^^^^^^^^^^^^^^^^^^
..\..\AppData\Local\Programs\Python\Python312\Lib\site-packages\sqlalchemy\util\langhelpers.py:146: in __exit__
    raise exc_value.with_traceback(exc_tb)
..\..\AppData\Local\Programs\Python\Python312\Lib\site-packages\sqlalchemy\pool\impl.py:167: in _do_get
    return self._create_connection()
           ^^^^^^^^^^^^^^^^^^^^^^^^^
..\..\AppData\Local\Programs\Python\Python312\Lib\site-packages\sqlalchemy\pool\base.py:393: in _create_connection
    return _ConnectionRecord(self)
           ^^^^^^^^^^^^^^^^^^^^^^^
..\..\AppData\Local\Programs\Python\Python312\Lib\site-packages\sqlalchemy\pool\base.py:678: in __init__
    self.__connect()
..\..\AppData\Local\Programs\Python\Python312\Lib\site-packages\sqlalchemy\pool\base.py:902: in __connect
    with util.safe_reraise():
         ^^^^^^^^^^^^^^^^^^^
..\..\AppData\Local\Programs\Python\Python312\Lib\site-packages\sqlalchemy\util\langhelpers.py:146: in __exit__
    raise exc_value.with_traceback(exc_tb)
..\..\AppData\Local\Programs\Python\Python312\Lib\site-packages\sqlalchemy\pool\base.py:898: in __connect
    self.dbapi_connection = connection = pool._invoke_creator(self)
                                         ^^^^^^^^^^^^^^^^^^^^^^^^^^
..\..\AppData\Local\Programs\Python\Python312\Lib\site-packages\sqlalchemy\engine\create.py:645: in connect
    return dialect.connect(*cargs, **cparams)
           ^^^^^^^^^^^^^^^^^^^^^^^^^^^^^^^^^^
..\..\AppData\Local\Programs\Python\Python312\Lib\site-packages\sqlalchemy\engine\default.py:616: in connect
    return self.loaded_dbapi.connect(*cargs, **cparams)
           ^^^^^^^^^^^^^^^^^^^^^^^^^^^^^^^^^^^^^^^^^^^^
..\..\AppData\Local\Programs\Python\Python312\Lib\site-packages\sqlalchemy\dialects\postgresql\asyncpg.py:941: in connect
    await_only(creator_fn(*arg, **kw)),
               ^^^^^^^^^^^^^^^^^^^^^^
E   TypeError: connect() got an unexpected keyword argument 'sslmode'
_____________ ERROR at setup of test_list_records_filter_by_table _____________
..\..\AppData\Local\Programs\Python\Python312\Lib\site-packages\pytest_asyncio\plugin.py:458: in setup
    return super().setup()
           ^^^^^^^^^^^^^^^
..\..\AppData\Local\Programs\Python\Python312\Lib\site-packages\pytest_asyncio\plugin.py:313: in _asyncgen_fixture_wrapper
    result = runner.run(setup(), context=context)
             ^^^^^^^^^^^^^^^^^^^^^^^^^^^^^^^^^^^^
..\..\AppData\Local\Programs\Python\Python312\Lib\asyncio\runners.py:118: in run
    return self._loop.run_until_complete(task)
           ^^^^^^^^^^^^^^^^^^^^^^^^^^^^^^^^^^^
..\..\AppData\Local\Programs\Python\Python312\Lib\asyncio\base_events.py:691: in run_until_complete
    return future.result()
           ^^^^^^^^^^^^^^^
..\..\AppData\Local\Programs\Python\Python312\Lib\site-packages\pytest_asyncio\plugin.py:309: in setup
    res = await gen_obj.__anext__()
          ^^^^^^^^^^^^^^^^^^^^^^^^^
tests\conftest.py:48: in test_engine
    async with engine.begin() as conn:
               ^^^^^^^^^^^^^^
..\..\AppData\Local\Programs\Python\Python312\Lib\contextlib.py:210: in __aenter__
    return await anext(self.gen)
           ^^^^^^^^^^^^^^^^^^^^^
..\..\AppData\Local\Programs\Python\Python312\Lib\site-packages\sqlalchemy\ext\asyncio\engine.py:1066: in begin
    async with conn:
               ^^^^
..\..\AppData\Local\Programs\Python\Python312\Lib\site-packages\sqlalchemy\ext\asyncio\base.py:125: in __aenter__
    return await self.start(is_ctxmanager=True)
           ^^^^^^^^^^^^^^^^^^^^^^^^^^^^^^^^^^^^
..\..\AppData\Local\Programs\Python\Python312\Lib\site-packages\sqlalchemy\ext\asyncio\engine.py:270: in start
    await greenlet_spawn(self.sync_engine.connect)
..\..\AppData\Local\Programs\Python\Python312\Lib\site-packages\sqlalchemy\util\_concurrency_py3k.py:189: in greenlet_spawn
    result = context.switch(*args, **kwargs)
             ^^^^^^^^^^^^^^^^^^^^^^^^^^^^^^^
..\..\AppData\Local\Programs\Python\Python312\Lib\site-packages\sqlalchemy\engine\base.py:3269: in connect
    return self._connection_cls(self)
           ^^^^^^^^^^^^^^^^^^^^^^^^^^
..\..\AppData\Local\Programs\Python\Python312\Lib\site-packages\sqlalchemy\engine\base.py:145: in __init__
    self._dbapi_connection = engine.raw_connection()
                             ^^^^^^^^^^^^^^^^^^^^^^^
..\..\AppData\Local\Programs\Python\Python312\Lib\site-packages\sqlalchemy\engine\base.py:3293: in raw_connection
    return self.pool.connect()
           ^^^^^^^^^^^^^^^^^^^
..\..\AppData\Local\Programs\Python\Python312\Lib\site-packages\sqlalchemy\pool\base.py:452: in connect
    return _ConnectionFairy._checkout(self)
           ^^^^^^^^^^^^^^^^^^^^^^^^^^^^^^^^
..\..\AppData\Local\Programs\Python\Python312\Lib\site-packages\sqlalchemy\pool\base.py:1269: in _checkout
    fairy = _ConnectionRecord.checkout(pool)
            ^^^^^^^^^^^^^^^^^^^^^^^^^^^^^^^^
..\..\AppData\Local\Programs\Python\Python312\Lib\site-packages\sqlalchemy\pool\base.py:716: in checkout
    rec = pool._do_get()
          ^^^^^^^^^^^^^^
..\..\AppData\Local\Programs\Python\Python312\Lib\site-packages\sqlalchemy\pool\impl.py:169: in _do_get
    with util.safe_reraise():
         ^^^^^^^^^^^^^^^^^^^
..\..\AppData\Local\Programs\Python\Python312\Lib\site-packages\sqlalchemy\util\langhelpers.py:146: in __exit__
    raise exc_value.with_traceback(exc_tb)
..\..\AppData\Local\Programs\Python\Python312\Lib\site-packages\sqlalchemy\pool\impl.py:167: in _do_get
    return self._create_connection()
           ^^^^^^^^^^^^^^^^^^^^^^^^^
..\..\AppData\Local\Programs\Python\Python312\Lib\site-packages\sqlalchemy\pool\base.py:393: in _create_connection
    return _ConnectionRecord(self)
           ^^^^^^^^^^^^^^^^^^^^^^^
..\..\AppData\Local\Programs\Python\Python312\Lib\site-packages\sqlalchemy\pool\base.py:678: in __init__
    self.__connect()
..\..\AppData\Local\Programs\Python\Python312\Lib\site-packages\sqlalchemy\pool\base.py:902: in __connect
    with util.safe_reraise():
         ^^^^^^^^^^^^^^^^^^^
..\..\AppData\Local\Programs\Python\Python312\Lib\site-packages\sqlalchemy\util\langhelpers.py:146: in __exit__
    raise exc_value.with_traceback(exc_tb)
..\..\AppData\Local\Programs\Python\Python312\Lib\site-packages\sqlalchemy\pool\base.py:898: in __connect
    self.dbapi_connection = connection = pool._invoke_creator(self)
                                         ^^^^^^^^^^^^^^^^^^^^^^^^^^
..\..\AppData\Local\Programs\Python\Python312\Lib\site-packages\sqlalchemy\engine\create.py:645: in connect
    return dialect.connect(*cargs, **cparams)
           ^^^^^^^^^^^^^^^^^^^^^^^^^^^^^^^^^^
..\..\AppData\Local\Programs\Python\Python312\Lib\site-packages\sqlalchemy\engine\default.py:616: in connect
    return self.loaded_dbapi.connect(*cargs, **cparams)
           ^^^^^^^^^^^^^^^^^^^^^^^^^^^^^^^^^^^^^^^^^^^^
..\..\AppData\Local\Programs\Python\Python312\Lib\site-packages\sqlalchemy\dialects\postgresql\asyncpg.py:941: in connect
    await_only(creator_fn(*arg, **kw)),
               ^^^^^^^^^^^^^^^^^^^^^^
E   TypeError: connect() got an unexpected keyword argument 'sslmode'
______________________ ERROR at setup of test_get_record ______________________
..\..\AppData\Local\Programs\Python\Python312\Lib\site-packages\pytest_asyncio\plugin.py:458: in setup
    return super().setup()
           ^^^^^^^^^^^^^^^
..\..\AppData\Local\Programs\Python\Python312\Lib\site-packages\pytest_asyncio\plugin.py:313: in _asyncgen_fixture_wrapper
    result = runner.run(setup(), context=context)
             ^^^^^^^^^^^^^^^^^^^^^^^^^^^^^^^^^^^^
..\..\AppData\Local\Programs\Python\Python312\Lib\asyncio\runners.py:118: in run
    return self._loop.run_until_complete(task)
           ^^^^^^^^^^^^^^^^^^^^^^^^^^^^^^^^^^^
..\..\AppData\Local\Programs\Python\Python312\Lib\asyncio\base_events.py:691: in run_until_complete
    return future.result()
           ^^^^^^^^^^^^^^^
..\..\AppData\Local\Programs\Python\Python312\Lib\site-packages\pytest_asyncio\plugin.py:309: in setup
    res = await gen_obj.__anext__()
          ^^^^^^^^^^^^^^^^^^^^^^^^^
tests\conftest.py:48: in test_engine
    async with engine.begin() as conn:
               ^^^^^^^^^^^^^^
..\..\AppData\Local\Programs\Python\Python312\Lib\contextlib.py:210: in __aenter__
    return await anext(self.gen)
           ^^^^^^^^^^^^^^^^^^^^^
..\..\AppData\Local\Programs\Python\Python312\Lib\site-packages\sqlalchemy\ext\asyncio\engine.py:1066: in begin
    async with conn:
               ^^^^
..\..\AppData\Local\Programs\Python\Python312\Lib\site-packages\sqlalchemy\ext\asyncio\base.py:125: in __aenter__
    return await self.start(is_ctxmanager=True)
           ^^^^^^^^^^^^^^^^^^^^^^^^^^^^^^^^^^^^
..\..\AppData\Local\Programs\Python\Python312\Lib\site-packages\sqlalchemy\ext\asyncio\engine.py:270: in start
    await greenlet_spawn(self.sync_engine.connect)
..\..\AppData\Local\Programs\Python\Python312\Lib\site-packages\sqlalchemy\util\_concurrency_py3k.py:189: in greenlet_spawn
    result = context.switch(*args, **kwargs)
             ^^^^^^^^^^^^^^^^^^^^^^^^^^^^^^^
..\..\AppData\Local\Programs\Python\Python312\Lib\site-packages\sqlalchemy\engine\base.py:3269: in connect
    return self._connection_cls(self)
           ^^^^^^^^^^^^^^^^^^^^^^^^^^
..\..\AppData\Local\Programs\Python\Python312\Lib\site-packages\sqlalchemy\engine\base.py:145: in __init__
    self._dbapi_connection = engine.raw_connection()
                             ^^^^^^^^^^^^^^^^^^^^^^^
..\..\AppData\Local\Programs\Python\Python312\Lib\site-packages\sqlalchemy\engine\base.py:3293: in raw_connection
    return self.pool.connect()
           ^^^^^^^^^^^^^^^^^^^
..\..\AppData\Local\Programs\Python\Python312\Lib\site-packages\sqlalchemy\pool\base.py:452: in connect
    return _ConnectionFairy._checkout(self)
           ^^^^^^^^^^^^^^^^^^^^^^^^^^^^^^^^
..\..\AppData\Local\Programs\Python\Python312\Lib\site-packages\sqlalchemy\pool\base.py:1269: in _checkout
    fairy = _ConnectionRecord.checkout(pool)
            ^^^^^^^^^^^^^^^^^^^^^^^^^^^^^^^^
..\..\AppData\Local\Programs\Python\Python312\Lib\site-packages\sqlalchemy\pool\base.py:716: in checkout
    rec = pool._do_get()
          ^^^^^^^^^^^^^^
..\..\AppData\Local\Programs\Python\Python312\Lib\site-packages\sqlalchemy\pool\impl.py:169: in _do_get
    with util.safe_reraise():
         ^^^^^^^^^^^^^^^^^^^
..\..\AppData\Local\Programs\Python\Python312\Lib\site-packages\sqlalchemy\util\langhelpers.py:146: in __exit__
    raise exc_value.with_traceback(exc_tb)
..\..\AppData\Local\Programs\Python\Python312\Lib\site-packages\sqlalchemy\pool\impl.py:167: in _do_get
    return self._create_connection()
           ^^^^^^^^^^^^^^^^^^^^^^^^^
..\..\AppData\Local\Programs\Python\Python312\Lib\site-packages\sqlalchemy\pool\base.py:393: in _create_connection
    return _ConnectionRecord(self)
           ^^^^^^^^^^^^^^^^^^^^^^^
..\..\AppData\Local\Programs\Python\Python312\Lib\site-packages\sqlalchemy\pool\base.py:678: in __init__
    self.__connect()
..\..\AppData\Local\Programs\Python\Python312\Lib\site-packages\sqlalchemy\pool\base.py:902: in __connect
    with util.safe_reraise():
         ^^^^^^^^^^^^^^^^^^^
..\..\AppData\Local\Programs\Python\Python312\Lib\site-packages\sqlalchemy\util\langhelpers.py:146: in __exit__
    raise exc_value.with_traceback(exc_tb)
..\..\AppData\Local\Programs\Python\Python312\Lib\site-packages\sqlalchemy\pool\base.py:898: in __connect
    self.dbapi_connection = connection = pool._invoke_creator(self)
                                         ^^^^^^^^^^^^^^^^^^^^^^^^^^
..\..\AppData\Local\Programs\Python\Python312\Lib\site-packages\sqlalchemy\engine\create.py:645: in connect
    return dialect.connect(*cargs, **cparams)
           ^^^^^^^^^^^^^^^^^^^^^^^^^^^^^^^^^^
..\..\AppData\Local\Programs\Python\Python312\Lib\site-packages\sqlalchemy\engine\default.py:616: in connect
    return self.loaded_dbapi.connect(*cargs, **cparams)
           ^^^^^^^^^^^^^^^^^^^^^^^^^^^^^^^^^^^^^^^^^^^^
..\..\AppData\Local\Programs\Python\Python312\Lib\site-packages\sqlalchemy\dialects\postgresql\asyncpg.py:941: in connect
    await_only(creator_fn(*arg, **kw)),
               ^^^^^^^^^^^^^^^^^^^^^^
E   TypeError: connect() got an unexpected keyword argument 'sslmode'
_________________ ERROR at setup of test_get_record_not_found _________________
..\..\AppData\Local\Programs\Python\Python312\Lib\site-packages\pytest_asyncio\plugin.py:458: in setup
    return super().setup()
           ^^^^^^^^^^^^^^^
..\..\AppData\Local\Programs\Python\Python312\Lib\site-packages\pytest_asyncio\plugin.py:313: in _asyncgen_fixture_wrapper
    result = runner.run(setup(), context=context)
             ^^^^^^^^^^^^^^^^^^^^^^^^^^^^^^^^^^^^
..\..\AppData\Local\Programs\Python\Python312\Lib\asyncio\runners.py:118: in run
    return self._loop.run_until_complete(task)
           ^^^^^^^^^^^^^^^^^^^^^^^^^^^^^^^^^^^
..\..\AppData\Local\Programs\Python\Python312\Lib\asyncio\base_events.py:691: in run_until_complete
    return future.result()
           ^^^^^^^^^^^^^^^
..\..\AppData\Local\Programs\Python\Python312\Lib\site-packages\pytest_asyncio\plugin.py:309: in setup
    res = await gen_obj.__anext__()
          ^^^^^^^^^^^^^^^^^^^^^^^^^
tests\conftest.py:48: in test_engine
    async with engine.begin() as conn:
               ^^^^^^^^^^^^^^
..\..\AppData\Local\Programs\Python\Python312\Lib\contextlib.py:210: in __aenter__
    return await anext(self.gen)
           ^^^^^^^^^^^^^^^^^^^^^
..\..\AppData\Local\Programs\Python\Python312\Lib\site-packages\sqlalchemy\ext\asyncio\engine.py:1066: in begin
    async with conn:
               ^^^^
..\..\AppData\Local\Programs\Python\Python312\Lib\site-packages\sqlalchemy\ext\asyncio\base.py:125: in __aenter__
    return await self.start(is_ctxmanager=True)
           ^^^^^^^^^^^^^^^^^^^^^^^^^^^^^^^^^^^^
..\..\AppData\Local\Programs\Python\Python312\Lib\site-packages\sqlalchemy\ext\asyncio\engine.py:270: in start
    await greenlet_spawn(self.sync_engine.connect)
..\..\AppData\Local\Programs\Python\Python312\Lib\site-packages\sqlalchemy\util\_concurrency_py3k.py:189: in greenlet_spawn
    result = context.switch(*args, **kwargs)
             ^^^^^^^^^^^^^^^^^^^^^^^^^^^^^^^
..\..\AppData\Local\Programs\Python\Python312\Lib\site-packages\sqlalchemy\engine\base.py:3269: in connect
    return self._connection_cls(self)
           ^^^^^^^^^^^^^^^^^^^^^^^^^^
..\..\AppData\Local\Programs\Python\Python312\Lib\site-packages\sqlalchemy\engine\base.py:145: in __init__
    self._dbapi_connection = engine.raw_connection()
                             ^^^^^^^^^^^^^^^^^^^^^^^
..\..\AppData\Local\Programs\Python\Python312\Lib\site-packages\sqlalchemy\engine\base.py:3293: in raw_connection
    return self.pool.connect()
           ^^^^^^^^^^^^^^^^^^^
..\..\AppData\Local\Programs\Python\Python312\Lib\site-packages\sqlalchemy\pool\base.py:452: in connect
    return _ConnectionFairy._checkout(self)
           ^^^^^^^^^^^^^^^^^^^^^^^^^^^^^^^^
..\..\AppData\Local\Programs\Python\Python312\Lib\site-packages\sqlalchemy\pool\base.py:1269: in _checkout
    fairy = _ConnectionRecord.checkout(pool)
            ^^^^^^^^^^^^^^^^^^^^^^^^^^^^^^^^
..\..\AppData\Local\Programs\Python\Python312\Lib\site-packages\sqlalchemy\pool\base.py:716: in checkout
    rec = pool._do_get()
          ^^^^^^^^^^^^^^
..\..\AppData\Local\Programs\Python\Python312\Lib\site-packages\sqlalchemy\pool\impl.py:169: in _do_get
    with util.safe_reraise():
         ^^^^^^^^^^^^^^^^^^^
..\..\AppData\Local\Programs\Python\Python312\Lib\site-packages\sqlalchemy\util\langhelpers.py:146: in __exit__
    raise exc_value.with_traceback(exc_tb)
..\..\AppData\Local\Programs\Python\Python312\Lib\site-packages\sqlalchemy\pool\impl.py:167: in _do_get
    return self._create_connection()
           ^^^^^^^^^^^^^^^^^^^^^^^^^
..\..\AppData\Local\Programs\Python\Python312\Lib\site-packages\sqlalchemy\pool\base.py:393: in _create_connection
    return _ConnectionRecord(self)
           ^^^^^^^^^^^^^^^^^^^^^^^
..\..\AppData\Local\Programs\Python\Python312\Lib\site-packages\sqlalchemy\pool\base.py:678: in __init__
    self.__connect()
..\..\AppData\Local\Programs\Python\Python312\Lib\site-packages\sqlalchemy\pool\base.py:902: in __connect
    with util.safe_reraise():
         ^^^^^^^^^^^^^^^^^^^
..\..\AppData\Local\Programs\Python\Python312\Lib\site-packages\sqlalchemy\util\langhelpers.py:146: in __exit__
    raise exc_value.with_traceback(exc_tb)
..\..\AppData\Local\Programs\Python\Python312\Lib\site-packages\sqlalchemy\pool\base.py:898: in __connect
    self.dbapi_connection = connection = pool._invoke_creator(self)
                                         ^^^^^^^^^^^^^^^^^^^^^^^^^^
..\..\AppData\Local\Programs\Python\Python312\Lib\site-packages\sqlalchemy\engine\create.py:645: in connect
    return dialect.connect(*cargs, **cparams)
           ^^^^^^^^^^^^^^^^^^^^^^^^^^^^^^^^^^
..\..\AppData\Local\Programs\Python\Python312\Lib\site-packages\sqlalchemy\engine\default.py:616: in connect
    return self.loaded_dbapi.connect(*cargs, **cparams)
           ^^^^^^^^^^^^^^^^^^^^^^^^^^^^^^^^^^^^^^^^^^^^
..\..\AppData\Local\Programs\Python\Python312\Lib\site-packages\sqlalchemy\dialects\postgresql\asyncpg.py:941: in connect
    await_only(creator_fn(*arg, **kw)),
               ^^^^^^^^^^^^^^^^^^^^^^
E   TypeError: connect() got an unexpected keyword argument 'sslmode'
________________ ERROR at setup of test_get_record_invalid_id _________________
..\..\AppData\Local\Programs\Python\Python312\Lib\site-packages\pytest_asyncio\plugin.py:458: in setup
    return super().setup()
           ^^^^^^^^^^^^^^^
..\..\AppData\Local\Programs\Python\Python312\Lib\site-packages\pytest_asyncio\plugin.py:313: in _asyncgen_fixture_wrapper
    result = runner.run(setup(), context=context)
             ^^^^^^^^^^^^^^^^^^^^^^^^^^^^^^^^^^^^
..\..\AppData\Local\Programs\Python\Python312\Lib\asyncio\runners.py:118: in run
    return self._loop.run_until_complete(task)
           ^^^^^^^^^^^^^^^^^^^^^^^^^^^^^^^^^^^
..\..\AppData\Local\Programs\Python\Python312\Lib\asyncio\base_events.py:691: in run_until_complete
    return future.result()
           ^^^^^^^^^^^^^^^
..\..\AppData\Local\Programs\Python\Python312\Lib\site-packages\pytest_asyncio\plugin.py:309: in setup
    res = await gen_obj.__anext__()
          ^^^^^^^^^^^^^^^^^^^^^^^^^
tests\conftest.py:48: in test_engine
    async with engine.begin() as conn:
               ^^^^^^^^^^^^^^
..\..\AppData\Local\Programs\Python\Python312\Lib\contextlib.py:210: in __aenter__
    return await anext(self.gen)
           ^^^^^^^^^^^^^^^^^^^^^
..\..\AppData\Local\Programs\Python\Python312\Lib\site-packages\sqlalchemy\ext\asyncio\engine.py:1066: in begin
    async with conn:
               ^^^^
..\..\AppData\Local\Programs\Python\Python312\Lib\site-packages\sqlalchemy\ext\asyncio\base.py:125: in __aenter__
    return await self.start(is_ctxmanager=True)
           ^^^^^^^^^^^^^^^^^^^^^^^^^^^^^^^^^^^^
..\..\AppData\Local\Programs\Python\Python312\Lib\site-packages\sqlalchemy\ext\asyncio\engine.py:270: in start
    await greenlet_spawn(self.sync_engine.connect)
..\..\AppData\Local\Programs\Python\Python312\Lib\site-packages\sqlalchemy\util\_concurrency_py3k.py:189: in greenlet_spawn
    result = context.switch(*args, **kwargs)
             ^^^^^^^^^^^^^^^^^^^^^^^^^^^^^^^
..\..\AppData\Local\Programs\Python\Python312\Lib\site-packages\sqlalchemy\engine\base.py:3269: in connect
    return self._connection_cls(self)
           ^^^^^^^^^^^^^^^^^^^^^^^^^^
..\..\AppData\Local\Programs\Python\Python312\Lib\site-packages\sqlalchemy\engine\base.py:145: in __init__
    self._dbapi_connection = engine.raw_connection()
                             ^^^^^^^^^^^^^^^^^^^^^^^
..\..\AppData\Local\Programs\Python\Python312\Lib\site-packages\sqlalchemy\engine\base.py:3293: in raw_connection
    return self.pool.connect()
           ^^^^^^^^^^^^^^^^^^^
..\..\AppData\Local\Programs\Python\Python312\Lib\site-packages\sqlalchemy\pool\base.py:452: in connect
    return _ConnectionFairy._checkout(self)
           ^^^^^^^^^^^^^^^^^^^^^^^^^^^^^^^^
..\..\AppData\Local\Programs\Python\Python312\Lib\site-packages\sqlalchemy\pool\base.py:1269: in _checkout
    fairy = _ConnectionRecord.checkout(pool)
            ^^^^^^^^^^^^^^^^^^^^^^^^^^^^^^^^
..\..\AppData\Local\Programs\Python\Python312\Lib\site-packages\sqlalchemy\pool\base.py:716: in checkout
    rec = pool._do_get()
          ^^^^^^^^^^^^^^
..\..\AppData\Local\Programs\Python\Python312\Lib\site-packages\sqlalchemy\pool\impl.py:169: in _do_get
    with util.safe_reraise():
         ^^^^^^^^^^^^^^^^^^^
..\..\AppData\Local\Programs\Python\Python312\Lib\site-packages\sqlalchemy\util\langhelpers.py:146: in __exit__
    raise exc_value.with_traceback(exc_tb)
..\..\AppData\Local\Programs\Python\Python312\Lib\site-packages\sqlalchemy\pool\impl.py:167: in _do_get
    return self._create_connection()
           ^^^^^^^^^^^^^^^^^^^^^^^^^
..\..\AppData\Local\Programs\Python\Python312\Lib\site-packages\sqlalchemy\pool\base.py:393: in _create_connection
    return _ConnectionRecord(self)
           ^^^^^^^^^^^^^^^^^^^^^^^
..\..\AppData\Local\Programs\Python\Python312\Lib\site-packages\sqlalchemy\pool\base.py:678: in __init__
    self.__connect()
..\..\AppData\Local\Programs\Python\Python312\Lib\site-packages\sqlalchemy\pool\base.py:902: in __connect
    with util.safe_reraise():
         ^^^^^^^^^^^^^^^^^^^
..\..\AppData\Local\Programs\Python\Python312\Lib\site-packages\sqlalchemy\util\langhelpers.py:146: in __exit__
    raise exc_value.with_traceback(exc_tb)
..\..\AppData\Local\Programs\Python\Python312\Lib\site-packages\sqlalchemy\pool\base.py:898: in __connect
    self.dbapi_connection = connection = pool._invoke_creator(self)
                                         ^^^^^^^^^^^^^^^^^^^^^^^^^^
..\..\AppData\Local\Programs\Python\Python312\Lib\site-packages\sqlalchemy\engine\create.py:645: in connect
    return dialect.connect(*cargs, **cparams)
           ^^^^^^^^^^^^^^^^^^^^^^^^^^^^^^^^^^
..\..\AppData\Local\Programs\Python\Python312\Lib\site-packages\sqlalchemy\engine\default.py:616: in connect
    return self.loaded_dbapi.connect(*cargs, **cparams)
           ^^^^^^^^^^^^^^^^^^^^^^^^^^^^^^^^^^^^^^^^^^^^
..\..\AppData\Local\Programs\Python\Python312\Lib\site-packages\sqlalchemy\dialects\postgresql\asyncpg.py:941: in connect
    await_only(creator_fn(*arg, **kw)),
               ^^^^^^^^^^^^^^^^^^^^^^
E   TypeError: connect() got an unexpected keyword argument 'sslmode'
____________________ ERROR at setup of test_update_record _____________________
..\..\AppData\Local\Programs\Python\Python312\Lib\site-packages\pytest_asyncio\plugin.py:458: in setup
    return super().setup()
           ^^^^^^^^^^^^^^^
..\..\AppData\Local\Programs\Python\Python312\Lib\site-packages\pytest_asyncio\plugin.py:313: in _asyncgen_fixture_wrapper
    result = runner.run(setup(), context=context)
             ^^^^^^^^^^^^^^^^^^^^^^^^^^^^^^^^^^^^
..\..\AppData\Local\Programs\Python\Python312\Lib\asyncio\runners.py:118: in run
    return self._loop.run_until_complete(task)
           ^^^^^^^^^^^^^^^^^^^^^^^^^^^^^^^^^^^
..\..\AppData\Local\Programs\Python\Python312\Lib\asyncio\base_events.py:691: in run_until_complete
    return future.result()
           ^^^^^^^^^^^^^^^
..\..\AppData\Local\Programs\Python\Python312\Lib\site-packages\pytest_asyncio\plugin.py:309: in setup
    res = await gen_obj.__anext__()
          ^^^^^^^^^^^^^^^^^^^^^^^^^
tests\conftest.py:48: in test_engine
    async with engine.begin() as conn:
               ^^^^^^^^^^^^^^
..\..\AppData\Local\Programs\Python\Python312\Lib\contextlib.py:210: in __aenter__
    return await anext(self.gen)
           ^^^^^^^^^^^^^^^^^^^^^
..\..\AppData\Local\Programs\Python\Python312\Lib\site-packages\sqlalchemy\ext\asyncio\engine.py:1066: in begin
    async with conn:
               ^^^^
..\..\AppData\Local\Programs\Python\Python312\Lib\site-packages\sqlalchemy\ext\asyncio\base.py:125: in __aenter__
    return await self.start(is_ctxmanager=True)
           ^^^^^^^^^^^^^^^^^^^^^^^^^^^^^^^^^^^^
..\..\AppData\Local\Programs\Python\Python312\Lib\site-packages\sqlalchemy\ext\asyncio\engine.py:270: in start
    await greenlet_spawn(self.sync_engine.connect)
..\..\AppData\Local\Programs\Python\Python312\Lib\site-packages\sqlalchemy\util\_concurrency_py3k.py:189: in greenlet_spawn
    result = context.switch(*args, **kwargs)
             ^^^^^^^^^^^^^^^^^^^^^^^^^^^^^^^
..\..\AppData\Local\Programs\Python\Python312\Lib\site-packages\sqlalchemy\engine\base.py:3269: in connect
    return self._connection_cls(self)
           ^^^^^^^^^^^^^^^^^^^^^^^^^^
..\..\AppData\Local\Programs\Python\Python312\Lib\site-packages\sqlalchemy\engine\base.py:145: in __init__
    self._dbapi_connection = engine.raw_connection()
                             ^^^^^^^^^^^^^^^^^^^^^^^
..\..\AppData\Local\Programs\Python\Python312\Lib\site-packages\sqlalchemy\engine\base.py:3293: in raw_connection
    return self.pool.connect()
           ^^^^^^^^^^^^^^^^^^^
..\..\AppData\Local\Programs\Python\Python312\Lib\site-packages\sqlalchemy\pool\base.py:452: in connect
    return _ConnectionFairy._checkout(self)
           ^^^^^^^^^^^^^^^^^^^^^^^^^^^^^^^^
..\..\AppData\Local\Programs\Python\Python312\Lib\site-packages\sqlalchemy\pool\base.py:1269: in _checkout
    fairy = _ConnectionRecord.checkout(pool)
            ^^^^^^^^^^^^^^^^^^^^^^^^^^^^^^^^
..\..\AppData\Local\Programs\Python\Python312\Lib\site-packages\sqlalchemy\pool\base.py:716: in checkout
    rec = pool._do_get()
          ^^^^^^^^^^^^^^
..\..\AppData\Local\Programs\Python\Python312\Lib\site-packages\sqlalchemy\pool\impl.py:169: in _do_get
    with util.safe_reraise():
         ^^^^^^^^^^^^^^^^^^^
..\..\AppData\Local\Programs\Python\Python312\Lib\site-packages\sqlalchemy\util\langhelpers.py:146: in __exit__
    raise exc_value.with_traceback(exc_tb)
..\..\AppData\Local\Programs\Python\Python312\Lib\site-packages\sqlalchemy\pool\impl.py:167: in _do_get
    return self._create_connection()
           ^^^^^^^^^^^^^^^^^^^^^^^^^
..\..\AppData\Local\Programs\Python\Python312\Lib\site-packages\sqlalchemy\pool\base.py:393: in _create_connection
    return _ConnectionRecord(self)
           ^^^^^^^^^^^^^^^^^^^^^^^
..\..\AppData\Local\Programs\Python\Python312\Lib\site-packages\sqlalchemy\pool\base.py:678: in __init__
    self.__connect()
..\..\AppData\Local\Programs\Python\Python312\Lib\site-packages\sqlalchemy\pool\base.py:902: in __connect
    with util.safe_reraise():
         ^^^^^^^^^^^^^^^^^^^
..\..\AppData\Local\Programs\Python\Python312\Lib\site-packages\sqlalchemy\util\langhelpers.py:146: in __exit__
    raise exc_value.with_traceback(exc_tb)
..\..\AppData\Local\Programs\Python\Python312\Lib\site-packages\sqlalchemy\pool\base.py:898: in __connect
    self.dbapi_connection = connection = pool._invoke_creator(self)
                                         ^^^^^^^^^^^^^^^^^^^^^^^^^^
..\..\AppData\Local\Programs\Python\Python312\Lib\site-packages\sqlalchemy\engine\create.py:645: in connect
    return dialect.connect(*cargs, **cparams)
           ^^^^^^^^^^^^^^^^^^^^^^^^^^^^^^^^^^
..\..\AppData\Local\Programs\Python\Python312\Lib\site-packages\sqlalchemy\engine\default.py:616: in connect
    return self.loaded_dbapi.connect(*cargs, **cparams)
           ^^^^^^^^^^^^^^^^^^^^^^^^^^^^^^^^^^^^^^^^^^^^
..\..\AppData\Local\Programs\Python\Python312\Lib\site-packages\sqlalchemy\dialects\postgresql\asyncpg.py:941: in connect
    await_only(creator_fn(*arg, **kw)),
               ^^^^^^^^^^^^^^^^^^^^^^
E   TypeError: connect() got an unexpected keyword argument 'sslmode'
_______________ ERROR at setup of test_update_record_non_member _______________
..\..\AppData\Local\Programs\Python\Python312\Lib\site-packages\pytest_asyncio\plugin.py:458: in setup
    return super().setup()
           ^^^^^^^^^^^^^^^
..\..\AppData\Local\Programs\Python\Python312\Lib\site-packages\pytest_asyncio\plugin.py:313: in _asyncgen_fixture_wrapper
    result = runner.run(setup(), context=context)
             ^^^^^^^^^^^^^^^^^^^^^^^^^^^^^^^^^^^^
..\..\AppData\Local\Programs\Python\Python312\Lib\asyncio\runners.py:118: in run
    return self._loop.run_until_complete(task)
           ^^^^^^^^^^^^^^^^^^^^^^^^^^^^^^^^^^^
..\..\AppData\Local\Programs\Python\Python312\Lib\asyncio\base_events.py:691: in run_until_complete
    return future.result()
           ^^^^^^^^^^^^^^^
..\..\AppData\Local\Programs\Python\Python312\Lib\site-packages\pytest_asyncio\plugin.py:309: in setup
    res = await gen_obj.__anext__()
          ^^^^^^^^^^^^^^^^^^^^^^^^^
tests\conftest.py:48: in test_engine
    async with engine.begin() as conn:
               ^^^^^^^^^^^^^^
..\..\AppData\Local\Programs\Python\Python312\Lib\contextlib.py:210: in __aenter__
    return await anext(self.gen)
           ^^^^^^^^^^^^^^^^^^^^^
..\..\AppData\Local\Programs\Python\Python312\Lib\site-packages\sqlalchemy\ext\asyncio\engine.py:1066: in begin
    async with conn:
               ^^^^
..\..\AppData\Local\Programs\Python\Python312\Lib\site-packages\sqlalchemy\ext\asyncio\base.py:125: in __aenter__
    return await self.start(is_ctxmanager=True)
           ^^^^^^^^^^^^^^^^^^^^^^^^^^^^^^^^^^^^
..\..\AppData\Local\Programs\Python\Python312\Lib\site-packages\sqlalchemy\ext\asyncio\engine.py:270: in start
    await greenlet_spawn(self.sync_engine.connect)
..\..\AppData\Local\Programs\Python\Python312\Lib\site-packages\sqlalchemy\util\_concurrency_py3k.py:189: in greenlet_spawn
    result = context.switch(*args, **kwargs)
             ^^^^^^^^^^^^^^^^^^^^^^^^^^^^^^^
..\..\AppData\Local\Programs\Python\Python312\Lib\site-packages\sqlalchemy\engine\base.py:3269: in connect
    return self._connection_cls(self)
           ^^^^^^^^^^^^^^^^^^^^^^^^^^
..\..\AppData\Local\Programs\Python\Python312\Lib\site-packages\sqlalchemy\engine\base.py:145: in __init__
    self._dbapi_connection = engine.raw_connection()
                             ^^^^^^^^^^^^^^^^^^^^^^^
..\..\AppData\Local\Programs\Python\Python312\Lib\site-packages\sqlalchemy\engine\base.py:3293: in raw_connection
    return self.pool.connect()
           ^^^^^^^^^^^^^^^^^^^
..\..\AppData\Local\Programs\Python\Python312\Lib\site-packages\sqlalchemy\pool\base.py:452: in connect
    return _ConnectionFairy._checkout(self)
           ^^^^^^^^^^^^^^^^^^^^^^^^^^^^^^^^
..\..\AppData\Local\Programs\Python\Python312\Lib\site-packages\sqlalchemy\pool\base.py:1269: in _checkout
    fairy = _ConnectionRecord.checkout(pool)
            ^^^^^^^^^^^^^^^^^^^^^^^^^^^^^^^^
..\..\AppData\Local\Programs\Python\Python312\Lib\site-packages\sqlalchemy\pool\base.py:716: in checkout
    rec = pool._do_get()
          ^^^^^^^^^^^^^^
..\..\AppData\Local\Programs\Python\Python312\Lib\site-packages\sqlalchemy\pool\impl.py:169: in _do_get
    with util.safe_reraise():
         ^^^^^^^^^^^^^^^^^^^
..\..\AppData\Local\Programs\Python\Python312\Lib\site-packages\sqlalchemy\util\langhelpers.py:146: in __exit__
    raise exc_value.with_traceback(exc_tb)
..\..\AppData\Local\Programs\Python\Python312\Lib\site-packages\sqlalchemy\pool\impl.py:167: in _do_get
    return self._create_connection()
           ^^^^^^^^^^^^^^^^^^^^^^^^^
..\..\AppData\Local\Programs\Python\Python312\Lib\site-packages\sqlalchemy\pool\base.py:393: in _create_connection
    return _ConnectionRecord(self)
           ^^^^^^^^^^^^^^^^^^^^^^^
..\..\AppData\Local\Programs\Python\Python312\Lib\site-packages\sqlalchemy\pool\base.py:678: in __init__
    self.__connect()
..\..\AppData\Local\Programs\Python\Python312\Lib\site-packages\sqlalchemy\pool\base.py:902: in __connect
    with util.safe_reraise():
         ^^^^^^^^^^^^^^^^^^^
..\..\AppData\Local\Programs\Python\Python312\Lib\site-packages\sqlalchemy\util\langhelpers.py:146: in __exit__
    raise exc_value.with_traceback(exc_tb)
..\..\AppData\Local\Programs\Python\Python312\Lib\site-packages\sqlalchemy\pool\base.py:898: in __connect
    self.dbapi_connection = connection = pool._invoke_creator(self)
                                         ^^^^^^^^^^^^^^^^^^^^^^^^^^
..\..\AppData\Local\Programs\Python\Python312\Lib\site-packages\sqlalchemy\engine\create.py:645: in connect
    return dialect.connect(*cargs, **cparams)
           ^^^^^^^^^^^^^^^^^^^^^^^^^^^^^^^^^^
..\..\AppData\Local\Programs\Python\Python312\Lib\site-packages\sqlalchemy\engine\default.py:616: in connect
    return self.loaded_dbapi.connect(*cargs, **cparams)
           ^^^^^^^^^^^^^^^^^^^^^^^^^^^^^^^^^^^^^^^^^^^^
..\..\AppData\Local\Programs\Python\Python312\Lib\site-packages\sqlalchemy\dialects\postgresql\asyncpg.py:941: in connect
    await_only(creator_fn(*arg, **kw)),
               ^^^^^^^^^^^^^^^^^^^^^^
E   TypeError: connect() got an unexpected keyword argument 'sslmode'
____________________ ERROR at setup of test_delete_record _____________________
..\..\AppData\Local\Programs\Python\Python312\Lib\site-packages\pytest_asyncio\plugin.py:458: in setup
    return super().setup()
           ^^^^^^^^^^^^^^^
..\..\AppData\Local\Programs\Python\Python312\Lib\site-packages\pytest_asyncio\plugin.py:313: in _asyncgen_fixture_wrapper
    result = runner.run(setup(), context=context)
             ^^^^^^^^^^^^^^^^^^^^^^^^^^^^^^^^^^^^
..\..\AppData\Local\Programs\Python\Python312\Lib\asyncio\runners.py:118: in run
    return self._loop.run_until_complete(task)
           ^^^^^^^^^^^^^^^^^^^^^^^^^^^^^^^^^^^
..\..\AppData\Local\Programs\Python\Python312\Lib\asyncio\base_events.py:691: in run_until_complete
    return future.result()
           ^^^^^^^^^^^^^^^
..\..\AppData\Local\Programs\Python\Python312\Lib\site-packages\pytest_asyncio\plugin.py:309: in setup
    res = await gen_obj.__anext__()
          ^^^^^^^^^^^^^^^^^^^^^^^^^
tests\conftest.py:48: in test_engine
    async with engine.begin() as conn:
               ^^^^^^^^^^^^^^
..\..\AppData\Local\Programs\Python\Python312\Lib\contextlib.py:210: in __aenter__
    return await anext(self.gen)
           ^^^^^^^^^^^^^^^^^^^^^
..\..\AppData\Local\Programs\Python\Python312\Lib\site-packages\sqlalchemy\ext\asyncio\engine.py:1066: in begin
    async with conn:
               ^^^^
..\..\AppData\Local\Programs\Python\Python312\Lib\site-packages\sqlalchemy\ext\asyncio\base.py:125: in __aenter__
    return await self.start(is_ctxmanager=True)
           ^^^^^^^^^^^^^^^^^^^^^^^^^^^^^^^^^^^^
..\..\AppData\Local\Programs\Python\Python312\Lib\site-packages\sqlalchemy\ext\asyncio\engine.py:270: in start
    await greenlet_spawn(self.sync_engine.connect)
..\..\AppData\Local\Programs\Python\Python312\Lib\site-packages\sqlalchemy\util\_concurrency_py3k.py:189: in greenlet_spawn
    result = context.switch(*args, **kwargs)
             ^^^^^^^^^^^^^^^^^^^^^^^^^^^^^^^
..\..\AppData\Local\Programs\Python\Python312\Lib\site-packages\sqlalchemy\engine\base.py:3269: in connect
    return self._connection_cls(self)
           ^^^^^^^^^^^^^^^^^^^^^^^^^^
..\..\AppData\Local\Programs\Python\Python312\Lib\site-packages\sqlalchemy\engine\base.py:145: in __init__
    self._dbapi_connection = engine.raw_connection()
                             ^^^^^^^^^^^^^^^^^^^^^^^
..\..\AppData\Local\Programs\Python\Python312\Lib\site-packages\sqlalchemy\engine\base.py:3293: in raw_connection
    return self.pool.connect()
           ^^^^^^^^^^^^^^^^^^^
..\..\AppData\Local\Programs\Python\Python312\Lib\site-packages\sqlalchemy\pool\base.py:452: in connect
    return _ConnectionFairy._checkout(self)
           ^^^^^^^^^^^^^^^^^^^^^^^^^^^^^^^^
..\..\AppData\Local\Programs\Python\Python312\Lib\site-packages\sqlalchemy\pool\base.py:1269: in _checkout
    fairy = _ConnectionRecord.checkout(pool)
            ^^^^^^^^^^^^^^^^^^^^^^^^^^^^^^^^
..\..\AppData\Local\Programs\Python\Python312\Lib\site-packages\sqlalchemy\pool\base.py:716: in checkout
    rec = pool._do_get()
          ^^^^^^^^^^^^^^
..\..\AppData\Local\Programs\Python\Python312\Lib\site-packages\sqlalchemy\pool\impl.py:169: in _do_get
    with util.safe_reraise():
         ^^^^^^^^^^^^^^^^^^^
..\..\AppData\Local\Programs\Python\Python312\Lib\site-packages\sqlalchemy\util\langhelpers.py:146: in __exit__
    raise exc_value.with_traceback(exc_tb)
..\..\AppData\Local\Programs\Python\Python312\Lib\site-packages\sqlalchemy\pool\impl.py:167: in _do_get
    return self._create_connection()
           ^^^^^^^^^^^^^^^^^^^^^^^^^
..\..\AppData\Local\Programs\Python\Python312\Lib\site-packages\sqlalchemy\pool\base.py:393: in _create_connection
    return _ConnectionRecord(self)
           ^^^^^^^^^^^^^^^^^^^^^^^
..\..\AppData\Local\Programs\Python\Python312\Lib\site-packages\sqlalchemy\pool\base.py:678: in __init__
    self.__connect()
..\..\AppData\Local\Programs\Python\Python312\Lib\site-packages\sqlalchemy\pool\base.py:902: in __connect
    with util.safe_reraise():
         ^^^^^^^^^^^^^^^^^^^
..\..\AppData\Local\Programs\Python\Python312\Lib\site-packages\sqlalchemy\util\langhelpers.py:146: in __exit__
    raise exc_value.with_traceback(exc_tb)
..\..\AppData\Local\Programs\Python\Python312\Lib\site-packages\sqlalchemy\pool\base.py:898: in __connect
    self.dbapi_connection = connection = pool._invoke_creator(self)
                                         ^^^^^^^^^^^^^^^^^^^^^^^^^^
..\..\AppData\Local\Programs\Python\Python312\Lib\site-packages\sqlalchemy\engine\create.py:645: in connect
    return dialect.connect(*cargs, **cparams)
           ^^^^^^^^^^^^^^^^^^^^^^^^^^^^^^^^^^
..\..\AppData\Local\Programs\Python\Python312\Lib\site-packages\sqlalchemy\engine\default.py:616: in connect
    return self.loaded_dbapi.connect(*cargs, **cparams)
           ^^^^^^^^^^^^^^^^^^^^^^^^^^^^^^^^^^^^^^^^^^^^
..\..\AppData\Local\Programs\Python\Python312\Lib\site-packages\sqlalchemy\dialects\postgresql\asyncpg.py:941: in connect
    await_only(creator_fn(*arg, **kw)),
               ^^^^^^^^^^^^^^^^^^^^^^
E   TypeError: connect() got an unexpected keyword argument 'sslmode'
_______________ ERROR at setup of test_delete_record_non_member _______________
..\..\AppData\Local\Programs\Python\Python312\Lib\site-packages\pytest_asyncio\plugin.py:458: in setup
    return super().setup()
           ^^^^^^^^^^^^^^^
..\..\AppData\Local\Programs\Python\Python312\Lib\site-packages\pytest_asyncio\plugin.py:313: in _asyncgen_fixture_wrapper
    result = runner.run(setup(), context=context)
             ^^^^^^^^^^^^^^^^^^^^^^^^^^^^^^^^^^^^
..\..\AppData\Local\Programs\Python\Python312\Lib\asyncio\runners.py:118: in run
    return self._loop.run_until_complete(task)
           ^^^^^^^^^^^^^^^^^^^^^^^^^^^^^^^^^^^
..\..\AppData\Local\Programs\Python\Python312\Lib\asyncio\base_events.py:691: in run_until_complete
    return future.result()
           ^^^^^^^^^^^^^^^
..\..\AppData\Local\Programs\Python\Python312\Lib\site-packages\pytest_asyncio\plugin.py:309: in setup
    res = await gen_obj.__anext__()
          ^^^^^^^^^^^^^^^^^^^^^^^^^
tests\conftest.py:48: in test_engine
    async with engine.begin() as conn:
               ^^^^^^^^^^^^^^
..\..\AppData\Local\Programs\Python\Python312\Lib\contextlib.py:210: in __aenter__
    return await anext(self.gen)
           ^^^^^^^^^^^^^^^^^^^^^
..\..\AppData\Local\Programs\Python\Python312\Lib\site-packages\sqlalchemy\ext\asyncio\engine.py:1066: in begin
    async with conn:
               ^^^^
..\..\AppData\Local\Programs\Python\Python312\Lib\site-packages\sqlalchemy\ext\asyncio\base.py:125: in __aenter__
    return await self.start(is_ctxmanager=True)
           ^^^^^^^^^^^^^^^^^^^^^^^^^^^^^^^^^^^^
..\..\AppData\Local\Programs\Python\Python312\Lib\site-packages\sqlalchemy\ext\asyncio\engine.py:270: in start
    await greenlet_spawn(self.sync_engine.connect)
..\..\AppData\Local\Programs\Python\Python312\Lib\site-packages\sqlalchemy\util\_concurrency_py3k.py:189: in greenlet_spawn
    result = context.switch(*args, **kwargs)
             ^^^^^^^^^^^^^^^^^^^^^^^^^^^^^^^
..\..\AppData\Local\Programs\Python\Python312\Lib\site-packages\sqlalchemy\engine\base.py:3269: in connect
    return self._connection_cls(self)
           ^^^^^^^^^^^^^^^^^^^^^^^^^^
..\..\AppData\Local\Programs\Python\Python312\Lib\site-packages\sqlalchemy\engine\base.py:145: in __init__
    self._dbapi_connection = engine.raw_connection()
                             ^^^^^^^^^^^^^^^^^^^^^^^
..\..\AppData\Local\Programs\Python\Python312\Lib\site-packages\sqlalchemy\engine\base.py:3293: in raw_connection
    return self.pool.connect()
           ^^^^^^^^^^^^^^^^^^^
..\..\AppData\Local\Programs\Python\Python312\Lib\site-packages\sqlalchemy\pool\base.py:452: in connect
    return _ConnectionFairy._checkout(self)
           ^^^^^^^^^^^^^^^^^^^^^^^^^^^^^^^^
..\..\AppData\Local\Programs\Python\Python312\Lib\site-packages\sqlalchemy\pool\base.py:1269: in _checkout
    fairy = _ConnectionRecord.checkout(pool)
            ^^^^^^^^^^^^^^^^^^^^^^^^^^^^^^^^
..\..\AppData\Local\Programs\Python\Python312\Lib\site-packages\sqlalchemy\pool\base.py:716: in checkout
    rec = pool._do_get()
          ^^^^^^^^^^^^^^
..\..\AppData\Local\Programs\Python\Python312\Lib\site-packages\sqlalchemy\pool\impl.py:169: in _do_get
    with util.safe_reraise():
         ^^^^^^^^^^^^^^^^^^^
..\..\AppData\Local\Programs\Python\Python312\Lib\site-packages\sqlalchemy\util\langhelpers.py:146: in __exit__
    raise exc_value.with_traceback(exc_tb)
..\..\AppData\Local\Programs\Python\Python312\Lib\site-packages\sqlalchemy\pool\impl.py:167: in _do_get
    return self._create_connection()
           ^^^^^^^^^^^^^^^^^^^^^^^^^
..\..\AppData\Local\Programs\Python\Python312\Lib\site-packages\sqlalchemy\pool\base.py:393: in _create_connection
    return _ConnectionRecord(self)
           ^^^^^^^^^^^^^^^^^^^^^^^
..\..\AppData\Local\Programs\Python\Python312\Lib\site-packages\sqlalchemy\pool\base.py:678: in __init__
    self.__connect()
..\..\AppData\Local\Programs\Python\Python312\Lib\site-packages\sqlalchemy\pool\base.py:902: in __connect
    with util.safe_reraise():
         ^^^^^^^^^^^^^^^^^^^
..\..\AppData\Local\Programs\Python\Python312\Lib\site-packages\sqlalchemy\util\langhelpers.py:146: in __exit__
    raise exc_value.with_traceback(exc_tb)
..\..\AppData\Local\Programs\Python\Python312\Lib\site-packages\sqlalchemy\pool\base.py:898: in __connect
    self.dbapi_connection = connection = pool._invoke_creator(self)
                                         ^^^^^^^^^^^^^^^^^^^^^^^^^^
..\..\AppData\Local\Programs\Python\Python312\Lib\site-packages\sqlalchemy\engine\create.py:645: in connect
    return dialect.connect(*cargs, **cparams)
           ^^^^^^^^^^^^^^^^^^^^^^^^^^^^^^^^^^
..\..\AppData\Local\Programs\Python\Python312\Lib\site-packages\sqlalchemy\engine\default.py:616: in connect
    return self.loaded_dbapi.connect(*cargs, **cparams)
           ^^^^^^^^^^^^^^^^^^^^^^^^^^^^^^^^^^^^^^^^^^^^
..\..\AppData\Local\Programs\Python\Python312\Lib\site-packages\sqlalchemy\dialects\postgresql\asyncpg.py:941: in connect
    await_only(creator_fn(*arg, **kw)),
               ^^^^^^^^^^^^^^^^^^^^^^
E   TypeError: connect() got an unexpected keyword argument 'sslmode'
_____________________ ERROR at setup of test_create_table _____________________
..\..\AppData\Local\Programs\Python\Python312\Lib\site-packages\pytest_asyncio\plugin.py:458: in setup
    return super().setup()
           ^^^^^^^^^^^^^^^
..\..\AppData\Local\Programs\Python\Python312\Lib\site-packages\pytest_asyncio\plugin.py:313: in _asyncgen_fixture_wrapper
    result = runner.run(setup(), context=context)
             ^^^^^^^^^^^^^^^^^^^^^^^^^^^^^^^^^^^^
..\..\AppData\Local\Programs\Python\Python312\Lib\asyncio\runners.py:118: in run
    return self._loop.run_until_complete(task)
           ^^^^^^^^^^^^^^^^^^^^^^^^^^^^^^^^^^^
..\..\AppData\Local\Programs\Python\Python312\Lib\asyncio\base_events.py:691: in run_until_complete
    return future.result()
           ^^^^^^^^^^^^^^^
..\..\AppData\Local\Programs\Python\Python312\Lib\site-packages\pytest_asyncio\plugin.py:309: in setup
    res = await gen_obj.__anext__()
          ^^^^^^^^^^^^^^^^^^^^^^^^^
tests\conftest.py:48: in test_engine
    async with engine.begin() as conn:
               ^^^^^^^^^^^^^^
..\..\AppData\Local\Programs\Python\Python312\Lib\contextlib.py:210: in __aenter__
    return await anext(self.gen)
           ^^^^^^^^^^^^^^^^^^^^^
..\..\AppData\Local\Programs\Python\Python312\Lib\site-packages\sqlalchemy\ext\asyncio\engine.py:1066: in begin
    async with conn:
               ^^^^
..\..\AppData\Local\Programs\Python\Python312\Lib\site-packages\sqlalchemy\ext\asyncio\base.py:125: in __aenter__
    return await self.start(is_ctxmanager=True)
           ^^^^^^^^^^^^^^^^^^^^^^^^^^^^^^^^^^^^
..\..\AppData\Local\Programs\Python\Python312\Lib\site-packages\sqlalchemy\ext\asyncio\engine.py:270: in start
    await greenlet_spawn(self.sync_engine.connect)
..\..\AppData\Local\Programs\Python\Python312\Lib\site-packages\sqlalchemy\util\_concurrency_py3k.py:189: in greenlet_spawn
    result = context.switch(*args, **kwargs)
             ^^^^^^^^^^^^^^^^^^^^^^^^^^^^^^^
..\..\AppData\Local\Programs\Python\Python312\Lib\site-packages\sqlalchemy\engine\base.py:3269: in connect
    return self._connection_cls(self)
           ^^^^^^^^^^^^^^^^^^^^^^^^^^
..\..\AppData\Local\Programs\Python\Python312\Lib\site-packages\sqlalchemy\engine\base.py:145: in __init__
    self._dbapi_connection = engine.raw_connection()
                             ^^^^^^^^^^^^^^^^^^^^^^^
..\..\AppData\Local\Programs\Python\Python312\Lib\site-packages\sqlalchemy\engine\base.py:3293: in raw_connection
    return self.pool.connect()
           ^^^^^^^^^^^^^^^^^^^
..\..\AppData\Local\Programs\Python\Python312\Lib\site-packages\sqlalchemy\pool\base.py:452: in connect
    return _ConnectionFairy._checkout(self)
           ^^^^^^^^^^^^^^^^^^^^^^^^^^^^^^^^
..\..\AppData\Local\Programs\Python\Python312\Lib\site-packages\sqlalchemy\pool\base.py:1269: in _checkout
    fairy = _ConnectionRecord.checkout(pool)
            ^^^^^^^^^^^^^^^^^^^^^^^^^^^^^^^^
..\..\AppData\Local\Programs\Python\Python312\Lib\site-packages\sqlalchemy\pool\base.py:716: in checkout
    rec = pool._do_get()
          ^^^^^^^^^^^^^^
..\..\AppData\Local\Programs\Python\Python312\Lib\site-packages\sqlalchemy\pool\impl.py:169: in _do_get
    with util.safe_reraise():
         ^^^^^^^^^^^^^^^^^^^
..\..\AppData\Local\Programs\Python\Python312\Lib\site-packages\sqlalchemy\util\langhelpers.py:146: in __exit__
    raise exc_value.with_traceback(exc_tb)
..\..\AppData\Local\Programs\Python\Python312\Lib\site-packages\sqlalchemy\pool\impl.py:167: in _do_get
    return self._create_connection()
           ^^^^^^^^^^^^^^^^^^^^^^^^^
..\..\AppData\Local\Programs\Python\Python312\Lib\site-packages\sqlalchemy\pool\base.py:393: in _create_connection
    return _ConnectionRecord(self)
           ^^^^^^^^^^^^^^^^^^^^^^^
..\..\AppData\Local\Programs\Python\Python312\Lib\site-packages\sqlalchemy\pool\base.py:678: in __init__
    self.__connect()
..\..\AppData\Local\Programs\Python\Python312\Lib\site-packages\sqlalchemy\pool\base.py:902: in __connect
    with util.safe_reraise():
         ^^^^^^^^^^^^^^^^^^^
..\..\AppData\Local\Programs\Python\Python312\Lib\site-packages\sqlalchemy\util\langhelpers.py:146: in __exit__
    raise exc_value.with_traceback(exc_tb)
..\..\AppData\Local\Programs\Python\Python312\Lib\site-packages\sqlalchemy\pool\base.py:898: in __connect
    self.dbapi_connection = connection = pool._invoke_creator(self)
                                         ^^^^^^^^^^^^^^^^^^^^^^^^^^
..\..\AppData\Local\Programs\Python\Python312\Lib\site-packages\sqlalchemy\engine\create.py:645: in connect
    return dialect.connect(*cargs, **cparams)
           ^^^^^^^^^^^^^^^^^^^^^^^^^^^^^^^^^^
..\..\AppData\Local\Programs\Python\Python312\Lib\site-packages\sqlalchemy\engine\default.py:616: in connect
    return self.loaded_dbapi.connect(*cargs, **cparams)
           ^^^^^^^^^^^^^^^^^^^^^^^^^^^^^^^^^^^^^^^^^^^^
..\..\AppData\Local\Programs\Python\Python312\Lib\site-packages\sqlalchemy\dialects\postgresql\asyncpg.py:941: in connect
    await_only(creator_fn(*arg, **kw)),
               ^^^^^^^^^^^^^^^^^^^^^^
E   TypeError: connect() got an unexpected keyword argument 'sslmode'
______________ ERROR at setup of test_create_table_unauthorized _______________
..\..\AppData\Local\Programs\Python\Python312\Lib\site-packages\pytest_asyncio\plugin.py:458: in setup
    return super().setup()
           ^^^^^^^^^^^^^^^
..\..\AppData\Local\Programs\Python\Python312\Lib\site-packages\pytest_asyncio\plugin.py:313: in _asyncgen_fixture_wrapper
    result = runner.run(setup(), context=context)
             ^^^^^^^^^^^^^^^^^^^^^^^^^^^^^^^^^^^^
..\..\AppData\Local\Programs\Python\Python312\Lib\asyncio\runners.py:118: in run
    return self._loop.run_until_complete(task)
           ^^^^^^^^^^^^^^^^^^^^^^^^^^^^^^^^^^^
..\..\AppData\Local\Programs\Python\Python312\Lib\asyncio\base_events.py:691: in run_until_complete
    return future.result()
           ^^^^^^^^^^^^^^^
..\..\AppData\Local\Programs\Python\Python312\Lib\site-packages\pytest_asyncio\plugin.py:309: in setup
    res = await gen_obj.__anext__()
          ^^^^^^^^^^^^^^^^^^^^^^^^^
tests\conftest.py:48: in test_engine
    async with engine.begin() as conn:
               ^^^^^^^^^^^^^^
..\..\AppData\Local\Programs\Python\Python312\Lib\contextlib.py:210: in __aenter__
    return await anext(self.gen)
           ^^^^^^^^^^^^^^^^^^^^^
..\..\AppData\Local\Programs\Python\Python312\Lib\site-packages\sqlalchemy\ext\asyncio\engine.py:1066: in begin
    async with conn:
               ^^^^
..\..\AppData\Local\Programs\Python\Python312\Lib\site-packages\sqlalchemy\ext\asyncio\base.py:125: in __aenter__
    return await self.start(is_ctxmanager=True)
           ^^^^^^^^^^^^^^^^^^^^^^^^^^^^^^^^^^^^
..\..\AppData\Local\Programs\Python\Python312\Lib\site-packages\sqlalchemy\ext\asyncio\engine.py:270: in start
    await greenlet_spawn(self.sync_engine.connect)
..\..\AppData\Local\Programs\Python\Python312\Lib\site-packages\sqlalchemy\util\_concurrency_py3k.py:189: in greenlet_spawn
    result = context.switch(*args, **kwargs)
             ^^^^^^^^^^^^^^^^^^^^^^^^^^^^^^^
..\..\AppData\Local\Programs\Python\Python312\Lib\site-packages\sqlalchemy\engine\base.py:3269: in connect
    return self._connection_cls(self)
           ^^^^^^^^^^^^^^^^^^^^^^^^^^
..\..\AppData\Local\Programs\Python\Python312\Lib\site-packages\sqlalchemy\engine\base.py:145: in __init__
    self._dbapi_connection = engine.raw_connection()
                             ^^^^^^^^^^^^^^^^^^^^^^^
..\..\AppData\Local\Programs\Python\Python312\Lib\site-packages\sqlalchemy\engine\base.py:3293: in raw_connection
    return self.pool.connect()
           ^^^^^^^^^^^^^^^^^^^
..\..\AppData\Local\Programs\Python\Python312\Lib\site-packages\sqlalchemy\pool\base.py:452: in connect
    return _ConnectionFairy._checkout(self)
           ^^^^^^^^^^^^^^^^^^^^^^^^^^^^^^^^
..\..\AppData\Local\Programs\Python\Python312\Lib\site-packages\sqlalchemy\pool\base.py:1269: in _checkout
    fairy = _ConnectionRecord.checkout(pool)
            ^^^^^^^^^^^^^^^^^^^^^^^^^^^^^^^^
..\..\AppData\Local\Programs\Python\Python312\Lib\site-packages\sqlalchemy\pool\base.py:716: in checkout
    rec = pool._do_get()
          ^^^^^^^^^^^^^^
..\..\AppData\Local\Programs\Python\Python312\Lib\site-packages\sqlalchemy\pool\impl.py:169: in _do_get
    with util.safe_reraise():
         ^^^^^^^^^^^^^^^^^^^
..\..\AppData\Local\Programs\Python\Python312\Lib\site-packages\sqlalchemy\util\langhelpers.py:146: in __exit__
    raise exc_value.with_traceback(exc_tb)
..\..\AppData\Local\Programs\Python\Python312\Lib\site-packages\sqlalchemy\pool\impl.py:167: in _do_get
    return self._create_connection()
           ^^^^^^^^^^^^^^^^^^^^^^^^^
..\..\AppData\Local\Programs\Python\Python312\Lib\site-packages\sqlalchemy\pool\base.py:393: in _create_connection
    return _ConnectionRecord(self)
           ^^^^^^^^^^^^^^^^^^^^^^^
..\..\AppData\Local\Programs\Python\Python312\Lib\site-packages\sqlalchemy\pool\base.py:678: in __init__
    self.__connect()
..\..\AppData\Local\Programs\Python\Python312\Lib\site-packages\sqlalchemy\pool\base.py:902: in __connect
    with util.safe_reraise():
         ^^^^^^^^^^^^^^^^^^^
..\..\AppData\Local\Programs\Python\Python312\Lib\site-packages\sqlalchemy\util\langhelpers.py:146: in __exit__
    raise exc_value.with_traceback(exc_tb)
..\..\AppData\Local\Programs\Python\Python312\Lib\site-packages\sqlalchemy\pool\base.py:898: in __connect
    self.dbapi_connection = connection = pool._invoke_creator(self)
                                         ^^^^^^^^^^^^^^^^^^^^^^^^^^
..\..\AppData\Local\Programs\Python\Python312\Lib\site-packages\sqlalchemy\engine\create.py:645: in connect
    return dialect.connect(*cargs, **cparams)
           ^^^^^^^^^^^^^^^^^^^^^^^^^^^^^^^^^^
..\..\AppData\Local\Programs\Python\Python312\Lib\site-packages\sqlalchemy\engine\default.py:616: in connect
    return self.loaded_dbapi.connect(*cargs, **cparams)
           ^^^^^^^^^^^^^^^^^^^^^^^^^^^^^^^^^^^^^^^^^^^^
..\..\AppData\Local\Programs\Python\Python312\Lib\site-packages\sqlalchemy\dialects\postgresql\asyncpg.py:941: in connect
    await_only(creator_fn(*arg, **kw)),
               ^^^^^^^^^^^^^^^^^^^^^^
E   TypeError: connect() got an unexpected keyword argument 'sslmode'
______________ ERROR at setup of test_create_table_invalid_base _______________
..\..\AppData\Local\Programs\Python\Python312\Lib\site-packages\pytest_asyncio\plugin.py:458: in setup
    return super().setup()
           ^^^^^^^^^^^^^^^
..\..\AppData\Local\Programs\Python\Python312\Lib\site-packages\pytest_asyncio\plugin.py:313: in _asyncgen_fixture_wrapper
    result = runner.run(setup(), context=context)
             ^^^^^^^^^^^^^^^^^^^^^^^^^^^^^^^^^^^^
..\..\AppData\Local\Programs\Python\Python312\Lib\asyncio\runners.py:118: in run
    return self._loop.run_until_complete(task)
           ^^^^^^^^^^^^^^^^^^^^^^^^^^^^^^^^^^^
..\..\AppData\Local\Programs\Python\Python312\Lib\asyncio\base_events.py:691: in run_until_complete
    return future.result()
           ^^^^^^^^^^^^^^^
..\..\AppData\Local\Programs\Python\Python312\Lib\site-packages\pytest_asyncio\plugin.py:309: in setup
    res = await gen_obj.__anext__()
          ^^^^^^^^^^^^^^^^^^^^^^^^^
tests\conftest.py:48: in test_engine
    async with engine.begin() as conn:
               ^^^^^^^^^^^^^^
..\..\AppData\Local\Programs\Python\Python312\Lib\contextlib.py:210: in __aenter__
    return await anext(self.gen)
           ^^^^^^^^^^^^^^^^^^^^^
..\..\AppData\Local\Programs\Python\Python312\Lib\site-packages\sqlalchemy\ext\asyncio\engine.py:1066: in begin
    async with conn:
               ^^^^
..\..\AppData\Local\Programs\Python\Python312\Lib\site-packages\sqlalchemy\ext\asyncio\base.py:125: in __aenter__
    return await self.start(is_ctxmanager=True)
           ^^^^^^^^^^^^^^^^^^^^^^^^^^^^^^^^^^^^
..\..\AppData\Local\Programs\Python\Python312\Lib\site-packages\sqlalchemy\ext\asyncio\engine.py:270: in start
    await greenlet_spawn(self.sync_engine.connect)
..\..\AppData\Local\Programs\Python\Python312\Lib\site-packages\sqlalchemy\util\_concurrency_py3k.py:189: in greenlet_spawn
    result = context.switch(*args, **kwargs)
             ^^^^^^^^^^^^^^^^^^^^^^^^^^^^^^^
..\..\AppData\Local\Programs\Python\Python312\Lib\site-packages\sqlalchemy\engine\base.py:3269: in connect
    return self._connection_cls(self)
           ^^^^^^^^^^^^^^^^^^^^^^^^^^
..\..\AppData\Local\Programs\Python\Python312\Lib\site-packages\sqlalchemy\engine\base.py:145: in __init__
    self._dbapi_connection = engine.raw_connection()
                             ^^^^^^^^^^^^^^^^^^^^^^^
..\..\AppData\Local\Programs\Python\Python312\Lib\site-packages\sqlalchemy\engine\base.py:3293: in raw_connection
    return self.pool.connect()
           ^^^^^^^^^^^^^^^^^^^
..\..\AppData\Local\Programs\Python\Python312\Lib\site-packages\sqlalchemy\pool\base.py:452: in connect
    return _ConnectionFairy._checkout(self)
           ^^^^^^^^^^^^^^^^^^^^^^^^^^^^^^^^
..\..\AppData\Local\Programs\Python\Python312\Lib\site-packages\sqlalchemy\pool\base.py:1269: in _checkout
    fairy = _ConnectionRecord.checkout(pool)
            ^^^^^^^^^^^^^^^^^^^^^^^^^^^^^^^^
..\..\AppData\Local\Programs\Python\Python312\Lib\site-packages\sqlalchemy\pool\base.py:716: in checkout
    rec = pool._do_get()
          ^^^^^^^^^^^^^^
..\..\AppData\Local\Programs\Python\Python312\Lib\site-packages\sqlalchemy\pool\impl.py:169: in _do_get
    with util.safe_reraise():
         ^^^^^^^^^^^^^^^^^^^
..\..\AppData\Local\Programs\Python\Python312\Lib\site-packages\sqlalchemy\util\langhelpers.py:146: in __exit__
    raise exc_value.with_traceback(exc_tb)
..\..\AppData\Local\Programs\Python\Python312\Lib\site-packages\sqlalchemy\pool\impl.py:167: in _do_get
    return self._create_connection()
           ^^^^^^^^^^^^^^^^^^^^^^^^^
..\..\AppData\Local\Programs\Python\Python312\Lib\site-packages\sqlalchemy\pool\base.py:393: in _create_connection
    return _ConnectionRecord(self)
           ^^^^^^^^^^^^^^^^^^^^^^^
..\..\AppData\Local\Programs\Python\Python312\Lib\site-packages\sqlalchemy\pool\base.py:678: in __init__
    self.__connect()
..\..\AppData\Local\Programs\Python\Python312\Lib\site-packages\sqlalchemy\pool\base.py:902: in __connect
    with util.safe_reraise():
         ^^^^^^^^^^^^^^^^^^^
..\..\AppData\Local\Programs\Python\Python312\Lib\site-packages\sqlalchemy\util\langhelpers.py:146: in __exit__
    raise exc_value.with_traceback(exc_tb)
..\..\AppData\Local\Programs\Python\Python312\Lib\site-packages\sqlalchemy\pool\base.py:898: in __connect
    self.dbapi_connection = connection = pool._invoke_creator(self)
                                         ^^^^^^^^^^^^^^^^^^^^^^^^^^
..\..\AppData\Local\Programs\Python\Python312\Lib\site-packages\sqlalchemy\engine\create.py:645: in connect
    return dialect.connect(*cargs, **cparams)
           ^^^^^^^^^^^^^^^^^^^^^^^^^^^^^^^^^^
..\..\AppData\Local\Programs\Python\Python312\Lib\site-packages\sqlalchemy\engine\default.py:616: in connect
    return self.loaded_dbapi.connect(*cargs, **cparams)
           ^^^^^^^^^^^^^^^^^^^^^^^^^^^^^^^^^^^^^^^^^^^^
..\..\AppData\Local\Programs\Python\Python312\Lib\site-packages\sqlalchemy\dialects\postgresql\asyncpg.py:941: in connect
    await_only(creator_fn(*arg, **kw)),
               ^^^^^^^^^^^^^^^^^^^^^^
E   TypeError: connect() got an unexpected keyword argument 'sslmode'
___________ ERROR at setup of test_create_table_with_primary_field ____________
..\..\AppData\Local\Programs\Python\Python312\Lib\site-packages\pytest_asyncio\plugin.py:458: in setup
    return super().setup()
           ^^^^^^^^^^^^^^^
..\..\AppData\Local\Programs\Python\Python312\Lib\site-packages\pytest_asyncio\plugin.py:313: in _asyncgen_fixture_wrapper
    result = runner.run(setup(), context=context)
             ^^^^^^^^^^^^^^^^^^^^^^^^^^^^^^^^^^^^
..\..\AppData\Local\Programs\Python\Python312\Lib\asyncio\runners.py:118: in run
    return self._loop.run_until_complete(task)
           ^^^^^^^^^^^^^^^^^^^^^^^^^^^^^^^^^^^
..\..\AppData\Local\Programs\Python\Python312\Lib\asyncio\base_events.py:691: in run_until_complete
    return future.result()
           ^^^^^^^^^^^^^^^
..\..\AppData\Local\Programs\Python\Python312\Lib\site-packages\pytest_asyncio\plugin.py:309: in setup
    res = await gen_obj.__anext__()
          ^^^^^^^^^^^^^^^^^^^^^^^^^
tests\conftest.py:48: in test_engine
    async with engine.begin() as conn:
               ^^^^^^^^^^^^^^
..\..\AppData\Local\Programs\Python\Python312\Lib\contextlib.py:210: in __aenter__
    return await anext(self.gen)
           ^^^^^^^^^^^^^^^^^^^^^
..\..\AppData\Local\Programs\Python\Python312\Lib\site-packages\sqlalchemy\ext\asyncio\engine.py:1066: in begin
    async with conn:
               ^^^^
..\..\AppData\Local\Programs\Python\Python312\Lib\site-packages\sqlalchemy\ext\asyncio\base.py:125: in __aenter__
    return await self.start(is_ctxmanager=True)
           ^^^^^^^^^^^^^^^^^^^^^^^^^^^^^^^^^^^^
..\..\AppData\Local\Programs\Python\Python312\Lib\site-packages\sqlalchemy\ext\asyncio\engine.py:270: in start
    await greenlet_spawn(self.sync_engine.connect)
..\..\AppData\Local\Programs\Python\Python312\Lib\site-packages\sqlalchemy\util\_concurrency_py3k.py:189: in greenlet_spawn
    result = context.switch(*args, **kwargs)
             ^^^^^^^^^^^^^^^^^^^^^^^^^^^^^^^
..\..\AppData\Local\Programs\Python\Python312\Lib\site-packages\sqlalchemy\engine\base.py:3269: in connect
    return self._connection_cls(self)
           ^^^^^^^^^^^^^^^^^^^^^^^^^^
..\..\AppData\Local\Programs\Python\Python312\Lib\site-packages\sqlalchemy\engine\base.py:145: in __init__
    self._dbapi_connection = engine.raw_connection()
                             ^^^^^^^^^^^^^^^^^^^^^^^
..\..\AppData\Local\Programs\Python\Python312\Lib\site-packages\sqlalchemy\engine\base.py:3293: in raw_connection
    return self.pool.connect()
           ^^^^^^^^^^^^^^^^^^^
..\..\AppData\Local\Programs\Python\Python312\Lib\site-packages\sqlalchemy\pool\base.py:452: in connect
    return _ConnectionFairy._checkout(self)
           ^^^^^^^^^^^^^^^^^^^^^^^^^^^^^^^^
..\..\AppData\Local\Programs\Python\Python312\Lib\site-packages\sqlalchemy\pool\base.py:1269: in _checkout
    fairy = _ConnectionRecord.checkout(pool)
            ^^^^^^^^^^^^^^^^^^^^^^^^^^^^^^^^
..\..\AppData\Local\Programs\Python\Python312\Lib\site-packages\sqlalchemy\pool\base.py:716: in checkout
    rec = pool._do_get()
          ^^^^^^^^^^^^^^
..\..\AppData\Local\Programs\Python\Python312\Lib\site-packages\sqlalchemy\pool\impl.py:169: in _do_get
    with util.safe_reraise():
         ^^^^^^^^^^^^^^^^^^^
..\..\AppData\Local\Programs\Python\Python312\Lib\site-packages\sqlalchemy\util\langhelpers.py:146: in __exit__
    raise exc_value.with_traceback(exc_tb)
..\..\AppData\Local\Programs\Python\Python312\Lib\site-packages\sqlalchemy\pool\impl.py:167: in _do_get
    return self._create_connection()
           ^^^^^^^^^^^^^^^^^^^^^^^^^
..\..\AppData\Local\Programs\Python\Python312\Lib\site-packages\sqlalchemy\pool\base.py:393: in _create_connection
    return _ConnectionRecord(self)
           ^^^^^^^^^^^^^^^^^^^^^^^
..\..\AppData\Local\Programs\Python\Python312\Lib\site-packages\sqlalchemy\pool\base.py:678: in __init__
    self.__connect()
..\..\AppData\Local\Programs\Python\Python312\Lib\site-packages\sqlalchemy\pool\base.py:902: in __connect
    with util.safe_reraise():
         ^^^^^^^^^^^^^^^^^^^
..\..\AppData\Local\Programs\Python\Python312\Lib\site-packages\sqlalchemy\util\langhelpers.py:146: in __exit__
    raise exc_value.with_traceback(exc_tb)
..\..\AppData\Local\Programs\Python\Python312\Lib\site-packages\sqlalchemy\pool\base.py:898: in __connect
    self.dbapi_connection = connection = pool._invoke_creator(self)
                                         ^^^^^^^^^^^^^^^^^^^^^^^^^^
..\..\AppData\Local\Programs\Python\Python312\Lib\site-packages\sqlalchemy\engine\create.py:645: in connect
    return dialect.connect(*cargs, **cparams)
           ^^^^^^^^^^^^^^^^^^^^^^^^^^^^^^^^^^
..\..\AppData\Local\Programs\Python\Python312\Lib\site-packages\sqlalchemy\engine\default.py:616: in connect
    return self.loaded_dbapi.connect(*cargs, **cparams)
           ^^^^^^^^^^^^^^^^^^^^^^^^^^^^^^^^^^^^^^^^^^^^
..\..\AppData\Local\Programs\Python\Python312\Lib\site-packages\sqlalchemy\dialects\postgresql\asyncpg.py:941: in connect
    await_only(creator_fn(*arg, **kw)),
               ^^^^^^^^^^^^^^^^^^^^^^
E   TypeError: connect() got an unexpected keyword argument 'sslmode'
__________________ ERROR at setup of test_list_tables_empty ___________________
..\..\AppData\Local\Programs\Python\Python312\Lib\site-packages\pytest_asyncio\plugin.py:458: in setup
    return super().setup()
           ^^^^^^^^^^^^^^^
..\..\AppData\Local\Programs\Python\Python312\Lib\site-packages\pytest_asyncio\plugin.py:313: in _asyncgen_fixture_wrapper
    result = runner.run(setup(), context=context)
             ^^^^^^^^^^^^^^^^^^^^^^^^^^^^^^^^^^^^
..\..\AppData\Local\Programs\Python\Python312\Lib\asyncio\runners.py:118: in run
    return self._loop.run_until_complete(task)
           ^^^^^^^^^^^^^^^^^^^^^^^^^^^^^^^^^^^
..\..\AppData\Local\Programs\Python\Python312\Lib\asyncio\base_events.py:691: in run_until_complete
    return future.result()
           ^^^^^^^^^^^^^^^
..\..\AppData\Local\Programs\Python\Python312\Lib\site-packages\pytest_asyncio\plugin.py:309: in setup
    res = await gen_obj.__anext__()
          ^^^^^^^^^^^^^^^^^^^^^^^^^
tests\conftest.py:48: in test_engine
    async with engine.begin() as conn:
               ^^^^^^^^^^^^^^
..\..\AppData\Local\Programs\Python\Python312\Lib\contextlib.py:210: in __aenter__
    return await anext(self.gen)
           ^^^^^^^^^^^^^^^^^^^^^
..\..\AppData\Local\Programs\Python\Python312\Lib\site-packages\sqlalchemy\ext\asyncio\engine.py:1066: in begin
    async with conn:
               ^^^^
..\..\AppData\Local\Programs\Python\Python312\Lib\site-packages\sqlalchemy\ext\asyncio\base.py:125: in __aenter__
    return await self.start(is_ctxmanager=True)
           ^^^^^^^^^^^^^^^^^^^^^^^^^^^^^^^^^^^^
..\..\AppData\Local\Programs\Python\Python312\Lib\site-packages\sqlalchemy\ext\asyncio\engine.py:270: in start
    await greenlet_spawn(self.sync_engine.connect)
..\..\AppData\Local\Programs\Python\Python312\Lib\site-packages\sqlalchemy\util\_concurrency_py3k.py:189: in greenlet_spawn
    result = context.switch(*args, **kwargs)
             ^^^^^^^^^^^^^^^^^^^^^^^^^^^^^^^
..\..\AppData\Local\Programs\Python\Python312\Lib\site-packages\sqlalchemy\engine\base.py:3269: in connect
    return self._connection_cls(self)
           ^^^^^^^^^^^^^^^^^^^^^^^^^^
..\..\AppData\Local\Programs\Python\Python312\Lib\site-packages\sqlalchemy\engine\base.py:145: in __init__
    self._dbapi_connection = engine.raw_connection()
                             ^^^^^^^^^^^^^^^^^^^^^^^
..\..\AppData\Local\Programs\Python\Python312\Lib\site-packages\sqlalchemy\engine\base.py:3293: in raw_connection
    return self.pool.connect()
           ^^^^^^^^^^^^^^^^^^^
..\..\AppData\Local\Programs\Python\Python312\Lib\site-packages\sqlalchemy\pool\base.py:452: in connect
    return _ConnectionFairy._checkout(self)
           ^^^^^^^^^^^^^^^^^^^^^^^^^^^^^^^^
..\..\AppData\Local\Programs\Python\Python312\Lib\site-packages\sqlalchemy\pool\base.py:1269: in _checkout
    fairy = _ConnectionRecord.checkout(pool)
            ^^^^^^^^^^^^^^^^^^^^^^^^^^^^^^^^
..\..\AppData\Local\Programs\Python\Python312\Lib\site-packages\sqlalchemy\pool\base.py:716: in checkout
    rec = pool._do_get()
          ^^^^^^^^^^^^^^
..\..\AppData\Local\Programs\Python\Python312\Lib\site-packages\sqlalchemy\pool\impl.py:169: in _do_get
    with util.safe_reraise():
         ^^^^^^^^^^^^^^^^^^^
..\..\AppData\Local\Programs\Python\Python312\Lib\site-packages\sqlalchemy\util\langhelpers.py:146: in __exit__
    raise exc_value.with_traceback(exc_tb)
..\..\AppData\Local\Programs\Python\Python312\Lib\site-packages\sqlalchemy\pool\impl.py:167: in _do_get
    return self._create_connection()
           ^^^^^^^^^^^^^^^^^^^^^^^^^
..\..\AppData\Local\Programs\Python\Python312\Lib\site-packages\sqlalchemy\pool\base.py:393: in _create_connection
    return _ConnectionRecord(self)
           ^^^^^^^^^^^^^^^^^^^^^^^
..\..\AppData\Local\Programs\Python\Python312\Lib\site-packages\sqlalchemy\pool\base.py:678: in __init__
    self.__connect()
..\..\AppData\Local\Programs\Python\Python312\Lib\site-packages\sqlalchemy\pool\base.py:902: in __connect
    with util.safe_reraise():
         ^^^^^^^^^^^^^^^^^^^
..\..\AppData\Local\Programs\Python\Python312\Lib\site-packages\sqlalchemy\util\langhelpers.py:146: in __exit__
    raise exc_value.with_traceback(exc_tb)
..\..\AppData\Local\Programs\Python\Python312\Lib\site-packages\sqlalchemy\pool\base.py:898: in __connect
    self.dbapi_connection = connection = pool._invoke_creator(self)
                                         ^^^^^^^^^^^^^^^^^^^^^^^^^^
..\..\AppData\Local\Programs\Python\Python312\Lib\site-packages\sqlalchemy\engine\create.py:645: in connect
    return dialect.connect(*cargs, **cparams)
           ^^^^^^^^^^^^^^^^^^^^^^^^^^^^^^^^^^
..\..\AppData\Local\Programs\Python\Python312\Lib\site-packages\sqlalchemy\engine\default.py:616: in connect
    return self.loaded_dbapi.connect(*cargs, **cparams)
           ^^^^^^^^^^^^^^^^^^^^^^^^^^^^^^^^^^^^^^^^^^^^
..\..\AppData\Local\Programs\Python\Python312\Lib\site-packages\sqlalchemy\dialects\postgresql\asyncpg.py:941: in connect
    await_only(creator_fn(*arg, **kw)),
               ^^^^^^^^^^^^^^^^^^^^^^
E   TypeError: connect() got an unexpected keyword argument 'sslmode'
_____________________ ERROR at setup of test_list_tables ______________________
..\..\AppData\Local\Programs\Python\Python312\Lib\site-packages\pytest_asyncio\plugin.py:458: in setup
    return super().setup()
           ^^^^^^^^^^^^^^^
..\..\AppData\Local\Programs\Python\Python312\Lib\site-packages\pytest_asyncio\plugin.py:313: in _asyncgen_fixture_wrapper
    result = runner.run(setup(), context=context)
             ^^^^^^^^^^^^^^^^^^^^^^^^^^^^^^^^^^^^
..\..\AppData\Local\Programs\Python\Python312\Lib\asyncio\runners.py:118: in run
    return self._loop.run_until_complete(task)
           ^^^^^^^^^^^^^^^^^^^^^^^^^^^^^^^^^^^
..\..\AppData\Local\Programs\Python\Python312\Lib\asyncio\base_events.py:691: in run_until_complete
    return future.result()
           ^^^^^^^^^^^^^^^
..\..\AppData\Local\Programs\Python\Python312\Lib\site-packages\pytest_asyncio\plugin.py:309: in setup
    res = await gen_obj.__anext__()
          ^^^^^^^^^^^^^^^^^^^^^^^^^
tests\conftest.py:48: in test_engine
    async with engine.begin() as conn:
               ^^^^^^^^^^^^^^
..\..\AppData\Local\Programs\Python\Python312\Lib\contextlib.py:210: in __aenter__
    return await anext(self.gen)
           ^^^^^^^^^^^^^^^^^^^^^
..\..\AppData\Local\Programs\Python\Python312\Lib\site-packages\sqlalchemy\ext\asyncio\engine.py:1066: in begin
    async with conn:
               ^^^^
..\..\AppData\Local\Programs\Python\Python312\Lib\site-packages\sqlalchemy\ext\asyncio\base.py:125: in __aenter__
    return await self.start(is_ctxmanager=True)
           ^^^^^^^^^^^^^^^^^^^^^^^^^^^^^^^^^^^^
..\..\AppData\Local\Programs\Python\Python312\Lib\site-packages\sqlalchemy\ext\asyncio\engine.py:270: in start
    await greenlet_spawn(self.sync_engine.connect)
..\..\AppData\Local\Programs\Python\Python312\Lib\site-packages\sqlalchemy\util\_concurrency_py3k.py:189: in greenlet_spawn
    result = context.switch(*args, **kwargs)
             ^^^^^^^^^^^^^^^^^^^^^^^^^^^^^^^
..\..\AppData\Local\Programs\Python\Python312\Lib\site-packages\sqlalchemy\engine\base.py:3269: in connect
    return self._connection_cls(self)
           ^^^^^^^^^^^^^^^^^^^^^^^^^^
..\..\AppData\Local\Programs\Python\Python312\Lib\site-packages\sqlalchemy\engine\base.py:145: in __init__
    self._dbapi_connection = engine.raw_connection()
                             ^^^^^^^^^^^^^^^^^^^^^^^
..\..\AppData\Local\Programs\Python\Python312\Lib\site-packages\sqlalchemy\engine\base.py:3293: in raw_connection
    return self.pool.connect()
           ^^^^^^^^^^^^^^^^^^^
..\..\AppData\Local\Programs\Python\Python312\Lib\site-packages\sqlalchemy\pool\base.py:452: in connect
    return _ConnectionFairy._checkout(self)
           ^^^^^^^^^^^^^^^^^^^^^^^^^^^^^^^^
..\..\AppData\Local\Programs\Python\Python312\Lib\site-packages\sqlalchemy\pool\base.py:1269: in _checkout
    fairy = _ConnectionRecord.checkout(pool)
            ^^^^^^^^^^^^^^^^^^^^^^^^^^^^^^^^
..\..\AppData\Local\Programs\Python\Python312\Lib\site-packages\sqlalchemy\pool\base.py:716: in checkout
    rec = pool._do_get()
          ^^^^^^^^^^^^^^
..\..\AppData\Local\Programs\Python\Python312\Lib\site-packages\sqlalchemy\pool\impl.py:169: in _do_get
    with util.safe_reraise():
         ^^^^^^^^^^^^^^^^^^^
..\..\AppData\Local\Programs\Python\Python312\Lib\site-packages\sqlalchemy\util\langhelpers.py:146: in __exit__
    raise exc_value.with_traceback(exc_tb)
..\..\AppData\Local\Programs\Python\Python312\Lib\site-packages\sqlalchemy\pool\impl.py:167: in _do_get
    return self._create_connection()
           ^^^^^^^^^^^^^^^^^^^^^^^^^
..\..\AppData\Local\Programs\Python\Python312\Lib\site-packages\sqlalchemy\pool\base.py:393: in _create_connection
    return _ConnectionRecord(self)
           ^^^^^^^^^^^^^^^^^^^^^^^
..\..\AppData\Local\Programs\Python\Python312\Lib\site-packages\sqlalchemy\pool\base.py:678: in __init__
    self.__connect()
..\..\AppData\Local\Programs\Python\Python312\Lib\site-packages\sqlalchemy\pool\base.py:902: in __connect
    with util.safe_reraise():
         ^^^^^^^^^^^^^^^^^^^
..\..\AppData\Local\Programs\Python\Python312\Lib\site-packages\sqlalchemy\util\langhelpers.py:146: in __exit__
    raise exc_value.with_traceback(exc_tb)
..\..\AppData\Local\Programs\Python\Python312\Lib\site-packages\sqlalchemy\pool\base.py:898: in __connect
    self.dbapi_connection = connection = pool._invoke_creator(self)
                                         ^^^^^^^^^^^^^^^^^^^^^^^^^^
..\..\AppData\Local\Programs\Python\Python312\Lib\site-packages\sqlalchemy\engine\create.py:645: in connect
    return dialect.connect(*cargs, **cparams)
           ^^^^^^^^^^^^^^^^^^^^^^^^^^^^^^^^^^
..\..\AppData\Local\Programs\Python\Python312\Lib\site-packages\sqlalchemy\engine\default.py:616: in connect
    return self.loaded_dbapi.connect(*cargs, **cparams)
           ^^^^^^^^^^^^^^^^^^^^^^^^^^^^^^^^^^^^^^^^^^^^
..\..\AppData\Local\Programs\Python\Python312\Lib\site-packages\sqlalchemy\dialects\postgresql\asyncpg.py:941: in connect
    await_only(creator_fn(*arg, **kw)),
               ^^^^^^^^^^^^^^^^^^^^^^
E   TypeError: connect() got an unexpected keyword argument 'sslmode'
______________ ERROR at setup of test_list_tables_filter_by_base ______________
..\..\AppData\Local\Programs\Python\Python312\Lib\site-packages\pytest_asyncio\plugin.py:458: in setup
    return super().setup()
           ^^^^^^^^^^^^^^^
..\..\AppData\Local\Programs\Python\Python312\Lib\site-packages\pytest_asyncio\plugin.py:313: in _asyncgen_fixture_wrapper
    result = runner.run(setup(), context=context)
             ^^^^^^^^^^^^^^^^^^^^^^^^^^^^^^^^^^^^
..\..\AppData\Local\Programs\Python\Python312\Lib\asyncio\runners.py:118: in run
    return self._loop.run_until_complete(task)
           ^^^^^^^^^^^^^^^^^^^^^^^^^^^^^^^^^^^
..\..\AppData\Local\Programs\Python\Python312\Lib\asyncio\base_events.py:691: in run_until_complete
    return future.result()
           ^^^^^^^^^^^^^^^
..\..\AppData\Local\Programs\Python\Python312\Lib\site-packages\pytest_asyncio\plugin.py:309: in setup
    res = await gen_obj.__anext__()
          ^^^^^^^^^^^^^^^^^^^^^^^^^
tests\conftest.py:48: in test_engine
    async with engine.begin() as conn:
               ^^^^^^^^^^^^^^
..\..\AppData\Local\Programs\Python\Python312\Lib\contextlib.py:210: in __aenter__
    return await anext(self.gen)
           ^^^^^^^^^^^^^^^^^^^^^
..\..\AppData\Local\Programs\Python\Python312\Lib\site-packages\sqlalchemy\ext\asyncio\engine.py:1066: in begin
    async with conn:
               ^^^^
..\..\AppData\Local\Programs\Python\Python312\Lib\site-packages\sqlalchemy\ext\asyncio\base.py:125: in __aenter__
    return await self.start(is_ctxmanager=True)
           ^^^^^^^^^^^^^^^^^^^^^^^^^^^^^^^^^^^^
..\..\AppData\Local\Programs\Python\Python312\Lib\site-packages\sqlalchemy\ext\asyncio\engine.py:270: in start
    await greenlet_spawn(self.sync_engine.connect)
..\..\AppData\Local\Programs\Python\Python312\Lib\site-packages\sqlalchemy\util\_concurrency_py3k.py:189: in greenlet_spawn
    result = context.switch(*args, **kwargs)
             ^^^^^^^^^^^^^^^^^^^^^^^^^^^^^^^
..\..\AppData\Local\Programs\Python\Python312\Lib\site-packages\sqlalchemy\engine\base.py:3269: in connect
    return self._connection_cls(self)
           ^^^^^^^^^^^^^^^^^^^^^^^^^^
..\..\AppData\Local\Programs\Python\Python312\Lib\site-packages\sqlalchemy\engine\base.py:145: in __init__
    self._dbapi_connection = engine.raw_connection()
                             ^^^^^^^^^^^^^^^^^^^^^^^
..\..\AppData\Local\Programs\Python\Python312\Lib\site-packages\sqlalchemy\engine\base.py:3293: in raw_connection
    return self.pool.connect()
           ^^^^^^^^^^^^^^^^^^^
..\..\AppData\Local\Programs\Python\Python312\Lib\site-packages\sqlalchemy\pool\base.py:452: in connect
    return _ConnectionFairy._checkout(self)
           ^^^^^^^^^^^^^^^^^^^^^^^^^^^^^^^^
..\..\AppData\Local\Programs\Python\Python312\Lib\site-packages\sqlalchemy\pool\base.py:1269: in _checkout
    fairy = _ConnectionRecord.checkout(pool)
            ^^^^^^^^^^^^^^^^^^^^^^^^^^^^^^^^
..\..\AppData\Local\Programs\Python\Python312\Lib\site-packages\sqlalchemy\pool\base.py:716: in checkout
    rec = pool._do_get()
          ^^^^^^^^^^^^^^
..\..\AppData\Local\Programs\Python\Python312\Lib\site-packages\sqlalchemy\pool\impl.py:169: in _do_get
    with util.safe_reraise():
         ^^^^^^^^^^^^^^^^^^^
..\..\AppData\Local\Programs\Python\Python312\Lib\site-packages\sqlalchemy\util\langhelpers.py:146: in __exit__
    raise exc_value.with_traceback(exc_tb)
..\..\AppData\Local\Programs\Python\Python312\Lib\site-packages\sqlalchemy\pool\impl.py:167: in _do_get
    return self._create_connection()
           ^^^^^^^^^^^^^^^^^^^^^^^^^
..\..\AppData\Local\Programs\Python\Python312\Lib\site-packages\sqlalchemy\pool\base.py:393: in _create_connection
    return _ConnectionRecord(self)
           ^^^^^^^^^^^^^^^^^^^^^^^
..\..\AppData\Local\Programs\Python\Python312\Lib\site-packages\sqlalchemy\pool\base.py:678: in __init__
    self.__connect()
..\..\AppData\Local\Programs\Python\Python312\Lib\site-packages\sqlalchemy\pool\base.py:902: in __connect
    with util.safe_reraise():
         ^^^^^^^^^^^^^^^^^^^
..\..\AppData\Local\Programs\Python\Python312\Lib\site-packages\sqlalchemy\util\langhelpers.py:146: in __exit__
    raise exc_value.with_traceback(exc_tb)
..\..\AppData\Local\Programs\Python\Python312\Lib\site-packages\sqlalchemy\pool\base.py:898: in __connect
    self.dbapi_connection = connection = pool._invoke_creator(self)
                                         ^^^^^^^^^^^^^^^^^^^^^^^^^^
..\..\AppData\Local\Programs\Python\Python312\Lib\site-packages\sqlalchemy\engine\create.py:645: in connect
    return dialect.connect(*cargs, **cparams)
           ^^^^^^^^^^^^^^^^^^^^^^^^^^^^^^^^^^
..\..\AppData\Local\Programs\Python\Python312\Lib\site-packages\sqlalchemy\engine\default.py:616: in connect
    return self.loaded_dbapi.connect(*cargs, **cparams)
           ^^^^^^^^^^^^^^^^^^^^^^^^^^^^^^^^^^^^^^^^^^^^
..\..\AppData\Local\Programs\Python\Python312\Lib\site-packages\sqlalchemy\dialects\postgresql\asyncpg.py:941: in connect
    await_only(creator_fn(*arg, **kw)),
               ^^^^^^^^^^^^^^^^^^^^^^
E   TypeError: connect() got an unexpected keyword argument 'sslmode'
______________________ ERROR at setup of test_get_table _______________________
..\..\AppData\Local\Programs\Python\Python312\Lib\site-packages\pytest_asyncio\plugin.py:458: in setup
    return super().setup()
           ^^^^^^^^^^^^^^^
..\..\AppData\Local\Programs\Python\Python312\Lib\site-packages\pytest_asyncio\plugin.py:313: in _asyncgen_fixture_wrapper
    result = runner.run(setup(), context=context)
             ^^^^^^^^^^^^^^^^^^^^^^^^^^^^^^^^^^^^
..\..\AppData\Local\Programs\Python\Python312\Lib\asyncio\runners.py:118: in run
    return self._loop.run_until_complete(task)
           ^^^^^^^^^^^^^^^^^^^^^^^^^^^^^^^^^^^
..\..\AppData\Local\Programs\Python\Python312\Lib\asyncio\base_events.py:691: in run_until_complete
    return future.result()
           ^^^^^^^^^^^^^^^
..\..\AppData\Local\Programs\Python\Python312\Lib\site-packages\pytest_asyncio\plugin.py:309: in setup
    res = await gen_obj.__anext__()
          ^^^^^^^^^^^^^^^^^^^^^^^^^
tests\conftest.py:48: in test_engine
    async with engine.begin() as conn:
               ^^^^^^^^^^^^^^
..\..\AppData\Local\Programs\Python\Python312\Lib\contextlib.py:210: in __aenter__
    return await anext(self.gen)
           ^^^^^^^^^^^^^^^^^^^^^
..\..\AppData\Local\Programs\Python\Python312\Lib\site-packages\sqlalchemy\ext\asyncio\engine.py:1066: in begin
    async with conn:
               ^^^^
..\..\AppData\Local\Programs\Python\Python312\Lib\site-packages\sqlalchemy\ext\asyncio\base.py:125: in __aenter__
    return await self.start(is_ctxmanager=True)
           ^^^^^^^^^^^^^^^^^^^^^^^^^^^^^^^^^^^^
..\..\AppData\Local\Programs\Python\Python312\Lib\site-packages\sqlalchemy\ext\asyncio\engine.py:270: in start
    await greenlet_spawn(self.sync_engine.connect)
..\..\AppData\Local\Programs\Python\Python312\Lib\site-packages\sqlalchemy\util\_concurrency_py3k.py:189: in greenlet_spawn
    result = context.switch(*args, **kwargs)
             ^^^^^^^^^^^^^^^^^^^^^^^^^^^^^^^
..\..\AppData\Local\Programs\Python\Python312\Lib\site-packages\sqlalchemy\engine\base.py:3269: in connect
    return self._connection_cls(self)
           ^^^^^^^^^^^^^^^^^^^^^^^^^^
..\..\AppData\Local\Programs\Python\Python312\Lib\site-packages\sqlalchemy\engine\base.py:145: in __init__
    self._dbapi_connection = engine.raw_connection()
                             ^^^^^^^^^^^^^^^^^^^^^^^
..\..\AppData\Local\Programs\Python\Python312\Lib\site-packages\sqlalchemy\engine\base.py:3293: in raw_connection
    return self.pool.connect()
           ^^^^^^^^^^^^^^^^^^^
..\..\AppData\Local\Programs\Python\Python312\Lib\site-packages\sqlalchemy\pool\base.py:452: in connect
    return _ConnectionFairy._checkout(self)
           ^^^^^^^^^^^^^^^^^^^^^^^^^^^^^^^^
..\..\AppData\Local\Programs\Python\Python312\Lib\site-packages\sqlalchemy\pool\base.py:1269: in _checkout
    fairy = _ConnectionRecord.checkout(pool)
            ^^^^^^^^^^^^^^^^^^^^^^^^^^^^^^^^
..\..\AppData\Local\Programs\Python\Python312\Lib\site-packages\sqlalchemy\pool\base.py:716: in checkout
    rec = pool._do_get()
          ^^^^^^^^^^^^^^
..\..\AppData\Local\Programs\Python\Python312\Lib\site-packages\sqlalchemy\pool\impl.py:169: in _do_get
    with util.safe_reraise():
         ^^^^^^^^^^^^^^^^^^^
..\..\AppData\Local\Programs\Python\Python312\Lib\site-packages\sqlalchemy\util\langhelpers.py:146: in __exit__
    raise exc_value.with_traceback(exc_tb)
..\..\AppData\Local\Programs\Python\Python312\Lib\site-packages\sqlalchemy\pool\impl.py:167: in _do_get
    return self._create_connection()
           ^^^^^^^^^^^^^^^^^^^^^^^^^
..\..\AppData\Local\Programs\Python\Python312\Lib\site-packages\sqlalchemy\pool\base.py:393: in _create_connection
    return _ConnectionRecord(self)
           ^^^^^^^^^^^^^^^^^^^^^^^
..\..\AppData\Local\Programs\Python\Python312\Lib\site-packages\sqlalchemy\pool\base.py:678: in __init__
    self.__connect()
..\..\AppData\Local\Programs\Python\Python312\Lib\site-packages\sqlalchemy\pool\base.py:902: in __connect
    with util.safe_reraise():
         ^^^^^^^^^^^^^^^^^^^
..\..\AppData\Local\Programs\Python\Python312\Lib\site-packages\sqlalchemy\util\langhelpers.py:146: in __exit__
    raise exc_value.with_traceback(exc_tb)
..\..\AppData\Local\Programs\Python\Python312\Lib\site-packages\sqlalchemy\pool\base.py:898: in __connect
    self.dbapi_connection = connection = pool._invoke_creator(self)
                                         ^^^^^^^^^^^^^^^^^^^^^^^^^^
..\..\AppData\Local\Programs\Python\Python312\Lib\site-packages\sqlalchemy\engine\create.py:645: in connect
    return dialect.connect(*cargs, **cparams)
           ^^^^^^^^^^^^^^^^^^^^^^^^^^^^^^^^^^
..\..\AppData\Local\Programs\Python\Python312\Lib\site-packages\sqlalchemy\engine\default.py:616: in connect
    return self.loaded_dbapi.connect(*cargs, **cparams)
           ^^^^^^^^^^^^^^^^^^^^^^^^^^^^^^^^^^^^^^^^^^^^
..\..\AppData\Local\Programs\Python\Python312\Lib\site-packages\sqlalchemy\dialects\postgresql\asyncpg.py:941: in connect
    await_only(creator_fn(*arg, **kw)),
               ^^^^^^^^^^^^^^^^^^^^^^
E   TypeError: connect() got an unexpected keyword argument 'sslmode'
_________________ ERROR at setup of test_get_table_not_found __________________
..\..\AppData\Local\Programs\Python\Python312\Lib\site-packages\pytest_asyncio\plugin.py:458: in setup
    return super().setup()
           ^^^^^^^^^^^^^^^
..\..\AppData\Local\Programs\Python\Python312\Lib\site-packages\pytest_asyncio\plugin.py:313: in _asyncgen_fixture_wrapper
    result = runner.run(setup(), context=context)
             ^^^^^^^^^^^^^^^^^^^^^^^^^^^^^^^^^^^^
..\..\AppData\Local\Programs\Python\Python312\Lib\asyncio\runners.py:118: in run
    return self._loop.run_until_complete(task)
           ^^^^^^^^^^^^^^^^^^^^^^^^^^^^^^^^^^^
..\..\AppData\Local\Programs\Python\Python312\Lib\asyncio\base_events.py:691: in run_until_complete
    return future.result()
           ^^^^^^^^^^^^^^^
..\..\AppData\Local\Programs\Python\Python312\Lib\site-packages\pytest_asyncio\plugin.py:309: in setup
    res = await gen_obj.__anext__()
          ^^^^^^^^^^^^^^^^^^^^^^^^^
tests\conftest.py:48: in test_engine
    async with engine.begin() as conn:
               ^^^^^^^^^^^^^^
..\..\AppData\Local\Programs\Python\Python312\Lib\contextlib.py:210: in __aenter__
    return await anext(self.gen)
           ^^^^^^^^^^^^^^^^^^^^^
..\..\AppData\Local\Programs\Python\Python312\Lib\site-packages\sqlalchemy\ext\asyncio\engine.py:1066: in begin
    async with conn:
               ^^^^
..\..\AppData\Local\Programs\Python\Python312\Lib\site-packages\sqlalchemy\ext\asyncio\base.py:125: in __aenter__
    return await self.start(is_ctxmanager=True)
           ^^^^^^^^^^^^^^^^^^^^^^^^^^^^^^^^^^^^
..\..\AppData\Local\Programs\Python\Python312\Lib\site-packages\sqlalchemy\ext\asyncio\engine.py:270: in start
    await greenlet_spawn(self.sync_engine.connect)
..\..\AppData\Local\Programs\Python\Python312\Lib\site-packages\sqlalchemy\util\_concurrency_py3k.py:189: in greenlet_spawn
    result = context.switch(*args, **kwargs)
             ^^^^^^^^^^^^^^^^^^^^^^^^^^^^^^^
..\..\AppData\Local\Programs\Python\Python312\Lib\site-packages\sqlalchemy\engine\base.py:3269: in connect
    return self._connection_cls(self)
           ^^^^^^^^^^^^^^^^^^^^^^^^^^
..\..\AppData\Local\Programs\Python\Python312\Lib\site-packages\sqlalchemy\engine\base.py:145: in __init__
    self._dbapi_connection = engine.raw_connection()
                             ^^^^^^^^^^^^^^^^^^^^^^^
..\..\AppData\Local\Programs\Python\Python312\Lib\site-packages\sqlalchemy\engine\base.py:3293: in raw_connection
    return self.pool.connect()
           ^^^^^^^^^^^^^^^^^^^
..\..\AppData\Local\Programs\Python\Python312\Lib\site-packages\sqlalchemy\pool\base.py:452: in connect
    return _ConnectionFairy._checkout(self)
           ^^^^^^^^^^^^^^^^^^^^^^^^^^^^^^^^
..\..\AppData\Local\Programs\Python\Python312\Lib\site-packages\sqlalchemy\pool\base.py:1269: in _checkout
    fairy = _ConnectionRecord.checkout(pool)
            ^^^^^^^^^^^^^^^^^^^^^^^^^^^^^^^^
..\..\AppData\Local\Programs\Python\Python312\Lib\site-packages\sqlalchemy\pool\base.py:716: in checkout
    rec = pool._do_get()
          ^^^^^^^^^^^^^^
..\..\AppData\Local\Programs\Python\Python312\Lib\site-packages\sqlalchemy\pool\impl.py:169: in _do_get
    with util.safe_reraise():
         ^^^^^^^^^^^^^^^^^^^
..\..\AppData\Local\Programs\Python\Python312\Lib\site-packages\sqlalchemy\util\langhelpers.py:146: in __exit__
    raise exc_value.with_traceback(exc_tb)
..\..\AppData\Local\Programs\Python\Python312\Lib\site-packages\sqlalchemy\pool\impl.py:167: in _do_get
    return self._create_connection()
           ^^^^^^^^^^^^^^^^^^^^^^^^^
..\..\AppData\Local\Programs\Python\Python312\Lib\site-packages\sqlalchemy\pool\base.py:393: in _create_connection
    return _ConnectionRecord(self)
           ^^^^^^^^^^^^^^^^^^^^^^^
..\..\AppData\Local\Programs\Python\Python312\Lib\site-packages\sqlalchemy\pool\base.py:678: in __init__
    self.__connect()
..\..\AppData\Local\Programs\Python\Python312\Lib\site-packages\sqlalchemy\pool\base.py:902: in __connect
    with util.safe_reraise():
         ^^^^^^^^^^^^^^^^^^^
..\..\AppData\Local\Programs\Python\Python312\Lib\site-packages\sqlalchemy\util\langhelpers.py:146: in __exit__
    raise exc_value.with_traceback(exc_tb)
..\..\AppData\Local\Programs\Python\Python312\Lib\site-packages\sqlalchemy\pool\base.py:898: in __connect
    self.dbapi_connection = connection = pool._invoke_creator(self)
                                         ^^^^^^^^^^^^^^^^^^^^^^^^^^
..\..\AppData\Local\Programs\Python\Python312\Lib\site-packages\sqlalchemy\engine\create.py:645: in connect
    return dialect.connect(*cargs, **cparams)
           ^^^^^^^^^^^^^^^^^^^^^^^^^^^^^^^^^^
..\..\AppData\Local\Programs\Python\Python312\Lib\site-packages\sqlalchemy\engine\default.py:616: in connect
    return self.loaded_dbapi.connect(*cargs, **cparams)
           ^^^^^^^^^^^^^^^^^^^^^^^^^^^^^^^^^^^^^^^^^^^^
..\..\AppData\Local\Programs\Python\Python312\Lib\site-packages\sqlalchemy\dialects\postgresql\asyncpg.py:941: in connect
    await_only(creator_fn(*arg, **kw)),
               ^^^^^^^^^^^^^^^^^^^^^^
E   TypeError: connect() got an unexpected keyword argument 'sslmode'
_________________ ERROR at setup of test_get_table_invalid_id _________________
..\..\AppData\Local\Programs\Python\Python312\Lib\site-packages\pytest_asyncio\plugin.py:458: in setup
    return super().setup()
           ^^^^^^^^^^^^^^^
..\..\AppData\Local\Programs\Python\Python312\Lib\site-packages\pytest_asyncio\plugin.py:313: in _asyncgen_fixture_wrapper
    result = runner.run(setup(), context=context)
             ^^^^^^^^^^^^^^^^^^^^^^^^^^^^^^^^^^^^
..\..\AppData\Local\Programs\Python\Python312\Lib\asyncio\runners.py:118: in run
    return self._loop.run_until_complete(task)
           ^^^^^^^^^^^^^^^^^^^^^^^^^^^^^^^^^^^
..\..\AppData\Local\Programs\Python\Python312\Lib\asyncio\base_events.py:691: in run_until_complete
    return future.result()
           ^^^^^^^^^^^^^^^
..\..\AppData\Local\Programs\Python\Python312\Lib\site-packages\pytest_asyncio\plugin.py:309: in setup
    res = await gen_obj.__anext__()
          ^^^^^^^^^^^^^^^^^^^^^^^^^
tests\conftest.py:48: in test_engine
    async with engine.begin() as conn:
               ^^^^^^^^^^^^^^
..\..\AppData\Local\Programs\Python\Python312\Lib\contextlib.py:210: in __aenter__
    return await anext(self.gen)
           ^^^^^^^^^^^^^^^^^^^^^
..\..\AppData\Local\Programs\Python\Python312\Lib\site-packages\sqlalchemy\ext\asyncio\engine.py:1066: in begin
    async with conn:
               ^^^^
..\..\AppData\Local\Programs\Python\Python312\Lib\site-packages\sqlalchemy\ext\asyncio\base.py:125: in __aenter__
    return await self.start(is_ctxmanager=True)
           ^^^^^^^^^^^^^^^^^^^^^^^^^^^^^^^^^^^^
..\..\AppData\Local\Programs\Python\Python312\Lib\site-packages\sqlalchemy\ext\asyncio\engine.py:270: in start
    await greenlet_spawn(self.sync_engine.connect)
..\..\AppData\Local\Programs\Python\Python312\Lib\site-packages\sqlalchemy\util\_concurrency_py3k.py:189: in greenlet_spawn
    result = context.switch(*args, **kwargs)
             ^^^^^^^^^^^^^^^^^^^^^^^^^^^^^^^
..\..\AppData\Local\Programs\Python\Python312\Lib\site-packages\sqlalchemy\engine\base.py:3269: in connect
    return self._connection_cls(self)
           ^^^^^^^^^^^^^^^^^^^^^^^^^^
..\..\AppData\Local\Programs\Python\Python312\Lib\site-packages\sqlalchemy\engine\base.py:145: in __init__
    self._dbapi_connection = engine.raw_connection()
                             ^^^^^^^^^^^^^^^^^^^^^^^
..\..\AppData\Local\Programs\Python\Python312\Lib\site-packages\sqlalchemy\engine\base.py:3293: in raw_connection
    return self.pool.connect()
           ^^^^^^^^^^^^^^^^^^^
..\..\AppData\Local\Programs\Python\Python312\Lib\site-packages\sqlalchemy\pool\base.py:452: in connect
    return _ConnectionFairy._checkout(self)
           ^^^^^^^^^^^^^^^^^^^^^^^^^^^^^^^^
..\..\AppData\Local\Programs\Python\Python312\Lib\site-packages\sqlalchemy\pool\base.py:1269: in _checkout
    fairy = _ConnectionRecord.checkout(pool)
            ^^^^^^^^^^^^^^^^^^^^^^^^^^^^^^^^
..\..\AppData\Local\Programs\Python\Python312\Lib\site-packages\sqlalchemy\pool\base.py:716: in checkout
    rec = pool._do_get()
          ^^^^^^^^^^^^^^
..\..\AppData\Local\Programs\Python\Python312\Lib\site-packages\sqlalchemy\pool\impl.py:169: in _do_get
    with util.safe_reraise():
         ^^^^^^^^^^^^^^^^^^^
..\..\AppData\Local\Programs\Python\Python312\Lib\site-packages\sqlalchemy\util\langhelpers.py:146: in __exit__
    raise exc_value.with_traceback(exc_tb)
..\..\AppData\Local\Programs\Python\Python312\Lib\site-packages\sqlalchemy\pool\impl.py:167: in _do_get
    return self._create_connection()
           ^^^^^^^^^^^^^^^^^^^^^^^^^
..\..\AppData\Local\Programs\Python\Python312\Lib\site-packages\sqlalchemy\pool\base.py:393: in _create_connection
    return _ConnectionRecord(self)
           ^^^^^^^^^^^^^^^^^^^^^^^
..\..\AppData\Local\Programs\Python\Python312\Lib\site-packages\sqlalchemy\pool\base.py:678: in __init__
    self.__connect()
..\..\AppData\Local\Programs\Python\Python312\Lib\site-packages\sqlalchemy\pool\base.py:902: in __connect
    with util.safe_reraise():
         ^^^^^^^^^^^^^^^^^^^
..\..\AppData\Local\Programs\Python\Python312\Lib\site-packages\sqlalchemy\util\langhelpers.py:146: in __exit__
    raise exc_value.with_traceback(exc_tb)
..\..\AppData\Local\Programs\Python\Python312\Lib\site-packages\sqlalchemy\pool\base.py:898: in __connect
    self.dbapi_connection = connection = pool._invoke_creator(self)
                                         ^^^^^^^^^^^^^^^^^^^^^^^^^^
..\..\AppData\Local\Programs\Python\Python312\Lib\site-packages\sqlalchemy\engine\create.py:645: in connect
    return dialect.connect(*cargs, **cparams)
           ^^^^^^^^^^^^^^^^^^^^^^^^^^^^^^^^^^
..\..\AppData\Local\Programs\Python\Python312\Lib\site-packages\sqlalchemy\engine\default.py:616: in connect
    return self.loaded_dbapi.connect(*cargs, **cparams)
           ^^^^^^^^^^^^^^^^^^^^^^^^^^^^^^^^^^^^^^^^^^^^
..\..\AppData\Local\Programs\Python\Python312\Lib\site-packages\sqlalchemy\dialects\postgresql\asyncpg.py:941: in connect
    await_only(creator_fn(*arg, **kw)),
               ^^^^^^^^^^^^^^^^^^^^^^
E   TypeError: connect() got an unexpected keyword argument 'sslmode'
_____________________ ERROR at setup of test_update_table _____________________
..\..\AppData\Local\Programs\Python\Python312\Lib\site-packages\pytest_asyncio\plugin.py:458: in setup
    return super().setup()
           ^^^^^^^^^^^^^^^
..\..\AppData\Local\Programs\Python\Python312\Lib\site-packages\pytest_asyncio\plugin.py:313: in _asyncgen_fixture_wrapper
    result = runner.run(setup(), context=context)
             ^^^^^^^^^^^^^^^^^^^^^^^^^^^^^^^^^^^^
..\..\AppData\Local\Programs\Python\Python312\Lib\asyncio\runners.py:118: in run
    return self._loop.run_until_complete(task)
           ^^^^^^^^^^^^^^^^^^^^^^^^^^^^^^^^^^^
..\..\AppData\Local\Programs\Python\Python312\Lib\asyncio\base_events.py:691: in run_until_complete
    return future.result()
           ^^^^^^^^^^^^^^^
..\..\AppData\Local\Programs\Python\Python312\Lib\site-packages\pytest_asyncio\plugin.py:309: in setup
    res = await gen_obj.__anext__()
          ^^^^^^^^^^^^^^^^^^^^^^^^^
tests\conftest.py:48: in test_engine
    async with engine.begin() as conn:
               ^^^^^^^^^^^^^^
..\..\AppData\Local\Programs\Python\Python312\Lib\contextlib.py:210: in __aenter__
    return await anext(self.gen)
           ^^^^^^^^^^^^^^^^^^^^^
..\..\AppData\Local\Programs\Python\Python312\Lib\site-packages\sqlalchemy\ext\asyncio\engine.py:1066: in begin
    async with conn:
               ^^^^
..\..\AppData\Local\Programs\Python\Python312\Lib\site-packages\sqlalchemy\ext\asyncio\base.py:125: in __aenter__
    return await self.start(is_ctxmanager=True)
           ^^^^^^^^^^^^^^^^^^^^^^^^^^^^^^^^^^^^
..\..\AppData\Local\Programs\Python\Python312\Lib\site-packages\sqlalchemy\ext\asyncio\engine.py:270: in start
    await greenlet_spawn(self.sync_engine.connect)
..\..\AppData\Local\Programs\Python\Python312\Lib\site-packages\sqlalchemy\util\_concurrency_py3k.py:189: in greenlet_spawn
    result = context.switch(*args, **kwargs)
             ^^^^^^^^^^^^^^^^^^^^^^^^^^^^^^^
..\..\AppData\Local\Programs\Python\Python312\Lib\site-packages\sqlalchemy\engine\base.py:3269: in connect
    return self._connection_cls(self)
           ^^^^^^^^^^^^^^^^^^^^^^^^^^
..\..\AppData\Local\Programs\Python\Python312\Lib\site-packages\sqlalchemy\engine\base.py:145: in __init__
    self._dbapi_connection = engine.raw_connection()
                             ^^^^^^^^^^^^^^^^^^^^^^^
..\..\AppData\Local\Programs\Python\Python312\Lib\site-packages\sqlalchemy\engine\base.py:3293: in raw_connection
    return self.pool.connect()
           ^^^^^^^^^^^^^^^^^^^
..\..\AppData\Local\Programs\Python\Python312\Lib\site-packages\sqlalchemy\pool\base.py:452: in connect
    return _ConnectionFairy._checkout(self)
           ^^^^^^^^^^^^^^^^^^^^^^^^^^^^^^^^
..\..\AppData\Local\Programs\Python\Python312\Lib\site-packages\sqlalchemy\pool\base.py:1269: in _checkout
    fairy = _ConnectionRecord.checkout(pool)
            ^^^^^^^^^^^^^^^^^^^^^^^^^^^^^^^^
..\..\AppData\Local\Programs\Python\Python312\Lib\site-packages\sqlalchemy\pool\base.py:716: in checkout
    rec = pool._do_get()
          ^^^^^^^^^^^^^^
..\..\AppData\Local\Programs\Python\Python312\Lib\site-packages\sqlalchemy\pool\impl.py:169: in _do_get
    with util.safe_reraise():
         ^^^^^^^^^^^^^^^^^^^
..\..\AppData\Local\Programs\Python\Python312\Lib\site-packages\sqlalchemy\util\langhelpers.py:146: in __exit__
    raise exc_value.with_traceback(exc_tb)
..\..\AppData\Local\Programs\Python\Python312\Lib\site-packages\sqlalchemy\pool\impl.py:167: in _do_get
    return self._create_connection()
           ^^^^^^^^^^^^^^^^^^^^^^^^^
..\..\AppData\Local\Programs\Python\Python312\Lib\site-packages\sqlalchemy\pool\base.py:393: in _create_connection
    return _ConnectionRecord(self)
           ^^^^^^^^^^^^^^^^^^^^^^^
..\..\AppData\Local\Programs\Python\Python312\Lib\site-packages\sqlalchemy\pool\base.py:678: in __init__
    self.__connect()
..\..\AppData\Local\Programs\Python\Python312\Lib\site-packages\sqlalchemy\pool\base.py:902: in __connect
    with util.safe_reraise():
         ^^^^^^^^^^^^^^^^^^^
..\..\AppData\Local\Programs\Python\Python312\Lib\site-packages\sqlalchemy\util\langhelpers.py:146: in __exit__
    raise exc_value.with_traceback(exc_tb)
..\..\AppData\Local\Programs\Python\Python312\Lib\site-packages\sqlalchemy\pool\base.py:898: in __connect
    self.dbapi_connection = connection = pool._invoke_creator(self)
                                         ^^^^^^^^^^^^^^^^^^^^^^^^^^
..\..\AppData\Local\Programs\Python\Python312\Lib\site-packages\sqlalchemy\engine\create.py:645: in connect
    return dialect.connect(*cargs, **cparams)
           ^^^^^^^^^^^^^^^^^^^^^^^^^^^^^^^^^^
..\..\AppData\Local\Programs\Python\Python312\Lib\site-packages\sqlalchemy\engine\default.py:616: in connect
    return self.loaded_dbapi.connect(*cargs, **cparams)
           ^^^^^^^^^^^^^^^^^^^^^^^^^^^^^^^^^^^^^^^^^^^^
..\..\AppData\Local\Programs\Python\Python312\Lib\site-packages\sqlalchemy\dialects\postgresql\asyncpg.py:941: in connect
    await_only(creator_fn(*arg, **kw)),
               ^^^^^^^^^^^^^^^^^^^^^^
E   TypeError: connect() got an unexpected keyword argument 'sslmode'
_______________ ERROR at setup of test_update_table_non_member ________________
..\..\AppData\Local\Programs\Python\Python312\Lib\site-packages\pytest_asyncio\plugin.py:458: in setup
    return super().setup()
           ^^^^^^^^^^^^^^^
..\..\AppData\Local\Programs\Python\Python312\Lib\site-packages\pytest_asyncio\plugin.py:313: in _asyncgen_fixture_wrapper
    result = runner.run(setup(), context=context)
             ^^^^^^^^^^^^^^^^^^^^^^^^^^^^^^^^^^^^
..\..\AppData\Local\Programs\Python\Python312\Lib\asyncio\runners.py:118: in run
    return self._loop.run_until_complete(task)
           ^^^^^^^^^^^^^^^^^^^^^^^^^^^^^^^^^^^
..\..\AppData\Local\Programs\Python\Python312\Lib\asyncio\base_events.py:691: in run_until_complete
    return future.result()
           ^^^^^^^^^^^^^^^
..\..\AppData\Local\Programs\Python\Python312\Lib\site-packages\pytest_asyncio\plugin.py:309: in setup
    res = await gen_obj.__anext__()
          ^^^^^^^^^^^^^^^^^^^^^^^^^
tests\conftest.py:48: in test_engine
    async with engine.begin() as conn:
               ^^^^^^^^^^^^^^
..\..\AppData\Local\Programs\Python\Python312\Lib\contextlib.py:210: in __aenter__
    return await anext(self.gen)
           ^^^^^^^^^^^^^^^^^^^^^
..\..\AppData\Local\Programs\Python\Python312\Lib\site-packages\sqlalchemy\ext\asyncio\engine.py:1066: in begin
    async with conn:
               ^^^^
..\..\AppData\Local\Programs\Python\Python312\Lib\site-packages\sqlalchemy\ext\asyncio\base.py:125: in __aenter__
    return await self.start(is_ctxmanager=True)
           ^^^^^^^^^^^^^^^^^^^^^^^^^^^^^^^^^^^^
..\..\AppData\Local\Programs\Python\Python312\Lib\site-packages\sqlalchemy\ext\asyncio\engine.py:270: in start
    await greenlet_spawn(self.sync_engine.connect)
..\..\AppData\Local\Programs\Python\Python312\Lib\site-packages\sqlalchemy\util\_concurrency_py3k.py:189: in greenlet_spawn
    result = context.switch(*args, **kwargs)
             ^^^^^^^^^^^^^^^^^^^^^^^^^^^^^^^
..\..\AppData\Local\Programs\Python\Python312\Lib\site-packages\sqlalchemy\engine\base.py:3269: in connect
    return self._connection_cls(self)
           ^^^^^^^^^^^^^^^^^^^^^^^^^^
..\..\AppData\Local\Programs\Python\Python312\Lib\site-packages\sqlalchemy\engine\base.py:145: in __init__
    self._dbapi_connection = engine.raw_connection()
                             ^^^^^^^^^^^^^^^^^^^^^^^
..\..\AppData\Local\Programs\Python\Python312\Lib\site-packages\sqlalchemy\engine\base.py:3293: in raw_connection
    return self.pool.connect()
           ^^^^^^^^^^^^^^^^^^^
..\..\AppData\Local\Programs\Python\Python312\Lib\site-packages\sqlalchemy\pool\base.py:452: in connect
    return _ConnectionFairy._checkout(self)
           ^^^^^^^^^^^^^^^^^^^^^^^^^^^^^^^^
..\..\AppData\Local\Programs\Python\Python312\Lib\site-packages\sqlalchemy\pool\base.py:1269: in _checkout
    fairy = _ConnectionRecord.checkout(pool)
            ^^^^^^^^^^^^^^^^^^^^^^^^^^^^^^^^
..\..\AppData\Local\Programs\Python\Python312\Lib\site-packages\sqlalchemy\pool\base.py:716: in checkout
    rec = pool._do_get()
          ^^^^^^^^^^^^^^
..\..\AppData\Local\Programs\Python\Python312\Lib\site-packages\sqlalchemy\pool\impl.py:169: in _do_get
    with util.safe_reraise():
         ^^^^^^^^^^^^^^^^^^^
..\..\AppData\Local\Programs\Python\Python312\Lib\site-packages\sqlalchemy\util\langhelpers.py:146: in __exit__
    raise exc_value.with_traceback(exc_tb)
..\..\AppData\Local\Programs\Python\Python312\Lib\site-packages\sqlalchemy\pool\impl.py:167: in _do_get
    return self._create_connection()
           ^^^^^^^^^^^^^^^^^^^^^^^^^
..\..\AppData\Local\Programs\Python\Python312\Lib\site-packages\sqlalchemy\pool\base.py:393: in _create_connection
    return _ConnectionRecord(self)
           ^^^^^^^^^^^^^^^^^^^^^^^
..\..\AppData\Local\Programs\Python\Python312\Lib\site-packages\sqlalchemy\pool\base.py:678: in __init__
    self.__connect()
..\..\AppData\Local\Programs\Python\Python312\Lib\site-packages\sqlalchemy\pool\base.py:902: in __connect
    with util.safe_reraise():
         ^^^^^^^^^^^^^^^^^^^
..\..\AppData\Local\Programs\Python\Python312\Lib\site-packages\sqlalchemy\util\langhelpers.py:146: in __exit__
    raise exc_value.with_traceback(exc_tb)
..\..\AppData\Local\Programs\Python\Python312\Lib\site-packages\sqlalchemy\pool\base.py:898: in __connect
    self.dbapi_connection = connection = pool._invoke_creator(self)
                                         ^^^^^^^^^^^^^^^^^^^^^^^^^^
..\..\AppData\Local\Programs\Python\Python312\Lib\site-packages\sqlalchemy\engine\create.py:645: in connect
    return dialect.connect(*cargs, **cparams)
           ^^^^^^^^^^^^^^^^^^^^^^^^^^^^^^^^^^
..\..\AppData\Local\Programs\Python\Python312\Lib\site-packages\sqlalchemy\engine\default.py:616: in connect
    return self.loaded_dbapi.connect(*cargs, **cparams)
           ^^^^^^^^^^^^^^^^^^^^^^^^^^^^^^^^^^^^^^^^^^^^
..\..\AppData\Local\Programs\Python\Python312\Lib\site-packages\sqlalchemy\dialects\postgresql\asyncpg.py:941: in connect
    await_only(creator_fn(*arg, **kw)),
               ^^^^^^^^^^^^^^^^^^^^^^
E   TypeError: connect() got an unexpected keyword argument 'sslmode'
_____________________ ERROR at setup of test_delete_table _____________________
..\..\AppData\Local\Programs\Python\Python312\Lib\site-packages\pytest_asyncio\plugin.py:458: in setup
    return super().setup()
           ^^^^^^^^^^^^^^^
..\..\AppData\Local\Programs\Python\Python312\Lib\site-packages\pytest_asyncio\plugin.py:313: in _asyncgen_fixture_wrapper
    result = runner.run(setup(), context=context)
             ^^^^^^^^^^^^^^^^^^^^^^^^^^^^^^^^^^^^
..\..\AppData\Local\Programs\Python\Python312\Lib\asyncio\runners.py:118: in run
    return self._loop.run_until_complete(task)
           ^^^^^^^^^^^^^^^^^^^^^^^^^^^^^^^^^^^
..\..\AppData\Local\Programs\Python\Python312\Lib\asyncio\base_events.py:691: in run_until_complete
    return future.result()
           ^^^^^^^^^^^^^^^
..\..\AppData\Local\Programs\Python\Python312\Lib\site-packages\pytest_asyncio\plugin.py:309: in setup
    res = await gen_obj.__anext__()
          ^^^^^^^^^^^^^^^^^^^^^^^^^
tests\conftest.py:48: in test_engine
    async with engine.begin() as conn:
               ^^^^^^^^^^^^^^
..\..\AppData\Local\Programs\Python\Python312\Lib\contextlib.py:210: in __aenter__
    return await anext(self.gen)
           ^^^^^^^^^^^^^^^^^^^^^
..\..\AppData\Local\Programs\Python\Python312\Lib\site-packages\sqlalchemy\ext\asyncio\engine.py:1066: in begin
    async with conn:
               ^^^^
..\..\AppData\Local\Programs\Python\Python312\Lib\site-packages\sqlalchemy\ext\asyncio\base.py:125: in __aenter__
    return await self.start(is_ctxmanager=True)
           ^^^^^^^^^^^^^^^^^^^^^^^^^^^^^^^^^^^^
..\..\AppData\Local\Programs\Python\Python312\Lib\site-packages\sqlalchemy\ext\asyncio\engine.py:270: in start
    await greenlet_spawn(self.sync_engine.connect)
..\..\AppData\Local\Programs\Python\Python312\Lib\site-packages\sqlalchemy\util\_concurrency_py3k.py:189: in greenlet_spawn
    result = context.switch(*args, **kwargs)
             ^^^^^^^^^^^^^^^^^^^^^^^^^^^^^^^
..\..\AppData\Local\Programs\Python\Python312\Lib\site-packages\sqlalchemy\engine\base.py:3269: in connect
    return self._connection_cls(self)
           ^^^^^^^^^^^^^^^^^^^^^^^^^^
..\..\AppData\Local\Programs\Python\Python312\Lib\site-packages\sqlalchemy\engine\base.py:145: in __init__
    self._dbapi_connection = engine.raw_connection()
                             ^^^^^^^^^^^^^^^^^^^^^^^
..\..\AppData\Local\Programs\Python\Python312\Lib\site-packages\sqlalchemy\engine\base.py:3293: in raw_connection
    return self.pool.connect()
           ^^^^^^^^^^^^^^^^^^^
..\..\AppData\Local\Programs\Python\Python312\Lib\site-packages\sqlalchemy\pool\base.py:452: in connect
    return _ConnectionFairy._checkout(self)
           ^^^^^^^^^^^^^^^^^^^^^^^^^^^^^^^^
..\..\AppData\Local\Programs\Python\Python312\Lib\site-packages\sqlalchemy\pool\base.py:1269: in _checkout
    fairy = _ConnectionRecord.checkout(pool)
            ^^^^^^^^^^^^^^^^^^^^^^^^^^^^^^^^
..\..\AppData\Local\Programs\Python\Python312\Lib\site-packages\sqlalchemy\pool\base.py:716: in checkout
    rec = pool._do_get()
          ^^^^^^^^^^^^^^
..\..\AppData\Local\Programs\Python\Python312\Lib\site-packages\sqlalchemy\pool\impl.py:169: in _do_get
    with util.safe_reraise():
         ^^^^^^^^^^^^^^^^^^^
..\..\AppData\Local\Programs\Python\Python312\Lib\site-packages\sqlalchemy\util\langhelpers.py:146: in __exit__
    raise exc_value.with_traceback(exc_tb)
..\..\AppData\Local\Programs\Python\Python312\Lib\site-packages\sqlalchemy\pool\impl.py:167: in _do_get
    return self._create_connection()
           ^^^^^^^^^^^^^^^^^^^^^^^^^
..\..\AppData\Local\Programs\Python\Python312\Lib\site-packages\sqlalchemy\pool\base.py:393: in _create_connection
    return _ConnectionRecord(self)
           ^^^^^^^^^^^^^^^^^^^^^^^
..\..\AppData\Local\Programs\Python\Python312\Lib\site-packages\sqlalchemy\pool\base.py:678: in __init__
    self.__connect()
..\..\AppData\Local\Programs\Python\Python312\Lib\site-packages\sqlalchemy\pool\base.py:902: in __connect
    with util.safe_reraise():
         ^^^^^^^^^^^^^^^^^^^
..\..\AppData\Local\Programs\Python\Python312\Lib\site-packages\sqlalchemy\util\langhelpers.py:146: in __exit__
    raise exc_value.with_traceback(exc_tb)
..\..\AppData\Local\Programs\Python\Python312\Lib\site-packages\sqlalchemy\pool\base.py:898: in __connect
    self.dbapi_connection = connection = pool._invoke_creator(self)
                                         ^^^^^^^^^^^^^^^^^^^^^^^^^^
..\..\AppData\Local\Programs\Python\Python312\Lib\site-packages\sqlalchemy\engine\create.py:645: in connect
    return dialect.connect(*cargs, **cparams)
           ^^^^^^^^^^^^^^^^^^^^^^^^^^^^^^^^^^
..\..\AppData\Local\Programs\Python\Python312\Lib\site-packages\sqlalchemy\engine\default.py:616: in connect
    return self.loaded_dbapi.connect(*cargs, **cparams)
           ^^^^^^^^^^^^^^^^^^^^^^^^^^^^^^^^^^^^^^^^^^^^
..\..\AppData\Local\Programs\Python\Python312\Lib\site-packages\sqlalchemy\dialects\postgresql\asyncpg.py:941: in connect
    await_only(creator_fn(*arg, **kw)),
               ^^^^^^^^^^^^^^^^^^^^^^
E   TypeError: connect() got an unexpected keyword argument 'sslmode'
________________ ERROR at setup of test_delete_table_non_owner ________________
..\..\AppData\Local\Programs\Python\Python312\Lib\site-packages\pytest_asyncio\plugin.py:458: in setup
    return super().setup()
           ^^^^^^^^^^^^^^^
..\..\AppData\Local\Programs\Python\Python312\Lib\site-packages\pytest_asyncio\plugin.py:313: in _asyncgen_fixture_wrapper
    result = runner.run(setup(), context=context)
             ^^^^^^^^^^^^^^^^^^^^^^^^^^^^^^^^^^^^
..\..\AppData\Local\Programs\Python\Python312\Lib\asyncio\runners.py:118: in run
    return self._loop.run_until_complete(task)
           ^^^^^^^^^^^^^^^^^^^^^^^^^^^^^^^^^^^
..\..\AppData\Local\Programs\Python\Python312\Lib\asyncio\base_events.py:691: in run_until_complete
    return future.result()
           ^^^^^^^^^^^^^^^
..\..\AppData\Local\Programs\Python\Python312\Lib\site-packages\pytest_asyncio\plugin.py:309: in setup
    res = await gen_obj.__anext__()
          ^^^^^^^^^^^^^^^^^^^^^^^^^
tests\conftest.py:48: in test_engine
    async with engine.begin() as conn:
               ^^^^^^^^^^^^^^
..\..\AppData\Local\Programs\Python\Python312\Lib\contextlib.py:210: in __aenter__
    return await anext(self.gen)
           ^^^^^^^^^^^^^^^^^^^^^
..\..\AppData\Local\Programs\Python\Python312\Lib\site-packages\sqlalchemy\ext\asyncio\engine.py:1066: in begin
    async with conn:
               ^^^^
..\..\AppData\Local\Programs\Python\Python312\Lib\site-packages\sqlalchemy\ext\asyncio\base.py:125: in __aenter__
    return await self.start(is_ctxmanager=True)
           ^^^^^^^^^^^^^^^^^^^^^^^^^^^^^^^^^^^^
..\..\AppData\Local\Programs\Python\Python312\Lib\site-packages\sqlalchemy\ext\asyncio\engine.py:270: in start
    await greenlet_spawn(self.sync_engine.connect)
..\..\AppData\Local\Programs\Python\Python312\Lib\site-packages\sqlalchemy\util\_concurrency_py3k.py:189: in greenlet_spawn
    result = context.switch(*args, **kwargs)
             ^^^^^^^^^^^^^^^^^^^^^^^^^^^^^^^
..\..\AppData\Local\Programs\Python\Python312\Lib\site-packages\sqlalchemy\engine\base.py:3269: in connect
    return self._connection_cls(self)
           ^^^^^^^^^^^^^^^^^^^^^^^^^^
..\..\AppData\Local\Programs\Python\Python312\Lib\site-packages\sqlalchemy\engine\base.py:145: in __init__
    self._dbapi_connection = engine.raw_connection()
                             ^^^^^^^^^^^^^^^^^^^^^^^
..\..\AppData\Local\Programs\Python\Python312\Lib\site-packages\sqlalchemy\engine\base.py:3293: in raw_connection
    return self.pool.connect()
           ^^^^^^^^^^^^^^^^^^^
..\..\AppData\Local\Programs\Python\Python312\Lib\site-packages\sqlalchemy\pool\base.py:452: in connect
    return _ConnectionFairy._checkout(self)
           ^^^^^^^^^^^^^^^^^^^^^^^^^^^^^^^^
..\..\AppData\Local\Programs\Python\Python312\Lib\site-packages\sqlalchemy\pool\base.py:1269: in _checkout
    fairy = _ConnectionRecord.checkout(pool)
            ^^^^^^^^^^^^^^^^^^^^^^^^^^^^^^^^
..\..\AppData\Local\Programs\Python\Python312\Lib\site-packages\sqlalchemy\pool\base.py:716: in checkout
    rec = pool._do_get()
          ^^^^^^^^^^^^^^
..\..\AppData\Local\Programs\Python\Python312\Lib\site-packages\sqlalchemy\pool\impl.py:169: in _do_get
    with util.safe_reraise():
         ^^^^^^^^^^^^^^^^^^^
..\..\AppData\Local\Programs\Python\Python312\Lib\site-packages\sqlalchemy\util\langhelpers.py:146: in __exit__
    raise exc_value.with_traceback(exc_tb)
..\..\AppData\Local\Programs\Python\Python312\Lib\site-packages\sqlalchemy\pool\impl.py:167: in _do_get
    return self._create_connection()
           ^^^^^^^^^^^^^^^^^^^^^^^^^
..\..\AppData\Local\Programs\Python\Python312\Lib\site-packages\sqlalchemy\pool\base.py:393: in _create_connection
    return _ConnectionRecord(self)
           ^^^^^^^^^^^^^^^^^^^^^^^
..\..\AppData\Local\Programs\Python\Python312\Lib\site-packages\sqlalchemy\pool\base.py:678: in __init__
    self.__connect()
..\..\AppData\Local\Programs\Python\Python312\Lib\site-packages\sqlalchemy\pool\base.py:902: in __connect
    with util.safe_reraise():
         ^^^^^^^^^^^^^^^^^^^
..\..\AppData\Local\Programs\Python\Python312\Lib\site-packages\sqlalchemy\util\langhelpers.py:146: in __exit__
    raise exc_value.with_traceback(exc_tb)
..\..\AppData\Local\Programs\Python\Python312\Lib\site-packages\sqlalchemy\pool\base.py:898: in __connect
    self.dbapi_connection = connection = pool._invoke_creator(self)
                                         ^^^^^^^^^^^^^^^^^^^^^^^^^^
..\..\AppData\Local\Programs\Python\Python312\Lib\site-packages\sqlalchemy\engine\create.py:645: in connect
    return dialect.connect(*cargs, **cparams)
           ^^^^^^^^^^^^^^^^^^^^^^^^^^^^^^^^^^
..\..\AppData\Local\Programs\Python\Python312\Lib\site-packages\sqlalchemy\engine\default.py:616: in connect
    return self.loaded_dbapi.connect(*cargs, **cparams)
           ^^^^^^^^^^^^^^^^^^^^^^^^^^^^^^^^^^^^^^^^^^^^
..\..\AppData\Local\Programs\Python\Python312\Lib\site-packages\sqlalchemy\dialects\postgresql\asyncpg.py:941: in connect
    await_only(creator_fn(*arg, **kw)),
               ^^^^^^^^^^^^^^^^^^^^^^
E   TypeError: connect() got an unexpected keyword argument 'sslmode'
___________________ ERROR at setup of test_create_workspace ___________________
..\..\AppData\Local\Programs\Python\Python312\Lib\site-packages\pytest_asyncio\plugin.py:458: in setup
    return super().setup()
           ^^^^^^^^^^^^^^^
..\..\AppData\Local\Programs\Python\Python312\Lib\site-packages\pytest_asyncio\plugin.py:313: in _asyncgen_fixture_wrapper
    result = runner.run(setup(), context=context)
             ^^^^^^^^^^^^^^^^^^^^^^^^^^^^^^^^^^^^
..\..\AppData\Local\Programs\Python\Python312\Lib\asyncio\runners.py:118: in run
    return self._loop.run_until_complete(task)
           ^^^^^^^^^^^^^^^^^^^^^^^^^^^^^^^^^^^
..\..\AppData\Local\Programs\Python\Python312\Lib\asyncio\base_events.py:691: in run_until_complete
    return future.result()
           ^^^^^^^^^^^^^^^
..\..\AppData\Local\Programs\Python\Python312\Lib\site-packages\pytest_asyncio\plugin.py:309: in setup
    res = await gen_obj.__anext__()
          ^^^^^^^^^^^^^^^^^^^^^^^^^
tests\conftest.py:48: in test_engine
    async with engine.begin() as conn:
               ^^^^^^^^^^^^^^
..\..\AppData\Local\Programs\Python\Python312\Lib\contextlib.py:210: in __aenter__
    return await anext(self.gen)
           ^^^^^^^^^^^^^^^^^^^^^
..\..\AppData\Local\Programs\Python\Python312\Lib\site-packages\sqlalchemy\ext\asyncio\engine.py:1066: in begin
    async with conn:
               ^^^^
..\..\AppData\Local\Programs\Python\Python312\Lib\site-packages\sqlalchemy\ext\asyncio\base.py:125: in __aenter__
    return await self.start(is_ctxmanager=True)
           ^^^^^^^^^^^^^^^^^^^^^^^^^^^^^^^^^^^^
..\..\AppData\Local\Programs\Python\Python312\Lib\site-packages\sqlalchemy\ext\asyncio\engine.py:270: in start
    await greenlet_spawn(self.sync_engine.connect)
..\..\AppData\Local\Programs\Python\Python312\Lib\site-packages\sqlalchemy\util\_concurrency_py3k.py:189: in greenlet_spawn
    result = context.switch(*args, **kwargs)
             ^^^^^^^^^^^^^^^^^^^^^^^^^^^^^^^
..\..\AppData\Local\Programs\Python\Python312\Lib\site-packages\sqlalchemy\engine\base.py:3269: in connect
    return self._connection_cls(self)
           ^^^^^^^^^^^^^^^^^^^^^^^^^^
..\..\AppData\Local\Programs\Python\Python312\Lib\site-packages\sqlalchemy\engine\base.py:145: in __init__
    self._dbapi_connection = engine.raw_connection()
                             ^^^^^^^^^^^^^^^^^^^^^^^
..\..\AppData\Local\Programs\Python\Python312\Lib\site-packages\sqlalchemy\engine\base.py:3293: in raw_connection
    return self.pool.connect()
           ^^^^^^^^^^^^^^^^^^^
..\..\AppData\Local\Programs\Python\Python312\Lib\site-packages\sqlalchemy\pool\base.py:452: in connect
    return _ConnectionFairy._checkout(self)
           ^^^^^^^^^^^^^^^^^^^^^^^^^^^^^^^^
..\..\AppData\Local\Programs\Python\Python312\Lib\site-packages\sqlalchemy\pool\base.py:1269: in _checkout
    fairy = _ConnectionRecord.checkout(pool)
            ^^^^^^^^^^^^^^^^^^^^^^^^^^^^^^^^
..\..\AppData\Local\Programs\Python\Python312\Lib\site-packages\sqlalchemy\pool\base.py:716: in checkout
    rec = pool._do_get()
          ^^^^^^^^^^^^^^
..\..\AppData\Local\Programs\Python\Python312\Lib\site-packages\sqlalchemy\pool\impl.py:169: in _do_get
    with util.safe_reraise():
         ^^^^^^^^^^^^^^^^^^^
..\..\AppData\Local\Programs\Python\Python312\Lib\site-packages\sqlalchemy\util\langhelpers.py:146: in __exit__
    raise exc_value.with_traceback(exc_tb)
..\..\AppData\Local\Programs\Python\Python312\Lib\site-packages\sqlalchemy\pool\impl.py:167: in _do_get
    return self._create_connection()
           ^^^^^^^^^^^^^^^^^^^^^^^^^
..\..\AppData\Local\Programs\Python\Python312\Lib\site-packages\sqlalchemy\pool\base.py:393: in _create_connection
    return _ConnectionRecord(self)
           ^^^^^^^^^^^^^^^^^^^^^^^
..\..\AppData\Local\Programs\Python\Python312\Lib\site-packages\sqlalchemy\pool\base.py:678: in __init__
    self.__connect()
..\..\AppData\Local\Programs\Python\Python312\Lib\site-packages\sqlalchemy\pool\base.py:902: in __connect
    with util.safe_reraise():
         ^^^^^^^^^^^^^^^^^^^
..\..\AppData\Local\Programs\Python\Python312\Lib\site-packages\sqlalchemy\util\langhelpers.py:146: in __exit__
    raise exc_value.with_traceback(exc_tb)
..\..\AppData\Local\Programs\Python\Python312\Lib\site-packages\sqlalchemy\pool\base.py:898: in __connect
    self.dbapi_connection = connection = pool._invoke_creator(self)
                                         ^^^^^^^^^^^^^^^^^^^^^^^^^^
..\..\AppData\Local\Programs\Python\Python312\Lib\site-packages\sqlalchemy\engine\create.py:645: in connect
    return dialect.connect(*cargs, **cparams)
           ^^^^^^^^^^^^^^^^^^^^^^^^^^^^^^^^^^
..\..\AppData\Local\Programs\Python\Python312\Lib\site-packages\sqlalchemy\engine\default.py:616: in connect
    return self.loaded_dbapi.connect(*cargs, **cparams)
           ^^^^^^^^^^^^^^^^^^^^^^^^^^^^^^^^^^^^^^^^^^^^
..\..\AppData\Local\Programs\Python\Python312\Lib\site-packages\sqlalchemy\dialects\postgresql\asyncpg.py:941: in connect
    await_only(creator_fn(*arg, **kw)),
               ^^^^^^^^^^^^^^^^^^^^^^
E   TypeError: connect() got an unexpected keyword argument 'sslmode'
____________ ERROR at setup of test_create_workspace_unauthorized _____________
..\..\AppData\Local\Programs\Python\Python312\Lib\site-packages\pytest_asyncio\plugin.py:458: in setup
    return super().setup()
           ^^^^^^^^^^^^^^^
..\..\AppData\Local\Programs\Python\Python312\Lib\site-packages\pytest_asyncio\plugin.py:313: in _asyncgen_fixture_wrapper
    result = runner.run(setup(), context=context)
             ^^^^^^^^^^^^^^^^^^^^^^^^^^^^^^^^^^^^
..\..\AppData\Local\Programs\Python\Python312\Lib\asyncio\runners.py:118: in run
    return self._loop.run_until_complete(task)
           ^^^^^^^^^^^^^^^^^^^^^^^^^^^^^^^^^^^
..\..\AppData\Local\Programs\Python\Python312\Lib\asyncio\base_events.py:691: in run_until_complete
    return future.result()
           ^^^^^^^^^^^^^^^
..\..\AppData\Local\Programs\Python\Python312\Lib\site-packages\pytest_asyncio\plugin.py:309: in setup
    res = await gen_obj.__anext__()
          ^^^^^^^^^^^^^^^^^^^^^^^^^
tests\conftest.py:48: in test_engine
    async with engine.begin() as conn:
               ^^^^^^^^^^^^^^
..\..\AppData\Local\Programs\Python\Python312\Lib\contextlib.py:210: in __aenter__
    return await anext(self.gen)
           ^^^^^^^^^^^^^^^^^^^^^
..\..\AppData\Local\Programs\Python\Python312\Lib\site-packages\sqlalchemy\ext\asyncio\engine.py:1066: in begin
    async with conn:
               ^^^^
..\..\AppData\Local\Programs\Python\Python312\Lib\site-packages\sqlalchemy\ext\asyncio\base.py:125: in __aenter__
    return await self.start(is_ctxmanager=True)
           ^^^^^^^^^^^^^^^^^^^^^^^^^^^^^^^^^^^^
..\..\AppData\Local\Programs\Python\Python312\Lib\site-packages\sqlalchemy\ext\asyncio\engine.py:270: in start
    await greenlet_spawn(self.sync_engine.connect)
..\..\AppData\Local\Programs\Python\Python312\Lib\site-packages\sqlalchemy\util\_concurrency_py3k.py:189: in greenlet_spawn
    result = context.switch(*args, **kwargs)
             ^^^^^^^^^^^^^^^^^^^^^^^^^^^^^^^
..\..\AppData\Local\Programs\Python\Python312\Lib\site-packages\sqlalchemy\engine\base.py:3269: in connect
    return self._connection_cls(self)
           ^^^^^^^^^^^^^^^^^^^^^^^^^^
..\..\AppData\Local\Programs\Python\Python312\Lib\site-packages\sqlalchemy\engine\base.py:145: in __init__
    self._dbapi_connection = engine.raw_connection()
                             ^^^^^^^^^^^^^^^^^^^^^^^
..\..\AppData\Local\Programs\Python\Python312\Lib\site-packages\sqlalchemy\engine\base.py:3293: in raw_connection
    return self.pool.connect()
           ^^^^^^^^^^^^^^^^^^^
..\..\AppData\Local\Programs\Python\Python312\Lib\site-packages\sqlalchemy\pool\base.py:452: in connect
    return _ConnectionFairy._checkout(self)
           ^^^^^^^^^^^^^^^^^^^^^^^^^^^^^^^^
..\..\AppData\Local\Programs\Python\Python312\Lib\site-packages\sqlalchemy\pool\base.py:1269: in _checkout
    fairy = _ConnectionRecord.checkout(pool)
            ^^^^^^^^^^^^^^^^^^^^^^^^^^^^^^^^
..\..\AppData\Local\Programs\Python\Python312\Lib\site-packages\sqlalchemy\pool\base.py:716: in checkout
    rec = pool._do_get()
          ^^^^^^^^^^^^^^
..\..\AppData\Local\Programs\Python\Python312\Lib\site-packages\sqlalchemy\pool\impl.py:169: in _do_get
    with util.safe_reraise():
         ^^^^^^^^^^^^^^^^^^^
..\..\AppData\Local\Programs\Python\Python312\Lib\site-packages\sqlalchemy\util\langhelpers.py:146: in __exit__
    raise exc_value.with_traceback(exc_tb)
..\..\AppData\Local\Programs\Python\Python312\Lib\site-packages\sqlalchemy\pool\impl.py:167: in _do_get
    return self._create_connection()
           ^^^^^^^^^^^^^^^^^^^^^^^^^
..\..\AppData\Local\Programs\Python\Python312\Lib\site-packages\sqlalchemy\pool\base.py:393: in _create_connection
    return _ConnectionRecord(self)
           ^^^^^^^^^^^^^^^^^^^^^^^
..\..\AppData\Local\Programs\Python\Python312\Lib\site-packages\sqlalchemy\pool\base.py:678: in __init__
    self.__connect()
..\..\AppData\Local\Programs\Python\Python312\Lib\site-packages\sqlalchemy\pool\base.py:902: in __connect
    with util.safe_reraise():
         ^^^^^^^^^^^^^^^^^^^
..\..\AppData\Local\Programs\Python\Python312\Lib\site-packages\sqlalchemy\util\langhelpers.py:146: in __exit__
    raise exc_value.with_traceback(exc_tb)
..\..\AppData\Local\Programs\Python\Python312\Lib\site-packages\sqlalchemy\pool\base.py:898: in __connect
    self.dbapi_connection = connection = pool._invoke_creator(self)
                                         ^^^^^^^^^^^^^^^^^^^^^^^^^^
..\..\AppData\Local\Programs\Python\Python312\Lib\site-packages\sqlalchemy\engine\create.py:645: in connect
    return dialect.connect(*cargs, **cparams)
           ^^^^^^^^^^^^^^^^^^^^^^^^^^^^^^^^^^
..\..\AppData\Local\Programs\Python\Python312\Lib\site-packages\sqlalchemy\engine\default.py:616: in connect
    return self.loaded_dbapi.connect(*cargs, **cparams)
           ^^^^^^^^^^^^^^^^^^^^^^^^^^^^^^^^^^^^^^^^^^^^
..\..\AppData\Local\Programs\Python\Python312\Lib\site-packages\sqlalchemy\dialects\postgresql\asyncpg.py:941: in connect
    await_only(creator_fn(*arg, **kw)),
               ^^^^^^^^^^^^^^^^^^^^^^
E   TypeError: connect() got an unexpected keyword argument 'sslmode'
____________ ERROR at setup of test_create_workspace_invalid_name _____________
..\..\AppData\Local\Programs\Python\Python312\Lib\site-packages\pytest_asyncio\plugin.py:458: in setup
    return super().setup()
           ^^^^^^^^^^^^^^^
..\..\AppData\Local\Programs\Python\Python312\Lib\site-packages\pytest_asyncio\plugin.py:313: in _asyncgen_fixture_wrapper
    result = runner.run(setup(), context=context)
             ^^^^^^^^^^^^^^^^^^^^^^^^^^^^^^^^^^^^
..\..\AppData\Local\Programs\Python\Python312\Lib\asyncio\runners.py:118: in run
    return self._loop.run_until_complete(task)
           ^^^^^^^^^^^^^^^^^^^^^^^^^^^^^^^^^^^
..\..\AppData\Local\Programs\Python\Python312\Lib\asyncio\base_events.py:691: in run_until_complete
    return future.result()
           ^^^^^^^^^^^^^^^
..\..\AppData\Local\Programs\Python\Python312\Lib\site-packages\pytest_asyncio\plugin.py:309: in setup
    res = await gen_obj.__anext__()
          ^^^^^^^^^^^^^^^^^^^^^^^^^
tests\conftest.py:48: in test_engine
    async with engine.begin() as conn:
               ^^^^^^^^^^^^^^
..\..\AppData\Local\Programs\Python\Python312\Lib\contextlib.py:210: in __aenter__
    return await anext(self.gen)
           ^^^^^^^^^^^^^^^^^^^^^
..\..\AppData\Local\Programs\Python\Python312\Lib\site-packages\sqlalchemy\ext\asyncio\engine.py:1066: in begin
    async with conn:
               ^^^^
..\..\AppData\Local\Programs\Python\Python312\Lib\site-packages\sqlalchemy\ext\asyncio\base.py:125: in __aenter__
    return await self.start(is_ctxmanager=True)
           ^^^^^^^^^^^^^^^^^^^^^^^^^^^^^^^^^^^^
..\..\AppData\Local\Programs\Python\Python312\Lib\site-packages\sqlalchemy\ext\asyncio\engine.py:270: in start
    await greenlet_spawn(self.sync_engine.connect)
..\..\AppData\Local\Programs\Python\Python312\Lib\site-packages\sqlalchemy\util\_concurrency_py3k.py:189: in greenlet_spawn
    result = context.switch(*args, **kwargs)
             ^^^^^^^^^^^^^^^^^^^^^^^^^^^^^^^
..\..\AppData\Local\Programs\Python\Python312\Lib\site-packages\sqlalchemy\engine\base.py:3269: in connect
    return self._connection_cls(self)
           ^^^^^^^^^^^^^^^^^^^^^^^^^^
..\..\AppData\Local\Programs\Python\Python312\Lib\site-packages\sqlalchemy\engine\base.py:145: in __init__
    self._dbapi_connection = engine.raw_connection()
                             ^^^^^^^^^^^^^^^^^^^^^^^
..\..\AppData\Local\Programs\Python\Python312\Lib\site-packages\sqlalchemy\engine\base.py:3293: in raw_connection
    return self.pool.connect()
           ^^^^^^^^^^^^^^^^^^^
..\..\AppData\Local\Programs\Python\Python312\Lib\site-packages\sqlalchemy\pool\base.py:452: in connect
    return _ConnectionFairy._checkout(self)
           ^^^^^^^^^^^^^^^^^^^^^^^^^^^^^^^^
..\..\AppData\Local\Programs\Python\Python312\Lib\site-packages\sqlalchemy\pool\base.py:1269: in _checkout
    fairy = _ConnectionRecord.checkout(pool)
            ^^^^^^^^^^^^^^^^^^^^^^^^^^^^^^^^
..\..\AppData\Local\Programs\Python\Python312\Lib\site-packages\sqlalchemy\pool\base.py:716: in checkout
    rec = pool._do_get()
          ^^^^^^^^^^^^^^
..\..\AppData\Local\Programs\Python\Python312\Lib\site-packages\sqlalchemy\pool\impl.py:169: in _do_get
    with util.safe_reraise():
         ^^^^^^^^^^^^^^^^^^^
..\..\AppData\Local\Programs\Python\Python312\Lib\site-packages\sqlalchemy\util\langhelpers.py:146: in __exit__
    raise exc_value.with_traceback(exc_tb)
..\..\AppData\Local\Programs\Python\Python312\Lib\site-packages\sqlalchemy\pool\impl.py:167: in _do_get
    return self._create_connection()
           ^^^^^^^^^^^^^^^^^^^^^^^^^
..\..\AppData\Local\Programs\Python\Python312\Lib\site-packages\sqlalchemy\pool\base.py:393: in _create_connection
    return _ConnectionRecord(self)
           ^^^^^^^^^^^^^^^^^^^^^^^
..\..\AppData\Local\Programs\Python\Python312\Lib\site-packages\sqlalchemy\pool\base.py:678: in __init__
    self.__connect()
..\..\AppData\Local\Programs\Python\Python312\Lib\site-packages\sqlalchemy\pool\base.py:902: in __connect
    with util.safe_reraise():
         ^^^^^^^^^^^^^^^^^^^
..\..\AppData\Local\Programs\Python\Python312\Lib\site-packages\sqlalchemy\util\langhelpers.py:146: in __exit__
    raise exc_value.with_traceback(exc_tb)
..\..\AppData\Local\Programs\Python\Python312\Lib\site-packages\sqlalchemy\pool\base.py:898: in __connect
    self.dbapi_connection = connection = pool._invoke_creator(self)
                                         ^^^^^^^^^^^^^^^^^^^^^^^^^^
..\..\AppData\Local\Programs\Python\Python312\Lib\site-packages\sqlalchemy\engine\create.py:645: in connect
    return dialect.connect(*cargs, **cparams)
           ^^^^^^^^^^^^^^^^^^^^^^^^^^^^^^^^^^
..\..\AppData\Local\Programs\Python\Python312\Lib\site-packages\sqlalchemy\engine\default.py:616: in connect
    return self.loaded_dbapi.connect(*cargs, **cparams)
           ^^^^^^^^^^^^^^^^^^^^^^^^^^^^^^^^^^^^^^^^^^^^
..\..\AppData\Local\Programs\Python\Python312\Lib\site-packages\sqlalchemy\dialects\postgresql\asyncpg.py:941: in connect
    await_only(creator_fn(*arg, **kw)),
               ^^^^^^^^^^^^^^^^^^^^^^
E   TypeError: connect() got an unexpected keyword argument 'sslmode'
________________ ERROR at setup of test_list_workspaces_empty _________________
..\..\AppData\Local\Programs\Python\Python312\Lib\site-packages\pytest_asyncio\plugin.py:458: in setup
    return super().setup()
           ^^^^^^^^^^^^^^^
..\..\AppData\Local\Programs\Python\Python312\Lib\site-packages\pytest_asyncio\plugin.py:313: in _asyncgen_fixture_wrapper
    result = runner.run(setup(), context=context)
             ^^^^^^^^^^^^^^^^^^^^^^^^^^^^^^^^^^^^
..\..\AppData\Local\Programs\Python\Python312\Lib\asyncio\runners.py:118: in run
    return self._loop.run_until_complete(task)
           ^^^^^^^^^^^^^^^^^^^^^^^^^^^^^^^^^^^
..\..\AppData\Local\Programs\Python\Python312\Lib\asyncio\base_events.py:691: in run_until_complete
    return future.result()
           ^^^^^^^^^^^^^^^
..\..\AppData\Local\Programs\Python\Python312\Lib\site-packages\pytest_asyncio\plugin.py:309: in setup
    res = await gen_obj.__anext__()
          ^^^^^^^^^^^^^^^^^^^^^^^^^
tests\conftest.py:48: in test_engine
    async with engine.begin() as conn:
               ^^^^^^^^^^^^^^
..\..\AppData\Local\Programs\Python\Python312\Lib\contextlib.py:210: in __aenter__
    return await anext(self.gen)
           ^^^^^^^^^^^^^^^^^^^^^
..\..\AppData\Local\Programs\Python\Python312\Lib\site-packages\sqlalchemy\ext\asyncio\engine.py:1066: in begin
    async with conn:
               ^^^^
..\..\AppData\Local\Programs\Python\Python312\Lib\site-packages\sqlalchemy\ext\asyncio\base.py:125: in __aenter__
    return await self.start(is_ctxmanager=True)
           ^^^^^^^^^^^^^^^^^^^^^^^^^^^^^^^^^^^^
..\..\AppData\Local\Programs\Python\Python312\Lib\site-packages\sqlalchemy\ext\asyncio\engine.py:270: in start
    await greenlet_spawn(self.sync_engine.connect)
..\..\AppData\Local\Programs\Python\Python312\Lib\site-packages\sqlalchemy\util\_concurrency_py3k.py:189: in greenlet_spawn
    result = context.switch(*args, **kwargs)
             ^^^^^^^^^^^^^^^^^^^^^^^^^^^^^^^
..\..\AppData\Local\Programs\Python\Python312\Lib\site-packages\sqlalchemy\engine\base.py:3269: in connect
    return self._connection_cls(self)
           ^^^^^^^^^^^^^^^^^^^^^^^^^^
..\..\AppData\Local\Programs\Python\Python312\Lib\site-packages\sqlalchemy\engine\base.py:145: in __init__
    self._dbapi_connection = engine.raw_connection()
                             ^^^^^^^^^^^^^^^^^^^^^^^
..\..\AppData\Local\Programs\Python\Python312\Lib\site-packages\sqlalchemy\engine\base.py:3293: in raw_connection
    return self.pool.connect()
           ^^^^^^^^^^^^^^^^^^^
..\..\AppData\Local\Programs\Python\Python312\Lib\site-packages\sqlalchemy\pool\base.py:452: in connect
    return _ConnectionFairy._checkout(self)
           ^^^^^^^^^^^^^^^^^^^^^^^^^^^^^^^^
..\..\AppData\Local\Programs\Python\Python312\Lib\site-packages\sqlalchemy\pool\base.py:1269: in _checkout
    fairy = _ConnectionRecord.checkout(pool)
            ^^^^^^^^^^^^^^^^^^^^^^^^^^^^^^^^
..\..\AppData\Local\Programs\Python\Python312\Lib\site-packages\sqlalchemy\pool\base.py:716: in checkout
    rec = pool._do_get()
          ^^^^^^^^^^^^^^
..\..\AppData\Local\Programs\Python\Python312\Lib\site-packages\sqlalchemy\pool\impl.py:169: in _do_get
    with util.safe_reraise():
         ^^^^^^^^^^^^^^^^^^^
..\..\AppData\Local\Programs\Python\Python312\Lib\site-packages\sqlalchemy\util\langhelpers.py:146: in __exit__
    raise exc_value.with_traceback(exc_tb)
..\..\AppData\Local\Programs\Python\Python312\Lib\site-packages\sqlalchemy\pool\impl.py:167: in _do_get
    return self._create_connection()
           ^^^^^^^^^^^^^^^^^^^^^^^^^
..\..\AppData\Local\Programs\Python\Python312\Lib\site-packages\sqlalchemy\pool\base.py:393: in _create_connection
    return _ConnectionRecord(self)
           ^^^^^^^^^^^^^^^^^^^^^^^
..\..\AppData\Local\Programs\Python\Python312\Lib\site-packages\sqlalchemy\pool\base.py:678: in __init__
    self.__connect()
..\..\AppData\Local\Programs\Python\Python312\Lib\site-packages\sqlalchemy\pool\base.py:902: in __connect
    with util.safe_reraise():
         ^^^^^^^^^^^^^^^^^^^
..\..\AppData\Local\Programs\Python\Python312\Lib\site-packages\sqlalchemy\util\langhelpers.py:146: in __exit__
    raise exc_value.with_traceback(exc_tb)
..\..\AppData\Local\Programs\Python\Python312\Lib\site-packages\sqlalchemy\pool\base.py:898: in __connect
    self.dbapi_connection = connection = pool._invoke_creator(self)
                                         ^^^^^^^^^^^^^^^^^^^^^^^^^^
..\..\AppData\Local\Programs\Python\Python312\Lib\site-packages\sqlalchemy\engine\create.py:645: in connect
    return dialect.connect(*cargs, **cparams)
           ^^^^^^^^^^^^^^^^^^^^^^^^^^^^^^^^^^
..\..\AppData\Local\Programs\Python\Python312\Lib\site-packages\sqlalchemy\engine\default.py:616: in connect
    return self.loaded_dbapi.connect(*cargs, **cparams)
           ^^^^^^^^^^^^^^^^^^^^^^^^^^^^^^^^^^^^^^^^^^^^
..\..\AppData\Local\Programs\Python\Python312\Lib\site-packages\sqlalchemy\dialects\postgresql\asyncpg.py:941: in connect
    await_only(creator_fn(*arg, **kw)),
               ^^^^^^^^^^^^^^^^^^^^^^
E   TypeError: connect() got an unexpected keyword argument 'sslmode'
___________________ ERROR at setup of test_list_workspaces ____________________
..\..\AppData\Local\Programs\Python\Python312\Lib\site-packages\pytest_asyncio\plugin.py:458: in setup
    return super().setup()
           ^^^^^^^^^^^^^^^
..\..\AppData\Local\Programs\Python\Python312\Lib\site-packages\pytest_asyncio\plugin.py:313: in _asyncgen_fixture_wrapper
    result = runner.run(setup(), context=context)
             ^^^^^^^^^^^^^^^^^^^^^^^^^^^^^^^^^^^^
..\..\AppData\Local\Programs\Python\Python312\Lib\asyncio\runners.py:118: in run
    return self._loop.run_until_complete(task)
           ^^^^^^^^^^^^^^^^^^^^^^^^^^^^^^^^^^^
..\..\AppData\Local\Programs\Python\Python312\Lib\asyncio\base_events.py:691: in run_until_complete
    return future.result()
           ^^^^^^^^^^^^^^^
..\..\AppData\Local\Programs\Python\Python312\Lib\site-packages\pytest_asyncio\plugin.py:309: in setup
    res = await gen_obj.__anext__()
          ^^^^^^^^^^^^^^^^^^^^^^^^^
tests\conftest.py:48: in test_engine
    async with engine.begin() as conn:
               ^^^^^^^^^^^^^^
..\..\AppData\Local\Programs\Python\Python312\Lib\contextlib.py:210: in __aenter__
    return await anext(self.gen)
           ^^^^^^^^^^^^^^^^^^^^^
..\..\AppData\Local\Programs\Python\Python312\Lib\site-packages\sqlalchemy\ext\asyncio\engine.py:1066: in begin
    async with conn:
               ^^^^
..\..\AppData\Local\Programs\Python\Python312\Lib\site-packages\sqlalchemy\ext\asyncio\base.py:125: in __aenter__
    return await self.start(is_ctxmanager=True)
           ^^^^^^^^^^^^^^^^^^^^^^^^^^^^^^^^^^^^
..\..\AppData\Local\Programs\Python\Python312\Lib\site-packages\sqlalchemy\ext\asyncio\engine.py:270: in start
    await greenlet_spawn(self.sync_engine.connect)
..\..\AppData\Local\Programs\Python\Python312\Lib\site-packages\sqlalchemy\util\_concurrency_py3k.py:189: in greenlet_spawn
    result = context.switch(*args, **kwargs)
             ^^^^^^^^^^^^^^^^^^^^^^^^^^^^^^^
..\..\AppData\Local\Programs\Python\Python312\Lib\site-packages\sqlalchemy\engine\base.py:3269: in connect
    return self._connection_cls(self)
           ^^^^^^^^^^^^^^^^^^^^^^^^^^
..\..\AppData\Local\Programs\Python\Python312\Lib\site-packages\sqlalchemy\engine\base.py:145: in __init__
    self._dbapi_connection = engine.raw_connection()
                             ^^^^^^^^^^^^^^^^^^^^^^^
..\..\AppData\Local\Programs\Python\Python312\Lib\site-packages\sqlalchemy\engine\base.py:3293: in raw_connection
    return self.pool.connect()
           ^^^^^^^^^^^^^^^^^^^
..\..\AppData\Local\Programs\Python\Python312\Lib\site-packages\sqlalchemy\pool\base.py:452: in connect
    return _ConnectionFairy._checkout(self)
           ^^^^^^^^^^^^^^^^^^^^^^^^^^^^^^^^
..\..\AppData\Local\Programs\Python\Python312\Lib\site-packages\sqlalchemy\pool\base.py:1269: in _checkout
    fairy = _ConnectionRecord.checkout(pool)
            ^^^^^^^^^^^^^^^^^^^^^^^^^^^^^^^^
..\..\AppData\Local\Programs\Python\Python312\Lib\site-packages\sqlalchemy\pool\base.py:716: in checkout
    rec = pool._do_get()
          ^^^^^^^^^^^^^^
..\..\AppData\Local\Programs\Python\Python312\Lib\site-packages\sqlalchemy\pool\impl.py:169: in _do_get
    with util.safe_reraise():
         ^^^^^^^^^^^^^^^^^^^
..\..\AppData\Local\Programs\Python\Python312\Lib\site-packages\sqlalchemy\util\langhelpers.py:146: in __exit__
    raise exc_value.with_traceback(exc_tb)
..\..\AppData\Local\Programs\Python\Python312\Lib\site-packages\sqlalchemy\pool\impl.py:167: in _do_get
    return self._create_connection()
           ^^^^^^^^^^^^^^^^^^^^^^^^^
..\..\AppData\Local\Programs\Python\Python312\Lib\site-packages\sqlalchemy\pool\base.py:393: in _create_connection
    return _ConnectionRecord(self)
           ^^^^^^^^^^^^^^^^^^^^^^^
..\..\AppData\Local\Programs\Python\Python312\Lib\site-packages\sqlalchemy\pool\base.py:678: in __init__
    self.__connect()
..\..\AppData\Local\Programs\Python\Python312\Lib\site-packages\sqlalchemy\pool\base.py:902: in __connect
    with util.safe_reraise():
         ^^^^^^^^^^^^^^^^^^^
..\..\AppData\Local\Programs\Python\Python312\Lib\site-packages\sqlalchemy\util\langhelpers.py:146: in __exit__
    raise exc_value.with_traceback(exc_tb)
..\..\AppData\Local\Programs\Python\Python312\Lib\site-packages\sqlalchemy\pool\base.py:898: in __connect
    self.dbapi_connection = connection = pool._invoke_creator(self)
                                         ^^^^^^^^^^^^^^^^^^^^^^^^^^
..\..\AppData\Local\Programs\Python\Python312\Lib\site-packages\sqlalchemy\engine\create.py:645: in connect
    return dialect.connect(*cargs, **cparams)
           ^^^^^^^^^^^^^^^^^^^^^^^^^^^^^^^^^^
..\..\AppData\Local\Programs\Python\Python312\Lib\site-packages\sqlalchemy\engine\default.py:616: in connect
    return self.loaded_dbapi.connect(*cargs, **cparams)
           ^^^^^^^^^^^^^^^^^^^^^^^^^^^^^^^^^^^^^^^^^^^^
..\..\AppData\Local\Programs\Python\Python312\Lib\site-packages\sqlalchemy\dialects\postgresql\asyncpg.py:941: in connect
    await_only(creator_fn(*arg, **kw)),
               ^^^^^^^^^^^^^^^^^^^^^^
E   TypeError: connect() got an unexpected keyword argument 'sslmode'
______________ ERROR at setup of test_list_workspaces_pagination ______________
..\..\AppData\Local\Programs\Python\Python312\Lib\site-packages\pytest_asyncio\plugin.py:458: in setup
    return super().setup()
           ^^^^^^^^^^^^^^^
..\..\AppData\Local\Programs\Python\Python312\Lib\site-packages\pytest_asyncio\plugin.py:313: in _asyncgen_fixture_wrapper
    result = runner.run(setup(), context=context)
             ^^^^^^^^^^^^^^^^^^^^^^^^^^^^^^^^^^^^
..\..\AppData\Local\Programs\Python\Python312\Lib\asyncio\runners.py:118: in run
    return self._loop.run_until_complete(task)
           ^^^^^^^^^^^^^^^^^^^^^^^^^^^^^^^^^^^
..\..\AppData\Local\Programs\Python\Python312\Lib\asyncio\base_events.py:691: in run_until_complete
    return future.result()
           ^^^^^^^^^^^^^^^
..\..\AppData\Local\Programs\Python\Python312\Lib\site-packages\pytest_asyncio\plugin.py:309: in setup
    res = await gen_obj.__anext__()
          ^^^^^^^^^^^^^^^^^^^^^^^^^
tests\conftest.py:48: in test_engine
    async with engine.begin() as conn:
               ^^^^^^^^^^^^^^
..\..\AppData\Local\Programs\Python\Python312\Lib\contextlib.py:210: in __aenter__
    return await anext(self.gen)
           ^^^^^^^^^^^^^^^^^^^^^
..\..\AppData\Local\Programs\Python\Python312\Lib\site-packages\sqlalchemy\ext\asyncio\engine.py:1066: in begin
    async with conn:
               ^^^^
..\..\AppData\Local\Programs\Python\Python312\Lib\site-packages\sqlalchemy\ext\asyncio\base.py:125: in __aenter__
    return await self.start(is_ctxmanager=True)
           ^^^^^^^^^^^^^^^^^^^^^^^^^^^^^^^^^^^^
..\..\AppData\Local\Programs\Python\Python312\Lib\site-packages\sqlalchemy\ext\asyncio\engine.py:270: in start
    await greenlet_spawn(self.sync_engine.connect)
..\..\AppData\Local\Programs\Python\Python312\Lib\site-packages\sqlalchemy\util\_concurrency_py3k.py:189: in greenlet_spawn
    result = context.switch(*args, **kwargs)
             ^^^^^^^^^^^^^^^^^^^^^^^^^^^^^^^
..\..\AppData\Local\Programs\Python\Python312\Lib\site-packages\sqlalchemy\engine\base.py:3269: in connect
    return self._connection_cls(self)
           ^^^^^^^^^^^^^^^^^^^^^^^^^^
..\..\AppData\Local\Programs\Python\Python312\Lib\site-packages\sqlalchemy\engine\base.py:145: in __init__
    self._dbapi_connection = engine.raw_connection()
                             ^^^^^^^^^^^^^^^^^^^^^^^
..\..\AppData\Local\Programs\Python\Python312\Lib\site-packages\sqlalchemy\engine\base.py:3293: in raw_connection
    return self.pool.connect()
           ^^^^^^^^^^^^^^^^^^^
..\..\AppData\Local\Programs\Python\Python312\Lib\site-packages\sqlalchemy\pool\base.py:452: in connect
    return _ConnectionFairy._checkout(self)
           ^^^^^^^^^^^^^^^^^^^^^^^^^^^^^^^^
..\..\AppData\Local\Programs\Python\Python312\Lib\site-packages\sqlalchemy\pool\base.py:1269: in _checkout
    fairy = _ConnectionRecord.checkout(pool)
            ^^^^^^^^^^^^^^^^^^^^^^^^^^^^^^^^
..\..\AppData\Local\Programs\Python\Python312\Lib\site-packages\sqlalchemy\pool\base.py:716: in checkout
    rec = pool._do_get()
          ^^^^^^^^^^^^^^
..\..\AppData\Local\Programs\Python\Python312\Lib\site-packages\sqlalchemy\pool\impl.py:169: in _do_get
    with util.safe_reraise():
         ^^^^^^^^^^^^^^^^^^^
..\..\AppData\Local\Programs\Python\Python312\Lib\site-packages\sqlalchemy\util\langhelpers.py:146: in __exit__
    raise exc_value.with_traceback(exc_tb)
..\..\AppData\Local\Programs\Python\Python312\Lib\site-packages\sqlalchemy\pool\impl.py:167: in _do_get
    return self._create_connection()
           ^^^^^^^^^^^^^^^^^^^^^^^^^
..\..\AppData\Local\Programs\Python\Python312\Lib\site-packages\sqlalchemy\pool\base.py:393: in _create_connection
    return _ConnectionRecord(self)
           ^^^^^^^^^^^^^^^^^^^^^^^
..\..\AppData\Local\Programs\Python\Python312\Lib\site-packages\sqlalchemy\pool\base.py:678: in __init__
    self.__connect()
..\..\AppData\Local\Programs\Python\Python312\Lib\site-packages\sqlalchemy\pool\base.py:902: in __connect
    with util.safe_reraise():
         ^^^^^^^^^^^^^^^^^^^
..\..\AppData\Local\Programs\Python\Python312\Lib\site-packages\sqlalchemy\util\langhelpers.py:146: in __exit__
    raise exc_value.with_traceback(exc_tb)
..\..\AppData\Local\Programs\Python\Python312\Lib\site-packages\sqlalchemy\pool\base.py:898: in __connect
    self.dbapi_connection = connection = pool._invoke_creator(self)
                                         ^^^^^^^^^^^^^^^^^^^^^^^^^^
..\..\AppData\Local\Programs\Python\Python312\Lib\site-packages\sqlalchemy\engine\create.py:645: in connect
    return dialect.connect(*cargs, **cparams)
           ^^^^^^^^^^^^^^^^^^^^^^^^^^^^^^^^^^
..\..\AppData\Local\Programs\Python\Python312\Lib\site-packages\sqlalchemy\engine\default.py:616: in connect
    return self.loaded_dbapi.connect(*cargs, **cparams)
           ^^^^^^^^^^^^^^^^^^^^^^^^^^^^^^^^^^^^^^^^^^^^
..\..\AppData\Local\Programs\Python\Python312\Lib\site-packages\sqlalchemy\dialects\postgresql\asyncpg.py:941: in connect
    await_only(creator_fn(*arg, **kw)),
               ^^^^^^^^^^^^^^^^^^^^^^
E   TypeError: connect() got an unexpected keyword argument 'sslmode'
____________________ ERROR at setup of test_get_workspace _____________________
..\..\AppData\Local\Programs\Python\Python312\Lib\site-packages\pytest_asyncio\plugin.py:458: in setup
    return super().setup()
           ^^^^^^^^^^^^^^^
..\..\AppData\Local\Programs\Python\Python312\Lib\site-packages\pytest_asyncio\plugin.py:313: in _asyncgen_fixture_wrapper
    result = runner.run(setup(), context=context)
             ^^^^^^^^^^^^^^^^^^^^^^^^^^^^^^^^^^^^
..\..\AppData\Local\Programs\Python\Python312\Lib\asyncio\runners.py:118: in run
    return self._loop.run_until_complete(task)
           ^^^^^^^^^^^^^^^^^^^^^^^^^^^^^^^^^^^
..\..\AppData\Local\Programs\Python\Python312\Lib\asyncio\base_events.py:691: in run_until_complete
    return future.result()
           ^^^^^^^^^^^^^^^
..\..\AppData\Local\Programs\Python\Python312\Lib\site-packages\pytest_asyncio\plugin.py:309: in setup
    res = await gen_obj.__anext__()
          ^^^^^^^^^^^^^^^^^^^^^^^^^
tests\conftest.py:48: in test_engine
    async with engine.begin() as conn:
               ^^^^^^^^^^^^^^
..\..\AppData\Local\Programs\Python\Python312\Lib\contextlib.py:210: in __aenter__
    return await anext(self.gen)
           ^^^^^^^^^^^^^^^^^^^^^
..\..\AppData\Local\Programs\Python\Python312\Lib\site-packages\sqlalchemy\ext\asyncio\engine.py:1066: in begin
    async with conn:
               ^^^^
..\..\AppData\Local\Programs\Python\Python312\Lib\site-packages\sqlalchemy\ext\asyncio\base.py:125: in __aenter__
    return await self.start(is_ctxmanager=True)
           ^^^^^^^^^^^^^^^^^^^^^^^^^^^^^^^^^^^^
..\..\AppData\Local\Programs\Python\Python312\Lib\site-packages\sqlalchemy\ext\asyncio\engine.py:270: in start
    await greenlet_spawn(self.sync_engine.connect)
..\..\AppData\Local\Programs\Python\Python312\Lib\site-packages\sqlalchemy\util\_concurrency_py3k.py:189: in greenlet_spawn
    result = context.switch(*args, **kwargs)
             ^^^^^^^^^^^^^^^^^^^^^^^^^^^^^^^
..\..\AppData\Local\Programs\Python\Python312\Lib\site-packages\sqlalchemy\engine\base.py:3269: in connect
    return self._connection_cls(self)
           ^^^^^^^^^^^^^^^^^^^^^^^^^^
..\..\AppData\Local\Programs\Python\Python312\Lib\site-packages\sqlalchemy\engine\base.py:145: in __init__
    self._dbapi_connection = engine.raw_connection()
                             ^^^^^^^^^^^^^^^^^^^^^^^
..\..\AppData\Local\Programs\Python\Python312\Lib\site-packages\sqlalchemy\engine\base.py:3293: in raw_connection
    return self.pool.connect()
           ^^^^^^^^^^^^^^^^^^^
..\..\AppData\Local\Programs\Python\Python312\Lib\site-packages\sqlalchemy\pool\base.py:452: in connect
    return _ConnectionFairy._checkout(self)
           ^^^^^^^^^^^^^^^^^^^^^^^^^^^^^^^^
..\..\AppData\Local\Programs\Python\Python312\Lib\site-packages\sqlalchemy\pool\base.py:1269: in _checkout
    fairy = _ConnectionRecord.checkout(pool)
            ^^^^^^^^^^^^^^^^^^^^^^^^^^^^^^^^
..\..\AppData\Local\Programs\Python\Python312\Lib\site-packages\sqlalchemy\pool\base.py:716: in checkout
    rec = pool._do_get()
          ^^^^^^^^^^^^^^
..\..\AppData\Local\Programs\Python\Python312\Lib\site-packages\sqlalchemy\pool\impl.py:169: in _do_get
    with util.safe_reraise():
         ^^^^^^^^^^^^^^^^^^^
..\..\AppData\Local\Programs\Python\Python312\Lib\site-packages\sqlalchemy\util\langhelpers.py:146: in __exit__
    raise exc_value.with_traceback(exc_tb)
..\..\AppData\Local\Programs\Python\Python312\Lib\site-packages\sqlalchemy\pool\impl.py:167: in _do_get
    return self._create_connection()
           ^^^^^^^^^^^^^^^^^^^^^^^^^
..\..\AppData\Local\Programs\Python\Python312\Lib\site-packages\sqlalchemy\pool\base.py:393: in _create_connection
    return _ConnectionRecord(self)
           ^^^^^^^^^^^^^^^^^^^^^^^
..\..\AppData\Local\Programs\Python\Python312\Lib\site-packages\sqlalchemy\pool\base.py:678: in __init__
    self.__connect()
..\..\AppData\Local\Programs\Python\Python312\Lib\site-packages\sqlalchemy\pool\base.py:902: in __connect
    with util.safe_reraise():
         ^^^^^^^^^^^^^^^^^^^
..\..\AppData\Local\Programs\Python\Python312\Lib\site-packages\sqlalchemy\util\langhelpers.py:146: in __exit__
    raise exc_value.with_traceback(exc_tb)
..\..\AppData\Local\Programs\Python\Python312\Lib\site-packages\sqlalchemy\pool\base.py:898: in __connect
    self.dbapi_connection = connection = pool._invoke_creator(self)
                                         ^^^^^^^^^^^^^^^^^^^^^^^^^^
..\..\AppData\Local\Programs\Python\Python312\Lib\site-packages\sqlalchemy\engine\create.py:645: in connect
    return dialect.connect(*cargs, **cparams)
           ^^^^^^^^^^^^^^^^^^^^^^^^^^^^^^^^^^
..\..\AppData\Local\Programs\Python\Python312\Lib\site-packages\sqlalchemy\engine\default.py:616: in connect
    return self.loaded_dbapi.connect(*cargs, **cparams)
           ^^^^^^^^^^^^^^^^^^^^^^^^^^^^^^^^^^^^^^^^^^^^
..\..\AppData\Local\Programs\Python\Python312\Lib\site-packages\sqlalchemy\dialects\postgresql\asyncpg.py:941: in connect
    await_only(creator_fn(*arg, **kw)),
               ^^^^^^^^^^^^^^^^^^^^^^
E   TypeError: connect() got an unexpected keyword argument 'sslmode'
_______________ ERROR at setup of test_get_workspace_not_found ________________
..\..\AppData\Local\Programs\Python\Python312\Lib\site-packages\pytest_asyncio\plugin.py:458: in setup
    return super().setup()
           ^^^^^^^^^^^^^^^
..\..\AppData\Local\Programs\Python\Python312\Lib\site-packages\pytest_asyncio\plugin.py:313: in _asyncgen_fixture_wrapper
    result = runner.run(setup(), context=context)
             ^^^^^^^^^^^^^^^^^^^^^^^^^^^^^^^^^^^^
..\..\AppData\Local\Programs\Python\Python312\Lib\asyncio\runners.py:118: in run
    return self._loop.run_until_complete(task)
           ^^^^^^^^^^^^^^^^^^^^^^^^^^^^^^^^^^^
..\..\AppData\Local\Programs\Python\Python312\Lib\asyncio\base_events.py:691: in run_until_complete
    return future.result()
           ^^^^^^^^^^^^^^^
..\..\AppData\Local\Programs\Python\Python312\Lib\site-packages\pytest_asyncio\plugin.py:309: in setup
    res = await gen_obj.__anext__()
          ^^^^^^^^^^^^^^^^^^^^^^^^^
tests\conftest.py:48: in test_engine
    async with engine.begin() as conn:
               ^^^^^^^^^^^^^^
..\..\AppData\Local\Programs\Python\Python312\Lib\contextlib.py:210: in __aenter__
    return await anext(self.gen)
           ^^^^^^^^^^^^^^^^^^^^^
..\..\AppData\Local\Programs\Python\Python312\Lib\site-packages\sqlalchemy\ext\asyncio\engine.py:1066: in begin
    async with conn:
               ^^^^
..\..\AppData\Local\Programs\Python\Python312\Lib\site-packages\sqlalchemy\ext\asyncio\base.py:125: in __aenter__
    return await self.start(is_ctxmanager=True)
           ^^^^^^^^^^^^^^^^^^^^^^^^^^^^^^^^^^^^
..\..\AppData\Local\Programs\Python\Python312\Lib\site-packages\sqlalchemy\ext\asyncio\engine.py:270: in start
    await greenlet_spawn(self.sync_engine.connect)
..\..\AppData\Local\Programs\Python\Python312\Lib\site-packages\sqlalchemy\util\_concurrency_py3k.py:189: in greenlet_spawn
    result = context.switch(*args, **kwargs)
             ^^^^^^^^^^^^^^^^^^^^^^^^^^^^^^^
..\..\AppData\Local\Programs\Python\Python312\Lib\site-packages\sqlalchemy\engine\base.py:3269: in connect
    return self._connection_cls(self)
           ^^^^^^^^^^^^^^^^^^^^^^^^^^
..\..\AppData\Local\Programs\Python\Python312\Lib\site-packages\sqlalchemy\engine\base.py:145: in __init__
    self._dbapi_connection = engine.raw_connection()
                             ^^^^^^^^^^^^^^^^^^^^^^^
..\..\AppData\Local\Programs\Python\Python312\Lib\site-packages\sqlalchemy\engine\base.py:3293: in raw_connection
    return self.pool.connect()
           ^^^^^^^^^^^^^^^^^^^
..\..\AppData\Local\Programs\Python\Python312\Lib\site-packages\sqlalchemy\pool\base.py:452: in connect
    return _ConnectionFairy._checkout(self)
           ^^^^^^^^^^^^^^^^^^^^^^^^^^^^^^^^
..\..\AppData\Local\Programs\Python\Python312\Lib\site-packages\sqlalchemy\pool\base.py:1269: in _checkout
    fairy = _ConnectionRecord.checkout(pool)
            ^^^^^^^^^^^^^^^^^^^^^^^^^^^^^^^^
..\..\AppData\Local\Programs\Python\Python312\Lib\site-packages\sqlalchemy\pool\base.py:716: in checkout
    rec = pool._do_get()
          ^^^^^^^^^^^^^^
..\..\AppData\Local\Programs\Python\Python312\Lib\site-packages\sqlalchemy\pool\impl.py:169: in _do_get
    with util.safe_reraise():
         ^^^^^^^^^^^^^^^^^^^
..\..\AppData\Local\Programs\Python\Python312\Lib\site-packages\sqlalchemy\util\langhelpers.py:146: in __exit__
    raise exc_value.with_traceback(exc_tb)
..\..\AppData\Local\Programs\Python\Python312\Lib\site-packages\sqlalchemy\pool\impl.py:167: in _do_get
    return self._create_connection()
           ^^^^^^^^^^^^^^^^^^^^^^^^^
..\..\AppData\Local\Programs\Python\Python312\Lib\site-packages\sqlalchemy\pool\base.py:393: in _create_connection
    return _ConnectionRecord(self)
           ^^^^^^^^^^^^^^^^^^^^^^^
..\..\AppData\Local\Programs\Python\Python312\Lib\site-packages\sqlalchemy\pool\base.py:678: in __init__
    self.__connect()
..\..\AppData\Local\Programs\Python\Python312\Lib\site-packages\sqlalchemy\pool\base.py:902: in __connect
    with util.safe_reraise():
         ^^^^^^^^^^^^^^^^^^^
..\..\AppData\Local\Programs\Python\Python312\Lib\site-packages\sqlalchemy\util\langhelpers.py:146: in __exit__
    raise exc_value.with_traceback(exc_tb)
..\..\AppData\Local\Programs\Python\Python312\Lib\site-packages\sqlalchemy\pool\base.py:898: in __connect
    self.dbapi_connection = connection = pool._invoke_creator(self)
                                         ^^^^^^^^^^^^^^^^^^^^^^^^^^
..\..\AppData\Local\Programs\Python\Python312\Lib\site-packages\sqlalchemy\engine\create.py:645: in connect
    return dialect.connect(*cargs, **cparams)
           ^^^^^^^^^^^^^^^^^^^^^^^^^^^^^^^^^^
..\..\AppData\Local\Programs\Python\Python312\Lib\site-packages\sqlalchemy\engine\default.py:616: in connect
    return self.loaded_dbapi.connect(*cargs, **cparams)
           ^^^^^^^^^^^^^^^^^^^^^^^^^^^^^^^^^^^^^^^^^^^^
..\..\AppData\Local\Programs\Python\Python312\Lib\site-packages\sqlalchemy\dialects\postgresql\asyncpg.py:941: in connect
    await_only(creator_fn(*arg, **kw)),
               ^^^^^^^^^^^^^^^^^^^^^^
E   TypeError: connect() got an unexpected keyword argument 'sslmode'
_______________ ERROR at setup of test_get_workspace_invalid_id _______________
..\..\AppData\Local\Programs\Python\Python312\Lib\site-packages\pytest_asyncio\plugin.py:458: in setup
    return super().setup()
           ^^^^^^^^^^^^^^^
..\..\AppData\Local\Programs\Python\Python312\Lib\site-packages\pytest_asyncio\plugin.py:313: in _asyncgen_fixture_wrapper
    result = runner.run(setup(), context=context)
             ^^^^^^^^^^^^^^^^^^^^^^^^^^^^^^^^^^^^
..\..\AppData\Local\Programs\Python\Python312\Lib\asyncio\runners.py:118: in run
    return self._loop.run_until_complete(task)
           ^^^^^^^^^^^^^^^^^^^^^^^^^^^^^^^^^^^
..\..\AppData\Local\Programs\Python\Python312\Lib\asyncio\base_events.py:691: in run_until_complete
    return future.result()
           ^^^^^^^^^^^^^^^
..\..\AppData\Local\Programs\Python\Python312\Lib\site-packages\pytest_asyncio\plugin.py:309: in setup
    res = await gen_obj.__anext__()
          ^^^^^^^^^^^^^^^^^^^^^^^^^
tests\conftest.py:48: in test_engine
    async with engine.begin() as conn:
               ^^^^^^^^^^^^^^
..\..\AppData\Local\Programs\Python\Python312\Lib\contextlib.py:210: in __aenter__
    return await anext(self.gen)
           ^^^^^^^^^^^^^^^^^^^^^
..\..\AppData\Local\Programs\Python\Python312\Lib\site-packages\sqlalchemy\ext\asyncio\engine.py:1066: in begin
    async with conn:
               ^^^^
..\..\AppData\Local\Programs\Python\Python312\Lib\site-packages\sqlalchemy\ext\asyncio\base.py:125: in __aenter__
    return await self.start(is_ctxmanager=True)
           ^^^^^^^^^^^^^^^^^^^^^^^^^^^^^^^^^^^^
..\..\AppData\Local\Programs\Python\Python312\Lib\site-packages\sqlalchemy\ext\asyncio\engine.py:270: in start
    await greenlet_spawn(self.sync_engine.connect)
..\..\AppData\Local\Programs\Python\Python312\Lib\site-packages\sqlalchemy\util\_concurrency_py3k.py:189: in greenlet_spawn
    result = context.switch(*args, **kwargs)
             ^^^^^^^^^^^^^^^^^^^^^^^^^^^^^^^
..\..\AppData\Local\Programs\Python\Python312\Lib\site-packages\sqlalchemy\engine\base.py:3269: in connect
    return self._connection_cls(self)
           ^^^^^^^^^^^^^^^^^^^^^^^^^^
..\..\AppData\Local\Programs\Python\Python312\Lib\site-packages\sqlalchemy\engine\base.py:145: in __init__
    self._dbapi_connection = engine.raw_connection()
                             ^^^^^^^^^^^^^^^^^^^^^^^
..\..\AppData\Local\Programs\Python\Python312\Lib\site-packages\sqlalchemy\engine\base.py:3293: in raw_connection
    return self.pool.connect()
           ^^^^^^^^^^^^^^^^^^^
..\..\AppData\Local\Programs\Python\Python312\Lib\site-packages\sqlalchemy\pool\base.py:452: in connect
    return _ConnectionFairy._checkout(self)
           ^^^^^^^^^^^^^^^^^^^^^^^^^^^^^^^^
..\..\AppData\Local\Programs\Python\Python312\Lib\site-packages\sqlalchemy\pool\base.py:1269: in _checkout
    fairy = _ConnectionRecord.checkout(pool)
            ^^^^^^^^^^^^^^^^^^^^^^^^^^^^^^^^
..\..\AppData\Local\Programs\Python\Python312\Lib\site-packages\sqlalchemy\pool\base.py:716: in checkout
    rec = pool._do_get()
          ^^^^^^^^^^^^^^
..\..\AppData\Local\Programs\Python\Python312\Lib\site-packages\sqlalchemy\pool\impl.py:169: in _do_get
    with util.safe_reraise():
         ^^^^^^^^^^^^^^^^^^^
..\..\AppData\Local\Programs\Python\Python312\Lib\site-packages\sqlalchemy\util\langhelpers.py:146: in __exit__
    raise exc_value.with_traceback(exc_tb)
..\..\AppData\Local\Programs\Python\Python312\Lib\site-packages\sqlalchemy\pool\impl.py:167: in _do_get
    return self._create_connection()
           ^^^^^^^^^^^^^^^^^^^^^^^^^
..\..\AppData\Local\Programs\Python\Python312\Lib\site-packages\sqlalchemy\pool\base.py:393: in _create_connection
    return _ConnectionRecord(self)
           ^^^^^^^^^^^^^^^^^^^^^^^
..\..\AppData\Local\Programs\Python\Python312\Lib\site-packages\sqlalchemy\pool\base.py:678: in __init__
    self.__connect()
..\..\AppData\Local\Programs\Python\Python312\Lib\site-packages\sqlalchemy\pool\base.py:902: in __connect
    with util.safe_reraise():
         ^^^^^^^^^^^^^^^^^^^
..\..\AppData\Local\Programs\Python\Python312\Lib\site-packages\sqlalchemy\util\langhelpers.py:146: in __exit__
    raise exc_value.with_traceback(exc_tb)
..\..\AppData\Local\Programs\Python\Python312\Lib\site-packages\sqlalchemy\pool\base.py:898: in __connect
    self.dbapi_connection = connection = pool._invoke_creator(self)
                                         ^^^^^^^^^^^^^^^^^^^^^^^^^^
..\..\AppData\Local\Programs\Python\Python312\Lib\site-packages\sqlalchemy\engine\create.py:645: in connect
    return dialect.connect(*cargs, **cparams)
           ^^^^^^^^^^^^^^^^^^^^^^^^^^^^^^^^^^
..\..\AppData\Local\Programs\Python\Python312\Lib\site-packages\sqlalchemy\engine\default.py:616: in connect
    return self.loaded_dbapi.connect(*cargs, **cparams)
           ^^^^^^^^^^^^^^^^^^^^^^^^^^^^^^^^^^^^^^^^^^^^
..\..\AppData\Local\Programs\Python\Python312\Lib\site-packages\sqlalchemy\dialects\postgresql\asyncpg.py:941: in connect
    await_only(creator_fn(*arg, **kw)),
               ^^^^^^^^^^^^^^^^^^^^^^
E   TypeError: connect() got an unexpected keyword argument 'sslmode'
___________________ ERROR at setup of test_update_workspace ___________________
..\..\AppData\Local\Programs\Python\Python312\Lib\site-packages\pytest_asyncio\plugin.py:458: in setup
    return super().setup()
           ^^^^^^^^^^^^^^^
..\..\AppData\Local\Programs\Python\Python312\Lib\site-packages\pytest_asyncio\plugin.py:313: in _asyncgen_fixture_wrapper
    result = runner.run(setup(), context=context)
             ^^^^^^^^^^^^^^^^^^^^^^^^^^^^^^^^^^^^
..\..\AppData\Local\Programs\Python\Python312\Lib\asyncio\runners.py:118: in run
    return self._loop.run_until_complete(task)
           ^^^^^^^^^^^^^^^^^^^^^^^^^^^^^^^^^^^
..\..\AppData\Local\Programs\Python\Python312\Lib\asyncio\base_events.py:691: in run_until_complete
    return future.result()
           ^^^^^^^^^^^^^^^
..\..\AppData\Local\Programs\Python\Python312\Lib\site-packages\pytest_asyncio\plugin.py:309: in setup
    res = await gen_obj.__anext__()
          ^^^^^^^^^^^^^^^^^^^^^^^^^
tests\conftest.py:48: in test_engine
    async with engine.begin() as conn:
               ^^^^^^^^^^^^^^
..\..\AppData\Local\Programs\Python\Python312\Lib\contextlib.py:210: in __aenter__
    return await anext(self.gen)
           ^^^^^^^^^^^^^^^^^^^^^
..\..\AppData\Local\Programs\Python\Python312\Lib\site-packages\sqlalchemy\ext\asyncio\engine.py:1066: in begin
    async with conn:
               ^^^^
..\..\AppData\Local\Programs\Python\Python312\Lib\site-packages\sqlalchemy\ext\asyncio\base.py:125: in __aenter__
    return await self.start(is_ctxmanager=True)
           ^^^^^^^^^^^^^^^^^^^^^^^^^^^^^^^^^^^^
..\..\AppData\Local\Programs\Python\Python312\Lib\site-packages\sqlalchemy\ext\asyncio\engine.py:270: in start
    await greenlet_spawn(self.sync_engine.connect)
..\..\AppData\Local\Programs\Python\Python312\Lib\site-packages\sqlalchemy\util\_concurrency_py3k.py:189: in greenlet_spawn
    result = context.switch(*args, **kwargs)
             ^^^^^^^^^^^^^^^^^^^^^^^^^^^^^^^
..\..\AppData\Local\Programs\Python\Python312\Lib\site-packages\sqlalchemy\engine\base.py:3269: in connect
    return self._connection_cls(self)
           ^^^^^^^^^^^^^^^^^^^^^^^^^^
..\..\AppData\Local\Programs\Python\Python312\Lib\site-packages\sqlalchemy\engine\base.py:145: in __init__
    self._dbapi_connection = engine.raw_connection()
                             ^^^^^^^^^^^^^^^^^^^^^^^
..\..\AppData\Local\Programs\Python\Python312\Lib\site-packages\sqlalchemy\engine\base.py:3293: in raw_connection
    return self.pool.connect()
           ^^^^^^^^^^^^^^^^^^^
..\..\AppData\Local\Programs\Python\Python312\Lib\site-packages\sqlalchemy\pool\base.py:452: in connect
    return _ConnectionFairy._checkout(self)
           ^^^^^^^^^^^^^^^^^^^^^^^^^^^^^^^^
..\..\AppData\Local\Programs\Python\Python312\Lib\site-packages\sqlalchemy\pool\base.py:1269: in _checkout
    fairy = _ConnectionRecord.checkout(pool)
            ^^^^^^^^^^^^^^^^^^^^^^^^^^^^^^^^
..\..\AppData\Local\Programs\Python\Python312\Lib\site-packages\sqlalchemy\pool\base.py:716: in checkout
    rec = pool._do_get()
          ^^^^^^^^^^^^^^
..\..\AppData\Local\Programs\Python\Python312\Lib\site-packages\sqlalchemy\pool\impl.py:169: in _do_get
    with util.safe_reraise():
         ^^^^^^^^^^^^^^^^^^^
..\..\AppData\Local\Programs\Python\Python312\Lib\site-packages\sqlalchemy\util\langhelpers.py:146: in __exit__
    raise exc_value.with_traceback(exc_tb)
..\..\AppData\Local\Programs\Python\Python312\Lib\site-packages\sqlalchemy\pool\impl.py:167: in _do_get
    return self._create_connection()
           ^^^^^^^^^^^^^^^^^^^^^^^^^
..\..\AppData\Local\Programs\Python\Python312\Lib\site-packages\sqlalchemy\pool\base.py:393: in _create_connection
    return _ConnectionRecord(self)
           ^^^^^^^^^^^^^^^^^^^^^^^
..\..\AppData\Local\Programs\Python\Python312\Lib\site-packages\sqlalchemy\pool\base.py:678: in __init__
    self.__connect()
..\..\AppData\Local\Programs\Python\Python312\Lib\site-packages\sqlalchemy\pool\base.py:902: in __connect
    with util.safe_reraise():
         ^^^^^^^^^^^^^^^^^^^
..\..\AppData\Local\Programs\Python\Python312\Lib\site-packages\sqlalchemy\util\langhelpers.py:146: in __exit__
    raise exc_value.with_traceback(exc_tb)
..\..\AppData\Local\Programs\Python\Python312\Lib\site-packages\sqlalchemy\pool\base.py:898: in __connect
    self.dbapi_connection = connection = pool._invoke_creator(self)
                                         ^^^^^^^^^^^^^^^^^^^^^^^^^^
..\..\AppData\Local\Programs\Python\Python312\Lib\site-packages\sqlalchemy\engine\create.py:645: in connect
    return dialect.connect(*cargs, **cparams)
           ^^^^^^^^^^^^^^^^^^^^^^^^^^^^^^^^^^
..\..\AppData\Local\Programs\Python\Python312\Lib\site-packages\sqlalchemy\engine\default.py:616: in connect
    return self.loaded_dbapi.connect(*cargs, **cparams)
           ^^^^^^^^^^^^^^^^^^^^^^^^^^^^^^^^^^^^^^^^^^^^
..\..\AppData\Local\Programs\Python\Python312\Lib\site-packages\sqlalchemy\dialects\postgresql\asyncpg.py:941: in connect
    await_only(creator_fn(*arg, **kw)),
               ^^^^^^^^^^^^^^^^^^^^^^
E   TypeError: connect() got an unexpected keyword argument 'sslmode'
_____________ ERROR at setup of test_update_workspace_non_member ______________
..\..\AppData\Local\Programs\Python\Python312\Lib\site-packages\pytest_asyncio\plugin.py:458: in setup
    return super().setup()
           ^^^^^^^^^^^^^^^
..\..\AppData\Local\Programs\Python\Python312\Lib\site-packages\pytest_asyncio\plugin.py:313: in _asyncgen_fixture_wrapper
    result = runner.run(setup(), context=context)
             ^^^^^^^^^^^^^^^^^^^^^^^^^^^^^^^^^^^^
..\..\AppData\Local\Programs\Python\Python312\Lib\asyncio\runners.py:118: in run
    return self._loop.run_until_complete(task)
           ^^^^^^^^^^^^^^^^^^^^^^^^^^^^^^^^^^^
..\..\AppData\Local\Programs\Python\Python312\Lib\asyncio\base_events.py:691: in run_until_complete
    return future.result()
           ^^^^^^^^^^^^^^^
..\..\AppData\Local\Programs\Python\Python312\Lib\site-packages\pytest_asyncio\plugin.py:309: in setup
    res = await gen_obj.__anext__()
          ^^^^^^^^^^^^^^^^^^^^^^^^^
tests\conftest.py:48: in test_engine
    async with engine.begin() as conn:
               ^^^^^^^^^^^^^^
..\..\AppData\Local\Programs\Python\Python312\Lib\contextlib.py:210: in __aenter__
    return await anext(self.gen)
           ^^^^^^^^^^^^^^^^^^^^^
..\..\AppData\Local\Programs\Python\Python312\Lib\site-packages\sqlalchemy\ext\asyncio\engine.py:1066: in begin
    async with conn:
               ^^^^
..\..\AppData\Local\Programs\Python\Python312\Lib\site-packages\sqlalchemy\ext\asyncio\base.py:125: in __aenter__
    return await self.start(is_ctxmanager=True)
           ^^^^^^^^^^^^^^^^^^^^^^^^^^^^^^^^^^^^
..\..\AppData\Local\Programs\Python\Python312\Lib\site-packages\sqlalchemy\ext\asyncio\engine.py:270: in start
    await greenlet_spawn(self.sync_engine.connect)
..\..\AppData\Local\Programs\Python\Python312\Lib\site-packages\sqlalchemy\util\_concurrency_py3k.py:189: in greenlet_spawn
    result = context.switch(*args, **kwargs)
             ^^^^^^^^^^^^^^^^^^^^^^^^^^^^^^^
..\..\AppData\Local\Programs\Python\Python312\Lib\site-packages\sqlalchemy\engine\base.py:3269: in connect
    return self._connection_cls(self)
           ^^^^^^^^^^^^^^^^^^^^^^^^^^
..\..\AppData\Local\Programs\Python\Python312\Lib\site-packages\sqlalchemy\engine\base.py:145: in __init__
    self._dbapi_connection = engine.raw_connection()
                             ^^^^^^^^^^^^^^^^^^^^^^^
..\..\AppData\Local\Programs\Python\Python312\Lib\site-packages\sqlalchemy\engine\base.py:3293: in raw_connection
    return self.pool.connect()
           ^^^^^^^^^^^^^^^^^^^
..\..\AppData\Local\Programs\Python\Python312\Lib\site-packages\sqlalchemy\pool\base.py:452: in connect
    return _ConnectionFairy._checkout(self)
           ^^^^^^^^^^^^^^^^^^^^^^^^^^^^^^^^
..\..\AppData\Local\Programs\Python\Python312\Lib\site-packages\sqlalchemy\pool\base.py:1269: in _checkout
    fairy = _ConnectionRecord.checkout(pool)
            ^^^^^^^^^^^^^^^^^^^^^^^^^^^^^^^^
..\..\AppData\Local\Programs\Python\Python312\Lib\site-packages\sqlalchemy\pool\base.py:716: in checkout
    rec = pool._do_get()
          ^^^^^^^^^^^^^^
..\..\AppData\Local\Programs\Python\Python312\Lib\site-packages\sqlalchemy\pool\impl.py:169: in _do_get
    with util.safe_reraise():
         ^^^^^^^^^^^^^^^^^^^
..\..\AppData\Local\Programs\Python\Python312\Lib\site-packages\sqlalchemy\util\langhelpers.py:146: in __exit__
    raise exc_value.with_traceback(exc_tb)
..\..\AppData\Local\Programs\Python\Python312\Lib\site-packages\sqlalchemy\pool\impl.py:167: in _do_get
    return self._create_connection()
           ^^^^^^^^^^^^^^^^^^^^^^^^^
..\..\AppData\Local\Programs\Python\Python312\Lib\site-packages\sqlalchemy\pool\base.py:393: in _create_connection
    return _ConnectionRecord(self)
           ^^^^^^^^^^^^^^^^^^^^^^^
..\..\AppData\Local\Programs\Python\Python312\Lib\site-packages\sqlalchemy\pool\base.py:678: in __init__
    self.__connect()
..\..\AppData\Local\Programs\Python\Python312\Lib\site-packages\sqlalchemy\pool\base.py:902: in __connect
    with util.safe_reraise():
         ^^^^^^^^^^^^^^^^^^^
..\..\AppData\Local\Programs\Python\Python312\Lib\site-packages\sqlalchemy\util\langhelpers.py:146: in __exit__
    raise exc_value.with_traceback(exc_tb)
..\..\AppData\Local\Programs\Python\Python312\Lib\site-packages\sqlalchemy\pool\base.py:898: in __connect
    self.dbapi_connection = connection = pool._invoke_creator(self)
                                         ^^^^^^^^^^^^^^^^^^^^^^^^^^
..\..\AppData\Local\Programs\Python\Python312\Lib\site-packages\sqlalchemy\engine\create.py:645: in connect
    return dialect.connect(*cargs, **cparams)
           ^^^^^^^^^^^^^^^^^^^^^^^^^^^^^^^^^^
..\..\AppData\Local\Programs\Python\Python312\Lib\site-packages\sqlalchemy\engine\default.py:616: in connect
    return self.loaded_dbapi.connect(*cargs, **cparams)
           ^^^^^^^^^^^^^^^^^^^^^^^^^^^^^^^^^^^^^^^^^^^^
..\..\AppData\Local\Programs\Python\Python312\Lib\site-packages\sqlalchemy\dialects\postgresql\asyncpg.py:941: in connect
    await_only(creator_fn(*arg, **kw)),
               ^^^^^^^^^^^^^^^^^^^^^^
E   TypeError: connect() got an unexpected keyword argument 'sslmode'
___________________ ERROR at setup of test_delete_workspace ___________________
..\..\AppData\Local\Programs\Python\Python312\Lib\site-packages\pytest_asyncio\plugin.py:458: in setup
    return super().setup()
           ^^^^^^^^^^^^^^^
..\..\AppData\Local\Programs\Python\Python312\Lib\site-packages\pytest_asyncio\plugin.py:313: in _asyncgen_fixture_wrapper
    result = runner.run(setup(), context=context)
             ^^^^^^^^^^^^^^^^^^^^^^^^^^^^^^^^^^^^
..\..\AppData\Local\Programs\Python\Python312\Lib\asyncio\runners.py:118: in run
    return self._loop.run_until_complete(task)
           ^^^^^^^^^^^^^^^^^^^^^^^^^^^^^^^^^^^
..\..\AppData\Local\Programs\Python\Python312\Lib\asyncio\base_events.py:691: in run_until_complete
    return future.result()
           ^^^^^^^^^^^^^^^
..\..\AppData\Local\Programs\Python\Python312\Lib\site-packages\pytest_asyncio\plugin.py:309: in setup
    res = await gen_obj.__anext__()
          ^^^^^^^^^^^^^^^^^^^^^^^^^
tests\conftest.py:48: in test_engine
    async with engine.begin() as conn:
               ^^^^^^^^^^^^^^
..\..\AppData\Local\Programs\Python\Python312\Lib\contextlib.py:210: in __aenter__
    return await anext(self.gen)
           ^^^^^^^^^^^^^^^^^^^^^
..\..\AppData\Local\Programs\Python\Python312\Lib\site-packages\sqlalchemy\ext\asyncio\engine.py:1066: in begin
    async with conn:
               ^^^^
..\..\AppData\Local\Programs\Python\Python312\Lib\site-packages\sqlalchemy\ext\asyncio\base.py:125: in __aenter__
    return await self.start(is_ctxmanager=True)
           ^^^^^^^^^^^^^^^^^^^^^^^^^^^^^^^^^^^^
..\..\AppData\Local\Programs\Python\Python312\Lib\site-packages\sqlalchemy\ext\asyncio\engine.py:270: in start
    await greenlet_spawn(self.sync_engine.connect)
..\..\AppData\Local\Programs\Python\Python312\Lib\site-packages\sqlalchemy\util\_concurrency_py3k.py:189: in greenlet_spawn
    result = context.switch(*args, **kwargs)
             ^^^^^^^^^^^^^^^^^^^^^^^^^^^^^^^
..\..\AppData\Local\Programs\Python\Python312\Lib\site-packages\sqlalchemy\engine\base.py:3269: in connect
    return self._connection_cls(self)
           ^^^^^^^^^^^^^^^^^^^^^^^^^^
..\..\AppData\Local\Programs\Python\Python312\Lib\site-packages\sqlalchemy\engine\base.py:145: in __init__
    self._dbapi_connection = engine.raw_connection()
                             ^^^^^^^^^^^^^^^^^^^^^^^
..\..\AppData\Local\Programs\Python\Python312\Lib\site-packages\sqlalchemy\engine\base.py:3293: in raw_connection
    return self.pool.connect()
           ^^^^^^^^^^^^^^^^^^^
..\..\AppData\Local\Programs\Python\Python312\Lib\site-packages\sqlalchemy\pool\base.py:452: in connect
    return _ConnectionFairy._checkout(self)
           ^^^^^^^^^^^^^^^^^^^^^^^^^^^^^^^^
..\..\AppData\Local\Programs\Python\Python312\Lib\site-packages\sqlalchemy\pool\base.py:1269: in _checkout
    fairy = _ConnectionRecord.checkout(pool)
            ^^^^^^^^^^^^^^^^^^^^^^^^^^^^^^^^
..\..\AppData\Local\Programs\Python\Python312\Lib\site-packages\sqlalchemy\pool\base.py:716: in checkout
    rec = pool._do_get()
          ^^^^^^^^^^^^^^
..\..\AppData\Local\Programs\Python\Python312\Lib\site-packages\sqlalchemy\pool\impl.py:169: in _do_get
    with util.safe_reraise():
         ^^^^^^^^^^^^^^^^^^^
..\..\AppData\Local\Programs\Python\Python312\Lib\site-packages\sqlalchemy\util\langhelpers.py:146: in __exit__
    raise exc_value.with_traceback(exc_tb)
..\..\AppData\Local\Programs\Python\Python312\Lib\site-packages\sqlalchemy\pool\impl.py:167: in _do_get
    return self._create_connection()
           ^^^^^^^^^^^^^^^^^^^^^^^^^
..\..\AppData\Local\Programs\Python\Python312\Lib\site-packages\sqlalchemy\pool\base.py:393: in _create_connection
    return _ConnectionRecord(self)
           ^^^^^^^^^^^^^^^^^^^^^^^
..\..\AppData\Local\Programs\Python\Python312\Lib\site-packages\sqlalchemy\pool\base.py:678: in __init__
    self.__connect()
..\..\AppData\Local\Programs\Python\Python312\Lib\site-packages\sqlalchemy\pool\base.py:902: in __connect
    with util.safe_reraise():
         ^^^^^^^^^^^^^^^^^^^
..\..\AppData\Local\Programs\Python\Python312\Lib\site-packages\sqlalchemy\util\langhelpers.py:146: in __exit__
    raise exc_value.with_traceback(exc_tb)
..\..\AppData\Local\Programs\Python\Python312\Lib\site-packages\sqlalchemy\pool\base.py:898: in __connect
    self.dbapi_connection = connection = pool._invoke_creator(self)
                                         ^^^^^^^^^^^^^^^^^^^^^^^^^^
..\..\AppData\Local\Programs\Python\Python312\Lib\site-packages\sqlalchemy\engine\create.py:645: in connect
    return dialect.connect(*cargs, **cparams)
           ^^^^^^^^^^^^^^^^^^^^^^^^^^^^^^^^^^
..\..\AppData\Local\Programs\Python\Python312\Lib\site-packages\sqlalchemy\engine\default.py:616: in connect
    return self.loaded_dbapi.connect(*cargs, **cparams)
           ^^^^^^^^^^^^^^^^^^^^^^^^^^^^^^^^^^^^^^^^^^^^
..\..\AppData\Local\Programs\Python\Python312\Lib\site-packages\sqlalchemy\dialects\postgresql\asyncpg.py:941: in connect
    await_only(creator_fn(*arg, **kw)),
               ^^^^^^^^^^^^^^^^^^^^^^
E   TypeError: connect() got an unexpected keyword argument 'sslmode'
______________ ERROR at setup of test_delete_workspace_non_owner ______________
..\..\AppData\Local\Programs\Python\Python312\Lib\site-packages\pytest_asyncio\plugin.py:458: in setup
    return super().setup()
           ^^^^^^^^^^^^^^^
..\..\AppData\Local\Programs\Python\Python312\Lib\site-packages\pytest_asyncio\plugin.py:313: in _asyncgen_fixture_wrapper
    result = runner.run(setup(), context=context)
             ^^^^^^^^^^^^^^^^^^^^^^^^^^^^^^^^^^^^
..\..\AppData\Local\Programs\Python\Python312\Lib\asyncio\runners.py:118: in run
    return self._loop.run_until_complete(task)
           ^^^^^^^^^^^^^^^^^^^^^^^^^^^^^^^^^^^
..\..\AppData\Local\Programs\Python\Python312\Lib\asyncio\base_events.py:691: in run_until_complete
    return future.result()
           ^^^^^^^^^^^^^^^
..\..\AppData\Local\Programs\Python\Python312\Lib\site-packages\pytest_asyncio\plugin.py:309: in setup
    res = await gen_obj.__anext__()
          ^^^^^^^^^^^^^^^^^^^^^^^^^
tests\conftest.py:48: in test_engine
    async with engine.begin() as conn:
               ^^^^^^^^^^^^^^
..\..\AppData\Local\Programs\Python\Python312\Lib\contextlib.py:210: in __aenter__
    return await anext(self.gen)
           ^^^^^^^^^^^^^^^^^^^^^
..\..\AppData\Local\Programs\Python\Python312\Lib\site-packages\sqlalchemy\ext\asyncio\engine.py:1066: in begin
    async with conn:
               ^^^^
..\..\AppData\Local\Programs\Python\Python312\Lib\site-packages\sqlalchemy\ext\asyncio\base.py:125: in __aenter__
    return await self.start(is_ctxmanager=True)
           ^^^^^^^^^^^^^^^^^^^^^^^^^^^^^^^^^^^^
..\..\AppData\Local\Programs\Python\Python312\Lib\site-packages\sqlalchemy\ext\asyncio\engine.py:270: in start
    await greenlet_spawn(self.sync_engine.connect)
..\..\AppData\Local\Programs\Python\Python312\Lib\site-packages\sqlalchemy\util\_concurrency_py3k.py:189: in greenlet_spawn
    result = context.switch(*args, **kwargs)
             ^^^^^^^^^^^^^^^^^^^^^^^^^^^^^^^
..\..\AppData\Local\Programs\Python\Python312\Lib\site-packages\sqlalchemy\engine\base.py:3269: in connect
    return self._connection_cls(self)
           ^^^^^^^^^^^^^^^^^^^^^^^^^^
..\..\AppData\Local\Programs\Python\Python312\Lib\site-packages\sqlalchemy\engine\base.py:145: in __init__
    self._dbapi_connection = engine.raw_connection()
                             ^^^^^^^^^^^^^^^^^^^^^^^
..\..\AppData\Local\Programs\Python\Python312\Lib\site-packages\sqlalchemy\engine\base.py:3293: in raw_connection
    return self.pool.connect()
           ^^^^^^^^^^^^^^^^^^^
..\..\AppData\Local\Programs\Python\Python312\Lib\site-packages\sqlalchemy\pool\base.py:452: in connect
    return _ConnectionFairy._checkout(self)
           ^^^^^^^^^^^^^^^^^^^^^^^^^^^^^^^^
..\..\AppData\Local\Programs\Python\Python312\Lib\site-packages\sqlalchemy\pool\base.py:1269: in _checkout
    fairy = _ConnectionRecord.checkout(pool)
            ^^^^^^^^^^^^^^^^^^^^^^^^^^^^^^^^
..\..\AppData\Local\Programs\Python\Python312\Lib\site-packages\sqlalchemy\pool\base.py:716: in checkout
    rec = pool._do_get()
          ^^^^^^^^^^^^^^
..\..\AppData\Local\Programs\Python\Python312\Lib\site-packages\sqlalchemy\pool\impl.py:169: in _do_get
    with util.safe_reraise():
         ^^^^^^^^^^^^^^^^^^^
..\..\AppData\Local\Programs\Python\Python312\Lib\site-packages\sqlalchemy\util\langhelpers.py:146: in __exit__
    raise exc_value.with_traceback(exc_tb)
..\..\AppData\Local\Programs\Python\Python312\Lib\site-packages\sqlalchemy\pool\impl.py:167: in _do_get
    return self._create_connection()
           ^^^^^^^^^^^^^^^^^^^^^^^^^
..\..\AppData\Local\Programs\Python\Python312\Lib\site-packages\sqlalchemy\pool\base.py:393: in _create_connection
    return _ConnectionRecord(self)
           ^^^^^^^^^^^^^^^^^^^^^^^
..\..\AppData\Local\Programs\Python\Python312\Lib\site-packages\sqlalchemy\pool\base.py:678: in __init__
    self.__connect()
..\..\AppData\Local\Programs\Python\Python312\Lib\site-packages\sqlalchemy\pool\base.py:902: in __connect
    with util.safe_reraise():
         ^^^^^^^^^^^^^^^^^^^
..\..\AppData\Local\Programs\Python\Python312\Lib\site-packages\sqlalchemy\util\langhelpers.py:146: in __exit__
    raise exc_value.with_traceback(exc_tb)
..\..\AppData\Local\Programs\Python\Python312\Lib\site-packages\sqlalchemy\pool\base.py:898: in __connect
    self.dbapi_connection = connection = pool._invoke_creator(self)
                                         ^^^^^^^^^^^^^^^^^^^^^^^^^^
..\..\AppData\Local\Programs\Python\Python312\Lib\site-packages\sqlalchemy\engine\create.py:645: in connect
    return dialect.connect(*cargs, **cparams)
           ^^^^^^^^^^^^^^^^^^^^^^^^^^^^^^^^^^
..\..\AppData\Local\Programs\Python\Python312\Lib\site-packages\sqlalchemy\engine\default.py:616: in connect
    return self.loaded_dbapi.connect(*cargs, **cparams)
           ^^^^^^^^^^^^^^^^^^^^^^^^^^^^^^^^^^^^^^^^^^^^
..\..\AppData\Local\Programs\Python\Python312\Lib\site-packages\sqlalchemy\dialects\postgresql\asyncpg.py:941: in connect
    await_only(creator_fn(*arg, **kw)),
               ^^^^^^^^^^^^^^^^^^^^^^
E   TypeError: connect() got an unexpected keyword argument 'sslmode'
_________________ ERROR at setup of test_add_workspace_member _________________
..\..\AppData\Local\Programs\Python\Python312\Lib\site-packages\pytest_asyncio\plugin.py:458: in setup
    return super().setup()
           ^^^^^^^^^^^^^^^
..\..\AppData\Local\Programs\Python\Python312\Lib\site-packages\pytest_asyncio\plugin.py:313: in _asyncgen_fixture_wrapper
    result = runner.run(setup(), context=context)
             ^^^^^^^^^^^^^^^^^^^^^^^^^^^^^^^^^^^^
..\..\AppData\Local\Programs\Python\Python312\Lib\asyncio\runners.py:118: in run
    return self._loop.run_until_complete(task)
           ^^^^^^^^^^^^^^^^^^^^^^^^^^^^^^^^^^^
..\..\AppData\Local\Programs\Python\Python312\Lib\asyncio\base_events.py:691: in run_until_complete
    return future.result()
           ^^^^^^^^^^^^^^^
..\..\AppData\Local\Programs\Python\Python312\Lib\site-packages\pytest_asyncio\plugin.py:309: in setup
    res = await gen_obj.__anext__()
          ^^^^^^^^^^^^^^^^^^^^^^^^^
tests\conftest.py:48: in test_engine
    async with engine.begin() as conn:
               ^^^^^^^^^^^^^^
..\..\AppData\Local\Programs\Python\Python312\Lib\contextlib.py:210: in __aenter__
    return await anext(self.gen)
           ^^^^^^^^^^^^^^^^^^^^^
..\..\AppData\Local\Programs\Python\Python312\Lib\site-packages\sqlalchemy\ext\asyncio\engine.py:1066: in begin
    async with conn:
               ^^^^
..\..\AppData\Local\Programs\Python\Python312\Lib\site-packages\sqlalchemy\ext\asyncio\base.py:125: in __aenter__
    return await self.start(is_ctxmanager=True)
           ^^^^^^^^^^^^^^^^^^^^^^^^^^^^^^^^^^^^
..\..\AppData\Local\Programs\Python\Python312\Lib\site-packages\sqlalchemy\ext\asyncio\engine.py:270: in start
    await greenlet_spawn(self.sync_engine.connect)
..\..\AppData\Local\Programs\Python\Python312\Lib\site-packages\sqlalchemy\util\_concurrency_py3k.py:189: in greenlet_spawn
    result = context.switch(*args, **kwargs)
             ^^^^^^^^^^^^^^^^^^^^^^^^^^^^^^^
..\..\AppData\Local\Programs\Python\Python312\Lib\site-packages\sqlalchemy\engine\base.py:3269: in connect
    return self._connection_cls(self)
           ^^^^^^^^^^^^^^^^^^^^^^^^^^
..\..\AppData\Local\Programs\Python\Python312\Lib\site-packages\sqlalchemy\engine\base.py:145: in __init__
    self._dbapi_connection = engine.raw_connection()
                             ^^^^^^^^^^^^^^^^^^^^^^^
..\..\AppData\Local\Programs\Python\Python312\Lib\site-packages\sqlalchemy\engine\base.py:3293: in raw_connection
    return self.pool.connect()
           ^^^^^^^^^^^^^^^^^^^
..\..\AppData\Local\Programs\Python\Python312\Lib\site-packages\sqlalchemy\pool\base.py:452: in connect
    return _ConnectionFairy._checkout(self)
           ^^^^^^^^^^^^^^^^^^^^^^^^^^^^^^^^
..\..\AppData\Local\Programs\Python\Python312\Lib\site-packages\sqlalchemy\pool\base.py:1269: in _checkout
    fairy = _ConnectionRecord.checkout(pool)
            ^^^^^^^^^^^^^^^^^^^^^^^^^^^^^^^^
..\..\AppData\Local\Programs\Python\Python312\Lib\site-packages\sqlalchemy\pool\base.py:716: in checkout
    rec = pool._do_get()
          ^^^^^^^^^^^^^^
..\..\AppData\Local\Programs\Python\Python312\Lib\site-packages\sqlalchemy\pool\impl.py:169: in _do_get
    with util.safe_reraise():
         ^^^^^^^^^^^^^^^^^^^
..\..\AppData\Local\Programs\Python\Python312\Lib\site-packages\sqlalchemy\util\langhelpers.py:146: in __exit__
    raise exc_value.with_traceback(exc_tb)
..\..\AppData\Local\Programs\Python\Python312\Lib\site-packages\sqlalchemy\pool\impl.py:167: in _do_get
    return self._create_connection()
           ^^^^^^^^^^^^^^^^^^^^^^^^^
..\..\AppData\Local\Programs\Python\Python312\Lib\site-packages\sqlalchemy\pool\base.py:393: in _create_connection
    return _ConnectionRecord(self)
           ^^^^^^^^^^^^^^^^^^^^^^^
..\..\AppData\Local\Programs\Python\Python312\Lib\site-packages\sqlalchemy\pool\base.py:678: in __init__
    self.__connect()
..\..\AppData\Local\Programs\Python\Python312\Lib\site-packages\sqlalchemy\pool\base.py:902: in __connect
    with util.safe_reraise():
         ^^^^^^^^^^^^^^^^^^^
..\..\AppData\Local\Programs\Python\Python312\Lib\site-packages\sqlalchemy\util\langhelpers.py:146: in __exit__
    raise exc_value.with_traceback(exc_tb)
..\..\AppData\Local\Programs\Python\Python312\Lib\site-packages\sqlalchemy\pool\base.py:898: in __connect
    self.dbapi_connection = connection = pool._invoke_creator(self)
                                         ^^^^^^^^^^^^^^^^^^^^^^^^^^
..\..\AppData\Local\Programs\Python\Python312\Lib\site-packages\sqlalchemy\engine\create.py:645: in connect
    return dialect.connect(*cargs, **cparams)
           ^^^^^^^^^^^^^^^^^^^^^^^^^^^^^^^^^^
..\..\AppData\Local\Programs\Python\Python312\Lib\site-packages\sqlalchemy\engine\default.py:616: in connect
    return self.loaded_dbapi.connect(*cargs, **cparams)
           ^^^^^^^^^^^^^^^^^^^^^^^^^^^^^^^^^^^^^^^^^^^^
..\..\AppData\Local\Programs\Python\Python312\Lib\site-packages\sqlalchemy\dialects\postgresql\asyncpg.py:941: in connect
    await_only(creator_fn(*arg, **kw)),
               ^^^^^^^^^^^^^^^^^^^^^^
E   TypeError: connect() got an unexpected keyword argument 'sslmode'
_________ ERROR at setup of test_add_workspace_member_already_member __________
..\..\AppData\Local\Programs\Python\Python312\Lib\site-packages\pytest_asyncio\plugin.py:458: in setup
    return super().setup()
           ^^^^^^^^^^^^^^^
..\..\AppData\Local\Programs\Python\Python312\Lib\site-packages\pytest_asyncio\plugin.py:313: in _asyncgen_fixture_wrapper
    result = runner.run(setup(), context=context)
             ^^^^^^^^^^^^^^^^^^^^^^^^^^^^^^^^^^^^
..\..\AppData\Local\Programs\Python\Python312\Lib\asyncio\runners.py:118: in run
    return self._loop.run_until_complete(task)
           ^^^^^^^^^^^^^^^^^^^^^^^^^^^^^^^^^^^
..\..\AppData\Local\Programs\Python\Python312\Lib\asyncio\base_events.py:691: in run_until_complete
    return future.result()
           ^^^^^^^^^^^^^^^
..\..\AppData\Local\Programs\Python\Python312\Lib\site-packages\pytest_asyncio\plugin.py:309: in setup
    res = await gen_obj.__anext__()
          ^^^^^^^^^^^^^^^^^^^^^^^^^
tests\conftest.py:48: in test_engine
    async with engine.begin() as conn:
               ^^^^^^^^^^^^^^
..\..\AppData\Local\Programs\Python\Python312\Lib\contextlib.py:210: in __aenter__
    return await anext(self.gen)
           ^^^^^^^^^^^^^^^^^^^^^
..\..\AppData\Local\Programs\Python\Python312\Lib\site-packages\sqlalchemy\ext\asyncio\engine.py:1066: in begin
    async with conn:
               ^^^^
..\..\AppData\Local\Programs\Python\Python312\Lib\site-packages\sqlalchemy\ext\asyncio\base.py:125: in __aenter__
    return await self.start(is_ctxmanager=True)
           ^^^^^^^^^^^^^^^^^^^^^^^^^^^^^^^^^^^^
..\..\AppData\Local\Programs\Python\Python312\Lib\site-packages\sqlalchemy\ext\asyncio\engine.py:270: in start
    await greenlet_spawn(self.sync_engine.connect)
..\..\AppData\Local\Programs\Python\Python312\Lib\site-packages\sqlalchemy\util\_concurrency_py3k.py:189: in greenlet_spawn
    result = context.switch(*args, **kwargs)
             ^^^^^^^^^^^^^^^^^^^^^^^^^^^^^^^
..\..\AppData\Local\Programs\Python\Python312\Lib\site-packages\sqlalchemy\engine\base.py:3269: in connect
    return self._connection_cls(self)
           ^^^^^^^^^^^^^^^^^^^^^^^^^^
..\..\AppData\Local\Programs\Python\Python312\Lib\site-packages\sqlalchemy\engine\base.py:145: in __init__
    self._dbapi_connection = engine.raw_connection()
                             ^^^^^^^^^^^^^^^^^^^^^^^
..\..\AppData\Local\Programs\Python\Python312\Lib\site-packages\sqlalchemy\engine\base.py:3293: in raw_connection
    return self.pool.connect()
           ^^^^^^^^^^^^^^^^^^^
..\..\AppData\Local\Programs\Python\Python312\Lib\site-packages\sqlalchemy\pool\base.py:452: in connect
    return _ConnectionFairy._checkout(self)
           ^^^^^^^^^^^^^^^^^^^^^^^^^^^^^^^^
..\..\AppData\Local\Programs\Python\Python312\Lib\site-packages\sqlalchemy\pool\base.py:1269: in _checkout
    fairy = _ConnectionRecord.checkout(pool)
            ^^^^^^^^^^^^^^^^^^^^^^^^^^^^^^^^
..\..\AppData\Local\Programs\Python\Python312\Lib\site-packages\sqlalchemy\pool\base.py:716: in checkout
    rec = pool._do_get()
          ^^^^^^^^^^^^^^
..\..\AppData\Local\Programs\Python\Python312\Lib\site-packages\sqlalchemy\pool\impl.py:169: in _do_get
    with util.safe_reraise():
         ^^^^^^^^^^^^^^^^^^^
..\..\AppData\Local\Programs\Python\Python312\Lib\site-packages\sqlalchemy\util\langhelpers.py:146: in __exit__
    raise exc_value.with_traceback(exc_tb)
..\..\AppData\Local\Programs\Python\Python312\Lib\site-packages\sqlalchemy\pool\impl.py:167: in _do_get
    return self._create_connection()
           ^^^^^^^^^^^^^^^^^^^^^^^^^
..\..\AppData\Local\Programs\Python\Python312\Lib\site-packages\sqlalchemy\pool\base.py:393: in _create_connection
    return _ConnectionRecord(self)
           ^^^^^^^^^^^^^^^^^^^^^^^
..\..\AppData\Local\Programs\Python\Python312\Lib\site-packages\sqlalchemy\pool\base.py:678: in __init__
    self.__connect()
..\..\AppData\Local\Programs\Python\Python312\Lib\site-packages\sqlalchemy\pool\base.py:902: in __connect
    with util.safe_reraise():
         ^^^^^^^^^^^^^^^^^^^
..\..\AppData\Local\Programs\Python\Python312\Lib\site-packages\sqlalchemy\util\langhelpers.py:146: in __exit__
    raise exc_value.with_traceback(exc_tb)
..\..\AppData\Local\Programs\Python\Python312\Lib\site-packages\sqlalchemy\pool\base.py:898: in __connect
    self.dbapi_connection = connection = pool._invoke_creator(self)
                                         ^^^^^^^^^^^^^^^^^^^^^^^^^^
..\..\AppData\Local\Programs\Python\Python312\Lib\site-packages\sqlalchemy\engine\create.py:645: in connect
    return dialect.connect(*cargs, **cparams)
           ^^^^^^^^^^^^^^^^^^^^^^^^^^^^^^^^^^
..\..\AppData\Local\Programs\Python\Python312\Lib\site-packages\sqlalchemy\engine\default.py:616: in connect
    return self.loaded_dbapi.connect(*cargs, **cparams)
           ^^^^^^^^^^^^^^^^^^^^^^^^^^^^^^^^^^^^^^^^^^^^
..\..\AppData\Local\Programs\Python\Python312\Lib\site-packages\sqlalchemy\dialects\postgresql\asyncpg.py:941: in connect
    await_only(creator_fn(*arg, **kw)),
               ^^^^^^^^^^^^^^^^^^^^^^
E   TypeError: connect() got an unexpected keyword argument 'sslmode'
________________ ERROR at setup of test_list_workspace_members ________________
..\..\AppData\Local\Programs\Python\Python312\Lib\site-packages\pytest_asyncio\plugin.py:458: in setup
    return super().setup()
           ^^^^^^^^^^^^^^^
..\..\AppData\Local\Programs\Python\Python312\Lib\site-packages\pytest_asyncio\plugin.py:313: in _asyncgen_fixture_wrapper
    result = runner.run(setup(), context=context)
             ^^^^^^^^^^^^^^^^^^^^^^^^^^^^^^^^^^^^
..\..\AppData\Local\Programs\Python\Python312\Lib\asyncio\runners.py:118: in run
    return self._loop.run_until_complete(task)
           ^^^^^^^^^^^^^^^^^^^^^^^^^^^^^^^^^^^
..\..\AppData\Local\Programs\Python\Python312\Lib\asyncio\base_events.py:691: in run_until_complete
    return future.result()
           ^^^^^^^^^^^^^^^
..\..\AppData\Local\Programs\Python\Python312\Lib\site-packages\pytest_asyncio\plugin.py:309: in setup
    res = await gen_obj.__anext__()
          ^^^^^^^^^^^^^^^^^^^^^^^^^
tests\conftest.py:48: in test_engine
    async with engine.begin() as conn:
               ^^^^^^^^^^^^^^
..\..\AppData\Local\Programs\Python\Python312\Lib\contextlib.py:210: in __aenter__
    return await anext(self.gen)
           ^^^^^^^^^^^^^^^^^^^^^
..\..\AppData\Local\Programs\Python\Python312\Lib\site-packages\sqlalchemy\ext\asyncio\engine.py:1066: in begin
    async with conn:
               ^^^^
..\..\AppData\Local\Programs\Python\Python312\Lib\site-packages\sqlalchemy\ext\asyncio\base.py:125: in __aenter__
    return await self.start(is_ctxmanager=True)
           ^^^^^^^^^^^^^^^^^^^^^^^^^^^^^^^^^^^^
..\..\AppData\Local\Programs\Python\Python312\Lib\site-packages\sqlalchemy\ext\asyncio\engine.py:270: in start
    await greenlet_spawn(self.sync_engine.connect)
..\..\AppData\Local\Programs\Python\Python312\Lib\site-packages\sqlalchemy\util\_concurrency_py3k.py:189: in greenlet_spawn
    result = context.switch(*args, **kwargs)
             ^^^^^^^^^^^^^^^^^^^^^^^^^^^^^^^
..\..\AppData\Local\Programs\Python\Python312\Lib\site-packages\sqlalchemy\engine\base.py:3269: in connect
    return self._connection_cls(self)
           ^^^^^^^^^^^^^^^^^^^^^^^^^^
..\..\AppData\Local\Programs\Python\Python312\Lib\site-packages\sqlalchemy\engine\base.py:145: in __init__
    self._dbapi_connection = engine.raw_connection()
                             ^^^^^^^^^^^^^^^^^^^^^^^
..\..\AppData\Local\Programs\Python\Python312\Lib\site-packages\sqlalchemy\engine\base.py:3293: in raw_connection
    return self.pool.connect()
           ^^^^^^^^^^^^^^^^^^^
..\..\AppData\Local\Programs\Python\Python312\Lib\site-packages\sqlalchemy\pool\base.py:452: in connect
    return _ConnectionFairy._checkout(self)
           ^^^^^^^^^^^^^^^^^^^^^^^^^^^^^^^^
..\..\AppData\Local\Programs\Python\Python312\Lib\site-packages\sqlalchemy\pool\base.py:1269: in _checkout
    fairy = _ConnectionRecord.checkout(pool)
            ^^^^^^^^^^^^^^^^^^^^^^^^^^^^^^^^
..\..\AppData\Local\Programs\Python\Python312\Lib\site-packages\sqlalchemy\pool\base.py:716: in checkout
    rec = pool._do_get()
          ^^^^^^^^^^^^^^
..\..\AppData\Local\Programs\Python\Python312\Lib\site-packages\sqlalchemy\pool\impl.py:169: in _do_get
    with util.safe_reraise():
         ^^^^^^^^^^^^^^^^^^^
..\..\AppData\Local\Programs\Python\Python312\Lib\site-packages\sqlalchemy\util\langhelpers.py:146: in __exit__
    raise exc_value.with_traceback(exc_tb)
..\..\AppData\Local\Programs\Python\Python312\Lib\site-packages\sqlalchemy\pool\impl.py:167: in _do_get
    return self._create_connection()
           ^^^^^^^^^^^^^^^^^^^^^^^^^
..\..\AppData\Local\Programs\Python\Python312\Lib\site-packages\sqlalchemy\pool\base.py:393: in _create_connection
    return _ConnectionRecord(self)
           ^^^^^^^^^^^^^^^^^^^^^^^
..\..\AppData\Local\Programs\Python\Python312\Lib\site-packages\sqlalchemy\pool\base.py:678: in __init__
    self.__connect()
..\..\AppData\Local\Programs\Python\Python312\Lib\site-packages\sqlalchemy\pool\base.py:902: in __connect
    with util.safe_reraise():
         ^^^^^^^^^^^^^^^^^^^
..\..\AppData\Local\Programs\Python\Python312\Lib\site-packages\sqlalchemy\util\langhelpers.py:146: in __exit__
    raise exc_value.with_traceback(exc_tb)
..\..\AppData\Local\Programs\Python\Python312\Lib\site-packages\sqlalchemy\pool\base.py:898: in __connect
    self.dbapi_connection = connection = pool._invoke_creator(self)
                                         ^^^^^^^^^^^^^^^^^^^^^^^^^^
..\..\AppData\Local\Programs\Python\Python312\Lib\site-packages\sqlalchemy\engine\create.py:645: in connect
    return dialect.connect(*cargs, **cparams)
           ^^^^^^^^^^^^^^^^^^^^^^^^^^^^^^^^^^
..\..\AppData\Local\Programs\Python\Python312\Lib\site-packages\sqlalchemy\engine\default.py:616: in connect
    return self.loaded_dbapi.connect(*cargs, **cparams)
           ^^^^^^^^^^^^^^^^^^^^^^^^^^^^^^^^^^^^^^^^^^^^
..\..\AppData\Local\Programs\Python\Python312\Lib\site-packages\sqlalchemy\dialects\postgresql\asyncpg.py:941: in connect
    await_only(creator_fn(*arg, **kw)),
               ^^^^^^^^^^^^^^^^^^^^^^
E   TypeError: connect() got an unexpected keyword argument 'sslmode'
_____________ ERROR at setup of test_update_workspace_member_role _____________
..\..\AppData\Local\Programs\Python\Python312\Lib\site-packages\pytest_asyncio\plugin.py:458: in setup
    return super().setup()
           ^^^^^^^^^^^^^^^
..\..\AppData\Local\Programs\Python\Python312\Lib\site-packages\pytest_asyncio\plugin.py:313: in _asyncgen_fixture_wrapper
    result = runner.run(setup(), context=context)
             ^^^^^^^^^^^^^^^^^^^^^^^^^^^^^^^^^^^^
..\..\AppData\Local\Programs\Python\Python312\Lib\asyncio\runners.py:118: in run
    return self._loop.run_until_complete(task)
           ^^^^^^^^^^^^^^^^^^^^^^^^^^^^^^^^^^^
..\..\AppData\Local\Programs\Python\Python312\Lib\asyncio\base_events.py:691: in run_until_complete
    return future.result()
           ^^^^^^^^^^^^^^^
..\..\AppData\Local\Programs\Python\Python312\Lib\site-packages\pytest_asyncio\plugin.py:309: in setup
    res = await gen_obj.__anext__()
          ^^^^^^^^^^^^^^^^^^^^^^^^^
tests\conftest.py:48: in test_engine
    async with engine.begin() as conn:
               ^^^^^^^^^^^^^^
..\..\AppData\Local\Programs\Python\Python312\Lib\contextlib.py:210: in __aenter__
    return await anext(self.gen)
           ^^^^^^^^^^^^^^^^^^^^^
..\..\AppData\Local\Programs\Python\Python312\Lib\site-packages\sqlalchemy\ext\asyncio\engine.py:1066: in begin
    async with conn:
               ^^^^
..\..\AppData\Local\Programs\Python\Python312\Lib\site-packages\sqlalchemy\ext\asyncio\base.py:125: in __aenter__
    return await self.start(is_ctxmanager=True)
           ^^^^^^^^^^^^^^^^^^^^^^^^^^^^^^^^^^^^
..\..\AppData\Local\Programs\Python\Python312\Lib\site-packages\sqlalchemy\ext\asyncio\engine.py:270: in start
    await greenlet_spawn(self.sync_engine.connect)
..\..\AppData\Local\Programs\Python\Python312\Lib\site-packages\sqlalchemy\util\_concurrency_py3k.py:189: in greenlet_spawn
    result = context.switch(*args, **kwargs)
             ^^^^^^^^^^^^^^^^^^^^^^^^^^^^^^^
..\..\AppData\Local\Programs\Python\Python312\Lib\site-packages\sqlalchemy\engine\base.py:3269: in connect
    return self._connection_cls(self)
           ^^^^^^^^^^^^^^^^^^^^^^^^^^
..\..\AppData\Local\Programs\Python\Python312\Lib\site-packages\sqlalchemy\engine\base.py:145: in __init__
    self._dbapi_connection = engine.raw_connection()
                             ^^^^^^^^^^^^^^^^^^^^^^^
..\..\AppData\Local\Programs\Python\Python312\Lib\site-packages\sqlalchemy\engine\base.py:3293: in raw_connection
    return self.pool.connect()
           ^^^^^^^^^^^^^^^^^^^
..\..\AppData\Local\Programs\Python\Python312\Lib\site-packages\sqlalchemy\pool\base.py:452: in connect
    return _ConnectionFairy._checkout(self)
           ^^^^^^^^^^^^^^^^^^^^^^^^^^^^^^^^
..\..\AppData\Local\Programs\Python\Python312\Lib\site-packages\sqlalchemy\pool\base.py:1269: in _checkout
    fairy = _ConnectionRecord.checkout(pool)
            ^^^^^^^^^^^^^^^^^^^^^^^^^^^^^^^^
..\..\AppData\Local\Programs\Python\Python312\Lib\site-packages\sqlalchemy\pool\base.py:716: in checkout
    rec = pool._do_get()
          ^^^^^^^^^^^^^^
..\..\AppData\Local\Programs\Python\Python312\Lib\site-packages\sqlalchemy\pool\impl.py:169: in _do_get
    with util.safe_reraise():
         ^^^^^^^^^^^^^^^^^^^
..\..\AppData\Local\Programs\Python\Python312\Lib\site-packages\sqlalchemy\util\langhelpers.py:146: in __exit__
    raise exc_value.with_traceback(exc_tb)
..\..\AppData\Local\Programs\Python\Python312\Lib\site-packages\sqlalchemy\pool\impl.py:167: in _do_get
    return self._create_connection()
           ^^^^^^^^^^^^^^^^^^^^^^^^^
..\..\AppData\Local\Programs\Python\Python312\Lib\site-packages\sqlalchemy\pool\base.py:393: in _create_connection
    return _ConnectionRecord(self)
           ^^^^^^^^^^^^^^^^^^^^^^^
..\..\AppData\Local\Programs\Python\Python312\Lib\site-packages\sqlalchemy\pool\base.py:678: in __init__
    self.__connect()
..\..\AppData\Local\Programs\Python\Python312\Lib\site-packages\sqlalchemy\pool\base.py:902: in __connect
    with util.safe_reraise():
         ^^^^^^^^^^^^^^^^^^^
..\..\AppData\Local\Programs\Python\Python312\Lib\site-packages\sqlalchemy\util\langhelpers.py:146: in __exit__
    raise exc_value.with_traceback(exc_tb)
..\..\AppData\Local\Programs\Python\Python312\Lib\site-packages\sqlalchemy\pool\base.py:898: in __connect
    self.dbapi_connection = connection = pool._invoke_creator(self)
                                         ^^^^^^^^^^^^^^^^^^^^^^^^^^
..\..\AppData\Local\Programs\Python\Python312\Lib\site-packages\sqlalchemy\engine\create.py:645: in connect
    return dialect.connect(*cargs, **cparams)
           ^^^^^^^^^^^^^^^^^^^^^^^^^^^^^^^^^^
..\..\AppData\Local\Programs\Python\Python312\Lib\site-packages\sqlalchemy\engine\default.py:616: in connect
    return self.loaded_dbapi.connect(*cargs, **cparams)
           ^^^^^^^^^^^^^^^^^^^^^^^^^^^^^^^^^^^^^^^^^^^^
..\..\AppData\Local\Programs\Python\Python312\Lib\site-packages\sqlalchemy\dialects\postgresql\asyncpg.py:941: in connect
    await_only(creator_fn(*arg, **kw)),
               ^^^^^^^^^^^^^^^^^^^^^^
E   TypeError: connect() got an unexpected keyword argument 'sslmode'
__________ ERROR at setup of test_update_workspace_member_owner_role __________
..\..\AppData\Local\Programs\Python\Python312\Lib\site-packages\pytest_asyncio\plugin.py:458: in setup
    return super().setup()
           ^^^^^^^^^^^^^^^
..\..\AppData\Local\Programs\Python\Python312\Lib\site-packages\pytest_asyncio\plugin.py:313: in _asyncgen_fixture_wrapper
    result = runner.run(setup(), context=context)
             ^^^^^^^^^^^^^^^^^^^^^^^^^^^^^^^^^^^^
..\..\AppData\Local\Programs\Python\Python312\Lib\asyncio\runners.py:118: in run
    return self._loop.run_until_complete(task)
           ^^^^^^^^^^^^^^^^^^^^^^^^^^^^^^^^^^^
..\..\AppData\Local\Programs\Python\Python312\Lib\asyncio\base_events.py:691: in run_until_complete
    return future.result()
           ^^^^^^^^^^^^^^^
..\..\AppData\Local\Programs\Python\Python312\Lib\site-packages\pytest_asyncio\plugin.py:309: in setup
    res = await gen_obj.__anext__()
          ^^^^^^^^^^^^^^^^^^^^^^^^^
tests\conftest.py:48: in test_engine
    async with engine.begin() as conn:
               ^^^^^^^^^^^^^^
..\..\AppData\Local\Programs\Python\Python312\Lib\contextlib.py:210: in __aenter__
    return await anext(self.gen)
           ^^^^^^^^^^^^^^^^^^^^^
..\..\AppData\Local\Programs\Python\Python312\Lib\site-packages\sqlalchemy\ext\asyncio\engine.py:1066: in begin
    async with conn:
               ^^^^
..\..\AppData\Local\Programs\Python\Python312\Lib\site-packages\sqlalchemy\ext\asyncio\base.py:125: in __aenter__
    return await self.start(is_ctxmanager=True)
           ^^^^^^^^^^^^^^^^^^^^^^^^^^^^^^^^^^^^
..\..\AppData\Local\Programs\Python\Python312\Lib\site-packages\sqlalchemy\ext\asyncio\engine.py:270: in start
    await greenlet_spawn(self.sync_engine.connect)
..\..\AppData\Local\Programs\Python\Python312\Lib\site-packages\sqlalchemy\util\_concurrency_py3k.py:189: in greenlet_spawn
    result = context.switch(*args, **kwargs)
             ^^^^^^^^^^^^^^^^^^^^^^^^^^^^^^^
..\..\AppData\Local\Programs\Python\Python312\Lib\site-packages\sqlalchemy\engine\base.py:3269: in connect
    return self._connection_cls(self)
           ^^^^^^^^^^^^^^^^^^^^^^^^^^
..\..\AppData\Local\Programs\Python\Python312\Lib\site-packages\sqlalchemy\engine\base.py:145: in __init__
    self._dbapi_connection = engine.raw_connection()
                             ^^^^^^^^^^^^^^^^^^^^^^^
..\..\AppData\Local\Programs\Python\Python312\Lib\site-packages\sqlalchemy\engine\base.py:3293: in raw_connection
    return self.pool.connect()
           ^^^^^^^^^^^^^^^^^^^
..\..\AppData\Local\Programs\Python\Python312\Lib\site-packages\sqlalchemy\pool\base.py:452: in connect
    return _ConnectionFairy._checkout(self)
           ^^^^^^^^^^^^^^^^^^^^^^^^^^^^^^^^
..\..\AppData\Local\Programs\Python\Python312\Lib\site-packages\sqlalchemy\pool\base.py:1269: in _checkout
    fairy = _ConnectionRecord.checkout(pool)
            ^^^^^^^^^^^^^^^^^^^^^^^^^^^^^^^^
..\..\AppData\Local\Programs\Python\Python312\Lib\site-packages\sqlalchemy\pool\base.py:716: in checkout
    rec = pool._do_get()
          ^^^^^^^^^^^^^^
..\..\AppData\Local\Programs\Python\Python312\Lib\site-packages\sqlalchemy\pool\impl.py:169: in _do_get
    with util.safe_reraise():
         ^^^^^^^^^^^^^^^^^^^
..\..\AppData\Local\Programs\Python\Python312\Lib\site-packages\sqlalchemy\util\langhelpers.py:146: in __exit__
    raise exc_value.with_traceback(exc_tb)
..\..\AppData\Local\Programs\Python\Python312\Lib\site-packages\sqlalchemy\pool\impl.py:167: in _do_get
    return self._create_connection()
           ^^^^^^^^^^^^^^^^^^^^^^^^^
..\..\AppData\Local\Programs\Python\Python312\Lib\site-packages\sqlalchemy\pool\base.py:393: in _create_connection
    return _ConnectionRecord(self)
           ^^^^^^^^^^^^^^^^^^^^^^^
..\..\AppData\Local\Programs\Python\Python312\Lib\site-packages\sqlalchemy\pool\base.py:678: in __init__
    self.__connect()
..\..\AppData\Local\Programs\Python\Python312\Lib\site-packages\sqlalchemy\pool\base.py:902: in __connect
    with util.safe_reraise():
         ^^^^^^^^^^^^^^^^^^^
..\..\AppData\Local\Programs\Python\Python312\Lib\site-packages\sqlalchemy\util\langhelpers.py:146: in __exit__
    raise exc_value.with_traceback(exc_tb)
..\..\AppData\Local\Programs\Python\Python312\Lib\site-packages\sqlalchemy\pool\base.py:898: in __connect
    self.dbapi_connection = connection = pool._invoke_creator(self)
                                         ^^^^^^^^^^^^^^^^^^^^^^^^^^
..\..\AppData\Local\Programs\Python\Python312\Lib\site-packages\sqlalchemy\engine\create.py:645: in connect
    return dialect.connect(*cargs, **cparams)
           ^^^^^^^^^^^^^^^^^^^^^^^^^^^^^^^^^^
..\..\AppData\Local\Programs\Python\Python312\Lib\site-packages\sqlalchemy\engine\default.py:616: in connect
    return self.loaded_dbapi.connect(*cargs, **cparams)
           ^^^^^^^^^^^^^^^^^^^^^^^^^^^^^^^^^^^^^^^^^^^^
..\..\AppData\Local\Programs\Python\Python312\Lib\site-packages\sqlalchemy\dialects\postgresql\asyncpg.py:941: in connect
    await_only(creator_fn(*arg, **kw)),
               ^^^^^^^^^^^^^^^^^^^^^^
E   TypeError: connect() got an unexpected keyword argument 'sslmode'
_______________ ERROR at setup of test_remove_workspace_member ________________
..\..\AppData\Local\Programs\Python\Python312\Lib\site-packages\pytest_asyncio\plugin.py:458: in setup
    return super().setup()
           ^^^^^^^^^^^^^^^
..\..\AppData\Local\Programs\Python\Python312\Lib\site-packages\pytest_asyncio\plugin.py:313: in _asyncgen_fixture_wrapper
    result = runner.run(setup(), context=context)
             ^^^^^^^^^^^^^^^^^^^^^^^^^^^^^^^^^^^^
..\..\AppData\Local\Programs\Python\Python312\Lib\asyncio\runners.py:118: in run
    return self._loop.run_until_complete(task)
           ^^^^^^^^^^^^^^^^^^^^^^^^^^^^^^^^^^^
..\..\AppData\Local\Programs\Python\Python312\Lib\asyncio\base_events.py:691: in run_until_complete
    return future.result()
           ^^^^^^^^^^^^^^^
..\..\AppData\Local\Programs\Python\Python312\Lib\site-packages\pytest_asyncio\plugin.py:309: in setup
    res = await gen_obj.__anext__()
          ^^^^^^^^^^^^^^^^^^^^^^^^^
tests\conftest.py:48: in test_engine
    async with engine.begin() as conn:
               ^^^^^^^^^^^^^^
..\..\AppData\Local\Programs\Python\Python312\Lib\contextlib.py:210: in __aenter__
    return await anext(self.gen)
           ^^^^^^^^^^^^^^^^^^^^^
..\..\AppData\Local\Programs\Python\Python312\Lib\site-packages\sqlalchemy\ext\asyncio\engine.py:1066: in begin
    async with conn:
               ^^^^
..\..\AppData\Local\Programs\Python\Python312\Lib\site-packages\sqlalchemy\ext\asyncio\base.py:125: in __aenter__
    return await self.start(is_ctxmanager=True)
           ^^^^^^^^^^^^^^^^^^^^^^^^^^^^^^^^^^^^
..\..\AppData\Local\Programs\Python\Python312\Lib\site-packages\sqlalchemy\ext\asyncio\engine.py:270: in start
    await greenlet_spawn(self.sync_engine.connect)
..\..\AppData\Local\Programs\Python\Python312\Lib\site-packages\sqlalchemy\util\_concurrency_py3k.py:189: in greenlet_spawn
    result = context.switch(*args, **kwargs)
             ^^^^^^^^^^^^^^^^^^^^^^^^^^^^^^^
..\..\AppData\Local\Programs\Python\Python312\Lib\site-packages\sqlalchemy\engine\base.py:3269: in connect
    return self._connection_cls(self)
           ^^^^^^^^^^^^^^^^^^^^^^^^^^
..\..\AppData\Local\Programs\Python\Python312\Lib\site-packages\sqlalchemy\engine\base.py:145: in __init__
    self._dbapi_connection = engine.raw_connection()
                             ^^^^^^^^^^^^^^^^^^^^^^^
..\..\AppData\Local\Programs\Python\Python312\Lib\site-packages\sqlalchemy\engine\base.py:3293: in raw_connection
    return self.pool.connect()
           ^^^^^^^^^^^^^^^^^^^
..\..\AppData\Local\Programs\Python\Python312\Lib\site-packages\sqlalchemy\pool\base.py:452: in connect
    return _ConnectionFairy._checkout(self)
           ^^^^^^^^^^^^^^^^^^^^^^^^^^^^^^^^
..\..\AppData\Local\Programs\Python\Python312\Lib\site-packages\sqlalchemy\pool\base.py:1269: in _checkout
    fairy = _ConnectionRecord.checkout(pool)
            ^^^^^^^^^^^^^^^^^^^^^^^^^^^^^^^^
..\..\AppData\Local\Programs\Python\Python312\Lib\site-packages\sqlalchemy\pool\base.py:716: in checkout
    rec = pool._do_get()
          ^^^^^^^^^^^^^^
..\..\AppData\Local\Programs\Python\Python312\Lib\site-packages\sqlalchemy\pool\impl.py:169: in _do_get
    with util.safe_reraise():
         ^^^^^^^^^^^^^^^^^^^
..\..\AppData\Local\Programs\Python\Python312\Lib\site-packages\sqlalchemy\util\langhelpers.py:146: in __exit__
    raise exc_value.with_traceback(exc_tb)
..\..\AppData\Local\Programs\Python\Python312\Lib\site-packages\sqlalchemy\pool\impl.py:167: in _do_get
    return self._create_connection()
           ^^^^^^^^^^^^^^^^^^^^^^^^^
..\..\AppData\Local\Programs\Python\Python312\Lib\site-packages\sqlalchemy\pool\base.py:393: in _create_connection
    return _ConnectionRecord(self)
           ^^^^^^^^^^^^^^^^^^^^^^^
..\..\AppData\Local\Programs\Python\Python312\Lib\site-packages\sqlalchemy\pool\base.py:678: in __init__
    self.__connect()
..\..\AppData\Local\Programs\Python\Python312\Lib\site-packages\sqlalchemy\pool\base.py:902: in __connect
    with util.safe_reraise():
         ^^^^^^^^^^^^^^^^^^^
..\..\AppData\Local\Programs\Python\Python312\Lib\site-packages\sqlalchemy\util\langhelpers.py:146: in __exit__
    raise exc_value.with_traceback(exc_tb)
..\..\AppData\Local\Programs\Python\Python312\Lib\site-packages\sqlalchemy\pool\base.py:898: in __connect
    self.dbapi_connection = connection = pool._invoke_creator(self)
                                         ^^^^^^^^^^^^^^^^^^^^^^^^^^
..\..\AppData\Local\Programs\Python\Python312\Lib\site-packages\sqlalchemy\engine\create.py:645: in connect
    return dialect.connect(*cargs, **cparams)
           ^^^^^^^^^^^^^^^^^^^^^^^^^^^^^^^^^^
..\..\AppData\Local\Programs\Python\Python312\Lib\site-packages\sqlalchemy\engine\default.py:616: in connect
    return self.loaded_dbapi.connect(*cargs, **cparams)
           ^^^^^^^^^^^^^^^^^^^^^^^^^^^^^^^^^^^^^^^^^^^^
..\..\AppData\Local\Programs\Python\Python312\Lib\site-packages\sqlalchemy\dialects\postgresql\asyncpg.py:941: in connect
    await_only(creator_fn(*arg, **kw)),
               ^^^^^^^^^^^^^^^^^^^^^^
E   TypeError: connect() got an unexpected keyword argument 'sslmode'
____________ ERROR at setup of test_remove_workspace_member_owner _____________
..\..\AppData\Local\Programs\Python\Python312\Lib\site-packages\pytest_asyncio\plugin.py:458: in setup
    return super().setup()
           ^^^^^^^^^^^^^^^
..\..\AppData\Local\Programs\Python\Python312\Lib\site-packages\pytest_asyncio\plugin.py:313: in _asyncgen_fixture_wrapper
    result = runner.run(setup(), context=context)
             ^^^^^^^^^^^^^^^^^^^^^^^^^^^^^^^^^^^^
..\..\AppData\Local\Programs\Python\Python312\Lib\asyncio\runners.py:118: in run
    return self._loop.run_until_complete(task)
           ^^^^^^^^^^^^^^^^^^^^^^^^^^^^^^^^^^^
..\..\AppData\Local\Programs\Python\Python312\Lib\asyncio\base_events.py:691: in run_until_complete
    return future.result()
           ^^^^^^^^^^^^^^^
..\..\AppData\Local\Programs\Python\Python312\Lib\site-packages\pytest_asyncio\plugin.py:309: in setup
    res = await gen_obj.__anext__()
          ^^^^^^^^^^^^^^^^^^^^^^^^^
tests\conftest.py:48: in test_engine
    async with engine.begin() as conn:
               ^^^^^^^^^^^^^^
..\..\AppData\Local\Programs\Python\Python312\Lib\contextlib.py:210: in __aenter__
    return await anext(self.gen)
           ^^^^^^^^^^^^^^^^^^^^^
..\..\AppData\Local\Programs\Python\Python312\Lib\site-packages\sqlalchemy\ext\asyncio\engine.py:1066: in begin
    async with conn:
               ^^^^
..\..\AppData\Local\Programs\Python\Python312\Lib\site-packages\sqlalchemy\ext\asyncio\base.py:125: in __aenter__
    return await self.start(is_ctxmanager=True)
           ^^^^^^^^^^^^^^^^^^^^^^^^^^^^^^^^^^^^
..\..\AppData\Local\Programs\Python\Python312\Lib\site-packages\sqlalchemy\ext\asyncio\engine.py:270: in start
    await greenlet_spawn(self.sync_engine.connect)
..\..\AppData\Local\Programs\Python\Python312\Lib\site-packages\sqlalchemy\util\_concurrency_py3k.py:189: in greenlet_spawn
    result = context.switch(*args, **kwargs)
             ^^^^^^^^^^^^^^^^^^^^^^^^^^^^^^^
..\..\AppData\Local\Programs\Python\Python312\Lib\site-packages\sqlalchemy\engine\base.py:3269: in connect
    return self._connection_cls(self)
           ^^^^^^^^^^^^^^^^^^^^^^^^^^
..\..\AppData\Local\Programs\Python\Python312\Lib\site-packages\sqlalchemy\engine\base.py:145: in __init__
    self._dbapi_connection = engine.raw_connection()
                             ^^^^^^^^^^^^^^^^^^^^^^^
..\..\AppData\Local\Programs\Python\Python312\Lib\site-packages\sqlalchemy\engine\base.py:3293: in raw_connection
    return self.pool.connect()
           ^^^^^^^^^^^^^^^^^^^
..\..\AppData\Local\Programs\Python\Python312\Lib\site-packages\sqlalchemy\pool\base.py:452: in connect
    return _ConnectionFairy._checkout(self)
           ^^^^^^^^^^^^^^^^^^^^^^^^^^^^^^^^
..\..\AppData\Local\Programs\Python\Python312\Lib\site-packages\sqlalchemy\pool\base.py:1269: in _checkout
    fairy = _ConnectionRecord.checkout(pool)
            ^^^^^^^^^^^^^^^^^^^^^^^^^^^^^^^^
..\..\AppData\Local\Programs\Python\Python312\Lib\site-packages\sqlalchemy\pool\base.py:716: in checkout
    rec = pool._do_get()
          ^^^^^^^^^^^^^^
..\..\AppData\Local\Programs\Python\Python312\Lib\site-packages\sqlalchemy\pool\impl.py:169: in _do_get
    with util.safe_reraise():
         ^^^^^^^^^^^^^^^^^^^
..\..\AppData\Local\Programs\Python\Python312\Lib\site-packages\sqlalchemy\util\langhelpers.py:146: in __exit__
    raise exc_value.with_traceback(exc_tb)
..\..\AppData\Local\Programs\Python\Python312\Lib\site-packages\sqlalchemy\pool\impl.py:167: in _do_get
    return self._create_connection()
           ^^^^^^^^^^^^^^^^^^^^^^^^^
..\..\AppData\Local\Programs\Python\Python312\Lib\site-packages\sqlalchemy\pool\base.py:393: in _create_connection
    return _ConnectionRecord(self)
           ^^^^^^^^^^^^^^^^^^^^^^^
..\..\AppData\Local\Programs\Python\Python312\Lib\site-packages\sqlalchemy\pool\base.py:678: in __init__
    self.__connect()
..\..\AppData\Local\Programs\Python\Python312\Lib\site-packages\sqlalchemy\pool\base.py:902: in __connect
    with util.safe_reraise():
         ^^^^^^^^^^^^^^^^^^^
..\..\AppData\Local\Programs\Python\Python312\Lib\site-packages\sqlalchemy\util\langhelpers.py:146: in __exit__
    raise exc_value.with_traceback(exc_tb)
..\..\AppData\Local\Programs\Python\Python312\Lib\site-packages\sqlalchemy\pool\base.py:898: in __connect
    self.dbapi_connection = connection = pool._invoke_creator(self)
                                         ^^^^^^^^^^^^^^^^^^^^^^^^^^
..\..\AppData\Local\Programs\Python\Python312\Lib\site-packages\sqlalchemy\engine\create.py:645: in connect
    return dialect.connect(*cargs, **cparams)
           ^^^^^^^^^^^^^^^^^^^^^^^^^^^^^^^^^^
..\..\AppData\Local\Programs\Python\Python312\Lib\site-packages\sqlalchemy\engine\default.py:616: in connect
    return self.loaded_dbapi.connect(*cargs, **cparams)
           ^^^^^^^^^^^^^^^^^^^^^^^^^^^^^^^^^^^^^^^^^^^^
..\..\AppData\Local\Programs\Python\Python312\Lib\site-packages\sqlalchemy\dialects\postgresql\asyncpg.py:941: in connect
    await_only(creator_fn(*arg, **kw)),
               ^^^^^^^^^^^^^^^^^^^^^^
E   TypeError: connect() got an unexpected keyword argument 'sslmode'
=========================== short test summary info ===========================
ERROR tests/test_auth.py::test_register_user - TypeError: connect() got an un...
ERROR tests/test_auth.py::test_register_duplicate_email - TypeError: connect(...
ERROR tests/test_auth.py::test_register_weak_password - TypeError: connect() ...
ERROR tests/test_auth.py::test_login_success - TypeError: connect() got an un...
ERROR tests/test_auth.py::test_login_wrong_password - TypeError: connect() go...
ERROR tests/test_auth.py::test_login_nonexistent_user - TypeError: connect() ...
ERROR tests/test_auth.py::test_get_current_user - TypeError: connect() got an...
ERROR tests/test_auth.py::test_get_current_user_unauthorized - TypeError: con...
ERROR tests/test_auth.py::test_refresh_token - TypeError: connect() got an un...
ERROR tests/test_auth.py::test_refresh_token_invalid - TypeError: connect() g...
ERROR tests/test_auth.py::test_change_password - TypeError: connect() got an ...
ERROR tests/test_auth.py::test_change_password_wrong_current - TypeError: con...
ERROR tests/test_bases.py::test_create_base - TypeError: connect() got an une...
ERROR tests/test_bases.py::test_create_base_unauthorized - TypeError: connect...
ERROR tests/test_bases.py::test_create_base_invalid_workspace - TypeError: co...
ERROR tests/test_bases.py::test_list_bases_empty - TypeError: connect() got a...
ERROR tests/test_bases.py::test_list_bases - TypeError: connect() got an unex...
ERROR tests/test_bases.py::test_list_bases_filter_by_workspace - TypeError: c...
ERROR tests/test_bases.py::test_get_base - TypeError: connect() got an unexpe...
ERROR tests/test_bases.py::test_get_base_not_found - TypeError: connect() got...
ERROR tests/test_bases.py::test_get_base_invalid_id - TypeError: connect() go...
ERROR tests/test_bases.py::test_update_base - TypeError: connect() got an une...
ERROR tests/test_bases.py::test_update_base_non_member - TypeError: connect()...
ERROR tests/test_bases.py::test_delete_base - TypeError: connect() got an une...
ERROR tests/test_bases.py::test_delete_base_non_owner - TypeError: connect() ...
ERROR tests/test_fields.py::test_create_field - TypeError: connect() got an u...
ERROR tests/test_fields.py::test_create_field_unauthorized - TypeError: conne...
ERROR tests/test_fields.py::test_create_field_invalid_table - TypeError: conn...
ERROR tests/test_fields.py::test_create_field_invalid_type - TypeError: conne...
ERROR tests/test_fields.py::test_create_field_with_options - TypeError: conne...
ERROR tests/test_fields.py::test_list_fields_empty - TypeError: connect() got...
ERROR tests/test_fields.py::test_list_fields - TypeError: connect() got an un...
ERROR tests/test_fields.py::test_list_fields_filter_by_table - TypeError: con...
ERROR tests/test_fields.py::test_get_field - TypeError: connect() got an unex...
ERROR tests/test_fields.py::test_get_field_not_found - TypeError: connect() g...
ERROR tests/test_fields.py::test_get_field_invalid_id - TypeError: connect() ...
ERROR tests/test_fields.py::test_update_field - TypeError: connect() got an u...
ERROR tests/test_fields.py::test_update_field_non_member - TypeError: connect...
ERROR tests/test_fields.py::test_delete_field - TypeError: connect() got an u...
ERROR tests/test_fields.py::test_delete_field_non_owner - TypeError: connect(...
ERROR tests/test_fields.py::test_create_field_with_position - TypeError: conn...
ERROR tests/test_health.py::test_health_check - TypeError: connect() got an u...
ERROR tests/test_health.py::test_readiness_check - TypeError: connect() got a...
ERROR tests/test_health.py::test_app_info - TypeError: connect() got an unexp...
ERROR tests/test_records.py::test_create_record - TypeError: connect() got an...
ERROR tests/test_records.py::test_create_record_unauthorized - TypeError: con...
ERROR tests/test_records.py::test_create_record_invalid_table - TypeError: co...
ERROR tests/test_records.py::test_create_record_with_validation_error - TypeE...
ERROR tests/test_records.py::test_list_records_empty - TypeError: connect() g...
ERROR tests/test_records.py::test_list_records - TypeError: connect() got an ...
ERROR tests/test_records.py::test_list_records_filter_by_table - TypeError: c...
ERROR tests/test_records.py::test_get_record - TypeError: connect() got an un...
ERROR tests/test_records.py::test_get_record_not_found - TypeError: connect()...
ERROR tests/test_records.py::test_get_record_invalid_id - TypeError: connect(...
ERROR tests/test_records.py::test_update_record - TypeError: connect() got an...
ERROR tests/test_records.py::test_update_record_non_member - TypeError: conne...
ERROR tests/test_records.py::test_delete_record - TypeError: connect() got an...
ERROR tests/test_records.py::test_delete_record_non_member - TypeError: conne...
ERROR tests/test_tables.py::test_create_table - TypeError: connect() got an u...
ERROR tests/test_tables.py::test_create_table_unauthorized - TypeError: conne...
ERROR tests/test_tables.py::test_create_table_invalid_base - TypeError: conne...
ERROR tests/test_tables.py::test_create_table_with_primary_field - TypeError:...
ERROR tests/test_tables.py::test_list_tables_empty - TypeError: connect() got...
ERROR tests/test_tables.py::test_list_tables - TypeError: connect() got an un...
ERROR tests/test_tables.py::test_list_tables_filter_by_base - TypeError: conn...
ERROR tests/test_tables.py::test_get_table - TypeError: connect() got an unex...
ERROR tests/test_tables.py::test_get_table_not_found - TypeError: connect() g...
ERROR tests/test_tables.py::test_get_table_invalid_id - TypeError: connect() ...
ERROR tests/test_tables.py::test_update_table - TypeError: connect() got an u...
ERROR tests/test_tables.py::test_update_table_non_member - TypeError: connect...
ERROR tests/test_tables.py::test_delete_table - TypeError: connect() got an u...
ERROR tests/test_tables.py::test_delete_table_non_owner - TypeError: connect(...
ERROR tests/test_workspaces.py::test_create_workspace - TypeError: connect() ...
ERROR tests/test_workspaces.py::test_create_workspace_unauthorized - TypeErro...
ERROR tests/test_workspaces.py::test_create_workspace_invalid_name - TypeErro...
ERROR tests/test_workspaces.py::test_list_workspaces_empty - TypeError: conne...
ERROR tests/test_workspaces.py::test_list_workspaces - TypeError: connect() g...
ERROR tests/test_workspaces.py::test_list_workspaces_pagination - TypeError: ...
ERROR tests/test_workspaces.py::test_get_workspace - TypeError: connect() got...
ERROR tests/test_workspaces.py::test_get_workspace_not_found - TypeError: con...
ERROR tests/test_workspaces.py::test_get_workspace_invalid_id - TypeError: co...
ERROR tests/test_workspaces.py::test_update_workspace - TypeError: connect() ...
ERROR tests/test_workspaces.py::test_update_workspace_non_member - TypeError:...
ERROR tests/test_workspaces.py::test_delete_workspace - TypeError: connect() ...
ERROR tests/test_workspaces.py::test_delete_workspace_non_owner - TypeError: ...
ERROR tests/test_workspaces.py::test_add_workspace_member - TypeError: connec...
ERROR tests/test_workspaces.py::test_add_workspace_member_already_member - Ty...
ERROR tests/test_workspaces.py::test_list_workspace_members - TypeError: conn...
ERROR tests/test_workspaces.py::test_update_workspace_member_role - TypeError...
ERROR tests/test_workspaces.py::test_update_workspace_member_owner_role - Typ...
ERROR tests/test_workspaces.py::test_remove_workspace_member - TypeError: con...
ERROR tests/test_workspaces.py::test_remove_workspace_member_owner - TypeErro...
======================= 218 passed, 92 errors in 14.15s =======================
